ARM GAS  C:\Users\w1785\AppData\Local\Temp\cc3WeM9g.s 			page 1


   1              		.cpu cortex-m4
   2              		.arch armv7e-m
   3              		.fpu fpv4-sp-d16
   4              		.eabi_attribute 27, 1
   5              		.eabi_attribute 28, 1
   6              		.eabi_attribute 20, 1
   7              		.eabi_attribute 21, 1
   8              		.eabi_attribute 23, 3
   9              		.eabi_attribute 24, 1
  10              		.eabi_attribute 25, 1
  11              		.eabi_attribute 26, 1
  12              		.eabi_attribute 30, 1
  13              		.eabi_attribute 34, 1
  14              		.eabi_attribute 18, 4
  15              		.file	"app_main.c"
  16              		.text
  17              	.Ltext0:
  18              		.cfi_sections	.debug_frame
  19              		.file 1 "Application/Src/app_main.c"
  20              		.section	.text.App_Main,"ax",%progbits
  21              		.align	1
  22              		.global	App_Main
  23              		.syntax unified
  24              		.thumb
  25              		.thumb_func
  27              	App_Main:
  28              	.LFB132:
   1:Application/Src/app_main.c **** #include "app_main.h"
   2:Application/Src/app_main.c **** #include "display_service.h"
   3:Application/Src/app_main.c **** #include "sensor_service.h"
   4:Application/Src/app_main.c **** 
   5:Application/Src/app_main.c **** /**
   6:Application/Src/app_main.c ****  * @brief 应用层主流程入口。
   7:Application/Src/app_main.c ****  * @retval 无
   8:Application/Src/app_main.c ****  */
   9:Application/Src/app_main.c **** void App_Main(void)
  10:Application/Src/app_main.c **** {
  29              		.loc 1 10 1 view -0
  30              		.cfi_startproc
  31              		@ Volatile: function does not return.
  32              		@ args = 0, pretend = 0, frame = 0
  33              		@ frame_needed = 0, uses_anonymous_args = 0
  34 0000 08B5     		push	{r3, lr}
  35              	.LCFI0:
  36              		.cfi_def_cfa_offset 8
  37              		.cfi_offset 3, -8
  38              		.cfi_offset 14, -4
  11:Application/Src/app_main.c ****   /* 初始化显示相关业务服务。 */
  12:Application/Src/app_main.c ****   DisplayService_Init();
  39              		.loc 1 12 3 view .LVU1
  40 0002 FFF7FEFF 		bl	DisplayService_Init
  41              	.LVL0:
  13:Application/Src/app_main.c **** 
  14:Application/Src/app_main.c ****   /* 初始化温湿度传感器业务服务。 */
  15:Application/Src/app_main.c ****   if (SensorService_Init() != SENSOR_SERVICE_OK)
  42              		.loc 1 15 3 view .LVU2
  43              		.loc 1 15 7 is_stmt 0 view .LVU3
ARM GAS  C:\Users\w1785\AppData\Local\Temp\cc3WeM9g.s 			page 2


  44 0006 FFF7FEFF 		bl	SensorService_Init
  45              	.LVL1:
  46              		.loc 1 15 6 discriminator 1 view .LVU4
  47 000a 30B1     		cbz	r0, .L2
  16:Application/Src/app_main.c ****   {
  17:Application/Src/app_main.c ****     /* 如果传感器初始化失败，就在屏幕上显示错误。 */
  18:Application/Src/app_main.c ****     DisplayService_ShowSensorError();
  48              		.loc 1 18 5 is_stmt 1 view .LVU5
  49 000c FFF7FEFF 		bl	DisplayService_ShowSensorError
  50              	.LVL2:
  51              	.L3:
  19:Application/Src/app_main.c **** 
  20:Application/Src/app_main.c ****     /* 停在错误循环中，方便烧录后观察屏幕和调试。 */
  21:Application/Src/app_main.c ****     while (1)
  52              		.loc 1 21 5 view .LVU6
  22:Application/Src/app_main.c ****     {
  23:Application/Src/app_main.c ****       /* 每 1 秒延时一次，避免空转。 */
  24:Application/Src/app_main.c ****       HAL_Delay(1000U);
  53              		.loc 1 24 7 discriminator 1 view .LVU7
  54 0010 4FF47A70 		mov	r0, #1000
  55 0014 FFF7FEFF 		bl	HAL_Delay
  56              	.LVL3:
  21:Application/Src/app_main.c ****     {
  57              		.loc 1 21 11 view .LVU8
  58 0018 FAE7     		b	.L3
  59              	.L2:
  25:Application/Src/app_main.c ****     }
  26:Application/Src/app_main.c ****   }
  27:Application/Src/app_main.c **** 
  28:Application/Src/app_main.c ****   /* 初始化成功后先尝试读取一次，避免上电后长时间没有有效显示数据。 
  29:Application/Src/app_main.c ****   (void)SensorService_Update();
  60              		.loc 1 29 3 view .LVU9
  61              		.loc 1 29 9 is_stmt 0 view .LVU10
  62 001a FFF7FEFF 		bl	SensorService_Update
  63              	.LVL4:
  64              	.L4:
  30:Application/Src/app_main.c **** 
  31:Application/Src/app_main.c ****   while (1)
  65              		.loc 1 31 3 is_stmt 1 view .LVU11
  32:Application/Src/app_main.c ****   {
  33:Application/Src/app_main.c ****     /* 按默认周期更新温湿度缓存。 */
  34:Application/Src/app_main.c ****     (void)SensorService_UpdatePeriodic();
  66              		.loc 1 34 5 view .LVU12
  67              		.loc 1 34 11 is_stmt 0 view .LVU13
  68 001e FFF7FEFF 		bl	SensorService_UpdatePeriodic
  69              	.LVL5:
  35:Application/Src/app_main.c **** 
  36:Application/Src/app_main.c ****     /* 把当前温湿度缓存显示到 LCD。 */
  37:Application/Src/app_main.c ****     DisplayService_Update();
  70              		.loc 1 37 5 is_stmt 1 view .LVU14
  71 0022 FFF7FEFF 		bl	DisplayService_Update
  72              	.LVL6:
  38:Application/Src/app_main.c **** 
  39:Application/Src/app_main.c ****     /* 应用主循环每 200 ms 执行一次。 */
  40:Application/Src/app_main.c ****     HAL_Delay(200U);
  73              		.loc 1 40 5 discriminator 1 view .LVU15
  74 0026 C820     		movs	r0, #200
ARM GAS  C:\Users\w1785\AppData\Local\Temp\cc3WeM9g.s 			page 3


  75 0028 FFF7FEFF 		bl	HAL_Delay
  76              	.LVL7:
  31:Application/Src/app_main.c ****   {
  77              		.loc 1 31 9 view .LVU16
  78 002c F7E7     		b	.L4
  79              		.cfi_endproc
  80              	.LFE132:
  82              		.text
  83              	.Letext0:
  84              		.file 2 "D:\\STM32CubeIDE\\STM32CubeIDE_2.1.1\\STM32CubeIDE\\plugins\\com.st.stm32cube.ide.mcu.ext
  85              		.file 3 "D:\\STM32CubeIDE\\STM32CubeIDE_2.1.1\\STM32CubeIDE\\plugins\\com.st.stm32cube.ide.mcu.ext
  86              		.file 4 "Services/Inc/sensor_service.h"
  87              		.file 5 "Services/Inc/display_service.h"
  88              		.file 6 "Drivers/STM32G4xx_HAL_Driver/Inc/stm32g4xx_hal.h"
ARM GAS  C:\Users\w1785\AppData\Local\Temp\cc3WeM9g.s 			page 4


DEFINED SYMBOLS
                            *ABS*:00000000 app_main.c
C:\Users\w1785\AppData\Local\Temp\cc3WeM9g.s:21     .text.App_Main:00000000 $t
C:\Users\w1785\AppData\Local\Temp\cc3WeM9g.s:27     .text.App_Main:00000000 App_Main

UNDEFINED SYMBOLS
DisplayService_Init
SensorService_Init
DisplayService_ShowSensorError
HAL_Delay
SensorService_Update
SensorService_UpdatePeriodic
DisplayService_Update
