ARM GAS  C:\Users\w1785\AppData\Local\Temp\cc4ep79b.s 			page 1


   1              		.cpu cortex-m4
   2              		.arch armv7e-m
   3              		.fpu fpv4-sp-d16
   4              		.eabi_attribute 27, 1
   5              		.eabi_attribute 28, 1
   6              		.eabi_attribute 20, 1
   7              		.eabi_attribute 21, 1
   8              		.eabi_attribute 23, 3
   9              		.eabi_attribute 24, 1
  10              		.eabi_attribute 25, 1
  11              		.eabi_attribute 26, 1
  12              		.eabi_attribute 30, 1
  13              		.eabi_attribute 34, 1
  14              		.eabi_attribute 18, 4
  15              		.file	"display_ui_format.c"
  16              		.text
  17              	.Ltext0:
  18              		.cfi_sections	.debug_frame
  19              		.file 1 "Services/Src/display_ui_format.c"
  20              		.section	.text.DisplayUI_FloatToX10,"ax",%progbits
  21              		.align	1
  22              		.syntax unified
  23              		.thumb
  24              		.thumb_func
  26              	DisplayUI_FloatToX10:
  27              	.LVL0:
  28              	.LFB3:
   1:Services/Src/display_ui_format.c **** #include "display_ui_format.h"
   2:Services/Src/display_ui_format.c **** 
   3:Services/Src/display_ui_format.c **** #include <stdio.h>
   4:Services/Src/display_ui_format.c **** 
   5:Services/Src/display_ui_format.c **** static int DisplayUI_FloatToX10(float value)
   6:Services/Src/display_ui_format.c **** {
  29              		.loc 1 6 1 view -0
  30              		.cfi_startproc
  31              		@ args = 0, pretend = 0, frame = 0
  32              		@ frame_needed = 0, uses_anonymous_args = 0
  33              		@ link register save eliminated.
   7:Services/Src/display_ui_format.c ****   if (value >= 0.0f)
  34              		.loc 1 7 3 view .LVU1
  35              		.loc 1 7 6 is_stmt 0 view .LVU2
  36 0000 B5EEC00A 		vcmpe.f32	s0, #0
  37 0004 F1EE10FA 		vmrs	APSR_nzcv, FPSCR
  38 0008 0CDA     		bge	.L7
   8:Services/Src/display_ui_format.c ****   {
   9:Services/Src/display_ui_format.c ****     return (int)((value * 10.0f) + 0.5f);
  10:Services/Src/display_ui_format.c ****   }
  11:Services/Src/display_ui_format.c **** 
  12:Services/Src/display_ui_format.c ****   return (int)((value * 10.0f) - 0.5f);
  39              		.loc 1 12 3 is_stmt 1 view .LVU3
  40              		.loc 1 12 23 is_stmt 0 view .LVU4
  41 000a F2EE047A 		vmov.f32	s15, #1.0e+1
  42 000e 20EE270A 		vmul.f32	s0, s0, s15
  43              	.LVL1:
  44              		.loc 1 12 32 view .LVU5
  45 0012 F6EE007A 		vmov.f32	s15, #5.0e-1
  46 0016 30EE670A 		vsub.f32	s0, s0, s15
ARM GAS  C:\Users\w1785\AppData\Local\Temp\cc4ep79b.s 			page 2


  47              		.loc 1 12 10 view .LVU6
  48 001a BDEEC00A 		vcvt.s32.f32	s0, s0
  49              	.L1:
  13:Services/Src/display_ui_format.c **** }
  50              		.loc 1 13 1 view .LVU7
  51 001e 10EE100A 		vmov	r0, s0	@ int
  52 0022 7047     		bx	lr
  53              	.LVL2:
  54              	.L7:
   9:Services/Src/display_ui_format.c ****   }
  55              		.loc 1 9 5 is_stmt 1 view .LVU8
   9:Services/Src/display_ui_format.c ****   }
  56              		.loc 1 9 25 is_stmt 0 view .LVU9
  57 0024 F2EE047A 		vmov.f32	s15, #1.0e+1
  58 0028 20EE270A 		vmul.f32	s0, s0, s15
  59              	.LVL3:
   9:Services/Src/display_ui_format.c ****   }
  60              		.loc 1 9 34 view .LVU10
  61 002c F6EE007A 		vmov.f32	s15, #5.0e-1
  62 0030 30EE270A 		vadd.f32	s0, s0, s15
   9:Services/Src/display_ui_format.c ****   }
  63              		.loc 1 9 12 view .LVU11
  64 0034 BDEEC00A 		vcvt.s32.f32	s0, s0
  65 0038 F1E7     		b	.L1
  66              		.cfi_endproc
  67              	.LFE3:
  69              		.section	.rodata.DisplayUI_FormatX10.str1.4,"aMS",%progbits,1
  70              		.align	2
  71              	.LC0:
  72 0000 2D25642E 		.ascii	"-%d.%d%s\000"
  72      25642573 
  72      00
  73 0009 000000   		.align	2
  74              	.LC1:
  75 000c 25642E25 		.ascii	"%d.%d%s\000"
  75      64257300 
  76              		.section	.text.DisplayUI_FormatX10,"ax",%progbits
  77              		.align	1
  78              		.syntax unified
  79              		.thumb
  80              		.thumb_func
  82              	DisplayUI_FormatX10:
  83              	.LVL4:
  84              	.LFB4:
  14:Services/Src/display_ui_format.c **** 
  15:Services/Src/display_ui_format.c **** static void DisplayUI_FormatX10(char *buffer, uint32_t buffer_size, int value_x10, const char *suff
  16:Services/Src/display_ui_format.c **** {
  85              		.loc 1 16 1 is_stmt 1 view -0
  86              		.cfi_startproc
  87              		@ args = 0, pretend = 0, frame = 0
  88              		@ frame_needed = 0, uses_anonymous_args = 0
  17:Services/Src/display_ui_format.c ****   int abs_x10 = value_x10;
  89              		.loc 1 17 3 view .LVU13
  18:Services/Src/display_ui_format.c **** 
  19:Services/Src/display_ui_format.c ****   if (buffer == (char *)0)
  90              		.loc 1 19 3 view .LVU14
  91              		.loc 1 19 6 is_stmt 0 view .LVU15
ARM GAS  C:\Users\w1785\AppData\Local\Temp\cc4ep79b.s 			page 3


  92 0000 58B3     		cbz	r0, .L12
  16:Services/Src/display_ui_format.c ****   int abs_x10 = value_x10;
  93              		.loc 1 16 1 view .LVU16
  94 0002 10B5     		push	{r4, lr}
  95              	.LCFI0:
  96              		.cfi_def_cfa_offset 8
  97              		.cfi_offset 4, -8
  98              		.cfi_offset 14, -4
  99 0004 82B0     		sub	sp, sp, #8
 100              	.LCFI1:
 101              		.cfi_def_cfa_offset 16
 102 0006 1C46     		mov	r4, r3
 103 0008 8646     		mov	lr, r0
  20:Services/Src/display_ui_format.c ****   {
  21:Services/Src/display_ui_format.c ****     return;
  22:Services/Src/display_ui_format.c ****   }
  23:Services/Src/display_ui_format.c **** 
  24:Services/Src/display_ui_format.c ****   if (abs_x10 < 0)
 104              		.loc 1 24 3 is_stmt 1 view .LVU17
 105              		.loc 1 24 6 is_stmt 0 view .LVU18
 106 000a 002A     		cmp	r2, #0
 107 000c 12DB     		blt	.L15
  25:Services/Src/display_ui_format.c ****   {
  26:Services/Src/display_ui_format.c ****     abs_x10 = -abs_x10;
  27:Services/Src/display_ui_format.c ****     (void)snprintf(buffer, buffer_size, "-%d.%d%s", abs_x10 / 10, abs_x10 % 10, suffix);
  28:Services/Src/display_ui_format.c ****   }
  29:Services/Src/display_ui_format.c ****   else
  30:Services/Src/display_ui_format.c ****   {
  31:Services/Src/display_ui_format.c ****     (void)snprintf(buffer, buffer_size, "%d.%d%s", abs_x10 / 10, abs_x10 % 10, suffix);
 108              		.loc 1 31 5 is_stmt 1 view .LVU19
 109              		.loc 1 31 11 is_stmt 0 view .LVU20
 110 000e 134B     		ldr	r3, .L16
 111              	.LVL5:
 112              		.loc 1 31 11 view .LVU21
 113 0010 83FB0203 		smull	r0, r3, r3, r2
 114              	.LVL6:
 115              		.loc 1 31 11 view .LVU22
 116 0014 4FEAE27C 		asr	ip, r2, #31
 117 0018 CCEBA303 		rsb	r3, ip, r3, asr #2
 118 001c 0194     		str	r4, [sp, #4]
 119 001e 03EB8300 		add	r0, r3, r3, lsl #2
 120 0022 A2EB4002 		sub	r2, r2, r0, lsl #1
 121              	.LVL7:
 122              		.loc 1 31 11 view .LVU23
 123 0026 0092     		str	r2, [sp]
 124 0028 0D4A     		ldr	r2, .L16+4
 125 002a 7046     		mov	r0, lr
 126 002c FFF7FEFF 		bl	snprintf
 127              	.LVL8:
 128              	.L8:
  32:Services/Src/display_ui_format.c ****   }
  33:Services/Src/display_ui_format.c **** }
 129              		.loc 1 33 1 view .LVU24
 130 0030 02B0     		add	sp, sp, #8
 131              	.LCFI2:
 132              		.cfi_remember_state
 133              		.cfi_def_cfa_offset 8
ARM GAS  C:\Users\w1785\AppData\Local\Temp\cc4ep79b.s 			page 4


 134              		@ sp needed
 135 0032 10BD     		pop	{r4, pc}
 136              	.LVL9:
 137              	.L15:
 138              	.LCFI3:
 139              		.cfi_restore_state
  26:Services/Src/display_ui_format.c ****     (void)snprintf(buffer, buffer_size, "-%d.%d%s", abs_x10 / 10, abs_x10 % 10, suffix);
 140              		.loc 1 26 5 is_stmt 1 view .LVU25
  26:Services/Src/display_ui_format.c ****     (void)snprintf(buffer, buffer_size, "-%d.%d%s", abs_x10 / 10, abs_x10 % 10, suffix);
 141              		.loc 1 26 13 is_stmt 0 view .LVU26
 142 0034 5242     		rsbs	r2, r2, #0
 143              	.LVL10:
  27:Services/Src/display_ui_format.c ****   }
 144              		.loc 1 27 5 is_stmt 1 view .LVU27
  27:Services/Src/display_ui_format.c ****   }
 145              		.loc 1 27 11 is_stmt 0 view .LVU28
 146 0036 094B     		ldr	r3, .L16
 147              	.LVL11:
  27:Services/Src/display_ui_format.c ****   }
 148              		.loc 1 27 11 view .LVU29
 149 0038 83FB0203 		smull	r0, r3, r3, r2
 150              	.LVL12:
  27:Services/Src/display_ui_format.c ****   }
 151              		.loc 1 27 11 view .LVU30
 152 003c 4FEAE27C 		asr	ip, r2, #31
 153 0040 CCEBA303 		rsb	r3, ip, r3, asr #2
 154 0044 0194     		str	r4, [sp, #4]
 155 0046 03EB8300 		add	r0, r3, r3, lsl #2
 156 004a A2EB4002 		sub	r2, r2, r0, lsl #1
 157              	.LVL13:
  27:Services/Src/display_ui_format.c ****   }
 158              		.loc 1 27 11 view .LVU31
 159 004e 0092     		str	r2, [sp]
 160 0050 044A     		ldr	r2, .L16+8
 161 0052 7046     		mov	r0, lr
 162 0054 FFF7FEFF 		bl	snprintf
 163              	.LVL14:
  27:Services/Src/display_ui_format.c ****   }
 164              		.loc 1 27 11 view .LVU32
 165 0058 EAE7     		b	.L8
 166              	.LVL15:
 167              	.L12:
 168              	.LCFI4:
 169              		.cfi_def_cfa_offset 0
 170              		.cfi_restore 4
 171              		.cfi_restore 14
  27:Services/Src/display_ui_format.c ****   }
 172              		.loc 1 27 11 view .LVU33
 173 005a 7047     		bx	lr
 174              	.L17:
 175              		.align	2
 176              	.L16:
 177 005c 67666666 		.word	1717986919
 178 0060 0C000000 		.word	.LC1
 179 0064 00000000 		.word	.LC0
 180              		.cfi_endproc
 181              	.LFE4:
ARM GAS  C:\Users\w1785\AppData\Local\Temp\cc4ep79b.s 			page 5


 183              		.section	.rodata.DisplayUI_FormatTemperature.str1.4,"aMS",%progbits,1
 184              		.align	2
 185              	.LC2:
 186 0000 4300     		.ascii	"C\000"
 187 0002 0000     		.align	2
 188              	.LC3:
 189 0004 E6B8A9E5 		.ascii	"\346\270\251\345\272\246: %s\000"
 189      BAA63A20 
 189      257300
 190              		.section	.text.DisplayUI_FormatTemperature,"ax",%progbits
 191              		.align	1
 192              		.global	DisplayUI_FormatTemperature
 193              		.syntax unified
 194              		.thumb
 195              		.thumb_func
 197              	DisplayUI_FormatTemperature:
 198              	.LVL16:
 199              	.LFB5:
  34:Services/Src/display_ui_format.c **** 
  35:Services/Src/display_ui_format.c **** void DisplayUI_FormatTemperature(char *buffer, uint32_t buffer_size, float temperature)
  36:Services/Src/display_ui_format.c **** {
 200              		.loc 1 36 1 is_stmt 1 view -0
 201              		.cfi_startproc
 202              		@ args = 0, pretend = 0, frame = 16
 203              		@ frame_needed = 0, uses_anonymous_args = 0
 204              		.loc 1 36 1 is_stmt 0 view .LVU35
 205 0000 70B5     		push	{r4, r5, r6, lr}
 206              	.LCFI5:
 207              		.cfi_def_cfa_offset 16
 208              		.cfi_offset 4, -16
 209              		.cfi_offset 5, -12
 210              		.cfi_offset 6, -8
 211              		.cfi_offset 14, -4
 212 0002 84B0     		sub	sp, sp, #16
 213              	.LCFI6:
 214              		.cfi_def_cfa_offset 32
  37:Services/Src/display_ui_format.c ****   char value_text[12] = {0};
 215              		.loc 1 37 3 is_stmt 1 view .LVU36
 216              		.loc 1 37 8 is_stmt 0 view .LVU37
 217 0004 0023     		movs	r3, #0
 218 0006 0193     		str	r3, [sp, #4]
 219 0008 0293     		str	r3, [sp, #8]
 220 000a 0393     		str	r3, [sp, #12]
  38:Services/Src/display_ui_format.c **** 
  39:Services/Src/display_ui_format.c ****   if (buffer == (char *)0)
 221              		.loc 1 39 3 is_stmt 1 view .LVU38
 222              		.loc 1 39 6 is_stmt 0 view .LVU39
 223 000c 80B1     		cbz	r0, .L18
 224 000e 0C46     		mov	r4, r1
 225 0010 0646     		mov	r6, r0
  40:Services/Src/display_ui_format.c ****   {
  41:Services/Src/display_ui_format.c ****     return;
  42:Services/Src/display_ui_format.c ****   }
  43:Services/Src/display_ui_format.c **** 
  44:Services/Src/display_ui_format.c ****   DisplayUI_FormatX10(value_text, sizeof(value_text), DisplayUI_FloatToX10(temperature), "C");
 226              		.loc 1 44 3 is_stmt 1 view .LVU40
 227 0012 FFF7FEFF 		bl	DisplayUI_FloatToX10
ARM GAS  C:\Users\w1785\AppData\Local\Temp\cc4ep79b.s 			page 6


 228              	.LVL17:
 229              		.loc 1 44 3 is_stmt 0 view .LVU41
 230 0016 0246     		mov	r2, r0
 231              		.loc 1 44 3 discriminator 1 view .LVU42
 232 0018 01AD     		add	r5, sp, #4
 233 001a 064B     		ldr	r3, .L22
 234 001c 0C21     		movs	r1, #12
 235 001e 2846     		mov	r0, r5
 236 0020 FFF7FEFF 		bl	DisplayUI_FormatX10
 237              	.LVL18:
  45:Services/Src/display_ui_format.c ****   (void)snprintf(buffer, buffer_size, "温度: %s", value_text);
 238              		.loc 1 45 3 is_stmt 1 view .LVU43
 239              		.loc 1 45 9 is_stmt 0 view .LVU44
 240 0024 2B46     		mov	r3, r5
 241 0026 044A     		ldr	r2, .L22+4
 242 0028 2146     		mov	r1, r4
 243 002a 3046     		mov	r0, r6
 244 002c FFF7FEFF 		bl	snprintf
 245              	.LVL19:
 246              	.L18:
  46:Services/Src/display_ui_format.c **** }
 247              		.loc 1 46 1 view .LVU45
 248 0030 04B0     		add	sp, sp, #16
 249              	.LCFI7:
 250              		.cfi_def_cfa_offset 16
 251              		@ sp needed
 252 0032 70BD     		pop	{r4, r5, r6, pc}
 253              	.L23:
 254              		.align	2
 255              	.L22:
 256 0034 00000000 		.word	.LC2
 257 0038 04000000 		.word	.LC3
 258              		.cfi_endproc
 259              	.LFE5:
 261              		.section	.rodata.DisplayUI_FormatHumidity.str1.4,"aMS",%progbits,1
 262              		.align	2
 263              	.LC4:
 264 0000 2500     		.ascii	"%\000"
 265 0002 0000     		.align	2
 266              	.LC5:
 267 0004 E6B9BFE5 		.ascii	"\346\271\277\345\272\246: %s\000"
 267      BAA63A20 
 267      257300
 268              		.section	.text.DisplayUI_FormatHumidity,"ax",%progbits
 269              		.align	1
 270              		.global	DisplayUI_FormatHumidity
 271              		.syntax unified
 272              		.thumb
 273              		.thumb_func
 275              	DisplayUI_FormatHumidity:
 276              	.LVL20:
 277              	.LFB6:
  47:Services/Src/display_ui_format.c **** 
  48:Services/Src/display_ui_format.c **** void DisplayUI_FormatHumidity(char *buffer, uint32_t buffer_size, float humidity)
  49:Services/Src/display_ui_format.c **** {
 278              		.loc 1 49 1 is_stmt 1 view -0
 279              		.cfi_startproc
ARM GAS  C:\Users\w1785\AppData\Local\Temp\cc4ep79b.s 			page 7


 280              		@ args = 0, pretend = 0, frame = 16
 281              		@ frame_needed = 0, uses_anonymous_args = 0
 282              		.loc 1 49 1 is_stmt 0 view .LVU47
 283 0000 70B5     		push	{r4, r5, r6, lr}
 284              	.LCFI8:
 285              		.cfi_def_cfa_offset 16
 286              		.cfi_offset 4, -16
 287              		.cfi_offset 5, -12
 288              		.cfi_offset 6, -8
 289              		.cfi_offset 14, -4
 290 0002 84B0     		sub	sp, sp, #16
 291              	.LCFI9:
 292              		.cfi_def_cfa_offset 32
  50:Services/Src/display_ui_format.c ****   char value_text[12] = {0};
 293              		.loc 1 50 3 is_stmt 1 view .LVU48
 294              		.loc 1 50 8 is_stmt 0 view .LVU49
 295 0004 0023     		movs	r3, #0
 296 0006 0193     		str	r3, [sp, #4]
 297 0008 0293     		str	r3, [sp, #8]
 298 000a 0393     		str	r3, [sp, #12]
  51:Services/Src/display_ui_format.c **** 
  52:Services/Src/display_ui_format.c ****   if (buffer == (char *)0)
 299              		.loc 1 52 3 is_stmt 1 view .LVU50
 300              		.loc 1 52 6 is_stmt 0 view .LVU51
 301 000c 80B1     		cbz	r0, .L24
 302 000e 0C46     		mov	r4, r1
 303 0010 0646     		mov	r6, r0
  53:Services/Src/display_ui_format.c ****   {
  54:Services/Src/display_ui_format.c ****     return;
  55:Services/Src/display_ui_format.c ****   }
  56:Services/Src/display_ui_format.c **** 
  57:Services/Src/display_ui_format.c ****   DisplayUI_FormatX10(value_text, sizeof(value_text), DisplayUI_FloatToX10(humidity), "%");
 304              		.loc 1 57 3 is_stmt 1 view .LVU52
 305 0012 FFF7FEFF 		bl	DisplayUI_FloatToX10
 306              	.LVL21:
 307              		.loc 1 57 3 is_stmt 0 view .LVU53
 308 0016 0246     		mov	r2, r0
 309              		.loc 1 57 3 discriminator 1 view .LVU54
 310 0018 01AD     		add	r5, sp, #4
 311 001a 064B     		ldr	r3, .L28
 312 001c 0C21     		movs	r1, #12
 313 001e 2846     		mov	r0, r5
 314 0020 FFF7FEFF 		bl	DisplayUI_FormatX10
 315              	.LVL22:
  58:Services/Src/display_ui_format.c ****   (void)snprintf(buffer, buffer_size, "湿度: %s", value_text);
 316              		.loc 1 58 3 is_stmt 1 view .LVU55
 317              		.loc 1 58 9 is_stmt 0 view .LVU56
 318 0024 2B46     		mov	r3, r5
 319 0026 044A     		ldr	r2, .L28+4
 320 0028 2146     		mov	r1, r4
 321 002a 3046     		mov	r0, r6
 322 002c FFF7FEFF 		bl	snprintf
 323              	.LVL23:
 324              	.L24:
  59:Services/Src/display_ui_format.c **** }
 325              		.loc 1 59 1 view .LVU57
 326 0030 04B0     		add	sp, sp, #16
ARM GAS  C:\Users\w1785\AppData\Local\Temp\cc4ep79b.s 			page 8


 327              	.LCFI10:
 328              		.cfi_def_cfa_offset 16
 329              		@ sp needed
 330 0032 70BD     		pop	{r4, r5, r6, pc}
 331              	.L29:
 332              		.align	2
 333              	.L28:
 334 0034 00000000 		.word	.LC4
 335 0038 04000000 		.word	.LC5
 336              		.cfi_endproc
 337              	.LFE6:
 339              		.section	.rodata.DisplayUI_GetSensorErrorText.str1.4,"aMS",%progbits,1
 340              		.align	2
 341              	.LC6:
 342 0000 E4BCA0E6 		.ascii	"\344\274\240\346\204\237\345\231\250\345\274\202\345"
 342      849FE599 
 342      A8E5BC82 
 342      E5
 343 000d B8B800   		.ascii	"\270\270\000"
 344              		.section	.text.DisplayUI_GetSensorErrorText,"ax",%progbits
 345              		.align	1
 346              		.global	DisplayUI_GetSensorErrorText
 347              		.syntax unified
 348              		.thumb
 349              		.thumb_func
 351              	DisplayUI_GetSensorErrorText:
 352              	.LFB7:
  60:Services/Src/display_ui_format.c **** 
  61:Services/Src/display_ui_format.c **** const char *DisplayUI_GetSensorErrorText(void)
  62:Services/Src/display_ui_format.c **** {
 353              		.loc 1 62 1 is_stmt 1 view -0
 354              		.cfi_startproc
 355              		@ args = 0, pretend = 0, frame = 0
 356              		@ frame_needed = 0, uses_anonymous_args = 0
 357              		@ link register save eliminated.
  63:Services/Src/display_ui_format.c ****   return "传感器异常";
 358              		.loc 1 63 3 view .LVU59
  64:Services/Src/display_ui_format.c **** }
 359              		.loc 1 64 1 is_stmt 0 view .LVU60
 360 0000 0048     		ldr	r0, .L31
 361 0002 7047     		bx	lr
 362              	.L32:
 363              		.align	2
 364              	.L31:
 365 0004 00000000 		.word	.LC6
 366              		.cfi_endproc
 367              	.LFE7:
 369              		.text
 370              	.Letext0:
 371              		.file 2 "D:\\STM32CubeIDE\\STM32CubeIDE_2.1.1\\STM32CubeIDE\\plugins\\com.st.stm32cube.ide.mcu.ext
 372              		.file 3 "D:\\STM32CubeIDE\\STM32CubeIDE_2.1.1\\STM32CubeIDE\\plugins\\com.st.stm32cube.ide.mcu.ext
 373              		.file 4 "D:\\STM32CubeIDE\\STM32CubeIDE_2.1.1\\STM32CubeIDE\\plugins\\com.st.stm32cube.ide.mcu.ext
ARM GAS  C:\Users\w1785\AppData\Local\Temp\cc4ep79b.s 			page 9


DEFINED SYMBOLS
                            *ABS*:00000000 display_ui_format.c
C:\Users\w1785\AppData\Local\Temp\cc4ep79b.s:21     .text.DisplayUI_FloatToX10:00000000 $t
C:\Users\w1785\AppData\Local\Temp\cc4ep79b.s:26     .text.DisplayUI_FloatToX10:00000000 DisplayUI_FloatToX10
C:\Users\w1785\AppData\Local\Temp\cc4ep79b.s:70     .rodata.DisplayUI_FormatX10.str1.4:00000000 $d
C:\Users\w1785\AppData\Local\Temp\cc4ep79b.s:77     .text.DisplayUI_FormatX10:00000000 $t
C:\Users\w1785\AppData\Local\Temp\cc4ep79b.s:82     .text.DisplayUI_FormatX10:00000000 DisplayUI_FormatX10
C:\Users\w1785\AppData\Local\Temp\cc4ep79b.s:177    .text.DisplayUI_FormatX10:0000005c $d
C:\Users\w1785\AppData\Local\Temp\cc4ep79b.s:184    .rodata.DisplayUI_FormatTemperature.str1.4:00000000 $d
C:\Users\w1785\AppData\Local\Temp\cc4ep79b.s:191    .text.DisplayUI_FormatTemperature:00000000 $t
C:\Users\w1785\AppData\Local\Temp\cc4ep79b.s:197    .text.DisplayUI_FormatTemperature:00000000 DisplayUI_FormatTemperature
C:\Users\w1785\AppData\Local\Temp\cc4ep79b.s:256    .text.DisplayUI_FormatTemperature:00000034 $d
C:\Users\w1785\AppData\Local\Temp\cc4ep79b.s:262    .rodata.DisplayUI_FormatHumidity.str1.4:00000000 $d
C:\Users\w1785\AppData\Local\Temp\cc4ep79b.s:269    .text.DisplayUI_FormatHumidity:00000000 $t
C:\Users\w1785\AppData\Local\Temp\cc4ep79b.s:275    .text.DisplayUI_FormatHumidity:00000000 DisplayUI_FormatHumidity
C:\Users\w1785\AppData\Local\Temp\cc4ep79b.s:334    .text.DisplayUI_FormatHumidity:00000034 $d
C:\Users\w1785\AppData\Local\Temp\cc4ep79b.s:340    .rodata.DisplayUI_GetSensorErrorText.str1.4:00000000 $d
C:\Users\w1785\AppData\Local\Temp\cc4ep79b.s:345    .text.DisplayUI_GetSensorErrorText:00000000 $t
C:\Users\w1785\AppData\Local\Temp\cc4ep79b.s:351    .text.DisplayUI_GetSensorErrorText:00000000 DisplayUI_GetSensorErrorText
C:\Users\w1785\AppData\Local\Temp\cc4ep79b.s:365    .text.DisplayUI_GetSensorErrorText:00000004 $d

UNDEFINED SYMBOLS
snprintf
