Archive member included to satisfy reference by file (symbol)

D:/STM32CubeIDE/STM32CubeIDE_2.1.1/STM32CubeIDE/plugins/com.st.stm32cube.ide.mcu.externaltools.gnu-tools-for-stm32.14.3.rel1.win32_1.0.100.202602081740/tools/bin/../lib/gcc/arm-none-eabi/14.3.1/../../../../arm-none-eabi/lib/thumb/v7e-m+fp/hard\libc_nano.a(libc_a-exit.o)
                              D:/STM32CubeIDE/STM32CubeIDE_2.1.1/STM32CubeIDE/plugins/com.st.stm32cube.ide.mcu.externaltools.gnu-tools-for-stm32.14.3.rel1.win32_1.0.100.202602081740/tools/bin/../lib/gcc/arm-none-eabi/14.3.1/../../../../arm-none-eabi/lib/thumb/v7e-m+fp/hard/crt0.o (exit)
D:/STM32CubeIDE/STM32CubeIDE_2.1.1/STM32CubeIDE/plugins/com.st.stm32cube.ide.mcu.externaltools.gnu-tools-for-stm32.14.3.rel1.win32_1.0.100.202602081740/tools/bin/../lib/gcc/arm-none-eabi/14.3.1/../../../../arm-none-eabi/lib/thumb/v7e-m+fp/hard\libc_nano.a(libc_a-findfp.o)
                              D:/STM32CubeIDE/STM32CubeIDE_2.1.1/STM32CubeIDE/plugins/com.st.stm32cube.ide.mcu.externaltools.gnu-tools-for-stm32.14.3.rel1.win32_1.0.100.202602081740/tools/bin/../lib/gcc/arm-none-eabi/14.3.1/../../../../arm-none-eabi/lib/thumb/v7e-m+fp/hard\libc_nano.a(libc_a-exit.o) (__stdio_exit_handler)
D:/STM32CubeIDE/STM32CubeIDE_2.1.1/STM32CubeIDE/plugins/com.st.stm32cube.ide.mcu.externaltools.gnu-tools-for-stm32.14.3.rel1.win32_1.0.100.202602081740/tools/bin/../lib/gcc/arm-none-eabi/14.3.1/../../../../arm-none-eabi/lib/thumb/v7e-m+fp/hard\libc_nano.a(libc_a-fwalk.o)
                              D:/STM32CubeIDE/STM32CubeIDE_2.1.1/STM32CubeIDE/plugins/com.st.stm32cube.ide.mcu.externaltools.gnu-tools-for-stm32.14.3.rel1.win32_1.0.100.202602081740/tools/bin/../lib/gcc/arm-none-eabi/14.3.1/../../../../arm-none-eabi/lib/thumb/v7e-m+fp/hard\libc_nano.a(libc_a-findfp.o) (_fwalk_sglue)
D:/STM32CubeIDE/STM32CubeIDE_2.1.1/STM32CubeIDE/plugins/com.st.stm32cube.ide.mcu.externaltools.gnu-tools-for-stm32.14.3.rel1.win32_1.0.100.202602081740/tools/bin/../lib/gcc/arm-none-eabi/14.3.1/../../../../arm-none-eabi/lib/thumb/v7e-m+fp/hard\libc_nano.a(libc_a-snprintf.o)
                              build/display_service.o (snprintf)
D:/STM32CubeIDE/STM32CubeIDE_2.1.1/STM32CubeIDE/plugins/com.st.stm32cube.ide.mcu.externaltools.gnu-tools-for-stm32.14.3.rel1.win32_1.0.100.202602081740/tools/bin/../lib/gcc/arm-none-eabi/14.3.1/../../../../arm-none-eabi/lib/thumb/v7e-m+fp/hard\libc_nano.a(libc_a-stdio.o)
                              D:/STM32CubeIDE/STM32CubeIDE_2.1.1/STM32CubeIDE/plugins/com.st.stm32cube.ide.mcu.externaltools.gnu-tools-for-stm32.14.3.rel1.win32_1.0.100.202602081740/tools/bin/../lib/gcc/arm-none-eabi/14.3.1/../../../../arm-none-eabi/lib/thumb/v7e-m+fp/hard\libc_nano.a(libc_a-findfp.o) (__sread)
D:/STM32CubeIDE/STM32CubeIDE_2.1.1/STM32CubeIDE/plugins/com.st.stm32cube.ide.mcu.externaltools.gnu-tools-for-stm32.14.3.rel1.win32_1.0.100.202602081740/tools/bin/../lib/gcc/arm-none-eabi/14.3.1/../../../../arm-none-eabi/lib/thumb/v7e-m+fp/hard\libc_nano.a(libc_a-memset.o)
                              D:/STM32CubeIDE/STM32CubeIDE_2.1.1/STM32CubeIDE/plugins/com.st.stm32cube.ide.mcu.externaltools.gnu-tools-for-stm32.14.3.rel1.win32_1.0.100.202602081740/tools/bin/../lib/gcc/arm-none-eabi/14.3.1/../../../../arm-none-eabi/lib/thumb/v7e-m+fp/hard/crt0.o (memset)
D:/STM32CubeIDE/STM32CubeIDE_2.1.1/STM32CubeIDE/plugins/com.st.stm32cube.ide.mcu.externaltools.gnu-tools-for-stm32.14.3.rel1.win32_1.0.100.202602081740/tools/bin/../lib/gcc/arm-none-eabi/14.3.1/../../../../arm-none-eabi/lib/thumb/v7e-m+fp/hard\libc_nano.a(libc_a-closer.o)
                              D:/STM32CubeIDE/STM32CubeIDE_2.1.1/STM32CubeIDE/plugins/com.st.stm32cube.ide.mcu.externaltools.gnu-tools-for-stm32.14.3.rel1.win32_1.0.100.202602081740/tools/bin/../lib/gcc/arm-none-eabi/14.3.1/../../../../arm-none-eabi/lib/thumb/v7e-m+fp/hard\libc_nano.a(libc_a-stdio.o) (_close_r)
D:/STM32CubeIDE/STM32CubeIDE_2.1.1/STM32CubeIDE/plugins/com.st.stm32cube.ide.mcu.externaltools.gnu-tools-for-stm32.14.3.rel1.win32_1.0.100.202602081740/tools/bin/../lib/gcc/arm-none-eabi/14.3.1/../../../../arm-none-eabi/lib/thumb/v7e-m+fp/hard\libc_nano.a(libc_a-reent.o)
                              D:/STM32CubeIDE/STM32CubeIDE_2.1.1/STM32CubeIDE/plugins/com.st.stm32cube.ide.mcu.externaltools.gnu-tools-for-stm32.14.3.rel1.win32_1.0.100.202602081740/tools/bin/../lib/gcc/arm-none-eabi/14.3.1/../../../../arm-none-eabi/lib/thumb/v7e-m+fp/hard\libc_nano.a(libc_a-closer.o) (errno)
D:/STM32CubeIDE/STM32CubeIDE_2.1.1/STM32CubeIDE/plugins/com.st.stm32cube.ide.mcu.externaltools.gnu-tools-for-stm32.14.3.rel1.win32_1.0.100.202602081740/tools/bin/../lib/gcc/arm-none-eabi/14.3.1/../../../../arm-none-eabi/lib/thumb/v7e-m+fp/hard\libc_nano.a(libc_a-impure.o)
[...]
Memory Configuration

Name             Origin             Length             Attributes
RAM              0x20000000         0x00020000         xrw
FLASH            0x08000000         0x00080000         xr
*default*        0x00000000         0xffffffff

Linker script and memory map

LOAD D:/STM32CubeIDE/STM32CubeIDE_2.1.1/STM32CubeIDE/plugins/com.st.stm32cube.ide.mcu.externaltools.gnu-tools-for-stm32.14.3.rel1.win32_1.0.100.202602081740/tools/bin/../lib/gcc/arm-none-eabi/14.3.1/thumb/v7e-m+fp/hard/crti.o
LOAD D:/STM32CubeIDE/STM32CubeIDE_2.1.1/STM32CubeIDE/plugins/com.st.stm32cube.ide.mcu.externaltools.gnu-tools-for-stm32.14.3.rel1.win32_1.0.100.202602081740/tools/bin/../lib/gcc/arm-none-eabi/14.3.1/thumb/v7e-m+fp/hard/crtbegin.o
LOAD D:/STM32CubeIDE/STM32CubeIDE_2.1.1/STM32CubeIDE/plugins/com.st.stm32cube.ide.mcu.externaltools.gnu-tools-for-stm32.14.3.rel1.win32_1.0.100.202602081740/tools/bin/../lib/gcc/arm-none-eabi/14.3.1/../../../../arm-none-eabi/lib/thumb/v7e-m+fp/hard/crt0.o
LOAD build/main.o
LOAD build/gpio.o
LOAD build/usart.o
LOAD build/app_main.o
LOAD build/display_service.o
LOAD build/humidifier_service.o
LOAD build/sensor_service.o
LOAD build/water_level_service.o
LOAD build/st7789.o
LOAD build/aht20.o
LOAD build/lcd_hw.o
LOAD build/i2c_sw.o
LOAD build/relay_hw.o
LOAD build/water_level_hw.o
LOAD build/stm32g4xx_it.o
LOAD build/stm32g4xx_hal_msp.o
LOAD build/stm32g4xx_hal_pwr_ex.o
LOAD build/stm32g4xx_hal.o
LOAD build/stm32g4xx_hal_rcc.o
LOAD build/stm32g4xx_hal_rcc_ex.o
LOAD build/stm32g4xx_hal_flash.o
LOAD build/stm32g4xx_hal_flash_ex.o
LOAD build/stm32g4xx_hal_flash_ramfunc.o
LOAD build/stm32g4xx_hal_gpio.o
LOAD build/stm32g4xx_hal_uart.o
LOAD build/stm32g4xx_hal_uart_ex.o
LOAD build/stm32g4xx_hal_exti.o
LOAD build/stm32g4xx_hal_dma.o
LOAD build/stm32g4xx_hal_dma_ex.o
LOAD build/stm32g4xx_hal_pwr.o
LOAD build/stm32g4xx_hal_cortex.o
LOAD build/system_stm32g4xx.o
LOAD build/sysmem.o
LOAD build/syscalls.o
LOAD build/startup_stm32g474xx.o
LOAD D:/STM32CubeIDE/STM32CubeIDE_2.1.1/STM32CubeIDE/plugins/com.st.stm32cube.ide.mcu.externaltools.gnu-tools-for-stm32.14.3.rel1.win32_1.0.100.202602081740/tools/bin/../lib/gcc/arm-none-eabi/14.3.1/../../../../arm-none-eabi/lib/thumb/v7e-m+fp/hard\libc_nano.a
LOAD D:/STM32CubeIDE/STM32CubeIDE_2.1.1/STM32CubeIDE/plugins/com.st.stm32cube.ide.mcu.externaltools.gnu-tools-for-stm32.14.3.rel1.win32_1.0.100.202602081740/tools/bin/../lib/gcc/arm-none-eabi/14.3.1/../../../../arm-none-eabi/lib/thumb/v7e-m+fp/hard\libm.a
LOAD D:/STM32CubeIDE/STM32CubeIDE_2.1.1/STM32CubeIDE/plugins/com.st.stm32cube.ide.mcu.externaltools.gnu-tools-for-stm32.14.3.rel1.win32_1.0.100.202602081740/tools/bin/../lib/gcc/arm-none-eabi/14.3.1/../../../../arm-none-eabi/lib/thumb/v7e-m+fp/hard\libnosys.a
START GROUP
LOAD D:/STM32CubeIDE/STM32CubeIDE_2.1.1/STM32CubeIDE/plugins/com.st.stm32cube.ide.mcu.externaltools.gnu-tools-for-stm32.14.3.rel1.win32_1.0.100.202602081740/tools/bin/../lib/gcc/arm-none-eabi/14.3.1/thumb/v7e-m+fp/hard\libgcc.a
LOAD D:/STM32CubeIDE/STM32CubeIDE_2.1.1/STM32CubeIDE/plugins/com.st.stm32cube.ide.mcu.externaltools.gnu-tools-for-stm32.14.3.rel1.win32_1.0.100.202602081740/tools/bin/../lib/gcc/arm-none-eabi/14.3.1/../../../../arm-none-eabi/lib/thumb/v7e-m+fp/hard\libc_nano.a
END GROUP
START GROUP
LOAD D:/STM32CubeIDE/STM32CubeIDE_2.1.1/STM32CubeIDE/plugins/com.st.stm32cube.ide.mcu.externaltools.gnu-tools-for-stm32.14.3.rel1.win32_1.0.100.202602081740/tools/bin/../lib/gcc/arm-none-eabi/14.3.1/thumb/v7e-m+fp/hard\libgcc.a
LOAD D:/STM32CubeIDE/STM32CubeIDE_2.1.1/STM32CubeIDE/plugins/com.st.stm32cube.ide.mcu.externaltools.gnu-tools-for-stm32.14.3.rel1.win32_1.0.100.202602081740/tools/bin/../lib/gcc/arm-none-eabi/14.3.1/../../../../arm-none-eabi/lib/thumb/v7e-m+fp/hard\libc_nano.a
END GROUP
LOAD D:/STM32CubeIDE/STM32CubeIDE_2.1.1/STM32CubeIDE/plugins/com.st.stm32cube.ide.mcu.externaltools.gnu-tools-for-stm32.14.3.rel1.win32_1.0.100.202602081740/tools/bin/../lib/gcc/arm-none-eabi/14.3.1/thumb/v7e-m+fp/hard/crtend.o
LOAD D:/STM32CubeIDE/STM32CubeIDE_2.1.1/STM32CubeIDE/plugins/com.st.stm32cube.ide.mcu.externaltools.gnu-tools-for-stm32.14.3.rel1.win32_1.0.100.202602081740/tools/bin/../lib/gcc/arm-none-eabi/14.3.1/thumb/v7e-m+fp/hard/crtn.o
                0x20020000                        _estack = (ORIGIN (RAM) + LENGTH (RAM))
                0x2001fc00                        _sstack = (_estack - _Min_Stack_Size)
                0x00000200                        _Min_Heap_Size = 0x200
                0x00000400                        _Min_Stack_Size = 0x400

.isr_vector     0x08000000      0x1d8
                0x08000000                        . = ALIGN (0x4)
 *(.isr_vector)
 .isr_vector    0x08000000      0x1d8 build/startup_stm32g474xx.o
                0x08000000                g_pfnVectors
                0x080001d8                        . = ALIGN (0x4)

.text           0x080001e0     0x36c8
                0x080001e0                        . = ALIGN (0x4)
 *(.text)
 .text          0x080001e0       0x40 D:/STM32CubeIDE/STM32CubeIDE_2.1.1/STM32CubeIDE/plugins/com.st.stm32cube.ide.mcu.externaltools.gnu-tools-for-stm32.14.3.rel1.win32_1.0.100.202602081740/tools/bin/../lib/gcc/arm-none-eabi/14.3.1/thumb/v7e-m+fp/hard/crtbegin.o
 .text          0x08000220       0xa0 D:/STM32CubeIDE/STM32CubeIDE_2.1.1/STM32CubeIDE/plugins/com.st.stm32cube.ide.mcu.externaltools.gnu-tools-for-stm32.14.3.rel1.win32_1.0.100.202602081740/tools/bin/../lib/gcc/arm-none-eabi/14.3.1/../../../../arm-none-eabi/lib/thumb/v7e-m+fp/hard\libc_nano.a(libc_a-memchr.o)
                0x08000220                memchr
 .text          0x080002c0       0x30 D:/STM32CubeIDE/STM32CubeIDE_2.1.1/STM32CubeIDE/plugins/com.st.stm32cube.ide.mcu.externaltools.gnu-tools-for-stm32.14.3.rel1.win32_1.0.100.202602081740/tools/bin/../lib/gcc/arm-none-eabi/14.3.1/thumb/v7e-m+fp/hard\libgcc.a(_aeabi_uldivmod.o)
                0x080002c0                __aeabi_uldivmod
 .text          0x080002f0      0x2f8 D:/STM32CubeIDE/STM32CubeIDE_2.1.1/STM32CubeIDE/plugins/com.st.stm32cube.ide.mcu.externaltools.gnu-tools-for-stm32.14.3.rel1.win32_1.0.100.202602081740/tools/bin/../lib/gcc/arm-none-eabi/14.3.1/thumb/v7e-m+fp/hard\libgcc.a(_udivmoddi4.o)
                0x080002f0                __udivmoddi4
 .text          0x080005e8        0x4 D:/STM32CubeIDE/STM32CubeIDE_2.1.1/STM32CubeIDE/plugins/com.st.stm32cube.ide.mcu.externaltools.gnu-tools-for-stm32.14.3.rel1.win32_1.0.100.202602081740/tools/bin/../lib/gcc/arm-none-eabi/14.3.1/thumb/v7e-m+fp/hard\libgcc.a(_dvmd_tls.o)
                0x080005e8                __aeabi_idiv0
                0x080005e8                __aeabi_ldiv0
 *(.text*)
 .text.Error_Handler
                0x080005ec        0x4 build/main.o
                0x080005ec                Error_Handler
 .text.SystemClock_Config
                0x080005f0       0x60 build/main.o
                0x080005f0                SystemClock_Config
 .text.main     0x08000650       0x18 build/main.o
                0x08000650                main
 .text.MX_GPIO_Init
                0x08000668       0x50 build/gpio.o
                0x08000668                MX_GPIO_Init
 .text.MX_USART1_UART_Init
                0x080006b8       0x3c build/usart.o
                0x080006b8                MX_USART1_UART_Init
 .text.HAL_UART_MspInit
                0x080006f4       0x88 build/usart.o
                0x080006f4                HAL_UART_MspInit
 .text.App_Main
                0x0800077c       0x3a build/app_main.o
                0x0800077c                App_Main
 .text.DisplayService_FloatToX10
                0x080007b6       0x3a build/display_service.o
 .text.DisplayService_GetStateText
                0x080007f0       0x2c build/display_service.o
 .text.DisplayService_FormatX10Line
                0x0800081c       0x54 build/display_service.o
 .text.DisplayService_ClearLine
                0x08000870       0x16 build/display_service.o
 .text.DisplayService_DrawLine
                0x08000886       0x24 build/display_service.o
 *fill*         0x080008aa        0x2 
 .text.DisplayService_Init
                0x080008ac       0x1c build/display_service.o
                0x080008ac                DisplayService_Init
 .text.DisplayService_ShowBootScreen
                0x080008c8       0x6c build/display_service.o
                0x080008c8                DisplayService_ShowBootScreen
 .text.DisplayService_ShowMainPage
                0x08000934      0x198 build/display_service.o
                0x08000934                DisplayService_ShowMainPage
 .text.DisplayService_ShowSensorError
                0x08000acc       0x24 build/display_service.o
                0x08000acc                DisplayService_ShowSensorError
 .text.DisplayService_ShowWaterLow
                0x08000af0       0x24 build/display_service.o
                0x08000af0                DisplayService_ShowWaterLow
 .text.DisplayService_Update
                0x08000b14       0x50 build/display_service.o
                0x08000b14                DisplayService_Update
 .text.HumidifierService_SetOffState
                0x08000b64       0x1c build/humidifier_service.o
 .text.HumidifierService_SetOnState
                0x08000b80       0x1c build/humidifier_service.o
 .text.HumidifierService_Init
                0x08000b9c       0x2c build/humidifier_service.o
                0x08000b9c                HumidifierService_Init
 .text.HumidifierService_Update
                0x08000bc8       0xa8 build/humidifier_service.o
                0x08000bc8                HumidifierService_Update
 .text.HumidifierService_GetStatus
                0x08000c70       0x14 build/humidifier_service.o
                0x08000c70                HumidifierService_GetStatus
 .text.SensorService_Init
                0x08000c84       0x34 build/sensor_service.o
                0x08000c84                SensorService_Init
 .text.SensorService_Update
                0x08000cb8       0x40 build/sensor_service.o
                0x08000cb8                SensorService_Update
 .text.SensorService_UpdatePeriodic
                0x08000cf8       0x34 build/sensor_service.o
                0x08000cf8                SensorService_UpdatePeriodic
 .text.SensorService_GetData
                0x08000d2c       0x28 build/sensor_service.o
                0x08000d2c                SensorService_GetData
 .text.SensorService_GetHumidity
                0x08000d54       0x1c build/sensor_service.o
                0x08000d54                SensorService_GetHumidity
 .text.SensorService_IsDataValid
                0x08000d70       0x10 build/sensor_service.o
                0x08000d70                SensorService_IsDataValid
 .text.WaterLevelService_Update
                0x08000d80       0x38 build/water_level_service.o
                0x08000d80                WaterLevelService_Update
 .text.WaterLevelService_Init
                0x08000db8       0x18 build/water_level_service.o
                0x08000db8                WaterLevelService_Init
 .text.WaterLevelService_GetStatus
                0x08000dd0        0xc build/water_level_service.o
                0x08000dd0                WaterLevelService_GetStatus
 .text.WaterLevelService_IsWaterOk
                0x08000ddc       0x14 build/water_level_service.o
                0x08000ddc                WaterLevelService_IsWaterOk
 .text.ST7789_WriteU16
                0x08000df0       0x12 build/st7789.o
 .text.ST7789_SetAddressWindow
                0x08000e02       0x6e build/st7789.o
                0x08000e02                ST7789_SetAddressWindow
 .text.ST7789_WriteColor
                0x08000e70       0x12 build/st7789.o
                0x08000e70                ST7789_WriteColor
 .text.ST7789_DrawPixel
                0x08000e82       0x22 build/st7789.o
                0x08000e82                ST7789_DrawPixel
 .text.ST7789_FillRect
                0x08000ea4       0x5c build/st7789.o
                0x08000ea4                ST7789_FillRect
 .text.ST7789_FillScreen
                0x08000f00       0x18 build/st7789.o
                0x08000f00                ST7789_FillScreen
 .text.ST7789_Init
                0x08000f18       0x4e build/st7789.o
                0x08000f18                ST7789_Init
 *fill*         0x08000f66        0x2 
 .text.ST7789_DrawChar
                0x08000f68       0x8c build/st7789.o
                0x08000f68                ST7789_DrawChar
 .text.ST7789_DrawString
                0x08000ff4       0x38 build/st7789.o
                0x08000ff4                ST7789_DrawString
 .text.AHT20_ReadStatus
                0x0800102c       0x38 build/aht20.o
                0x0800102c                AHT20_ReadStatus
 .text.AHT20_IsBusy
                0x08001064        0xe build/aht20.o
                0x08001064                AHT20_IsBusy
 .text.AHT20_IsCalibrated
                0x08001072        0xc build/aht20.o
                0x08001072                AHT20_IsCalibrated
 *fill*         0x0800107e        0x2 
 .text.AHT20_Init
                0x08001080       0x78 build/aht20.o
                0x08001080                AHT20_Init
 .text.AHT20_TriggerMeasurement
                0x080010f8       0x2c build/aht20.o
                0x080010f8                AHT20_TriggerMeasurement
 .text.AHT20_ReadRaw
                0x08001124       0x38 build/aht20.o
                0x08001124                AHT20_ReadRaw
 .text.AHT20_ParseRaw
                0x0800115c       0x7c build/aht20.o
                0x0800115c                AHT20_ParseRaw
 .text.AHT20_ReadData
                0x080011d8       0x32 build/aht20.o
                0x080011d8                AHT20_ReadData
 .text.LCD_SPI_Delay
                0x0800120a       0x1a build/lcd_hw.o
 .text.LCD_RESET_High
                0x08001224       0x14 build/lcd_hw.o
                0x08001224                LCD_RESET_High
 .text.LCD_RESET_Low
                0x08001238       0x14 build/lcd_hw.o
                0x08001238                LCD_RESET_Low
 .text.LCD_DC_High
                0x0800124c       0x14 build/lcd_hw.o
                0x0800124c                LCD_DC_High
 .text.LCD_DC_Low
                0x08001260       0x14 build/lcd_hw.o
                0x08001260                LCD_DC_Low
 .text.LCD_CS_High
                0x08001274       0x14 build/lcd_hw.o
                0x08001274                LCD_CS_High
 .text.LCD_CS_Low
                0x08001288       0x14 build/lcd_hw.o
                0x08001288                LCD_CS_Low
 .text.LCD_SCK_High
                0x0800129c       0x14 build/lcd_hw.o
                0x0800129c                LCD_SCK_High
 .text.LCD_SCK_Low
                0x080012b0       0x14 build/lcd_hw.o
                0x080012b0                LCD_SCK_Low
 .text.LCD_MOSI_High
                0x080012c4       0x14 build/lcd_hw.o
                0x080012c4                LCD_MOSI_High
 .text.LCD_MOSI_Low
                0x080012d8       0x14 build/lcd_hw.o
                0x080012d8                LCD_MOSI_Low
 .text.LCD_HW_GPIO_Init
                0x080012ec       0x74 build/lcd_hw.o
                0x080012ec                LCD_HW_GPIO_Init
 .text.LCD_SPI_WriteBit
                0x08001360       0x20 build/lcd_hw.o
                0x08001360                LCD_SPI_WriteBit
 .text.LCD_SPI_WriteByte
                0x08001380       0x1e build/lcd_hw.o
                0x08001380                LCD_SPI_WriteByte
 .text.LCD_Reset
                0x0800139e       0x18 build/lcd_hw.o
                0x0800139e                LCD_Reset
 .text.LCD_WriteCmd
                0x080013b6       0x18 build/lcd_hw.o
                0x080013b6                LCD_WriteCmd
 .text.LCD_WriteData
                0x080013ce       0x18 build/lcd_hw.o
                0x080013ce                LCD_WriteData
 .text.I2C_SW_Delay
                0x080013e6       0x1a build/i2c_sw.o
 .text.I2C_SW_SCL_High
                0x08001400       0x14 build/i2c_sw.o
                0x08001400                I2C_SW_SCL_High
 .text.I2C_SW_SCL_Low
                0x08001414       0x14 build/i2c_sw.o
                0x08001414                I2C_SW_SCL_Low
 .text.I2C_SW_SDA_High
                0x08001428       0x14 build/i2c_sw.o
                0x08001428                I2C_SW_SDA_High
 .text.I2C_SW_GPIO_Init
                0x0800143c       0x6c build/i2c_sw.o
                0x0800143c                I2C_SW_GPIO_Init
 .text.I2C_SW_SDA_Low
                0x080014a8       0x14 build/i2c_sw.o
                0x080014a8                I2C_SW_SDA_Low
 .text.I2C_SW_SDA_Read
                0x080014bc       0x18 build/i2c_sw.o
                0x080014bc                I2C_SW_SDA_Read
 .text.I2C_SW_Start
                0x080014d4       0x20 build/i2c_sw.o
                0x080014d4                I2C_SW_Start
 .text.I2C_SW_Stop
                0x080014f4       0x1c build/i2c_sw.o
                0x080014f4                I2C_SW_Stop
 .text.I2C_SW_WriteBit
                0x08001510       0x2a build/i2c_sw.o
                0x08001510                I2C_SW_WriteBit
 .text.I2C_SW_ReadBit
                0x0800153a       0x28 build/i2c_sw.o
                0x0800153a                I2C_SW_ReadBit
 .text.I2C_SW_WaitAck
                0x08001562       0x28 build/i2c_sw.o
                0x08001562                I2C_SW_WaitAck
 .text.I2C_SW_Ack
                0x0800158a       0x24 build/i2c_sw.o
                0x0800158a                I2C_SW_Ack
 .text.I2C_SW_NAck
                0x080015ae       0x20 build/i2c_sw.o
                0x080015ae                I2C_SW_NAck
 .text.I2C_SW_WriteByte
                0x080015ce       0x22 build/i2c_sw.o
                0x080015ce                I2C_SW_WriteByte
 .text.I2C_SW_ReadByte
                0x080015f0       0x2e build/i2c_sw.o
                0x080015f0                I2C_SW_ReadByte
 .text.I2C_SW_Write
                0x0800161e       0x50 build/i2c_sw.o
                0x0800161e                I2C_SW_Write
 .text.I2C_SW_Read
                0x0800166e       0x5c build/i2c_sw.o
                0x0800166e                I2C_SW_Read
 .text.MistRelay_On
                0x080016ca       0x10 build/relay_hw.o
                0x080016ca                MistRelay_On
 .text.MistRelay_Off
                0x080016da       0x10 build/relay_hw.o
                0x080016da                MistRelay_Off
 *fill*         0x080016ea        0x2 
 .text.FanRelay_On
                0x080016ec       0x14 build/relay_hw.o
                0x080016ec                FanRelay_On
 .text.FanRelay_Off
                0x08001700       0x14 build/relay_hw.o
                0x08001700                FanRelay_Off
 .text.Relay_HW_AllOff
                0x08001714        0xc build/relay_hw.o
                0x08001714                Relay_HW_AllOff
 .text.Relay_HW_Init
                0x08001720       0x88 build/relay_hw.o
                0x08001720                Relay_HW_Init
 .text.WaterLevel_HW_Init
                0x080017a8       0x3e build/water_level_hw.o
                0x080017a8                WaterLevel_HW_Init
 .text.WaterLevel_HW_ReadRaw
                0x080017e6        0xe build/water_level_hw.o
                0x080017e6                WaterLevel_HW_ReadRaw
 .text.NMI_Handler
                0x080017f4        0x2 build/stm32g4xx_it.o
                0x080017f4                NMI_Handler
 .text.HardFault_Handler
                0x080017f6        0x2 build/stm32g4xx_it.o
                0x080017f6                HardFault_Handler
 .text.MemManage_Handler
                0x080017f8        0x2 build/stm32g4xx_it.o
                0x080017f8                MemManage_Handler
 .text.BusFault_Handler
                0x080017fa        0x2 build/stm32g4xx_it.o
                0x080017fa                BusFault_Handler
 .text.UsageFault_Handler
                0x080017fc        0x2 build/stm32g4xx_it.o
                0x080017fc                UsageFault_Handler
 .text.SVC_Handler
                0x080017fe        0x2 build/stm32g4xx_it.o
                0x080017fe                SVC_Handler
 .text.DebugMon_Handler
                0x08001800        0x2 build/stm32g4xx_it.o
                0x08001800                DebugMon_Handler
 .text.PendSV_Handler
                0x08001802        0x2 build/stm32g4xx_it.o
                0x08001802                PendSV_Handler
 .text.SysTick_Handler
                0x08001804        0x8 build/stm32g4xx_it.o
                0x08001804                SysTick_Handler
 .text.HAL_MspInit
                0x0800180c       0x38 build/stm32g4xx_hal_msp.o
                0x0800180c                HAL_MspInit
 .text.HAL_PWREx_ControlVoltageScaling
                0x08001844      0x10c build/stm32g4xx_hal_pwr_ex.o
                0x08001844                HAL_PWREx_ControlVoltageScaling
 .text.HAL_PWREx_DisableUCPDDeadBattery
                0x08001950       0x10 build/stm32g4xx_hal_pwr_ex.o
                0x08001950                HAL_PWREx_DisableUCPDDeadBattery
 .text.HAL_InitTick
                0x08001960       0x50 build/stm32g4xx_hal.o
                0x08001960                HAL_InitTick
 .text.HAL_Init
                0x080019b0       0x1e build/stm32g4xx_hal.o
                0x080019b0                HAL_Init
 *fill*         0x080019ce        0x2 
 .text.HAL_IncTick
                0x080019d0       0x18 build/stm32g4xx_hal.o
                0x080019d0                HAL_IncTick
 .text.HAL_GetTick
                0x080019e8        0xc build/stm32g4xx_hal.o
                0x080019e8                HAL_GetTick
 .text.HAL_Delay
                0x080019f4       0x28 build/stm32g4xx_hal.o
                0x080019f4                HAL_Delay
 .text.RCC_GetSysClockFreqFromPLLSource
                0x08001a1c       0x58 build/stm32g4xx_hal_rcc.o
 .text.HAL_RCC_OscConfig
                0x08001a74      0x4e4 build/stm32g4xx_hal_rcc.o
                0x08001a74                HAL_RCC_OscConfig
 .text.HAL_RCC_GetSysClockFreq
                0x08001f58       0x88 build/stm32g4xx_hal_rcc.o
                0x08001f58                HAL_RCC_GetSysClockFreq
 .text.HAL_RCC_ClockConfig
                0x08001fe0      0x1f8 build/stm32g4xx_hal_rcc.o
                0x08001fe0                HAL_RCC_ClockConfig
 .text.HAL_RCC_GetHCLKFreq
                0x080021d8        0xc build/stm32g4xx_hal_rcc.o
                0x080021d8                HAL_RCC_GetHCLKFreq
 .text.HAL_RCC_GetPCLK1Freq
                0x080021e4       0x24 build/stm32g4xx_hal_rcc.o
                0x080021e4                HAL_RCC_GetPCLK1Freq
 .text.HAL_RCC_GetPCLK2Freq
                0x08002208       0x24 build/stm32g4xx_hal_rcc.o
                0x08002208                HAL_RCC_GetPCLK2Freq
 .text.HAL_RCCEx_PeriphCLKConfig
                0x0800222c      0x378 build/stm32g4xx_hal_rcc_ex.o
                0x0800222c                HAL_RCCEx_PeriphCLKConfig
 .text.HAL_GPIO_Init
                0x080025a4      0x1e0 build/stm32g4xx_hal_gpio.o
                0x080025a4                HAL_GPIO_Init
 .text.HAL_GPIO_ReadPin
                0x08002784        0xe build/stm32g4xx_hal_gpio.o
                0x08002784                HAL_GPIO_ReadPin
 .text.HAL_GPIO_WritePin
                0x08002792        0xa build/stm32g4xx_hal_gpio.o
                0x08002792                HAL_GPIO_WritePin
 .text.UART_SetConfig
                0x0800279c      0x380 build/stm32g4xx_hal_uart.o
                0x0800279c                UART_SetConfig
 .text.UART_AdvFeatureConfig
                0x08002b1c       0xca build/stm32g4xx_hal_uart.o
                0x08002b1c                UART_AdvFeatureConfig
 .text.UART_WaitOnFlagUntilTimeout
                0x08002be6       0xd8 build/stm32g4xx_hal_uart.o
                0x08002be6                UART_WaitOnFlagUntilTimeout
 .text.UART_CheckIdleState
                0x08002cbe       0x74 build/stm32g4xx_hal_uart.o
                0x08002cbe                UART_CheckIdleState
 .text.HAL_UART_Init
                0x08002d32       0x66 build/stm32g4xx_hal_uart.o
                0x08002d32                HAL_UART_Init
 .text.__NVIC_SetPriority
                0x08002d98       0x28 build/stm32g4xx_hal_cortex.o
 .text.NVIC_EncodePriority
                0x08002dc0       0x3c build/stm32g4xx_hal_cortex.o
 .text.HAL_NVIC_SetPriorityGrouping
                0x08002dfc       0x24 build/stm32g4xx_hal_cortex.o
                0x08002dfc                HAL_NVIC_SetPriorityGrouping
 .text.HAL_NVIC_SetPriority
                0x08002e20       0x20 build/stm32g4xx_hal_cortex.o
                0x08002e20                HAL_NVIC_SetPriority
 .text.HAL_SYSTICK_Config
                0x08002e40       0x28 build/stm32g4xx_hal_cortex.o
                0x08002e40                HAL_SYSTICK_Config
 .text.SystemInit
                0x08002e68       0x14 build/system_stm32g4xx.o
                0x08002e68                SystemInit
 .text._sbrk    0x08002e7c       0x48 build/sysmem.o
                0x08002e7c                _sbrk
 .text.Reset_Handler
                0x08002ec4       0x50 build/startup_stm32g474xx.o
                0x08002ec4                Reset_Handler
 .text.Default_Handler
                0x08002f14        0x2 build/startup_stm32g474xx.o
                0x08002f14                RTC_Alarm_IRQHandler
                0x08002f14                EXTI2_IRQHandler
                0x08002f14                TIM8_TRG_COM_IRQHandler
                0x08002f14                TIM8_CC_IRQHandler
                0x08002f14                HRTIM1_Master_IRQHandler
                0x08002f14                SPI4_IRQHandler
                0x08002f14                FDCAN3_IT0_IRQHandler
                0x08002f14                TIM1_CC_IRQHandler
                0x08002f14                HRTIM1_FLT_IRQHandler
                0x08002f14                HRTIM1_TIMF_IRQHandler
                0x08002f14                USB_HP_IRQHandler
                0x08002f14                CORDIC_IRQHandler
                0x08002f14                HRTIM1_TIMD_IRQHandler
                0x08002f14                DMA2_Channel8_IRQHandler
                0x08002f14                EXTI3_IRQHandler
                0x08002f14                I2C3_ER_IRQHandler
                0x08002f14                EXTI0_IRQHandler
                0x08002f14                I2C2_EV_IRQHandler
                0x08002f14                FPU_IRQHandler
                0x08002f14                FDCAN1_IT1_IRQHandler
                0x08002f14                TIM1_UP_TIM16_IRQHandler
                0x08002f14                ADC1_2_IRQHandler
                0x08002f14                HRTIM1_TIME_IRQHandler
                0x08002f14                SPI1_IRQHandler
                0x08002f14                TIM6_DAC_IRQHandler
                0x08002f14                HRTIM1_TIMC_IRQHandler
                0x08002f14                TIM8_UP_IRQHandler
                0x08002f14                DMA2_Channel2_IRQHandler
                0x08002f14                DMA1_Channel4_IRQHandler
                0x08002f14                TIM20_TRG_COM_IRQHandler
                0x08002f14                USART3_IRQHandler
                0x08002f14                DMA1_Channel7_IRQHandler
                0x08002f14                UART5_IRQHandler
                0x08002f14                ADC3_IRQHandler
                0x08002f14                TIM4_IRQHandler
                0x08002f14                DMA2_Channel1_IRQHandler
                0x08002f14                QUADSPI_IRQHandler
                0x08002f14                I2C1_EV_IRQHandler
                0x08002f14                DMA1_Channel6_IRQHandler
                0x08002f14                UART4_IRQHandler
                0x08002f14                DMA2_Channel4_IRQHandler
                0x08002f14                TIM3_IRQHandler
                0x08002f14                RCC_IRQHandler
                0x08002f14                TIM20_UP_IRQHandler
                0x08002f14                DMA1_Channel1_IRQHandler
                0x08002f14                Default_Handler
                0x08002f14                DMA2_Channel7_IRQHandler
                0x08002f14                RTC_TAMP_LSECSS_IRQHandler
                0x08002f14                FMAC_IRQHandler
                0x08002f14                EXTI15_10_IRQHandler
                0x08002f14                DMA1_Channel8_IRQHandler
                0x08002f14                HRTIM1_TIMA_IRQHandler
                0x08002f14                TIM7_DAC_IRQHandler
                0x08002f14                FDCAN3_IT1_IRQHandler
                0x08002f14                TIM5_IRQHandler
                0x08002f14                UCPD1_IRQHandler
                0x08002f14                I2C3_EV_IRQHandler
                0x08002f14                EXTI9_5_IRQHandler
                0x08002f14                RTC_WKUP_IRQHandler
                0x08002f14                PVD_PVM_IRQHandler
                0x08002f14                SPI2_IRQHandler
                0x08002f14                ADC5_IRQHandler
                0x08002f14                DMA2_Channel5_IRQHandler
                0x08002f14                CRS_IRQHandler
                0x08002f14                DMA1_Channel5_IRQHandler
                0x08002f14                USB_LP_IRQHandler
                0x08002f14                EXTI4_IRQHandler
                0x08002f14                RNG_IRQHandler
                0x08002f14                HRTIM1_TIMB_IRQHandler
                0x08002f14                TIM1_TRG_COM_TIM17_IRQHandler
                0x08002f14                FDCAN2_IT1_IRQHandler
                0x08002f14                DMA1_Channel3_IRQHandler
                0x08002f14                ADC4_IRQHandler
                0x08002f14                WWDG_IRQHandler
                0x08002f14                I2C4_EV_IRQHandler
                0x08002f14                FDCAN2_IT0_IRQHandler
                0x08002f14                LPUART1_IRQHandler
                0x08002f14                DMA2_Channel6_IRQHandler
                0x08002f14                FDCAN1_IT0_IRQHandler
                0x08002f14                TIM2_IRQHandler
                0x08002f14                COMP7_IRQHandler
                0x08002f14                COMP1_2_3_IRQHandler
                0x08002f14                EXTI1_IRQHandler
                0x08002f14                USART2_IRQHandler
                0x08002f14                COMP4_5_6_IRQHandler
                0x08002f14                TIM20_BRK_IRQHandler
                0x08002f14                I2C2_ER_IRQHandler
                0x08002f14                DMA1_Channel2_IRQHandler
                0x08002f14                TIM8_BRK_IRQHandler
                0x08002f14                FLASH_IRQHandler
                0x08002f14                TIM20_CC_IRQHandler
                0x08002f14                USART1_IRQHandler
                0x08002f14                SPI3_IRQHandler
                0x08002f14                I2C1_ER_IRQHandler
                0x08002f14                FMC_IRQHandler
                0x08002f14                LPTIM1_IRQHandler
                0x08002f14                DMAMUX_OVR_IRQHandler
                0x08002f14                I2C4_ER_IRQHandler
                0x08002f14                USBWakeUp_IRQHandler
                0x08002f14                SAI1_IRQHandler
                0x08002f14                DMA2_Channel3_IRQHandler
                0x08002f14                TIM1_BRK_TIM15_IRQHandler
 *fill*         0x08002f16        0x2 
 .text.snprintf
                0x08002f18       0x6c D:/STM32CubeIDE/STM32CubeIDE_2.1.1/STM32CubeIDE/plugins/com.st.stm32cube.ide.mcu.externaltools.gnu-tools-for-stm32.14.3.rel1.win32_1.0.100.202602081740/tools/bin/../lib/gcc/arm-none-eabi/14.3.1/../../../../arm-none-eabi/lib/thumb/v7e-m+fp/hard\libc_nano.a(libc_a-snprintf.o)
                0x08002f18                sniprintf
                0x08002f18                snprintf
 .text.memset   0x08002f84       0x10 D:/STM32CubeIDE/STM32CubeIDE_2.1.1/STM32CubeIDE/plugins/com.st.stm32cube.ide.mcu.externaltools.gnu-tools-for-stm32.14.3.rel1.win32_1.0.100.202602081740/tools/bin/../lib/gcc/arm-none-eabi/14.3.1/../../../../arm-none-eabi/lib/thumb/v7e-m+fp/hard\libc_nano.a(libc_a-memset.o)
                0x08002f84                memset
 .text.__errno  0x08002f94        0xc D:/STM32CubeIDE/STM32CubeIDE_2.1.1/STM32CubeIDE/plugins/com.st.stm32cube.ide.mcu.externaltools.gnu-tools-for-stm32.14.3.rel1.win32_1.0.100.202602081740/tools/bin/../lib/gcc/arm-none-eabi/14.3.1/../../../../arm-none-eabi/lib/thumb/v7e-m+fp/hard\libc_nano.a(libc_a-errno.o)
                0x08002f94                __errno
 .text.__libc_init_array
                0x08002fa0       0x48 D:/STM32CubeIDE/STM32CubeIDE_2.1.1/STM32CubeIDE/plugins/com.st.stm32cube.ide.mcu.externaltools.gnu-tools-for-stm32.14.3.rel1.win32_1.0.100.202602081740/tools/bin/../lib/gcc/arm-none-eabi/14.3.1/../../../../arm-none-eabi/lib/thumb/v7e-m+fp/hard\libc_nano.a(libc_a-init.o)
                0x08002fa0                __libc_init_array
 .text.__retarget_lock_acquire_recursive
                0x08002fe8        0x2 D:/STM32CubeIDE/STM32CubeIDE_2.1.1/STM32CubeIDE/plugins/com.st.stm32cube.ide.mcu.externaltools.gnu-tools-for-stm32.14.3.rel1.win32_1.0.100.202602081740/tools/bin/../lib/gcc/arm-none-eabi/14.3.1/../../../../arm-none-eabi/lib/thumb/v7e-m+fp/hard\libc_nano.a(libc_a-lock.o)
                0x08002fe8                __retarget_lock_acquire_recursive
 .text.__retarget_lock_release_recursive
                0x08002fea        0x2 D:/STM32CubeIDE/STM32CubeIDE_2.1.1/STM32CubeIDE/plugins/com.st.stm32cube.ide.mcu.externaltools.gnu-tools-for-stm32.14.3.rel1.win32_1.0.100.202602081740/tools/bin/../lib/gcc/arm-none-eabi/14.3.1/../../../../arm-none-eabi/lib/thumb/v7e-m+fp/hard\libc_nano.a(libc_a-lock.o)
                0x08002fea                __retarget_lock_release_recursive
 .text._free_r  0x08002fec       0x94 D:/STM32CubeIDE/STM32CubeIDE_2.1.1/STM32CubeIDE/plugins/com.st.stm32cube.ide.mcu.externaltools.gnu-tools-for-stm32.14.3.rel1.win32_1.0.100.202602081740/tools/bin/../lib/gcc/arm-none-eabi/14.3.1/../../../../arm-none-eabi/lib/thumb/v7e-m+fp/hard\libc_nano.a(libc_a-freer.o)
                0x08002fec                _free_r
 .text.sbrk_aligned
                0x08003080       0x44 D:/STM32CubeIDE/STM32CubeIDE_2.1.1/STM32CubeIDE/plugins/com.st.stm32cube.ide.mcu.externaltools.gnu-tools-for-stm32.14.3.rel1.win32_1.0.100.202602081740/tools/bin/../lib/gcc/arm-none-eabi/14.3.1/../../../../arm-none-eabi/lib/thumb/v7e-m+fp/hard\libc_nano.a(libc_a-mallocr.o)
 .text._malloc_r
                0x080030c4      0x100 D:/STM32CubeIDE/STM32CubeIDE_2.1.1/STM32CubeIDE/plugins/com.st.stm32cube.ide.mcu.externaltools.gnu-tools-for-stm32.14.3.rel1.win32_1.0.100.202602081740/tools/bin/../lib/gcc/arm-none-eabi/14.3.1/../../../../arm-none-eabi/lib/thumb/v7e-m+fp/hard\libc_nano.a(libc_a-mallocr.o)
                0x080030c4                _malloc_r
 .text.__malloc_lock
                0x080031c4        0xc D:/STM32CubeIDE/STM32CubeIDE_2.1.1/STM32CubeIDE/plugins/com.st.stm32cube.ide.mcu.externaltools.gnu-tools-for-stm32.14.3.rel1.win32_1.0.100.202602081740/tools/bin/../lib/gcc/arm-none-eabi/14.3.1/../../../../arm-none-eabi/lib/thumb/v7e-m+fp/hard\libc_nano.a(libc_a-mlock.o)
                0x080031c4                __malloc_lock
 .text.__malloc_unlock
                0x080031d0        0xc D:/STM32CubeIDE/STM32CubeIDE_2.1.1/STM32CubeIDE/plugins/com.st.stm32cube.ide.mcu.externaltools.gnu-tools-for-stm32.14.3.rel1.win32_1.0.100.202602081740/tools/bin/../lib/gcc/arm-none-eabi/14.3.1/../../../../arm-none-eabi/lib/thumb/v7e-m+fp/hard\libc_nano.a(libc_a-mlock.o)
                0x080031d0                __malloc_unlock
 .text.__ssputs_r
                0x080031dc       0xc0 D:/STM32CubeIDE/STM32CubeIDE_2.1.1/STM32CubeIDE/plugins/com.st.stm32cube.ide.mcu.externaltools.gnu-tools-for-stm32.14.3.rel1.win32_1.0.100.202602081740/tools/bin/../lib/gcc/arm-none-eabi/14.3.1/../../../../arm-none-eabi/lib/thumb/v7e-m+fp/hard\libc_nano.a(libc_a-nano-svfprintf.o)
                0x080031dc                __ssputs_r
 .text._svfprintf_r
                0x0800329c      0x1f0 D:/STM32CubeIDE/STM32CubeIDE_2.1.1/STM32CubeIDE/plugins/com.st.stm32cube.ide.mcu.externaltools.gnu-tools-for-stm32.14.3.rel1.win32_1.0.100.202602081740/tools/bin/../lib/gcc/arm-none-eabi/14.3.1/../../../../arm-none-eabi/lib/thumb/v7e-m+fp/hard\libc_nano.a(libc_a-nano-svfprintf.o)
                0x0800329c                _svfiprintf_r
                0x0800329c                _svfprintf_r
 .text._printf_common
                0x0800348c       0xda D:/STM32CubeIDE/STM32CubeIDE_2.1.1/STM32CubeIDE/plugins/com.st.stm32cube.ide.mcu.externaltools.gnu-tools-for-stm32.14.3.rel1.win32_1.0.100.202602081740/tools/bin/../lib/gcc/arm-none-eabi/14.3.1/../../../../arm-none-eabi/lib/thumb/v7e-m+fp/hard\libc_nano.a(libc_a-nano-vfprintf_i.o)
                0x0800348c                _printf_common
 *fill*         0x08003566        0x2 
 .text._printf_i
                0x08003568      0x24c D:/STM32CubeIDE/STM32CubeIDE_2.1.1/STM32CubeIDE/plugins/com.st.stm32cube.ide.mcu.externaltools.gnu-tools-for-stm32.14.3.rel1.win32_1.0.100.202602081740/tools/bin/../lib/gcc/arm-none-eabi/14.3.1/../../../../arm-none-eabi/lib/thumb/v7e-m+fp/hard\libc_nano.a(libc_a-nano-vfprintf_i.o)
                0x08003568                _printf_i
 .text.memmove  0x080037b4       0x32 D:/STM32CubeIDE/STM32CubeIDE_2.1.1/STM32CubeIDE/plugins/com.st.stm32cube.ide.mcu.externaltools.gnu-tools-for-stm32.14.3.rel1.win32_1.0.100.202602081740/tools/bin/../lib/gcc/arm-none-eabi/14.3.1/../../../../arm-none-eabi/lib/thumb/v7e-m+fp/hard\libc_nano.a(libc_a-memmove.o)
                0x080037b4                memmove
 *fill*         0x080037e6        0x2 
 .text._sbrk_r  0x080037e8       0x20 D:/STM32CubeIDE/STM32CubeIDE_2.1.1/STM32CubeIDE/plugins/com.st.stm32cube.ide.mcu.externaltools.gnu-tools-for-stm32.14.3.rel1.win32_1.0.100.202602081740/tools/bin/../lib/gcc/arm-none-eabi/14.3.1/../../../../arm-none-eabi/lib/thumb/v7e-m+fp/hard\libc_nano.a(libc_a-sbrkr.o)
                0x080037e8                _sbrk_r
 .text.memcpy   0x08003808       0x1c D:/STM32CubeIDE/STM32CubeIDE_2.1.1/STM32CubeIDE/plugins/com.st.stm32cube.ide.mcu.externaltools.gnu-tools-for-stm32.14.3.rel1.win32_1.0.100.202602081740/tools/bin/../lib/gcc/arm-none-eabi/14.3.1/../../../../arm-none-eabi/lib/thumb/v7e-m+fp/hard\libc_nano.a(libc_a-memcpy-stub.o)
                0x08003808                memcpy
 .text._realloc_r
                0x08003824       0x5c D:/STM32CubeIDE/STM32CubeIDE_2.1.1/STM32CubeIDE/plugins/com.st.stm32cube.ide.mcu.externaltools.gnu-tools-for-stm32.14.3.rel1.win32_1.0.100.202602081740/tools/bin/../lib/gcc/arm-none-eabi/14.3.1/../../../../arm-none-eabi/lib/thumb/v7e-m+fp/hard\libc_nano.a(libc_a-reallocr.o)
                0x08003824                _realloc_r
 .text._malloc_usable_size_r
                0x08003880       0x10 D:/STM32CubeIDE/STM32CubeIDE_2.1.1/STM32CubeIDE/plugins/com.st.stm32cube.ide.mcu.externaltools.gnu-tools-for-stm32.14.3.rel1.win32_1.0.100.202602081740/tools/bin/../lib/gcc/arm-none-eabi/14.3.1/../../../../arm-none-eabi/lib/thumb/v7e-m+fp/hard\libc_nano.a(libc_a-msizer.o)
                0x08003880                _malloc_usable_size_r
 *(.glue_7)
 .glue_7        0x08003890        0x0 linker stubs
 *(.glue_7t)
 .glue_7t       0x08003890        0x0 linker stubs
 *(.eh_frame)
 .eh_frame      0x08003890        0x0 D:/STM32CubeIDE/STM32CubeIDE_2.1.1/STM32CubeIDE/plugins/com.st.stm32cube.ide.mcu.externaltools.gnu-tools-for-stm32.14.3.rel1.win32_1.0.100.202602081740/tools/bin/../lib/gcc/arm-none-eabi/14.3.1/thumb/v7e-m+fp/hard/crtbegin.o
 *(.init)
 .init          0x08003890        0x4 D:/STM32CubeIDE/STM32CubeIDE_2.1.1/STM32CubeIDE/plugins/com.st.stm32cube.ide.mcu.externaltools.gnu-tools-for-stm32.14.3.rel1.win32_1.0.100.202602081740/tools/bin/../lib/gcc/arm-none-eabi/14.3.1/thumb/v7e-m+fp/hard/crti.o
                0x08003890                _init
 .init          0x08003894        0x8 D:/STM32CubeIDE/STM32CubeIDE_2.1.1/STM32CubeIDE/plugins/com.st.stm32cube.ide.mcu.externaltools.gnu-tools-for-stm32.14.3.rel1.win32_1.0.100.202602081740/tools/bin/../lib/gcc/arm-none-eabi/14.3.1/thumb/v7e-m+fp/hard/crtn.o
 *(.fini)
 .fini          0x0800389c        0x4 D:/STM32CubeIDE/STM32CubeIDE_2.1.1/STM32CubeIDE/plugins/com.st.stm32cube.ide.mcu.externaltools.gnu-tools-for-stm32.14.3.rel1.win32_1.0.100.202602081740/tools/bin/../lib/gcc/arm-none-eabi/14.3.1/thumb/v7e-m+fp/hard/crti.o
                0x0800389c                _fini
 .fini          0x080038a0        0x8 D:/STM32CubeIDE/STM32CubeIDE_2.1.1/STM32CubeIDE/plugins/com.st.stm32cube.ide.mcu.externaltools.gnu-tools-for-stm32.14.3.rel1.win32_1.0.100.202602081740/tools/bin/../lib/gcc/arm-none-eabi/14.3.1/thumb/v7e-m+fp/hard/crtn.o
                0x080038a8                        . = ALIGN (0x4)
                0x080038a8                        _etext = .

.vfp11_veneer   0x080038a8        0x0
 .vfp11_veneer  0x080038a8        0x0 linker stubs

.v4_bx          0x080038a8        0x0
 .v4_bx         0x080038a8        0x0 linker stubs

.iplt           0x080038a8        0x0
 .iplt          0x080038a8        0x0 D:/STM32CubeIDE/STM32CubeIDE_2.1.1/STM32CubeIDE/plugins/com.st.stm32cube.ide.mcu.externaltools.gnu-tools-for-stm32.14.3.rel1.win32_1.0.100.202602081740/tools/bin/../lib/gcc/arm-none-eabi/14.3.1/thumb/v7e-m+fp/hard/crtbegin.o

.rodata         0x080038a8      0x364
                0x080038a8                        . = ALIGN (0x4)
 *(.rodata)
 *(.rodata*)
 .rodata.DisplayService_GetStateText.str1.4
                0x080038a8      0x123 build/display_service.o
                                 0x20 (size before relaxing)
 .rodata.DisplayService_FormatX10Line.str1.4
                0x080039cb       0x18 build/display_service.o
 .rodata.DisplayService_ShowBootScreen.str1.4
                0x080039cb       0x3a build/display_service.o
 .rodata.DisplayService_ShowMainPage.str1.4
                0x080039cb       0x82 build/display_service.o
 .rodata.DisplayService_ShowSensorError.str1.4
                0x080039cb       0x12 build/display_service.o
 .rodata.DisplayService_ShowWaterLow.str1.4
                0x080039cb       0x11 build/display_service.o
 *fill*         0x080039cb        0x1 
 .rodata.s_font_5x7
                0x080039cc      0x1db build/st7789.o
 .rodata.AHT20_Init.str1.4
                0x08003ba7        0x3 build/aht20.o
 .rodata.AHT20_TriggerMeasurement.str1.4
                0x08003ba7        0x3 build/aht20.o
 *fill*         0x08003ba7        0x1 
 .rodata.UARTPrescTable
                0x08003ba8       0x18 build/stm32g4xx_hal_uart.o
                0x08003ba8                UARTPrescTable
 .rodata.APBPrescTable
                0x08003bc0        0x8 build/system_stm32g4xx.o
                0x08003bc0                APBPrescTable
 .rodata.AHBPrescTable
                0x08003bc8       0x10 build/system_stm32g4xx.o
                0x08003bc8                AHBPrescTable
 .rodata._svfprintf_r.str1.1
                0x08003bd8       0x33 D:/STM32CubeIDE/STM32CubeIDE_2.1.1/STM32CubeIDE/plugins/com.st.stm32cube.ide.mcu.externaltools.gnu-tools-for-stm32.14.3.rel1.win32_1.0.100.202602081740/tools/bin/../lib/gcc/arm-none-eabi/14.3.1/../../../../arm-none-eabi/lib/thumb/v7e-m+fp/hard\libc_nano.a(libc_a-nano-svfprintf.o)
                                 0x11 (size before relaxing)
 .rodata._printf_i.str1.1
                0x08003c0b       0x22 D:/STM32CubeIDE/STM32CubeIDE_2.1.1/STM32CubeIDE/plugins/com.st.stm32cube.ide.mcu.externaltools.gnu-tools-for-stm32.14.3.rel1.win32_1.0.100.202602081740/tools/bin/../lib/gcc/arm-none-eabi/14.3.1/../../../../arm-none-eabi/lib/thumb/v7e-m+fp/hard\libc_nano.a(libc_a-nano-vfprintf_i.o)
                0x08003c30                        . = ALIGN (0x4)
 *fill*         0x08003c0b        0x1 

.ARM.extab      0x08003c0c        0x0
                0x08003c0c                        . = ALIGN (0x4)
 *(.ARM.extab* .gnu.linkonce.armextab.*)
                0x08003c0c                        . = ALIGN (0x4)

.ARM            0x08003c0c        0x8
                0x08003c0c                        . = ALIGN (0x4)
                0x08003c0c                        __exidx_start = .
 *(.ARM.exidx*)
 .ARM.exidx     0x08003c0c        0x8 D:/STM32CubeIDE/STM32CubeIDE_2.1.1/STM32CubeIDE/plugins/com.st.stm32cube.ide.mcu.externaltools.gnu-tools-for-stm32.14.3.rel1.win32_1.0.100.202602081740/tools/bin/../lib/gcc/arm-none-eabi/14.3.1/../../../../arm-none-eabi/lib/thumb/v7e-m+fp/hard\libc_nano.a(libc_a-memchr.o)
 .ARM.exidx     0x08003c14        0x0 D:/STM32CubeIDE/STM32CubeIDE_2.1.1/STM32CubeIDE/plugins/com.st.stm32cube.ide.mcu.externaltools.gnu-tools-for-stm32.14.3.rel1.win32_1.0.100.202602081740/tools/bin/../lib/gcc/arm-none-eabi/14.3.1/thumb/v7e-m+fp/hard\libgcc.a(_udivmoddi4.o)
                                  0x8 (size before relaxing)
                0x08003c14                        __exidx_end = .
                0x08003c14                        . = ALIGN (0x4)

.preinit_array  0x08003c14        0x0
                0x08003c14                        . = ALIGN (0x4)
                0x08003c14                        PROVIDE (__preinit_array_start = .)
 *(.preinit_array*)
                0x08003c14                        PROVIDE (__preinit_array_end = .)
                0x08003c14                        . = ALIGN (0x4)

.init_array     0x08003c14        0x4
                0x08003c14                        . = ALIGN (0x4)
                0x08003c14                        PROVIDE (__init_array_start = .)
 *(SORT_BY_NAME(.init_array.*))
 *(.init_array*)
 .init_array    0x08003c14        0x4 D:/STM32CubeIDE/STM32CubeIDE_2.1.1/STM32CubeIDE/plugins/com.st.stm32cube.ide.mcu.externaltools.gnu-tools-for-stm32.14.3.rel1.win32_1.0.100.202602081740/tools/bin/../lib/gcc/arm-none-eabi/14.3.1/thumb/v7e-m+fp/hard/crtbegin.o
                0x08003c18                        PROVIDE (__init_array_end = .)
                0x08003c18                        . = ALIGN (0x4)

.fini_array     0x08003c18        0x4
                0x08003c18                        . = ALIGN (0x4)
                [!provide]                        PROVIDE (__fini_array_start = .)
 *(SORT_BY_NAME(.fini_array.*))
 *(.fini_array*)
 .fini_array    0x08003c18        0x4 D:/STM32CubeIDE/STM32CubeIDE_2.1.1/STM32CubeIDE/plugins/com.st.stm32cube.ide.mcu.externaltools.gnu-tools-for-stm32.14.3.rel1.win32_1.0.100.202602081740/tools/bin/../lib/gcc/arm-none-eabi/14.3.1/thumb/v7e-m+fp/hard/crtbegin.o
                [!provide]                        PROVIDE (__fini_array_end = .)
                0x08003c1c                        . = ALIGN (0x4)
                0x08003c1c                        _sidata = LOADADDR (.data)

.rel.dyn        0x08003c1c        0x0
 .rel.iplt      0x08003c1c        0x0 D:/STM32CubeIDE/STM32CubeIDE_2.1.1/STM32CubeIDE/plugins/com.st.stm32cube.ide.mcu.externaltools.gnu-tools-for-stm32.14.3.rel1.win32_1.0.100.202602081740/tools/bin/../lib/gcc/arm-none-eabi/14.3.1/thumb/v7e-m+fp/hard/crtbegin.o

.data           0x20000000       0x60 load address 0x08003c1c
                0x20000000                        . = ALIGN (0x4)
                0x20000000                        _sdata = .
 *(.data)
 *(.data*)
 .data.s_water_level_status
                0x20000000        0x1 build/water_level_service.o
 .data.s_water_level_raw
                0x20000001        0x1 build/water_level_service.o
 *fill*         0x20000002        0x2 
 .data.uwTickFreq
                0x20000004        0x4 build/stm32g4xx_hal.o
                0x20000004                uwTickFreq
 .data.uwTickPrio
                0x20000008        0x4 build/stm32g4xx_hal.o
                0x20000008                uwTickPrio
 .data.SystemCoreClock
                0x2000000c        0x4 build/system_stm32g4xx.o
                0x2000000c                SystemCoreClock
 .data._impure_ptr
                0x20000010        0x4 D:/STM32CubeIDE/STM32CubeIDE_2.1.1/STM32CubeIDE/plugins/com.st.stm32cube.ide.mcu.externaltools.gnu-tools-for-stm32.14.3.rel1.win32_1.0.100.202602081740/tools/bin/../lib/gcc/arm-none-eabi/14.3.1/../../../../arm-none-eabi/lib/thumb/v7e-m+fp/hard\libc_nano.a(libc_a-impure.o)
                0x20000010                _impure_ptr
 .data._impure_data
                0x20000014       0x4c D:/STM32CubeIDE/STM32CubeIDE_2.1.1/STM32CubeIDE/plugins/com.st.stm32cube.ide.mcu.externaltools.gnu-tools-for-stm32.14.3.rel1.win32_1.0.100.202602081740/tools/bin/../lib/gcc/arm-none-eabi/14.3.1/../../../../arm-none-eabi/lib/thumb/v7e-m+fp/hard\libc_nano.a(libc_a-impure.o)
                0x20000014                _impure_data
 *(.RamFunc)
 *(.RamFunc*)
                0x20000060                        . = ALIGN (0x4)
                0x20000060                        _edata = .

.igot.plt       0x20000060        0x0 load address 0x08003c7c
 .igot.plt      0x20000060        0x0 D:/STM32CubeIDE/STM32CubeIDE_2.1.1/STM32CubeIDE/plugins/com.st.stm32cube.ide.mcu.externaltools.gnu-tools-for-stm32.14.3.rel1.win32_1.0.100.202602081740/tools/bin/../lib/gcc/arm-none-eabi/14.3.1/thumb/v7e-m+fp/hard/crtbegin.o
                0x20000060                        . = ALIGN (0x4)

.bss            0x20000060      0x22c load address 0x08003c7c
                0x20000060                        _sbss = .
                0x20000060                        __bss_start__ = _sbss
 *(.bss)
 .bss           0x20000060       0x1c D:/STM32CubeIDE/STM32CubeIDE_2.1.1/STM32CubeIDE/plugins/com.st.stm32cube.ide.mcu.externaltools.gnu-tools-for-stm32.14.3.rel1.win32_1.0.100.202602081740/tools/bin/../lib/gcc/arm-none-eabi/14.3.1/thumb/v7e-m+fp/hard/crtbegin.o
 *(.bss*)
 .bss.huart1    0x2000007c       0x90 build/usart.o
                0x2000007c                huart1
 .bss.s_last_display_tick
                0x2000010c        0x4 build/display_service.o
 .bss.s_display_ready
                0x20000110        0x1 build/display_service.o
 *fill*         0x20000111        0x3 
 .bss.s_last_control_tick
                0x20000114        0x4 build/humidifier_service.o
 .bss.s_humidifier_initialized
                0x20000118        0x1 build/humidifier_service.o
 *fill*         0x20000119        0x3 
 .bss.s_humidifier_status
                0x2000011c        0x5 build/humidifier_service.o
 *fill*         0x20000121        0x3 
 .bss.s_last_update_tick
                0x20000124        0x4 build/sensor_service.o
 .bss.s_sensor_initialized
                0x20000128        0x1 build/sensor_service.o
 *fill*         0x20000129        0x3 
 .bss.s_sensor_data
                0x2000012c        0xc build/sensor_service.o
 .bss.s_water_level_initialized
                0x20000138        0x1 build/water_level_service.o
 *fill*         0x20000139        0x3 
 .bss.uwTick    0x2000013c        0x4 build/stm32g4xx_hal.o
                0x2000013c                uwTick
 .bss.__sbrk_heap_end
                0x20000140        0x4 build/sysmem.o
 .bss.__sf      0x20000144      0x138 D:/STM32CubeIDE/STM32CubeIDE_2.1.1/STM32CubeIDE/plugins/com.st.stm32cube.ide.mcu.externaltools.gnu-tools-for-stm32.14.3.rel1.win32_1.0.100.202602081740/tools/bin/../lib/gcc/arm-none-eabi/14.3.1/../../../../arm-none-eabi/lib/thumb/v7e-m+fp/hard\libc_nano.a(libc_a-findfp.o)
                0x20000144                __sf
 .bss.errno     0x2000027c        0x4 D:/STM32CubeIDE/STM32CubeIDE_2.1.1/STM32CubeIDE/plugins/com.st.stm32cube.ide.mcu.externaltools.gnu-tools-for-stm32.14.3.rel1.win32_1.0.100.202602081740/tools/bin/../lib/gcc/arm-none-eabi/14.3.1/../../../../arm-none-eabi/lib/thumb/v7e-m+fp/hard\libc_nano.a(libc_a-reent.o)
                0x2000027c                errno
 .bss.__lock___malloc_recursive_mutex
                0x20000280        0x1 D:/STM32CubeIDE/STM32CubeIDE_2.1.1/STM32CubeIDE/plugins/com.st.stm32cube.ide.mcu.externaltools.gnu-tools-for-stm32.14.3.rel1.win32_1.0.100.202602081740/tools/bin/../lib/gcc/arm-none-eabi/14.3.1/../../../../arm-none-eabi/lib/thumb/v7e-m+fp/hard\libc_nano.a(libc_a-lock.o)
                0x20000280                __lock___malloc_recursive_mutex
 *fill*         0x20000281        0x3 
 .bss.__malloc_sbrk_start
                0x20000284        0x4 D:/STM32CubeIDE/STM32CubeIDE_2.1.1/STM32CubeIDE/plugins/com.st.stm32cube.ide.mcu.externaltools.gnu-tools-for-stm32.14.3.rel1.win32_1.0.100.202602081740/tools/bin/../lib/gcc/arm-none-eabi/14.3.1/../../../../arm-none-eabi/lib/thumb/v7e-m+fp/hard\libc_nano.a(libc_a-mallocr.o)
                0x20000284                __malloc_sbrk_start
 .bss.__malloc_free_list
                0x20000288        0x4 D:/STM32CubeIDE/STM32CubeIDE_2.1.1/STM32CubeIDE/plugins/com.st.stm32cube.ide.mcu.externaltools.gnu-tools-for-stm32.14.3.rel1.win32_1.0.100.202602081740/tools/bin/../lib/gcc/arm-none-eabi/14.3.1/../../../../arm-none-eabi/lib/thumb/v7e-m+fp/hard\libc_nano.a(libc_a-mallocr.o)
                0x20000288                __malloc_free_list
 *(COMMON)
                0x2000028c                        . = ALIGN (0x4)
                0x2000028c                        _ebss = .
                0x2000028c                        __bss_end__ = _ebss

._user_heap_stack
                0x2000028c      0x604 load address 0x08003c7c
                0x20000290                        . = ALIGN (0x8)
 *fill*         0x2000028c        0x4 
                [!provide]                        PROVIDE (end = .)
                0x20000290                        PROVIDE (_end = .)
                0x20000490                        . = (. + _Min_Heap_Size)
 *fill*         0x20000290      0x200 
                0x20000890                        . = (. + _Min_Stack_Size)
 *fill*         0x20000490      0x400 
                0x20000890                        . = ALIGN (0x8)

/DISCARD/
 libc.a(*)
 libm.a(*)
 libgcc.a(*)
OUTPUT(build/HumidifierCode.elf elf32-littlearm)
LOAD linker stubs
LOAD D:/STM32CubeIDE/STM32CubeIDE_2.1.1/STM32CubeIDE/plugins/com.st.stm32cube.ide.mcu.externaltools.gnu-tools-for-stm32.14.3.rel1.win32_1.0.100.202602081740/tools/bin/../lib/gcc/arm-none-eabi/14.3.1/../../../../arm-none-eabi/lib/thumb/v7e-m+fp/hard\libc.a
LOAD D:/STM32CubeIDE/STM32CubeIDE_2.1.1/STM32CubeIDE/plugins/com.st.stm32cube.ide.mcu.externaltools.gnu-tools-for-stm32.14.3.rel1.win32_1.0.100.202602081740/tools/bin/../lib/gcc/arm-none-eabi/14.3.1/../../../../arm-none-eabi/lib/thumb/v7e-m+fp/hard\libm.a
LOAD D:/STM32CubeIDE/STM32CubeIDE_2.1.1/STM32CubeIDE/plugins/com.st.stm32cube.ide.mcu.externaltools.gnu-tools-for-stm32.14.3.rel1.win32_1.0.100.202602081740/tools/bin/../lib/gcc/arm-none-eabi/14.3.1/thumb/v7e-m+fp/hard\libgcc.a

.ARM.attributes
                0x00000000       0x30
 .ARM.attributes
                0x00000000       0x22 D:/STM32CubeIDE/STM32CubeIDE_2.1.1/STM32CubeIDE/plugins/com.st.stm32cube.ide.mcu.externaltools.gnu-tools-for-stm32.14.3.rel1.win32_1.0.100.202602081740/tools/bin/../lib/gcc/arm-none-eabi/14.3.1/thumb/v7e-m+fp/hard/crti.o
 .ARM.attributes
                0x00000022       0x34 D:/STM32CubeIDE/STM32CubeIDE_2.1.1/STM32CubeIDE/plugins/com.st.stm32cube.ide.mcu.externaltools.gnu-tools-for-stm32.14.3.rel1.win32_1.0.100.202602081740/tools/bin/../lib/gcc/arm-none-eabi/14.3.1/thumb/v7e-m+fp/hard/crtbegin.o
 .ARM.attributes
                0x00000056       0x34 build/main.o
 .ARM.attributes
                0x0000008a       0x34 build/gpio.o
 .ARM.attributes
                0x000000be       0x34 build/usart.o
 .ARM.attributes
                0x000000f2       0x34 build/app_main.o
 .ARM.attributes
                0x00000126       0x34 build/display_service.o
 .ARM.attributes
                0x0000015a       0x34 build/humidifier_service.o
 .ARM.attributes
                0x0000018e       0x34 build/sensor_service.o
 .ARM.attributes
                0x000001c2       0x34 build/water_level_service.o
 .ARM.attributes
                0x000001f6       0x34 build/st7789.o
 .ARM.attributes
                0x0000022a       0x34 build/aht20.o
 .ARM.attributes
                0x0000025e       0x34 build/lcd_hw.o
 .ARM.attributes
                0x00000292       0x34 build/i2c_sw.o
 .ARM.attributes
                0x000002c6       0x34 build/relay_hw.o
 .ARM.attributes
                0x000002fa       0x34 build/water_level_hw.o
 .ARM.attributes
                0x0000032e       0x34 build/stm32g4xx_it.o
 .ARM.attributes
                0x00000362       0x34 build/stm32g4xx_hal_msp.o
 .ARM.attributes
                0x00000396       0x34 build/stm32g4xx_hal_pwr_ex.o
 .ARM.attributes
                0x000003ca       0x34 build/stm32g4xx_hal.o
 .ARM.attributes
                0x000003fe       0x34 build/stm32g4xx_hal_rcc.o
 .ARM.attributes
                0x00000432       0x34 build/stm32g4xx_hal_rcc_ex.o
 .ARM.attributes
                0x00000466       0x34 build/stm32g4xx_hal_gpio.o
 .ARM.attributes
                0x0000049a       0x34 build/stm32g4xx_hal_uart.o
 .ARM.attributes
                0x000004ce       0x34 build/stm32g4xx_hal_cortex.o
 .ARM.attributes
                0x00000502       0x34 build/system_stm32g4xx.o
 .ARM.attributes
                0x00000536       0x34 build/sysmem.o
 .ARM.attributes
                0x0000056a       0x21 build/startup_stm32g474xx.o
 .ARM.attributes
                0x0000058b       0x34 D:/STM32CubeIDE/STM32CubeIDE_2.1.1/STM32CubeIDE/plugins/com.st.stm32cube.ide.mcu.externaltools.gnu-tools-for-stm32.14.3.rel1.win32_1.0.100.202602081740/tools/bin/../lib/gcc/arm-none-eabi/14.3.1/../../../../arm-none-eabi/lib/thumb/v7e-m+fp/hard\libc_nano.a(libc_a-findfp.o)
 .ARM.attributes
                0x000005bf       0x34 D:/STM32CubeIDE/STM32CubeIDE_2.1.1/STM32CubeIDE/plugins/com.st.stm32cube.ide.mcu.externaltools.gnu-tools-for-stm32.14.3.rel1.win32_1.0.100.202602081740/tools/bin/../lib/gcc/arm-none-eabi/14.3.1/../../../../arm-none-eabi/lib/thumb/v7e-m+fp/hard\libc_nano.a(libc_a-snprintf.o)
 .ARM.attributes
                0x000005f3       0x34 D:/STM32CubeIDE/STM32CubeIDE_2.1.1/STM32CubeIDE/plugins/com.st.stm32cube.ide.mcu.externaltools.gnu-tools-for-stm32.14.3.rel1.win32_1.0.100.202602081740/tools/bin/../lib/gcc/arm-none-eabi/14.3.1/../../../../arm-none-eabi/lib/thumb/v7e-m+fp/hard\libc_nano.a(libc_a-memset.o)
 .ARM.attributes
                0x00000627       0x34 D:/STM32CubeIDE/STM32CubeIDE_2.1.1/STM32CubeIDE/plugins/com.st.stm32cube.ide.mcu.externaltools.gnu-tools-for-stm32.14.3.rel1.win32_1.0.100.202602081740/tools/bin/../lib/gcc/arm-none-eabi/14.3.1/../../../../arm-none-eabi/lib/thumb/v7e-m+fp/hard\libc_nano.a(libc_a-reent.o)
 .ARM.attributes
                0x0000065b       0x34 D:/STM32CubeIDE/STM32CubeIDE_2.1.1/STM32CubeIDE/plugins/com.st.stm32cube.ide.mcu.externaltools.gnu-tools-for-stm32.14.3.rel1.win32_1.0.100.202602081740/tools/bin/../lib/gcc/arm-none-eabi/14.3.1/../../../../arm-none-eabi/lib/thumb/v7e-m+fp/hard\libc_nano.a(libc_a-impure.o)
 .ARM.attributes
                0x0000068f       0x34 D:/STM32CubeIDE/STM32CubeIDE_2.1.1/STM32CubeIDE/plugins/com.st.stm32cube.ide.mcu.externaltools.gnu-tools-for-stm32.14.3.rel1.win32_1.0.100.202602081740/tools/bin/../lib/gcc/arm-none-eabi/14.3.1/../../../../arm-none-eabi/lib/thumb/v7e-m+fp/hard\libc_nano.a(libc_a-errno.o)
 .ARM.attributes
                0x000006c3       0x34 D:/STM32CubeIDE/STM32CubeIDE_2.1.1/STM32CubeIDE/plugins/com.st.stm32cube.ide.mcu.externaltools.gnu-tools-for-stm32.14.3.rel1.win32_1.0.100.202602081740/tools/bin/../lib/gcc/arm-none-eabi/14.3.1/../../../../arm-none-eabi/lib/thumb/v7e-m+fp/hard\libc_nano.a(libc_a-init.o)
 .ARM.attributes
                0x000006f7       0x34 D:/STM32CubeIDE/STM32CubeIDE_2.1.1/STM32CubeIDE/plugins/com.st.stm32cube.ide.mcu.externaltools.gnu-tools-for-stm32.14.3.rel1.win32_1.0.100.202602081740/tools/bin/../lib/gcc/arm-none-eabi/14.3.1/../../../../arm-none-eabi/lib/thumb/v7e-m+fp/hard\libc_nano.a(libc_a-lock.o)
 .ARM.attributes
                0x0000072b       0x34 D:/STM32CubeIDE/STM32CubeIDE_2.1.1/STM32CubeIDE/plugins/com.st.stm32cube.ide.mcu.externaltools.gnu-tools-for-stm32.14.3.rel1.win32_1.0.100.202602081740/tools/bin/../lib/gcc/arm-none-eabi/14.3.1/../../../../arm-none-eabi/lib/thumb/v7e-m+fp/hard\libc_nano.a(libc_a-freer.o)
 .ARM.attributes
                0x0000075f       0x34 D:/STM32CubeIDE/STM32CubeIDE_2.1.1/STM32CubeIDE/plugins/com.st.stm32cube.ide.mcu.externaltools.gnu-tools-for-stm32.14.3.rel1.win32_1.0.100.202602081740/tools/bin/../lib/gcc/arm-none-eabi/14.3.1/../../../../arm-none-eabi/lib/thumb/v7e-m+fp/hard\libc_nano.a(libc_a-mallocr.o)
 .ARM.attributes
                0x00000793       0x34 D:/STM32CubeIDE/STM32CubeIDE_2.1.1/STM32CubeIDE/plugins/com.st.stm32cube.ide.mcu.externaltools.gnu-tools-for-stm32.14.3.rel1.win32_1.0.100.202602081740/tools/bin/../lib/gcc/arm-none-eabi/14.3.1/../../../../arm-none-eabi/lib/thumb/v7e-m+fp/hard\libc_nano.a(libc_a-mlock.o)
 .ARM.attributes
                0x000007c7       0x34 D:/STM32CubeIDE/STM32CubeIDE_2.1.1/STM32CubeIDE/plugins/com.st.stm32cube.ide.mcu.externaltools.gnu-tools-for-stm32.14.3.rel1.win32_1.0.100.202602081740/tools/bin/../lib/gcc/arm-none-eabi/14.3.1/../../../../arm-none-eabi/lib/thumb/v7e-m+fp/hard\libc_nano.a(libc_a-nano-svfprintf.o)
 .ARM.attributes
                0x000007fb       0x34 D:/STM32CubeIDE/STM32CubeIDE_2.1.1/STM32CubeIDE/plugins/com.st.stm32cube.ide.mcu.externaltools.gnu-tools-for-stm32.14.3.rel1.win32_1.0.100.202602081740/tools/bin/../lib/gcc/arm-none-eabi/14.3.1/../../../../arm-none-eabi/lib/thumb/v7e-m+fp/hard\libc_nano.a(libc_a-nano-vfprintf_i.o)
 .ARM.attributes
                0x0000082f       0x34 D:/STM32CubeIDE/STM32CubeIDE_2.1.1/STM32CubeIDE/plugins/com.st.stm32cube.ide.mcu.externaltools.gnu-tools-for-stm32.14.3.rel1.win32_1.0.100.202602081740/tools/bin/../lib/gcc/arm-none-eabi/14.3.1/../../../../arm-none-eabi/lib/thumb/v7e-m+fp/hard\libc_nano.a(libc_a-memmove.o)
 .ARM.attributes
                0x00000863       0x34 D:/STM32CubeIDE/STM32CubeIDE_2.1.1/STM32CubeIDE/plugins/com.st.stm32cube.ide.mcu.externaltools.gnu-tools-for-stm32.14.3.rel1.win32_1.0.100.202602081740/tools/bin/../lib/gcc/arm-none-eabi/14.3.1/../../../../arm-none-eabi/lib/thumb/v7e-m+fp/hard\libc_nano.a(libc_a-sbrkr.o)
 .ARM.attributes
                0x00000897       0x1c D:/STM32CubeIDE/STM32CubeIDE_2.1.1/STM32CubeIDE/plugins/com.st.stm32cube.ide.mcu.externaltools.gnu-tools-for-stm32.14.3.rel1.win32_1.0.100.202602081740/tools/bin/../lib/gcc/arm-none-eabi/14.3.1/../../../../arm-none-eabi/lib/thumb/v7e-m+fp/hard\libc_nano.a(libc_a-memchr.o)
 .ARM.attributes
                0x000008b3       0x34 D:/STM32CubeIDE/STM32CubeIDE_2.1.1/STM32CubeIDE/plugins/com.st.stm32cube.ide.mcu.externaltools.gnu-tools-for-stm32.14.3.rel1.win32_1.0.100.202602081740/tools/bin/../lib/gcc/arm-none-eabi/14.3.1/../../../../arm-none-eabi/lib/thumb/v7e-m+fp/hard\libc_nano.a(libc_a-memcpy-stub.o)
 .ARM.attributes
                0x000008e7       0x34 D:/STM32CubeIDE/STM32CubeIDE_2.1.1/STM32CubeIDE/plugins/com.st.stm32cube.ide.mcu.externaltools.gnu-tools-for-stm32.14.3.rel1.win32_1.0.100.202602081740/tools/bin/../lib/gcc/arm-none-eabi/14.3.1/../../../../arm-none-eabi/lib/thumb/v7e-m+fp/hard\libc_nano.a(libc_a-reallocr.o)
 .ARM.attributes
                0x0000091b       0x34 D:/STM32CubeIDE/STM32CubeIDE_2.1.1/STM32CubeIDE/plugins/com.st.stm32cube.ide.mcu.externaltools.gnu-tools-for-stm32.14.3.rel1.win32_1.0.100.202602081740/tools/bin/../lib/gcc/arm-none-eabi/14.3.1/../../../../arm-none-eabi/lib/thumb/v7e-m+fp/hard\libc_nano.a(libc_a-msizer.o)
 .ARM.attributes
                0x0000094f       0x22 D:/STM32CubeIDE/STM32CubeIDE_2.1.1/STM32CubeIDE/plugins/com.st.stm32cube.ide.mcu.externaltools.gnu-tools-for-stm32.14.3.rel1.win32_1.0.100.202602081740/tools/bin/../lib/gcc/arm-none-eabi/14.3.1/thumb/v7e-m+fp/hard\libgcc.a(_aeabi_uldivmod.o)
 .ARM.attributes
                0x00000971       0x34 D:/STM32CubeIDE/STM32CubeIDE_2.1.1/STM32CubeIDE/plugins/com.st.stm32cube.ide.mcu.externaltools.gnu-tools-for-stm32.14.3.rel1.win32_1.0.100.202602081740/tools/bin/../lib/gcc/arm-none-eabi/14.3.1/thumb/v7e-m+fp/hard\libgcc.a(_udivmoddi4.o)
 .ARM.attributes
                0x000009a5       0x22 D:/STM32CubeIDE/STM32CubeIDE_2.1.1/STM32CubeIDE/plugins/com.st.stm32cube.ide.mcu.externaltools.gnu-tools-for-stm32.14.3.rel1.win32_1.0.100.202602081740/tools/bin/../lib/gcc/arm-none-eabi/14.3.1/thumb/v7e-m+fp/hard\libgcc.a(_dvmd_tls.o)
 .ARM.attributes
                0x000009c7       0x22 D:/STM32CubeIDE/STM32CubeIDE_2.1.1/STM32CubeIDE/plugins/com.st.stm32cube.ide.mcu.externaltools.gnu-tools-for-stm32.14.3.rel1.win32_1.0.100.202602081740/tools/bin/../lib/gcc/arm-none-eabi/14.3.1/thumb/v7e-m+fp/hard/crtn.o

.comment        0x00000000       0x43
 .comment       0x00000000       0x43 build/main.o
                                 0x44 (size before relaxing)
 .comment       0x00000043       0x44 build/gpio.o
 .comment       0x00000043       0x44 build/usart.o
 .comment       0x00000043       0x44 build/app_main.o
 .comment       0x00000043       0x44 build/display_service.o
 .comment       0x00000043       0x44 build/humidifier_service.o
 .comment       0x00000043       0x44 build/sensor_service.o
 .comment       0x00000043       0x44 build/water_level_service.o
 .comment       0x00000043       0x44 build/st7789.o
 .comment       0x00000043       0x44 build/aht20.o
 .comment       0x00000043       0x44 build/lcd_hw.o
 .comment       0x00000043       0x44 build/i2c_sw.o
 .comment       0x00000043       0x44 build/relay_hw.o
 .comment       0x00000043       0x44 build/water_level_hw.o
 .comment       0x00000043       0x44 build/stm32g4xx_it.o
 .comment       0x00000043       0x44 build/stm32g4xx_hal_msp.o
 .comment       0x00000043       0x44 build/stm32g4xx_hal_pwr_ex.o
 .comment       0x00000043       0x44 build/stm32g4xx_hal.o
 .comment       0x00000043       0x44 build/stm32g4xx_hal_rcc.o
 .comment       0x00000043       0x44 build/stm32g4xx_hal_rcc_ex.o
 .comment       0x00000043       0x44 build/stm32g4xx_hal_gpio.o
 .comment       0x00000043       0x44 build/stm32g4xx_hal_uart.o
 .comment       0x00000043       0x44 build/stm32g4xx_hal_cortex.o
 .comment       0x00000043       0x44 build/system_stm32g4xx.o
 .comment       0x00000043       0x44 build/sysmem.o

.debug_info     0x00000000    0x12b9d
 .debug_info    0x00000000      0x40f build/main.o
 .debug_info    0x0000040f      0x51d build/gpio.o
 .debug_info    0x0000092c      0xfc7 build/usart.o
 .debug_info    0x000018f3      0x1f0 build/app_main.o
 .debug_info    0x00001ae3      0xaef build/display_service.o
 .debug_info    0x000025d2      0x3b9 build/humidifier_service.o
 .debug_info    0x0000298b      0x3a9 build/sensor_service.o
 .debug_info    0x00002d34      0x1ea build/water_level_service.o
 .debug_info    0x00002f1e      0xa49 build/st7789.o
 .debug_info    0x00003967      0x604 build/aht20.o
 .debug_info    0x00003f6b      0xaa3 build/lcd_hw.o
 .debug_info    0x00004a0e      0xcce build/i2c_sw.o
 .debug_info    0x000056dc      0x7a9 build/relay_hw.o
 .debug_info    0x00005e85      0x587 build/water_level_hw.o
 .debug_info    0x0000640c      0x158 build/stm32g4xx_it.o
 .debug_info    0x00006564      0x39a build/stm32g4xx_hal_msp.o
 .debug_info    0x000068fe      0xb22 build/stm32g4xx_hal_pwr_ex.o
 .debug_info    0x00007420      0xdc9 build/stm32g4xx_hal.o
 .debug_info    0x000081e9     0x1086 build/stm32g4xx_hal_rcc.o
 .debug_info    0x0000926f     0x10d2 build/stm32g4xx_hal_rcc_ex.o
 .debug_info    0x0000a341      0x93d build/stm32g4xx_hal_gpio.o
 .debug_info    0x0000ac7e     0x64d3 build/stm32g4xx_hal_uart.o
 .debug_info    0x00011151     0x1247 build/stm32g4xx_hal_cortex.o
 .debug_info    0x00012398      0x649 build/system_stm32g4xx.o
 .debug_info    0x000129e1      0x18c build/sysmem.o
 .debug_info    0x00012b6d       0x30 build/startup_stm32g474xx.o

.debug_abbrev   0x00000000     0x2f75
 .debug_abbrev  0x00000000      0x1a2 build/main.o
 .debug_abbrev  0x000001a2      0x13e build/gpio.o
 .debug_abbrev  0x000002e0      0x207 build/usart.o
 .debug_abbrev  0x000004e7       0xe4 build/app_main.o
 .debug_abbrev  0x000005cb      0x246 build/display_service.o
 .debug_abbrev  0x00000811      0x186 build/humidifier_service.o
 .debug_abbrev  0x00000997      0x197 build/sensor_service.o
 .debug_abbrev  0x00000b2e       0xed build/water_level_service.o
 .debug_abbrev  0x00000c1b      0x210 build/st7789.o
 .debug_abbrev  0x00000e2b      0x234 build/aht20.o
 .debug_abbrev  0x0000105f      0x229 build/lcd_hw.o
 .debug_abbrev  0x00001288      0x296 build/i2c_sw.o
 .debug_abbrev  0x0000151e      0x18e build/relay_hw.o
 .debug_abbrev  0x000016ac      0x18f build/water_level_hw.o
 .debug_abbrev  0x0000183b       0x80 build/stm32g4xx_it.o
 .debug_abbrev  0x000018bb       0xd6 build/stm32g4xx_hal_msp.o
 .debug_abbrev  0x00001991      0x263 build/stm32g4xx_hal_pwr_ex.o
 .debug_abbrev  0x00001bf4      0x298 build/stm32g4xx_hal.o
 .debug_abbrev  0x00001e8c      0x2de build/stm32g4xx_hal_rcc.o
 .debug_abbrev  0x0000216a      0x299 build/stm32g4xx_hal_rcc_ex.o
 .debug_abbrev  0x00002403      0x229 build/stm32g4xx_hal_gpio.o
 .debug_abbrev  0x0000262c      0x35c build/stm32g4xx_hal_uart.o
 .debug_abbrev  0x00002988      0x3ca build/stm32g4xx_hal_cortex.o
 .debug_abbrev  0x00002d52      0x11b build/system_stm32g4xx.o
 .debug_abbrev  0x00002e6d       0xeb build/sysmem.o
 .debug_abbrev  0x00002f58       0x1d build/startup_stm32g474xx.o

.debug_loc      0x00000000     0xc704
 .debug_loc     0x00000000       0x66 build/main.o
 .debug_loc     0x00000066       0x38 build/gpio.o
 .debug_loc     0x0000009e       0xf6 build/usart.o
 .debug_loc     0x00000194       0x20 build/app_main.o
 .debug_loc     0x000001b4      0x590 build/display_service.o
 .debug_loc     0x00000744       0xed build/humidifier_service.o
 .debug_loc     0x00000831      0x1e4 build/sensor_service.o
 .debug_loc     0x00000a15       0x40 build/water_level_service.o
 .debug_loc     0x00000a55      0x98c build/st7789.o
 .debug_loc     0x000013e1      0x505 build/aht20.o
 .debug_loc     0x000018e6      0x3cb build/lcd_hw.o
 .debug_loc     0x00001cb1      0x61a build/i2c_sw.o
 .debug_loc     0x000022cb       0xf8 build/relay_hw.o
 .debug_loc     0x000023c3       0x58 build/water_level_hw.o
 .debug_loc     0x0000241b       0x20 build/stm32g4xx_it.o
 .debug_loc     0x0000243b       0x38 build/stm32g4xx_hal_msp.o
 .debug_loc     0x00002473      0xa27 build/stm32g4xx_hal_pwr_ex.o
 .debug_loc     0x00002e9a      0x2cd build/stm32g4xx_hal.o
 .debug_loc     0x00003167      0x9db build/stm32g4xx_hal_rcc.o
 .debug_loc     0x00003b42     0x1896 build/stm32g4xx_hal_rcc_ex.o
 .debug_loc     0x000053d8      0x499 build/stm32g4xx_hal_gpio.o
 .debug_loc     0x00005871     0x6475 build/stm32g4xx_hal_uart.o
 .debug_loc     0x0000bce6      0x8f1 build/stm32g4xx_hal_cortex.o
 .debug_loc     0x0000c5d7       0x9d build/system_stm32g4xx.o
 .debug_loc     0x0000c674       0x90 build/sysmem.o

.debug_aranges  0x00000000      0xd20
 .debug_aranges
                0x00000000       0x30 build/main.o
 .debug_aranges
                0x00000030       0x20 build/gpio.o
 .debug_aranges
                0x00000050       0x30 build/usart.o
 .debug_aranges
                0x00000080       0x20 build/app_main.o
 .debug_aranges
                0x000000a0       0x80 build/display_service.o
 .debug_aranges
                0x00000120       0x60 build/humidifier_service.o
 .debug_aranges
                0x00000180       0x60 build/sensor_service.o
 .debug_aranges
                0x000001e0       0x48 build/water_level_service.o
 .debug_aranges
                0x00000228       0x78 build/st7789.o
 .debug_aranges
                0x000002a0       0x68 build/aht20.o
 .debug_aranges
                0x00000308       0xa8 build/lcd_hw.o
 .debug_aranges
                0x000003b0       0xa8 build/i2c_sw.o
 .debug_aranges
                0x00000458       0x50 build/relay_hw.o
 .debug_aranges
                0x000004a8       0x28 build/water_level_hw.o
 .debug_aranges
                0x000004d0       0x60 build/stm32g4xx_it.o
 .debug_aranges
                0x00000530       0x20 build/stm32g4xx_hal_msp.o
 .debug_aranges
                0x00000550      0x140 build/stm32g4xx_hal_pwr_ex.o
 .debug_aranges
                0x00000690      0x148 build/stm32g4xx_hal.o
 .debug_aranges
                0x000007d8       0x98 build/stm32g4xx_hal_rcc.o
 .debug_aranges
                0x00000870       0xb0 build/stm32g4xx_hal_rcc_ex.o
 .debug_aranges
                0x00000920       0x58 build/stm32g4xx_hal_gpio.o
 .debug_aranges
                0x00000978      0x248 build/stm32g4xx_hal_uart.o
 .debug_aranges
                0x00000bc0       0xf0 build/stm32g4xx_hal_cortex.o
 .debug_aranges
                0x00000cb0       0x28 build/system_stm32g4xx.o
 .debug_aranges
                0x00000cd8       0x20 build/sysmem.o
 .debug_aranges
                0x00000cf8       0x28 build/startup_stm32g474xx.o

.debug_ranges   0x00000000      0xc48
 .debug_ranges  0x00000000       0x20 build/main.o
 .debug_ranges  0x00000020       0x10 build/gpio.o
 .debug_ranges  0x00000030       0x20 build/usart.o
 .debug_ranges  0x00000050       0x10 build/app_main.o
 .debug_ranges  0x00000060       0x70 build/display_service.o
 .debug_ranges  0x000000d0       0x50 build/humidifier_service.o
 .debug_ranges  0x00000120       0x50 build/sensor_service.o
 .debug_ranges  0x00000170       0x38 build/water_level_service.o
 .debug_ranges  0x000001a8       0xb0 build/st7789.o
 .debug_ranges  0x00000258       0x58 build/aht20.o
 .debug_ranges  0x000002b0       0x98 build/lcd_hw.o
 .debug_ranges  0x00000348       0xe0 build/i2c_sw.o
 .debug_ranges  0x00000428       0x40 build/relay_hw.o
 .debug_ranges  0x00000468       0x18 build/water_level_hw.o
 .debug_ranges  0x00000480       0x50 build/stm32g4xx_it.o
 .debug_ranges  0x000004d0       0x10 build/stm32g4xx_hal_msp.o
 .debug_ranges  0x000004e0      0x130 build/stm32g4xx_hal_pwr_ex.o
 .debug_ranges  0x00000610      0x138 build/stm32g4xx_hal.o
 .debug_ranges  0x00000748       0xa0 build/stm32g4xx_hal_rcc.o
 .debug_ranges  0x000007e8       0xb8 build/stm32g4xx_hal_rcc_ex.o
 .debug_ranges  0x000008a0       0x48 build/stm32g4xx_hal_gpio.o
 .debug_ranges  0x000008e8      0x238 build/stm32g4xx_hal_uart.o
 .debug_ranges  0x00000b20       0xe0 build/stm32g4xx_hal_cortex.o
 .debug_ranges  0x00000c00       0x18 build/system_stm32g4xx.o
 .debug_ranges  0x00000c18       0x10 build/sysmem.o
 .debug_ranges  0x00000c28       0x20 build/startup_stm32g474xx.o

.debug_line     0x00000000     0xdcf0
 .debug_line    0x00000000      0x3bc build/main.o
 .debug_line    0x000003bc      0x2a6 build/gpio.o
 .debug_line    0x00000662      0x434 build/usart.o
 .debug_line    0x00000a96      0x2db build/app_main.o
 .debug_line    0x00000d71      0x6c7 build/display_service.o
 .debug_line    0x00001438      0x4a9 build/humidifier_service.o
 .debug_line    0x000018e1      0x4e3 build/sensor_service.o
 .debug_line    0x00001dc4      0x38a build/water_level_service.o
 .debug_line    0x0000214e      0x5cb build/st7789.o
 .debug_line    0x00002719      0x59e build/aht20.o
 .debug_line    0x00002cb7      0x52c build/lcd_hw.o
 .debug_line    0x000031e3      0x67c build/i2c_sw.o
 .debug_line    0x0000385f      0x39f build/relay_hw.o
 .debug_line    0x00003bfe      0x2da build/water_level_hw.o
 .debug_line    0x00003ed8      0x13d build/stm32g4xx_it.o
 .debug_line    0x00004015      0x29c build/stm32g4xx_hal_msp.o
 .debug_line    0x000042b1      0xb47 build/stm32g4xx_hal_pwr_ex.o
 .debug_line    0x00004df8      0x7dd build/stm32g4xx_hal.o
 .debug_line    0x000055d5      0xf9f build/stm32g4xx_hal_rcc.o
 .debug_line    0x00006574     0x1312 build/stm32g4xx_hal_rcc_ex.o
 .debug_line    0x00007886      0x7c0 build/stm32g4xx_hal_gpio.o
 .debug_line    0x00008046     0x4ca5 build/stm32g4xx_hal_uart.o
 .debug_line    0x0000cceb      0x909 build/stm32g4xx_hal_cortex.o
 .debug_line    0x0000d5f4      0x34a build/system_stm32g4xx.o
 .debug_line    0x0000d93e      0x33e build/sysmem.o
 .debug_line    0x0000dc7c       0x74 build/startup_stm32g474xx.o

.debug_str      0x00000000     0x40b9
 .debug_str     0x00000000     0x40b9 build/main.o
                                0x3ce (size before relaxing)
 .debug_str     0x000040b9      0x3a8 build/gpio.o
 .debug_str     0x000040b9      0xb6b build/usart.o
 .debug_str     0x000040b9      0x333 build/app_main.o
 .debug_str     0x000040b9      0x673 build/display_service.o
 .debug_str     0x000040b9      0x46c build/humidifier_service.o
 .debug_str     0x000040b9      0x408 build/sensor_service.o
 .debug_str     0x000040b9      0x342 build/water_level_service.o
 .debug_str     0x000040b9      0x396 build/st7789.o
 .debug_str     0x000040b9      0x36f build/aht20.o
 .debug_str     0x000040b9      0x519 build/lcd_hw.o
 .debug_str     0x000040b9      0x56a build/i2c_sw.o
 .debug_str     0x000040b9      0x461 build/relay_hw.o
 .debug_str     0x000040b9      0x41f build/water_level_hw.o
 .debug_str     0x000040b9      0x243 build/stm32g4xx_it.o
 .debug_str     0x000040b9      0x346 build/stm32g4xx_hal_msp.o
 .debug_str     0x000040b9      0x7fa build/stm32g4xx_hal_pwr_ex.o
 .debug_str     0x000040b9      0xe57 build/stm32g4xx_hal.o
 .debug_str     0x000040b9      0x86d build/stm32g4xx_hal_rcc.o
 .debug_str     0x000040b9      0xa7d build/stm32g4xx_hal_rcc_ex.o
 .debug_str     0x000040b9      0x558 build/stm32g4xx_hal_gpio.o
 .debug_str     0x000040b9     0x121a build/stm32g4xx_hal_uart.o
 .debug_str     0x000040b9      0xdad build/stm32g4xx_hal_cortex.o
 .debug_str     0x000040b9      0x3df build/system_stm32g4xx.o
 .debug_str     0x000040b9      0x239 build/sysmem.o
 .debug_str     0x000040b9       0x6b build/startup_stm32g474xx.o

.debug_frame    0x00000000     0x24e4
 .debug_frame   0x00000000       0x5c build/main.o
 .debug_frame   0x0000005c       0x2c build/gpio.o
 .debug_frame   0x00000088       0x60 build/usart.o
 .debug_frame   0x000000e8       0x28 build/app_main.o
 .debug_frame   0x00000110      0x16c build/display_service.o
 .debug_frame   0x0000027c       0xc8 build/humidifier_service.o
 .debug_frame   0x00000344       0xe0 build/sensor_service.o
 .debug_frame   0x00000424       0x80 build/water_level_service.o
 .debug_frame   0x000004a4      0x168 build/st7789.o
 .debug_frame   0x0000060c      0x128 build/aht20.o
 .debug_frame   0x00000734      0x1d4 build/lcd_hw.o
 .debug_frame   0x00000908      0x1e0 build/i2c_sw.o
 .debug_frame   0x00000ae8       0xc4 build/relay_hw.o
 .debug_frame   0x00000bac       0x44 build/water_level_hw.o
 .debug_frame   0x00000bf0       0xa8 build/stm32g4xx_it.o
 .debug_frame   0x00000c98       0x2c build/stm32g4xx_hal_msp.o
 .debug_frame   0x00000cc4      0x268 build/stm32g4xx_hal_pwr_ex.o
 .debug_frame   0x00000f2c      0x2a4 build/stm32g4xx_hal.o
 .debug_frame   0x000011d0      0x198 build/stm32g4xx_hal_rcc.o
 .debug_frame   0x00001368      0x1a0 build/stm32g4xx_hal_rcc_ex.o
 .debug_frame   0x00001508       0xd0 build/stm32g4xx_hal_gpio.o
 .debug_frame   0x000015d8      0x670 build/stm32g4xx_hal_uart.o
 .debug_frame   0x00001c48      0x204 build/stm32g4xx_hal_cortex.o
 .debug_frame   0x00001e4c       0x30 build/system_stm32g4xx.o
 .debug_frame   0x00001e7c       0x28 build/sysmem.o
 .debug_frame   0x00001ea4      0x144 D:/STM32CubeIDE/STM32CubeIDE_2.1.1/STM32CubeIDE/plugins/com.st.stm32cube.ide.mcu.externaltools.gnu-tools-for-stm32.14.3.rel1.win32_1.0.100.202602081740/tools/bin/../lib/gcc/arm-none-eabi/14.3.1/../../../../arm-none-eabi/lib/thumb/v7e-m+fp/hard\libc_nano.a(libc_a-findfp.o)
 .debug_frame   0x00001fe8       0x7c D:/STM32CubeIDE/STM32CubeIDE_2.1.1/STM32CubeIDE/plugins/com.st.stm32cube.ide.mcu.externaltools.gnu-tools-for-stm32.14.3.rel1.win32_1.0.100.202602081740/tools/bin/../lib/gcc/arm-none-eabi/14.3.1/../../../../arm-none-eabi/lib/thumb/v7e-m+fp/hard\libc_nano.a(libc_a-snprintf.o)
 .debug_frame   0x00002064       0x20 D:/STM32CubeIDE/STM32CubeIDE_2.1.1/STM32CubeIDE/plugins/com.st.stm32cube.ide.mcu.externaltools.gnu-tools-for-stm32.14.3.rel1.win32_1.0.100.202602081740/tools/bin/../lib/gcc/arm-none-eabi/14.3.1/../../../../arm-none-eabi/lib/thumb/v7e-m+fp/hard\libc_nano.a(libc_a-memset.o)
 .debug_frame   0x00002084       0x38 D:/STM32CubeIDE/STM32CubeIDE_2.1.1/STM32CubeIDE/plugins/com.st.stm32cube.ide.mcu.externaltools.gnu-tools-for-stm32.14.3.rel1.win32_1.0.100.202602081740/tools/bin/../lib/gcc/arm-none-eabi/14.3.1/../../../../arm-none-eabi/lib/thumb/v7e-m+fp/hard\libc_nano.a(libc_a-reent.o)
 .debug_frame   0x000020bc       0x20 D:/STM32CubeIDE/STM32CubeIDE_2.1.1/STM32CubeIDE/plugins/com.st.stm32cube.ide.mcu.externaltools.gnu-tools-for-stm32.14.3.rel1.win32_1.0.100.202602081740/tools/bin/../lib/gcc/arm-none-eabi/14.3.1/../../../../arm-none-eabi/lib/thumb/v7e-m+fp/hard\libc_nano.a(libc_a-errno.o)
 .debug_frame   0x000020dc       0x2c D:/STM32CubeIDE/STM32CubeIDE_2.1.1/STM32CubeIDE/plugins/com.st.stm32cube.ide.mcu.externaltools.gnu-tools-for-stm32.14.3.rel1.win32_1.0.100.202602081740/tools/bin/../lib/gcc/arm-none-eabi/14.3.1/../../../../arm-none-eabi/lib/thumb/v7e-m+fp/hard\libc_nano.a(libc_a-init.o)
 .debug_frame   0x00002108       0xb0 D:/STM32CubeIDE/STM32CubeIDE_2.1.1/STM32CubeIDE/plugins/com.st.stm32cube.ide.mcu.externaltools.gnu-tools-for-stm32.14.3.rel1.win32_1.0.100.202602081740/tools/bin/../lib/gcc/arm-none-eabi/14.3.1/../../../../arm-none-eabi/lib/thumb/v7e-m+fp/hard\libc_nano.a(libc_a-lock.o)
 .debug_frame   0x000021b8       0x38 D:/STM32CubeIDE/STM32CubeIDE_2.1.1/STM32CubeIDE/plugins/com.st.stm32cube.ide.mcu.externaltools.gnu-tools-for-stm32.14.3.rel1.win32_1.0.100.202602081740/tools/bin/../lib/gcc/arm-none-eabi/14.3.1/../../../../arm-none-eabi/lib/thumb/v7e-m+fp/hard\libc_nano.a(libc_a-freer.o)
 .debug_frame   0x000021f0       0x50 D:/STM32CubeIDE/STM32CubeIDE_2.1.1/STM32CubeIDE/plugins/com.st.stm32cube.ide.mcu.externaltools.gnu-tools-for-stm32.14.3.rel1.win32_1.0.100.202602081740/tools/bin/../lib/gcc/arm-none-eabi/14.3.1/../../../../arm-none-eabi/lib/thumb/v7e-m+fp/hard\libc_nano.a(libc_a-mallocr.o)
 .debug_frame   0x00002240       0x30 D:/STM32CubeIDE/STM32CubeIDE_2.1.1/STM32CubeIDE/plugins/com.st.stm32cube.ide.mcu.externaltools.gnu-tools-for-stm32.14.3.rel1.win32_1.0.100.202602081740/tools/bin/../lib/gcc/arm-none-eabi/14.3.1/../../../../arm-none-eabi/lib/thumb/v7e-m+fp/hard\libc_nano.a(libc_a-mlock.o)
 .debug_frame   0x00002270       0x90 D:/STM32CubeIDE/STM32CubeIDE_2.1.1/STM32CubeIDE/plugins/com.st.stm32cube.ide.mcu.externaltools.gnu-tools-for-stm32.14.3.rel1.win32_1.0.100.202602081740/tools/bin/../lib/gcc/arm-none-eabi/14.3.1/../../../../arm-none-eabi/lib/thumb/v7e-m+fp/hard\libc_nano.a(libc_a-nano-svfprintf.o)
 .debug_frame   0x00002300       0x60 D:/STM32CubeIDE/STM32CubeIDE_2.1.1/STM32CubeIDE/plugins/com.st.stm32cube.ide.mcu.externaltools.gnu-tools-for-stm32.14.3.rel1.win32_1.0.100.202602081740/tools/bin/../lib/gcc/arm-none-eabi/14.3.1/../../../../arm-none-eabi/lib/thumb/v7e-m+fp/hard\libc_nano.a(libc_a-nano-vfprintf_i.o)
 .debug_frame   0x00002360       0x28 D:/STM32CubeIDE/STM32CubeIDE_2.1.1/STM32CubeIDE/plugins/com.st.stm32cube.ide.mcu.externaltools.gnu-tools-for-stm32.14.3.rel1.win32_1.0.100.202602081740/tools/bin/../lib/gcc/arm-none-eabi/14.3.1/../../../../arm-none-eabi/lib/thumb/v7e-m+fp/hard\libc_nano.a(libc_a-memmove.o)
 .debug_frame   0x00002388       0x2c D:/STM32CubeIDE/STM32CubeIDE_2.1.1/STM32CubeIDE/plugins/com.st.stm32cube.ide.mcu.externaltools.gnu-tools-for-stm32.14.3.rel1.win32_1.0.100.202602081740/tools/bin/../lib/gcc/arm-none-eabi/14.3.1/../../../../arm-none-eabi/lib/thumb/v7e-m+fp/hard\libc_nano.a(libc_a-sbrkr.o)
 .debug_frame   0x000023b4       0x4c D:/STM32CubeIDE/STM32CubeIDE_2.1.1/STM32CubeIDE/plugins/com.st.stm32cube.ide.mcu.externaltools.gnu-tools-for-stm32.14.3.rel1.win32_1.0.100.202602081740/tools/bin/../lib/gcc/arm-none-eabi/14.3.1/../../../../arm-none-eabi/lib/thumb/v7e-m+fp/hard\libc_nano.a(libc_a-memchr.o)
 .debug_frame   0x00002400       0x28 D:/STM32CubeIDE/STM32CubeIDE_2.1.1/STM32CubeIDE/plugins/com.st.stm32cube.ide.mcu.externaltools.gnu-tools-for-stm32.14.3.rel1.win32_1.0.100.202602081740/tools/bin/../lib/gcc/arm-none-eabi/14.3.1/../../../../arm-none-eabi/lib/thumb/v7e-m+fp/hard\libc_nano.a(libc_a-memcpy-stub.o)
 .debug_frame   0x00002428       0x3c D:/STM32CubeIDE/STM32CubeIDE_2.1.1/STM32CubeIDE/plugins/com.st.stm32cube.ide.mcu.externaltools.gnu-tools-for-stm32.14.3.rel1.win32_1.0.100.202602081740/tools/bin/../lib/gcc/arm-none-eabi/14.3.1/../../../../arm-none-eabi/lib/thumb/v7e-m+fp/hard\libc_nano.a(libc_a-reallocr.o)
 .debug_frame   0x00002464       0x20 D:/STM32CubeIDE/STM32CubeIDE_2.1.1/STM32CubeIDE/plugins/com.st.stm32cube.ide.mcu.externaltools.gnu-tools-for-stm32.14.3.rel1.win32_1.0.100.202602081740/tools/bin/../lib/gcc/arm-none-eabi/14.3.1/../../../../arm-none-eabi/lib/thumb/v7e-m+fp/hard\libc_nano.a(libc_a-msizer.o)
 .debug_frame   0x00002484       0x2c D:/STM32CubeIDE/STM32CubeIDE_2.1.1/STM32CubeIDE/plugins/com.st.stm32cube.ide.mcu.externaltools.gnu-tools-for-stm32.14.3.rel1.win32_1.0.100.202602081740/tools/bin/../lib/gcc/arm-none-eabi/14.3.1/thumb/v7e-m+fp/hard\libgcc.a(_aeabi_uldivmod.o)
 .debug_frame   0x000024b0       0x34 D:/STM32CubeIDE/STM32CubeIDE_2.1.1/STM32CubeIDE/plugins/com.st.stm32cube.ide.mcu.externaltools.gnu-tools-for-stm32.14.3.rel1.win32_1.0.100.202602081740/tools/bin/../lib/gcc/arm-none-eabi/14.3.1/thumb/v7e-m+fp/hard\libgcc.a(_udivmoddi4.o)

Cross Reference Table

Symbol                                            File
ADC1_2_IRQHandler                                 build/startup_stm32g474xx.o
ADC3_IRQHandler                                   build/startup_stm32g474xx.o
ADC4_IRQHandler                                   build/startup_stm32g474xx.o
ADC5_IRQHandler                                   build/startup_stm32g474xx.o
AHBPrescTable                                     build/system_stm32g4xx.o
                                                  build/stm32g4xx_hal_rcc.o
AHT20_Init                                        build/aht20.o
                                                  build/sensor_service.o
AHT20_IsBusy                                      build/aht20.o
AHT20_IsCalibrated                                build/aht20.o
AHT20_ParseRaw                                    build/aht20.o
AHT20_ReadData                                    build/aht20.o
                                                  build/sensor_service.o
AHT20_ReadRaw                                     build/aht20.o
AHT20_ReadStatus                                  build/aht20.o
AHT20_SoftReset                                   build/aht20.o
AHT20_TestRead                                    build/aht20.o
AHT20_TriggerMeasurement                          build/aht20.o
APBPrescTable                                     build/system_stm32g4xx.o
                                                  build/stm32g4xx_hal_rcc.o
App_Main                                          build/app_main.o
                                                  build/main.o
BusFault_Handler                                  build/stm32g4xx_it.o
COMP1_2_3_IRQHandler                              build/startup_stm32g474xx.o
COMP4_5_6_IRQHandler                              build/startup_stm32g474xx.o
COMP7_IRQHandler                                  build/startup_stm32g474xx.o
CORDIC_IRQHandler                                 build/startup_stm32g474xx.o
CRS_IRQHandler                                    build/startup_stm32g474xx.o
DMA1_Channel1_IRQHandler                          build/startup_stm32g474xx.o
DMA1_Channel2_IRQHandler                          build/startup_stm32g474xx.o
DMA1_Channel3_IRQHandler                          build/startup_stm32g474xx.o
DMA1_Channel4_IRQHandler                          build/startup_stm32g474xx.o
DMA1_Channel5_IRQHandler                          build/startup_stm32g474xx.o
DMA1_Channel6_IRQHandler                          build/startup_stm32g474xx.o
DMA1_Channel7_IRQHandler                          build/startup_stm32g474xx.o
DMA1_Channel8_IRQHandler                          build/startup_stm32g474xx.o
DMA2_Channel1_IRQHandler                          build/startup_stm32g474xx.o
DMA2_Channel2_IRQHandler                          build/startup_stm32g474xx.o
DMA2_Channel3_IRQHandler                          build/startup_stm32g474xx.o
DMA2_Channel4_IRQHandler                          build/startup_stm32g474xx.o
DMA2_Channel5_IRQHandler                          build/startup_stm32g474xx.o
DMA2_Channel6_IRQHandler                          build/startup_stm32g474xx.o
DMA2_Channel7_IRQHandler                          build/startup_stm32g474xx.o
DMA2_Channel8_IRQHandler                          build/startup_stm32g474xx.o
DMAMUX_OVR_IRQHandler                             build/startup_stm32g474xx.o
DebugMon_Handler                                  build/stm32g4xx_it.o
Default_Handler                                   build/startup_stm32g474xx.o
DisplayService_Init                               build/display_service.o
                                                  build/app_main.o
DisplayService_ShowBootScreen                     build/display_service.o
                                                  build/app_main.o
DisplayService_ShowMainPage                       build/display_service.o
DisplayService_ShowSensorData                     build/display_service.o
DisplayService_ShowSensorError                    build/display_service.o
DisplayService_ShowWaterLow                       build/display_service.o
DisplayService_TestColorCycle                     build/display_service.o
DisplayService_Update                             build/display_service.o
                                                  build/app_main.o
EXTI0_IRQHandler                                  build/startup_stm32g474xx.o
EXTI15_10_IRQHandler                              build/startup_stm32g474xx.o
EXTI1_IRQHandler                                  build/startup_stm32g474xx.o
EXTI2_IRQHandler                                  build/startup_stm32g474xx.o
EXTI3_IRQHandler                                  build/startup_stm32g474xx.o
EXTI4_IRQHandler                                  build/startup_stm32g474xx.o
EXTI9_5_IRQHandler                                build/startup_stm32g474xx.o
Error_Handler                                     build/main.o
                                                  build/usart.o
FDCAN1_IT0_IRQHandler                             build/startup_stm32g474xx.o
FDCAN1_IT1_IRQHandler                             build/startup_stm32g474xx.o
FDCAN2_IT0_IRQHandler                             build/startup_stm32g474xx.o
FDCAN2_IT1_IRQHandler                             build/startup_stm32g474xx.o
FDCAN3_IT0_IRQHandler                             build/startup_stm32g474xx.o
FDCAN3_IT1_IRQHandler                             build/startup_stm32g474xx.o
FLASH_FlushCaches                                 build/stm32g4xx_hal_flash_ex.o
                                                  build/stm32g4xx_hal_flash.o
FLASH_IRQHandler                                  build/startup_stm32g474xx.o
FLASH_PageErase                                   build/stm32g4xx_hal_flash_ex.o
                                                  build/stm32g4xx_hal_flash.o
FLASH_WaitForLastOperation                        build/stm32g4xx_hal_flash.o
                                                  build/stm32g4xx_hal_flash_ex.o
FMAC_IRQHandler                                   build/startup_stm32g474xx.o
FMC_IRQHandler                                    build/startup_stm32g474xx.o
FPU_IRQHandler                                    build/startup_stm32g474xx.o
FanRelay_Off                                      build/relay_hw.o
                                                  build/humidifier_service.o
FanRelay_On                                       build/relay_hw.o
                                                  build/humidifier_service.o
HAL_DBGMCU_DisableDBGSleepMode                    build/stm32g4xx_hal.o
HAL_DBGMCU_DisableDBGStandbyMode                  build/stm32g4xx_hal.o
HAL_DBGMCU_DisableDBGStopMode                     build/stm32g4xx_hal.o
HAL_DBGMCU_EnableDBGSleepMode                     build/stm32g4xx_hal.o
HAL_DBGMCU_EnableDBGStandbyMode                   build/stm32g4xx_hal.o
HAL_DBGMCU_EnableDBGStopMode                      build/stm32g4xx_hal.o
HAL_DMAEx_ConfigMuxRequestGenerator               build/stm32g4xx_hal_dma_ex.o
HAL_DMAEx_ConfigMuxSync                           build/stm32g4xx_hal_dma_ex.o
HAL_DMAEx_DisableMuxRequestGenerator              build/stm32g4xx_hal_dma_ex.o
HAL_DMAEx_EnableMuxRequestGenerator               build/stm32g4xx_hal_dma_ex.o
HAL_DMAEx_MUX_IRQHandler                          build/stm32g4xx_hal_dma_ex.o
HAL_DMA_Abort                                     build/stm32g4xx_hal_dma.o
                                                  build/stm32g4xx_hal_uart.o
HAL_DMA_Abort_IT                                  build/stm32g4xx_hal_dma.o
                                                  build/stm32g4xx_hal_uart.o
HAL_DMA_DeInit                                    build/stm32g4xx_hal_dma.o
HAL_DMA_GetError                                  build/stm32g4xx_hal_dma.o
                                                  build/stm32g4xx_hal_uart.o
HAL_DMA_GetState                                  build/stm32g4xx_hal_dma.o
HAL_DMA_IRQHandler                                build/stm32g4xx_hal_dma.o
HAL_DMA_Init                                      build/stm32g4xx_hal_dma.o
HAL_DMA_PollForTransfer                           build/stm32g4xx_hal_dma.o
HAL_DMA_RegisterCallback                          build/stm32g4xx_hal_dma.o
HAL_DMA_Start                                     build/stm32g4xx_hal_dma.o
HAL_DMA_Start_IT                                  build/stm32g4xx_hal_dma.o
                                                  build/stm32g4xx_hal_uart.o
HAL_DMA_UnRegisterCallback                        build/stm32g4xx_hal_dma.o
HAL_DeInit                                        build/stm32g4xx_hal.o
HAL_Delay                                         build/stm32g4xx_hal.o
                                                  build/relay_hw.o
                                                  build/lcd_hw.o
                                                  build/aht20.o
                                                  build/st7789.o
                                                  build/app_main.o
HAL_EXTI_ClearConfigLine                          build/stm32g4xx_hal_exti.o
HAL_EXTI_ClearPending                             build/stm32g4xx_hal_exti.o
HAL_EXTI_GenerateSWI                              build/stm32g4xx_hal_exti.o