ARM GAS  C:\Users\w1785\AppData\Local\Temp\cclPilnO.s 			page 1


   1              		.cpu cortex-m4
   2              		.arch armv7e-m
   3              		.fpu fpv4-sp-d16
   4              		.eabi_attribute 27, 1
   5              		.eabi_attribute 28, 1
   6              		.eabi_attribute 20, 1
   7              		.eabi_attribute 21, 1
   8              		.eabi_attribute 23, 3
   9              		.eabi_attribute 24, 1
  10              		.eabi_attribute 25, 1
  11              		.eabi_attribute 26, 1
  12              		.eabi_attribute 30, 1
  13              		.eabi_attribute 34, 1
  14              		.eabi_attribute 18, 4
  15              		.file	"lv_calendar_header_arrow.c"
  16              		.text
  17              	.Ltext0:
  18              		.cfi_sections	.debug_frame
  19              		.file 1 "Middlewares/LVGL/lvgl/src/widgets/calendar/lv_calendar_header_arrow.c"
  20              		.section	.rodata.my_constructor.str1.4,"aMS",%progbits,1
  21              		.align	2
  22              	.LC0:
  23 0000 EF819300 		.ascii	"\357\201\223\000"
  24              		.align	2
  25              	.LC1:
  26 0004 EF819400 		.ascii	"\357\201\224\000"
  27              		.section	.text.my_constructor,"ax",%progbits
  28              		.align	1
  29              		.syntax unified
  30              		.thumb
  31              		.thumb_func
  33              	my_constructor:
  34              	.LVL0:
  35              	.LFB189:
   1:Middlewares/LVGL/lvgl/src/widgets/calendar/lv_calendar_header_arrow.c **** /**
   2:Middlewares/LVGL/lvgl/src/widgets/calendar/lv_calendar_header_arrow.c ****  * @file lv_calendar_header_arrow.c
   3:Middlewares/LVGL/lvgl/src/widgets/calendar/lv_calendar_header_arrow.c ****  *
   4:Middlewares/LVGL/lvgl/src/widgets/calendar/lv_calendar_header_arrow.c ****  */
   5:Middlewares/LVGL/lvgl/src/widgets/calendar/lv_calendar_header_arrow.c **** 
   6:Middlewares/LVGL/lvgl/src/widgets/calendar/lv_calendar_header_arrow.c **** /*********************
   7:Middlewares/LVGL/lvgl/src/widgets/calendar/lv_calendar_header_arrow.c ****  *      INCLUDES
   8:Middlewares/LVGL/lvgl/src/widgets/calendar/lv_calendar_header_arrow.c ****  *********************/
   9:Middlewares/LVGL/lvgl/src/widgets/calendar/lv_calendar_header_arrow.c **** #include "../../core/lv_obj_class_private.h"
  10:Middlewares/LVGL/lvgl/src/widgets/calendar/lv_calendar_header_arrow.c **** #include "lv_calendar_header_arrow.h"
  11:Middlewares/LVGL/lvgl/src/widgets/calendar/lv_calendar_header_arrow.c **** #if LV_USE_CALENDAR && LV_USE_CALENDAR_HEADER_ARROW
  12:Middlewares/LVGL/lvgl/src/widgets/calendar/lv_calendar_header_arrow.c **** 
  13:Middlewares/LVGL/lvgl/src/widgets/calendar/lv_calendar_header_arrow.c **** #include "lv_calendar.h"
  14:Middlewares/LVGL/lvgl/src/widgets/calendar/lv_calendar_header_arrow.c **** #include "../button/lv_button.h"
  15:Middlewares/LVGL/lvgl/src/widgets/calendar/lv_calendar_header_arrow.c **** #include "../label/lv_label.h"
  16:Middlewares/LVGL/lvgl/src/widgets/calendar/lv_calendar_header_arrow.c **** #include "../../layouts/flex/lv_flex.h"
  17:Middlewares/LVGL/lvgl/src/widgets/calendar/lv_calendar_header_arrow.c **** #include "../../misc/lv_assert.h"
  18:Middlewares/LVGL/lvgl/src/widgets/calendar/lv_calendar_header_arrow.c **** 
  19:Middlewares/LVGL/lvgl/src/widgets/calendar/lv_calendar_header_arrow.c **** /*********************
  20:Middlewares/LVGL/lvgl/src/widgets/calendar/lv_calendar_header_arrow.c ****  *      DEFINES
  21:Middlewares/LVGL/lvgl/src/widgets/calendar/lv_calendar_header_arrow.c ****  *********************/
  22:Middlewares/LVGL/lvgl/src/widgets/calendar/lv_calendar_header_arrow.c **** 
  23:Middlewares/LVGL/lvgl/src/widgets/calendar/lv_calendar_header_arrow.c **** /**********************
ARM GAS  C:\Users\w1785\AppData\Local\Temp\cclPilnO.s 			page 2


  24:Middlewares/LVGL/lvgl/src/widgets/calendar/lv_calendar_header_arrow.c ****  *      TYPEDEFS
  25:Middlewares/LVGL/lvgl/src/widgets/calendar/lv_calendar_header_arrow.c ****  **********************/
  26:Middlewares/LVGL/lvgl/src/widgets/calendar/lv_calendar_header_arrow.c **** 
  27:Middlewares/LVGL/lvgl/src/widgets/calendar/lv_calendar_header_arrow.c **** /**********************
  28:Middlewares/LVGL/lvgl/src/widgets/calendar/lv_calendar_header_arrow.c ****  *  STATIC PROTOTYPES
  29:Middlewares/LVGL/lvgl/src/widgets/calendar/lv_calendar_header_arrow.c ****  **********************/
  30:Middlewares/LVGL/lvgl/src/widgets/calendar/lv_calendar_header_arrow.c **** static void my_constructor(const lv_obj_class_t * class_p, lv_obj_t * obj);
  31:Middlewares/LVGL/lvgl/src/widgets/calendar/lv_calendar_header_arrow.c **** static void month_event_cb(lv_event_t * e);
  32:Middlewares/LVGL/lvgl/src/widgets/calendar/lv_calendar_header_arrow.c **** static void value_changed_event_cb(lv_event_t * e);
  33:Middlewares/LVGL/lvgl/src/widgets/calendar/lv_calendar_header_arrow.c **** 
  34:Middlewares/LVGL/lvgl/src/widgets/calendar/lv_calendar_header_arrow.c **** /**********************
  35:Middlewares/LVGL/lvgl/src/widgets/calendar/lv_calendar_header_arrow.c ****  *  STATIC VARIABLES
  36:Middlewares/LVGL/lvgl/src/widgets/calendar/lv_calendar_header_arrow.c ****  **********************/
  37:Middlewares/LVGL/lvgl/src/widgets/calendar/lv_calendar_header_arrow.c **** 
  38:Middlewares/LVGL/lvgl/src/widgets/calendar/lv_calendar_header_arrow.c **** const lv_obj_class_t lv_calendar_header_arrow_class = {
  39:Middlewares/LVGL/lvgl/src/widgets/calendar/lv_calendar_header_arrow.c ****     .base_class = &lv_obj_class,
  40:Middlewares/LVGL/lvgl/src/widgets/calendar/lv_calendar_header_arrow.c ****     .constructor_cb = my_constructor,
  41:Middlewares/LVGL/lvgl/src/widgets/calendar/lv_calendar_header_arrow.c ****     .width_def = LV_PCT(100),
  42:Middlewares/LVGL/lvgl/src/widgets/calendar/lv_calendar_header_arrow.c ****     .height_def = LV_DPI_DEF / 3,
  43:Middlewares/LVGL/lvgl/src/widgets/calendar/lv_calendar_header_arrow.c ****     .name = "lv_calendar_header_arrow",
  44:Middlewares/LVGL/lvgl/src/widgets/calendar/lv_calendar_header_arrow.c **** };
  45:Middlewares/LVGL/lvgl/src/widgets/calendar/lv_calendar_header_arrow.c **** 
  46:Middlewares/LVGL/lvgl/src/widgets/calendar/lv_calendar_header_arrow.c **** static const char * month_names_def[12] = LV_CALENDAR_DEFAULT_MONTH_NAMES;
  47:Middlewares/LVGL/lvgl/src/widgets/calendar/lv_calendar_header_arrow.c **** 
  48:Middlewares/LVGL/lvgl/src/widgets/calendar/lv_calendar_header_arrow.c **** /**********************
  49:Middlewares/LVGL/lvgl/src/widgets/calendar/lv_calendar_header_arrow.c ****  *      MACROS
  50:Middlewares/LVGL/lvgl/src/widgets/calendar/lv_calendar_header_arrow.c ****  **********************/
  51:Middlewares/LVGL/lvgl/src/widgets/calendar/lv_calendar_header_arrow.c **** 
  52:Middlewares/LVGL/lvgl/src/widgets/calendar/lv_calendar_header_arrow.c **** /**********************
  53:Middlewares/LVGL/lvgl/src/widgets/calendar/lv_calendar_header_arrow.c ****  *   GLOBAL FUNCTIONS
  54:Middlewares/LVGL/lvgl/src/widgets/calendar/lv_calendar_header_arrow.c ****  **********************/
  55:Middlewares/LVGL/lvgl/src/widgets/calendar/lv_calendar_header_arrow.c **** 
  56:Middlewares/LVGL/lvgl/src/widgets/calendar/lv_calendar_header_arrow.c **** lv_obj_t * lv_calendar_add_header_arrow(lv_obj_t * parent)
  57:Middlewares/LVGL/lvgl/src/widgets/calendar/lv_calendar_header_arrow.c **** {
  58:Middlewares/LVGL/lvgl/src/widgets/calendar/lv_calendar_header_arrow.c ****     lv_obj_t * obj = lv_obj_class_create_obj(&lv_calendar_header_arrow_class, parent);
  59:Middlewares/LVGL/lvgl/src/widgets/calendar/lv_calendar_header_arrow.c ****     lv_obj_class_init_obj(obj);
  60:Middlewares/LVGL/lvgl/src/widgets/calendar/lv_calendar_header_arrow.c ****     return obj;
  61:Middlewares/LVGL/lvgl/src/widgets/calendar/lv_calendar_header_arrow.c **** }
  62:Middlewares/LVGL/lvgl/src/widgets/calendar/lv_calendar_header_arrow.c **** 
  63:Middlewares/LVGL/lvgl/src/widgets/calendar/lv_calendar_header_arrow.c **** /**********************
  64:Middlewares/LVGL/lvgl/src/widgets/calendar/lv_calendar_header_arrow.c ****  *  STATIC FUNCTIONS
  65:Middlewares/LVGL/lvgl/src/widgets/calendar/lv_calendar_header_arrow.c ****  **********************/
  66:Middlewares/LVGL/lvgl/src/widgets/calendar/lv_calendar_header_arrow.c **** 
  67:Middlewares/LVGL/lvgl/src/widgets/calendar/lv_calendar_header_arrow.c **** static void my_constructor(const lv_obj_class_t * class_p, lv_obj_t * obj)
  68:Middlewares/LVGL/lvgl/src/widgets/calendar/lv_calendar_header_arrow.c **** {
  36              		.loc 1 68 1 view -0
  37              		.cfi_startproc
  38              		@ args = 0, pretend = 0, frame = 0
  39              		@ frame_needed = 0, uses_anonymous_args = 0
  40              		.loc 1 68 1 is_stmt 0 view .LVU1
  41 0000 F8B5     		push	{r3, r4, r5, r6, r7, lr}
  42              	.LCFI0:
  43              		.cfi_def_cfa_offset 24
  44              		.cfi_offset 3, -24
  45              		.cfi_offset 4, -20
  46              		.cfi_offset 5, -16
  47              		.cfi_offset 6, -12
ARM GAS  C:\Users\w1785\AppData\Local\Temp\cclPilnO.s 			page 3


  48              		.cfi_offset 7, -8
  49              		.cfi_offset 14, -4
  50 0002 0C46     		mov	r4, r1
  69:Middlewares/LVGL/lvgl/src/widgets/calendar/lv_calendar_header_arrow.c ****     LV_TRACE_OBJ_CREATE("begin");
  51              		.loc 1 69 33 is_stmt 1 view .LVU2
  70:Middlewares/LVGL/lvgl/src/widgets/calendar/lv_calendar_header_arrow.c **** 
  71:Middlewares/LVGL/lvgl/src/widgets/calendar/lv_calendar_header_arrow.c ****     LV_UNUSED(class_p);
  52              		.loc 1 71 5 view .LVU3
  72:Middlewares/LVGL/lvgl/src/widgets/calendar/lv_calendar_header_arrow.c **** 
  73:Middlewares/LVGL/lvgl/src/widgets/calendar/lv_calendar_header_arrow.c ****     lv_obj_move_to_index(obj, 0);
  53              		.loc 1 73 5 view .LVU4
  54 0004 0021     		movs	r1, #0
  55              	.LVL1:
  56              		.loc 1 73 5 is_stmt 0 view .LVU5
  57 0006 2046     		mov	r0, r4
  58              	.LVL2:
  59              		.loc 1 73 5 view .LVU6
  60 0008 FFF7FEFF 		bl	lv_obj_move_to_index
  61              	.LVL3:
  74:Middlewares/LVGL/lvgl/src/widgets/calendar/lv_calendar_header_arrow.c **** 
  75:Middlewares/LVGL/lvgl/src/widgets/calendar/lv_calendar_header_arrow.c ****     lv_obj_set_flex_flow(obj, LV_FLEX_FLOW_ROW);
  62              		.loc 1 75 5 is_stmt 1 view .LVU7
  63 000c 0021     		movs	r1, #0
  64 000e 2046     		mov	r0, r4
  65 0010 FFF7FEFF 		bl	lv_obj_set_flex_flow
  66              	.LVL4:
  76:Middlewares/LVGL/lvgl/src/widgets/calendar/lv_calendar_header_arrow.c ****     lv_obj_set_flex_align(obj, LV_FLEX_ALIGN_START, LV_FLEX_ALIGN_CENTER, LV_FLEX_ALIGN_START);
  67              		.loc 1 76 5 view .LVU8
  68 0014 0023     		movs	r3, #0
  69 0016 0222     		movs	r2, #2
  70 0018 1946     		mov	r1, r3
  71 001a 2046     		mov	r0, r4
  72 001c FFF7FEFF 		bl	lv_obj_set_flex_align
  73              	.LVL5:
  77:Middlewares/LVGL/lvgl/src/widgets/calendar/lv_calendar_header_arrow.c **** 
  78:Middlewares/LVGL/lvgl/src/widgets/calendar/lv_calendar_header_arrow.c ****     lv_obj_t * mo_prev = lv_button_create(obj);
  74              		.loc 1 78 5 view .LVU9
  75              		.loc 1 78 26 is_stmt 0 view .LVU10
  76 0020 2046     		mov	r0, r4
  77 0022 FFF7FEFF 		bl	lv_button_create
  78              	.LVL6:
  79 0026 0546     		mov	r5, r0
  80              	.LVL7:
  79:Middlewares/LVGL/lvgl/src/widgets/calendar/lv_calendar_header_arrow.c ****     lv_obj_set_style_bg_image_src(mo_prev, LV_SYMBOL_LEFT, 0);
  81              		.loc 1 79 5 is_stmt 1 view .LVU11
  82 0028 0022     		movs	r2, #0
  83 002a 2949     		ldr	r1, .L3
  84 002c FFF7FEFF 		bl	lv_obj_set_style_bg_image_src
  85              	.LVL8:
  80:Middlewares/LVGL/lvgl/src/widgets/calendar/lv_calendar_header_arrow.c ****     lv_obj_set_height(mo_prev, lv_pct(100));
  86              		.loc 1 80 5 view .LVU12
  87 0030 6420     		movs	r0, #100
  88 0032 FFF7FEFF 		bl	lv_pct
  89              	.LVL9:
  90 0036 0146     		mov	r1, r0
  91              		.loc 1 80 5 is_stmt 0 discriminator 1 view .LVU13
  92 0038 2846     		mov	r0, r5
ARM GAS  C:\Users\w1785\AppData\Local\Temp\cclPilnO.s 			page 4


  93 003a FFF7FEFF 		bl	lv_obj_set_height
  94              	.LVL10:
  81:Middlewares/LVGL/lvgl/src/widgets/calendar/lv_calendar_header_arrow.c ****     lv_obj_update_layout(mo_prev);
  95              		.loc 1 81 5 is_stmt 1 view .LVU14
  96 003e 2846     		mov	r0, r5
  97 0040 FFF7FEFF 		bl	lv_obj_update_layout
  98              	.LVL11:
  82:Middlewares/LVGL/lvgl/src/widgets/calendar/lv_calendar_header_arrow.c ****     int32_t btn_size = lv_obj_get_height(mo_prev);
  99              		.loc 1 82 5 view .LVU15
 100              		.loc 1 82 24 is_stmt 0 view .LVU16
 101 0044 2846     		mov	r0, r5
 102 0046 FFF7FEFF 		bl	lv_obj_get_height
 103              	.LVL12:
 104 004a 0646     		mov	r6, r0
 105              	.LVL13:
  83:Middlewares/LVGL/lvgl/src/widgets/calendar/lv_calendar_header_arrow.c ****     lv_obj_set_width(mo_prev, btn_size);
 106              		.loc 1 83 5 is_stmt 1 view .LVU17
 107 004c 0146     		mov	r1, r0
 108 004e 2846     		mov	r0, r5
 109              	.LVL14:
 110              		.loc 1 83 5 is_stmt 0 view .LVU18
 111 0050 FFF7FEFF 		bl	lv_obj_set_width
 112              	.LVL15:
  84:Middlewares/LVGL/lvgl/src/widgets/calendar/lv_calendar_header_arrow.c **** 
  85:Middlewares/LVGL/lvgl/src/widgets/calendar/lv_calendar_header_arrow.c ****     lv_obj_add_event_cb(mo_prev, month_event_cb, LV_EVENT_CLICKED, NULL);
 113              		.loc 1 85 5 is_stmt 1 view .LVU19
 114 0054 1F4F     		ldr	r7, .L3+4
 115 0056 0023     		movs	r3, #0
 116 0058 0A22     		movs	r2, #10
 117 005a 3946     		mov	r1, r7
 118 005c 2846     		mov	r0, r5
 119 005e FFF7FEFF 		bl	lv_obj_add_event_cb
 120              	.LVL16:
  86:Middlewares/LVGL/lvgl/src/widgets/calendar/lv_calendar_header_arrow.c ****     lv_obj_remove_flag(mo_prev, LV_OBJ_FLAG_CLICK_FOCUSABLE);
 121              		.loc 1 86 5 view .LVU20
 122 0062 0421     		movs	r1, #4
 123 0064 2846     		mov	r0, r5
 124 0066 FFF7FEFF 		bl	lv_obj_remove_flag
 125              	.LVL17:
  87:Middlewares/LVGL/lvgl/src/widgets/calendar/lv_calendar_header_arrow.c **** 
  88:Middlewares/LVGL/lvgl/src/widgets/calendar/lv_calendar_header_arrow.c ****     lv_obj_t * label = lv_label_create(obj);
 126              		.loc 1 88 5 view .LVU21
 127              		.loc 1 88 24 is_stmt 0 view .LVU22
 128 006a 2046     		mov	r0, r4
 129 006c FFF7FEFF 		bl	lv_label_create
 130              	.LVL18:
 131 0070 0546     		mov	r5, r0
 132              	.LVL19:
  89:Middlewares/LVGL/lvgl/src/widgets/calendar/lv_calendar_header_arrow.c ****     lv_label_set_long_mode(label, LV_LABEL_LONG_MODE_SCROLL_CIRCULAR);
 133              		.loc 1 89 5 is_stmt 1 view .LVU23
 134 0072 0321     		movs	r1, #3
 135 0074 FFF7FEFF 		bl	lv_label_set_long_mode
 136              	.LVL20:
  90:Middlewares/LVGL/lvgl/src/widgets/calendar/lv_calendar_header_arrow.c ****     lv_obj_set_style_text_align(label, LV_TEXT_ALIGN_CENTER, 0);
 137              		.loc 1 90 5 view .LVU24
 138 0078 0022     		movs	r2, #0
 139 007a 0221     		movs	r1, #2
ARM GAS  C:\Users\w1785\AppData\Local\Temp\cclPilnO.s 			page 5


 140 007c 2846     		mov	r0, r5
 141 007e FFF7FEFF 		bl	lv_obj_set_style_text_align
 142              	.LVL21:
  91:Middlewares/LVGL/lvgl/src/widgets/calendar/lv_calendar_header_arrow.c ****     lv_obj_set_flex_grow(label, 1);
 143              		.loc 1 91 5 view .LVU25
 144 0082 0121     		movs	r1, #1
 145 0084 2846     		mov	r0, r5
 146 0086 FFF7FEFF 		bl	lv_obj_set_flex_grow
 147              	.LVL22:
  92:Middlewares/LVGL/lvgl/src/widgets/calendar/lv_calendar_header_arrow.c **** 
  93:Middlewares/LVGL/lvgl/src/widgets/calendar/lv_calendar_header_arrow.c ****     lv_obj_t * mo_next = lv_button_create(obj);
 148              		.loc 1 93 5 view .LVU26
 149              		.loc 1 93 26 is_stmt 0 view .LVU27
 150 008a 2046     		mov	r0, r4
 151 008c FFF7FEFF 		bl	lv_button_create
 152              	.LVL23:
 153 0090 0546     		mov	r5, r0
 154              	.LVL24:
  94:Middlewares/LVGL/lvgl/src/widgets/calendar/lv_calendar_header_arrow.c ****     lv_obj_set_style_bg_image_src(mo_next, LV_SYMBOL_RIGHT, 0);
 155              		.loc 1 94 5 is_stmt 1 view .LVU28
 156 0092 0022     		movs	r2, #0
 157 0094 1049     		ldr	r1, .L3+8
 158 0096 FFF7FEFF 		bl	lv_obj_set_style_bg_image_src
 159              	.LVL25:
  95:Middlewares/LVGL/lvgl/src/widgets/calendar/lv_calendar_header_arrow.c ****     lv_obj_set_size(mo_next, btn_size, btn_size);
 160              		.loc 1 95 5 view .LVU29
 161 009a 3246     		mov	r2, r6
 162 009c 3146     		mov	r1, r6
 163 009e 2846     		mov	r0, r5
 164 00a0 FFF7FEFF 		bl	lv_obj_set_size
 165              	.LVL26:
  96:Middlewares/LVGL/lvgl/src/widgets/calendar/lv_calendar_header_arrow.c **** 
  97:Middlewares/LVGL/lvgl/src/widgets/calendar/lv_calendar_header_arrow.c ****     lv_obj_add_event_cb(mo_next, month_event_cb, LV_EVENT_CLICKED, NULL);
 166              		.loc 1 97 5 view .LVU30
 167 00a4 0023     		movs	r3, #0
 168 00a6 0A22     		movs	r2, #10
 169 00a8 3946     		mov	r1, r7
 170 00aa 2846     		mov	r0, r5
 171 00ac FFF7FEFF 		bl	lv_obj_add_event_cb
 172              	.LVL27:
  98:Middlewares/LVGL/lvgl/src/widgets/calendar/lv_calendar_header_arrow.c ****     lv_obj_remove_flag(mo_next, LV_OBJ_FLAG_CLICK_FOCUSABLE);
 173              		.loc 1 98 5 view .LVU31
 174 00b0 0421     		movs	r1, #4
 175 00b2 2846     		mov	r0, r5
 176 00b4 FFF7FEFF 		bl	lv_obj_remove_flag
 177              	.LVL28:
  99:Middlewares/LVGL/lvgl/src/widgets/calendar/lv_calendar_header_arrow.c **** 
 100:Middlewares/LVGL/lvgl/src/widgets/calendar/lv_calendar_header_arrow.c ****     lv_obj_add_event_cb(obj, value_changed_event_cb, LV_EVENT_VALUE_CHANGED, NULL);
 178              		.loc 1 100 5 view .LVU32
 179 00b8 0023     		movs	r3, #0
 180 00ba 2322     		movs	r2, #35
 181 00bc 0749     		ldr	r1, .L3+12
 182 00be 2046     		mov	r0, r4
 183 00c0 FFF7FEFF 		bl	lv_obj_add_event_cb
 184              	.LVL29:
 101:Middlewares/LVGL/lvgl/src/widgets/calendar/lv_calendar_header_arrow.c ****     /*Refresh the drop downs*/
 102:Middlewares/LVGL/lvgl/src/widgets/calendar/lv_calendar_header_arrow.c ****     lv_obj_send_event(obj, LV_EVENT_VALUE_CHANGED, NULL);
ARM GAS  C:\Users\w1785\AppData\Local\Temp\cclPilnO.s 			page 6


 185              		.loc 1 102 5 view .LVU33
 186 00c4 0022     		movs	r2, #0
 187 00c6 2321     		movs	r1, #35
 188 00c8 2046     		mov	r0, r4
 189 00ca FFF7FEFF 		bl	lv_obj_send_event
 190              	.LVL30:
 103:Middlewares/LVGL/lvgl/src/widgets/calendar/lv_calendar_header_arrow.c **** }
 191              		.loc 1 103 1 is_stmt 0 view .LVU34
 192 00ce F8BD     		pop	{r3, r4, r5, r6, r7, pc}
 193              	.LVL31:
 194              	.L4:
 195              		.loc 1 103 1 view .LVU35
 196              		.align	2
 197              	.L3:
 198 00d0 00000000 		.word	.LC0
 199 00d4 00000000 		.word	month_event_cb
 200 00d8 04000000 		.word	.LC1
 201 00dc 00000000 		.word	value_changed_event_cb
 202              		.cfi_endproc
 203              	.LFE189:
 205              		.section	.rodata.value_changed_event_cb.str1.4,"aMS",%progbits,1
 206              		.align	2
 207              	.LC2:
 208 0000 25642025 		.ascii	"%d %s\000"
 208      7300
 209              		.section	.text.value_changed_event_cb,"ax",%progbits
 210              		.align	1
 211              		.syntax unified
 212              		.thumb
 213              		.thumb_func
 215              	value_changed_event_cb:
 216              	.LVL32:
 217              	.LFB191:
 104:Middlewares/LVGL/lvgl/src/widgets/calendar/lv_calendar_header_arrow.c **** 
 105:Middlewares/LVGL/lvgl/src/widgets/calendar/lv_calendar_header_arrow.c **** static void month_event_cb(lv_event_t * e)
 106:Middlewares/LVGL/lvgl/src/widgets/calendar/lv_calendar_header_arrow.c **** {
 107:Middlewares/LVGL/lvgl/src/widgets/calendar/lv_calendar_header_arrow.c ****     lv_obj_t * btn = lv_event_get_current_target(e);
 108:Middlewares/LVGL/lvgl/src/widgets/calendar/lv_calendar_header_arrow.c **** 
 109:Middlewares/LVGL/lvgl/src/widgets/calendar/lv_calendar_header_arrow.c ****     lv_obj_t * header = lv_obj_get_parent(btn);
 110:Middlewares/LVGL/lvgl/src/widgets/calendar/lv_calendar_header_arrow.c ****     lv_obj_t * calendar = lv_obj_get_parent(header);
 111:Middlewares/LVGL/lvgl/src/widgets/calendar/lv_calendar_header_arrow.c **** 
 112:Middlewares/LVGL/lvgl/src/widgets/calendar/lv_calendar_header_arrow.c ****     const lv_calendar_date_t * d;
 113:Middlewares/LVGL/lvgl/src/widgets/calendar/lv_calendar_header_arrow.c ****     d = lv_calendar_get_showed_date(calendar);
 114:Middlewares/LVGL/lvgl/src/widgets/calendar/lv_calendar_header_arrow.c ****     lv_calendar_date_t newd = *d;
 115:Middlewares/LVGL/lvgl/src/widgets/calendar/lv_calendar_header_arrow.c **** 
 116:Middlewares/LVGL/lvgl/src/widgets/calendar/lv_calendar_header_arrow.c ****     LV_ASSERT_FORMAT_MSG(newd.month >= 1 && newd.month <= 12,
 117:Middlewares/LVGL/lvgl/src/widgets/calendar/lv_calendar_header_arrow.c ****                          "Invalid month: %d (expected 1-12)", newd.month);
 118:Middlewares/LVGL/lvgl/src/widgets/calendar/lv_calendar_header_arrow.c **** 
 119:Middlewares/LVGL/lvgl/src/widgets/calendar/lv_calendar_header_arrow.c ****     /*The last child is the right button*/
 120:Middlewares/LVGL/lvgl/src/widgets/calendar/lv_calendar_header_arrow.c ****     if(lv_obj_get_child(header, 0) == btn) {
 121:Middlewares/LVGL/lvgl/src/widgets/calendar/lv_calendar_header_arrow.c ****         if(newd.month == 1) {
 122:Middlewares/LVGL/lvgl/src/widgets/calendar/lv_calendar_header_arrow.c ****             newd.month = 12;
 123:Middlewares/LVGL/lvgl/src/widgets/calendar/lv_calendar_header_arrow.c ****             newd.year --;
 124:Middlewares/LVGL/lvgl/src/widgets/calendar/lv_calendar_header_arrow.c ****         }
 125:Middlewares/LVGL/lvgl/src/widgets/calendar/lv_calendar_header_arrow.c ****         else {
 126:Middlewares/LVGL/lvgl/src/widgets/calendar/lv_calendar_header_arrow.c ****             newd.month --;
 127:Middlewares/LVGL/lvgl/src/widgets/calendar/lv_calendar_header_arrow.c ****         }
ARM GAS  C:\Users\w1785\AppData\Local\Temp\cclPilnO.s 			page 7


 128:Middlewares/LVGL/lvgl/src/widgets/calendar/lv_calendar_header_arrow.c ****     }
 129:Middlewares/LVGL/lvgl/src/widgets/calendar/lv_calendar_header_arrow.c ****     else {
 130:Middlewares/LVGL/lvgl/src/widgets/calendar/lv_calendar_header_arrow.c ****         if(newd.month == 12) {
 131:Middlewares/LVGL/lvgl/src/widgets/calendar/lv_calendar_header_arrow.c ****             newd.month = 1;
 132:Middlewares/LVGL/lvgl/src/widgets/calendar/lv_calendar_header_arrow.c ****             newd.year ++;
 133:Middlewares/LVGL/lvgl/src/widgets/calendar/lv_calendar_header_arrow.c ****         }
 134:Middlewares/LVGL/lvgl/src/widgets/calendar/lv_calendar_header_arrow.c ****         else {
 135:Middlewares/LVGL/lvgl/src/widgets/calendar/lv_calendar_header_arrow.c ****             newd.month ++;
 136:Middlewares/LVGL/lvgl/src/widgets/calendar/lv_calendar_header_arrow.c ****         }
 137:Middlewares/LVGL/lvgl/src/widgets/calendar/lv_calendar_header_arrow.c ****     }
 138:Middlewares/LVGL/lvgl/src/widgets/calendar/lv_calendar_header_arrow.c **** 
 139:Middlewares/LVGL/lvgl/src/widgets/calendar/lv_calendar_header_arrow.c ****     lv_calendar_set_month_shown(calendar, newd.year, newd.month);
 140:Middlewares/LVGL/lvgl/src/widgets/calendar/lv_calendar_header_arrow.c **** 
 141:Middlewares/LVGL/lvgl/src/widgets/calendar/lv_calendar_header_arrow.c ****     lv_obj_t * label = lv_obj_get_child(header, 1);
 142:Middlewares/LVGL/lvgl/src/widgets/calendar/lv_calendar_header_arrow.c ****     lv_label_set_text_fmt(label, "%d %s", newd.year, month_names_def[newd.month - 1]);
 143:Middlewares/LVGL/lvgl/src/widgets/calendar/lv_calendar_header_arrow.c **** }
 144:Middlewares/LVGL/lvgl/src/widgets/calendar/lv_calendar_header_arrow.c **** 
 145:Middlewares/LVGL/lvgl/src/widgets/calendar/lv_calendar_header_arrow.c **** static void value_changed_event_cb(lv_event_t * e)
 146:Middlewares/LVGL/lvgl/src/widgets/calendar/lv_calendar_header_arrow.c **** {
 218              		.loc 1 146 1 is_stmt 1 view -0
 219              		.cfi_startproc
 220              		@ args = 0, pretend = 0, frame = 0
 221              		@ frame_needed = 0, uses_anonymous_args = 0
 222              		.loc 1 146 1 is_stmt 0 view .LVU37
 223 0000 38B5     		push	{r3, r4, r5, lr}
 224              	.LCFI1:
 225              		.cfi_def_cfa_offset 16
 226              		.cfi_offset 3, -16
 227              		.cfi_offset 4, -12
 228              		.cfi_offset 5, -8
 229              		.cfi_offset 14, -4
 147:Middlewares/LVGL/lvgl/src/widgets/calendar/lv_calendar_header_arrow.c ****     lv_obj_t * header = lv_event_get_current_target(e);
 230              		.loc 1 147 5 is_stmt 1 view .LVU38
 231              		.loc 1 147 25 is_stmt 0 view .LVU39
 232 0002 FFF7FEFF 		bl	lv_event_get_current_target
 233              	.LVL33:
 234              		.loc 1 147 25 view .LVU40
 235 0006 0546     		mov	r5, r0
 236              	.LVL34:
 148:Middlewares/LVGL/lvgl/src/widgets/calendar/lv_calendar_header_arrow.c ****     lv_obj_t * calendar = lv_obj_get_parent(header);
 237              		.loc 1 148 5 is_stmt 1 view .LVU41
 238              		.loc 1 148 27 is_stmt 0 view .LVU42
 239 0008 FFF7FEFF 		bl	lv_obj_get_parent
 240              	.LVL35:
 149:Middlewares/LVGL/lvgl/src/widgets/calendar/lv_calendar_header_arrow.c **** 
 150:Middlewares/LVGL/lvgl/src/widgets/calendar/lv_calendar_header_arrow.c ****     const lv_calendar_date_t * date = lv_calendar_get_showed_date(calendar);
 241              		.loc 1 150 5 is_stmt 1 view .LVU43
 242              		.loc 1 150 39 is_stmt 0 view .LVU44
 243 000c FFF7FEFF 		bl	lv_calendar_get_showed_date
 244              	.LVL36:
 151:Middlewares/LVGL/lvgl/src/widgets/calendar/lv_calendar_header_arrow.c ****     LV_ASSERT_FORMAT_MSG(date->month >= 1 && date->month <= 12,
 245              		.loc 1 151 5 is_stmt 1 view .LVU45
 246              		.loc 1 151 5 view .LVU46
 247 0010 8378     		ldrb	r3, [r0, #2]	@ zero_extendqisi2
 248 0012 013B     		subs	r3, r3, #1
 249 0014 DBB2     		uxtb	r3, r3
 250 0016 0B2B     		cmp	r3, #11
ARM GAS  C:\Users\w1785\AppData\Local\Temp\cclPilnO.s 			page 8


 251 0018 00D9     		bls	.L6
 252              	.L7:
 253              		.loc 1 151 5 view .LVU47
 254              		.loc 1 151 5 view .LVU48
 255              		.loc 1 151 5 view .LVU49
 256              		.loc 1 151 5 view .LVU50
 257              		.loc 1 151 5 view .LVU51
 258 001a FEE7     		b	.L7
 259              	.L6:
 260 001c 0446     		mov	r4, r0
 261              		.loc 1 151 5 view .LVU52
 152:Middlewares/LVGL/lvgl/src/widgets/calendar/lv_calendar_header_arrow.c ****                          "Invalid month: %d (expected 1-12)", date->month);
 153:Middlewares/LVGL/lvgl/src/widgets/calendar/lv_calendar_header_arrow.c **** 
 154:Middlewares/LVGL/lvgl/src/widgets/calendar/lv_calendar_header_arrow.c ****     lv_obj_t * label = lv_obj_get_child(header, 1);
 262              		.loc 1 154 5 view .LVU53
 263              		.loc 1 154 24 is_stmt 0 view .LVU54
 264 001e 0121     		movs	r1, #1
 265 0020 2846     		mov	r0, r5
 266              	.LVL37:
 267              		.loc 1 154 24 view .LVU55
 268 0022 FFF7FEFF 		bl	lv_obj_get_child
 269              	.LVL38:
 155:Middlewares/LVGL/lvgl/src/widgets/calendar/lv_calendar_header_arrow.c ****     lv_label_set_text_fmt(label, "%d %s", date->year, month_names_def[date->month - 1]);
 270              		.loc 1 155 5 is_stmt 1 view .LVU56
 271              		.loc 1 155 75 is_stmt 0 view .LVU57
 272 0026 A378     		ldrb	r3, [r4, #2]	@ zero_extendqisi2
 273              		.loc 1 155 83 view .LVU58
 274 0028 013B     		subs	r3, r3, #1
 275              		.loc 1 155 5 view .LVU59
 276 002a 044A     		ldr	r2, .L9
 277 002c 52F82330 		ldr	r3, [r2, r3, lsl #2]
 278 0030 2288     		ldrh	r2, [r4]
 279 0032 0349     		ldr	r1, .L9+4
 280 0034 FFF7FEFF 		bl	lv_label_set_text_fmt
 281              	.LVL39:
 156:Middlewares/LVGL/lvgl/src/widgets/calendar/lv_calendar_header_arrow.c **** }
 282              		.loc 1 156 1 view .LVU60
 283 0038 38BD     		pop	{r3, r4, r5, pc}
 284              	.LVL40:
 285              	.L10:
 286              		.loc 1 156 1 view .LVU61
 287 003a 00BF     		.align	2
 288              	.L9:
 289 003c 00000000 		.word	month_names_def
 290 0040 00000000 		.word	.LC2
 291              		.cfi_endproc
 292              	.LFE191:
 294              		.section	.text.month_event_cb,"ax",%progbits
 295              		.align	1
 296              		.syntax unified
 297              		.thumb
 298              		.thumb_func
 300              	month_event_cb:
 301              	.LVL41:
 302              	.LFB190:
 106:Middlewares/LVGL/lvgl/src/widgets/calendar/lv_calendar_header_arrow.c ****     lv_obj_t * btn = lv_event_get_current_target(e);
 303              		.loc 1 106 1 is_stmt 1 view -0
ARM GAS  C:\Users\w1785\AppData\Local\Temp\cclPilnO.s 			page 9


 304              		.cfi_startproc
 305              		@ args = 0, pretend = 0, frame = 8
 306              		@ frame_needed = 0, uses_anonymous_args = 0
 106:Middlewares/LVGL/lvgl/src/widgets/calendar/lv_calendar_header_arrow.c ****     lv_obj_t * btn = lv_event_get_current_target(e);
 307              		.loc 1 106 1 is_stmt 0 view .LVU63
 308 0000 2DE9F041 		push	{r4, r5, r6, r7, r8, lr}
 309              	.LCFI2:
 310              		.cfi_def_cfa_offset 24
 311              		.cfi_offset 4, -24
 312              		.cfi_offset 5, -20
 313              		.cfi_offset 6, -16
 314              		.cfi_offset 7, -12
 315              		.cfi_offset 8, -8
 316              		.cfi_offset 14, -4
 317 0004 82B0     		sub	sp, sp, #8
 318              	.LCFI3:
 319              		.cfi_def_cfa_offset 32
 107:Middlewares/LVGL/lvgl/src/widgets/calendar/lv_calendar_header_arrow.c **** 
 320              		.loc 1 107 5 is_stmt 1 view .LVU64
 107:Middlewares/LVGL/lvgl/src/widgets/calendar/lv_calendar_header_arrow.c **** 
 321              		.loc 1 107 22 is_stmt 0 view .LVU65
 322 0006 FFF7FEFF 		bl	lv_event_get_current_target
 323              	.LVL42:
 107:Middlewares/LVGL/lvgl/src/widgets/calendar/lv_calendar_header_arrow.c **** 
 324              		.loc 1 107 22 view .LVU66
 325 000a 8046     		mov	r8, r0
 326              	.LVL43:
 109:Middlewares/LVGL/lvgl/src/widgets/calendar/lv_calendar_header_arrow.c ****     lv_obj_t * calendar = lv_obj_get_parent(header);
 327              		.loc 1 109 5 is_stmt 1 view .LVU67
 109:Middlewares/LVGL/lvgl/src/widgets/calendar/lv_calendar_header_arrow.c ****     lv_obj_t * calendar = lv_obj_get_parent(header);
 328              		.loc 1 109 25 is_stmt 0 view .LVU68
 329 000c FFF7FEFF 		bl	lv_obj_get_parent
 330              	.LVL44:
 109:Middlewares/LVGL/lvgl/src/widgets/calendar/lv_calendar_header_arrow.c ****     lv_obj_t * calendar = lv_obj_get_parent(header);
 331              		.loc 1 109 25 view .LVU69
 332 0010 0546     		mov	r5, r0
 333              	.LVL45:
 110:Middlewares/LVGL/lvgl/src/widgets/calendar/lv_calendar_header_arrow.c **** 
 334              		.loc 1 110 5 is_stmt 1 view .LVU70
 110:Middlewares/LVGL/lvgl/src/widgets/calendar/lv_calendar_header_arrow.c **** 
 335              		.loc 1 110 27 is_stmt 0 view .LVU71
 336 0012 FFF7FEFF 		bl	lv_obj_get_parent
 337              	.LVL46:
 110:Middlewares/LVGL/lvgl/src/widgets/calendar/lv_calendar_header_arrow.c **** 
 338              		.loc 1 110 27 view .LVU72
 339 0016 0746     		mov	r7, r0
 340              	.LVL47:
 112:Middlewares/LVGL/lvgl/src/widgets/calendar/lv_calendar_header_arrow.c ****     d = lv_calendar_get_showed_date(calendar);
 341              		.loc 1 112 5 is_stmt 1 view .LVU73
 113:Middlewares/LVGL/lvgl/src/widgets/calendar/lv_calendar_header_arrow.c ****     lv_calendar_date_t newd = *d;
 342              		.loc 1 113 5 view .LVU74
 113:Middlewares/LVGL/lvgl/src/widgets/calendar/lv_calendar_header_arrow.c ****     lv_calendar_date_t newd = *d;
 343              		.loc 1 113 9 is_stmt 0 view .LVU75
 344 0018 FFF7FEFF 		bl	lv_calendar_get_showed_date
 345              	.LVL48:
 114:Middlewares/LVGL/lvgl/src/widgets/calendar/lv_calendar_header_arrow.c **** 
 346              		.loc 1 114 5 is_stmt 1 view .LVU76
ARM GAS  C:\Users\w1785\AppData\Local\Temp\cclPilnO.s 			page 10


 114:Middlewares/LVGL/lvgl/src/widgets/calendar/lv_calendar_header_arrow.c **** 
 347              		.loc 1 114 24 is_stmt 0 view .LVU77
 348 001c 0068     		ldr	r0, [r0]	@ unaligned
 349              	.LVL49:
 114:Middlewares/LVGL/lvgl/src/widgets/calendar/lv_calendar_header_arrow.c **** 
 350              		.loc 1 114 24 view .LVU78
 351 001e 0190     		str	r0, [sp, #4]
 116:Middlewares/LVGL/lvgl/src/widgets/calendar/lv_calendar_header_arrow.c ****                          "Invalid month: %d (expected 1-12)", newd.month);
 352              		.loc 1 116 5 is_stmt 1 view .LVU79
 116:Middlewares/LVGL/lvgl/src/widgets/calendar/lv_calendar_header_arrow.c ****                          "Invalid month: %d (expected 1-12)", newd.month);
 353              		.loc 1 116 5 view .LVU80
 354 0020 9DF80660 		ldrb	r6, [sp, #6]	@ zero_extendqisi2
 355 0024 741E     		subs	r4, r6, #1
 356 0026 E4B2     		uxtb	r4, r4
 357 0028 0B2C     		cmp	r4, #11
 358 002a 00D9     		bls	.L12
 359              	.L13:
 116:Middlewares/LVGL/lvgl/src/widgets/calendar/lv_calendar_header_arrow.c ****                          "Invalid month: %d (expected 1-12)", newd.month);
 360              		.loc 1 116 5 view .LVU81
 116:Middlewares/LVGL/lvgl/src/widgets/calendar/lv_calendar_header_arrow.c ****                          "Invalid month: %d (expected 1-12)", newd.month);
 361              		.loc 1 116 5 view .LVU82
 116:Middlewares/LVGL/lvgl/src/widgets/calendar/lv_calendar_header_arrow.c ****                          "Invalid month: %d (expected 1-12)", newd.month);
 362              		.loc 1 116 5 view .LVU83
 116:Middlewares/LVGL/lvgl/src/widgets/calendar/lv_calendar_header_arrow.c ****                          "Invalid month: %d (expected 1-12)", newd.month);
 363              		.loc 1 116 5 view .LVU84
 116:Middlewares/LVGL/lvgl/src/widgets/calendar/lv_calendar_header_arrow.c ****                          "Invalid month: %d (expected 1-12)", newd.month);
 364              		.loc 1 116 5 view .LVU85
 365 002c FEE7     		b	.L13
 366              	.L12:
 116:Middlewares/LVGL/lvgl/src/widgets/calendar/lv_calendar_header_arrow.c ****                          "Invalid month: %d (expected 1-12)", newd.month);
 367              		.loc 1 116 5 view .LVU86
 120:Middlewares/LVGL/lvgl/src/widgets/calendar/lv_calendar_header_arrow.c ****         if(newd.month == 1) {
 368              		.loc 1 120 5 view .LVU87
 120:Middlewares/LVGL/lvgl/src/widgets/calendar/lv_calendar_header_arrow.c ****         if(newd.month == 1) {
 369              		.loc 1 120 8 is_stmt 0 view .LVU88
 370 002e 0021     		movs	r1, #0
 371 0030 2846     		mov	r0, r5
 372 0032 FFF7FEFF 		bl	lv_obj_get_child
 373              	.LVL50:
 120:Middlewares/LVGL/lvgl/src/widgets/calendar/lv_calendar_header_arrow.c ****         if(newd.month == 1) {
 374              		.loc 1 120 7 discriminator 1 view .LVU89
 375 0036 8045     		cmp	r8, r0
 376 0038 1CD0     		beq	.L19
 130:Middlewares/LVGL/lvgl/src/widgets/calendar/lv_calendar_header_arrow.c ****             newd.month = 1;
 377              		.loc 1 130 9 is_stmt 1 view .LVU90
 130:Middlewares/LVGL/lvgl/src/widgets/calendar/lv_calendar_header_arrow.c ****             newd.month = 1;
 378              		.loc 1 130 11 is_stmt 0 view .LVU91
 379 003a 0C2E     		cmp	r6, #12
 380 003c 28D0     		beq	.L20
 135:Middlewares/LVGL/lvgl/src/widgets/calendar/lv_calendar_header_arrow.c ****         }
 381              		.loc 1 135 13 is_stmt 1 view .LVU92
 135:Middlewares/LVGL/lvgl/src/widgets/calendar/lv_calendar_header_arrow.c ****         }
 382              		.loc 1 135 24 is_stmt 0 view .LVU93
 383 003e 0136     		adds	r6, r6, #1
 384 0040 8DF80660 		strb	r6, [sp, #6]
 385              	.L16:
 139:Middlewares/LVGL/lvgl/src/widgets/calendar/lv_calendar_header_arrow.c **** 
ARM GAS  C:\Users\w1785\AppData\Local\Temp\cclPilnO.s 			page 11


 386              		.loc 1 139 5 is_stmt 1 view .LVU94
 139:Middlewares/LVGL/lvgl/src/widgets/calendar/lv_calendar_header_arrow.c **** 
 387              		.loc 1 139 47 is_stmt 0 view .LVU95
 388 0044 BDF80460 		ldrh	r6, [sp, #4]
 139:Middlewares/LVGL/lvgl/src/widgets/calendar/lv_calendar_header_arrow.c **** 
 389              		.loc 1 139 58 view .LVU96
 390 0048 9DF80640 		ldrb	r4, [sp, #6]	@ zero_extendqisi2
 139:Middlewares/LVGL/lvgl/src/widgets/calendar/lv_calendar_header_arrow.c **** 
 391              		.loc 1 139 5 view .LVU97
 392 004c 2246     		mov	r2, r4
 393 004e 3146     		mov	r1, r6
 394 0050 3846     		mov	r0, r7
 395 0052 FFF7FEFF 		bl	lv_calendar_set_month_shown
 396              	.LVL51:
 141:Middlewares/LVGL/lvgl/src/widgets/calendar/lv_calendar_header_arrow.c ****     lv_label_set_text_fmt(label, "%d %s", newd.year, month_names_def[newd.month - 1]);
 397              		.loc 1 141 5 is_stmt 1 view .LVU98
 141:Middlewares/LVGL/lvgl/src/widgets/calendar/lv_calendar_header_arrow.c ****     lv_label_set_text_fmt(label, "%d %s", newd.year, month_names_def[newd.month - 1]);
 398              		.loc 1 141 24 is_stmt 0 view .LVU99
 399 0056 0121     		movs	r1, #1
 400 0058 2846     		mov	r0, r5
 401 005a FFF7FEFF 		bl	lv_obj_get_child
 402              	.LVL52:
 142:Middlewares/LVGL/lvgl/src/widgets/calendar/lv_calendar_header_arrow.c **** }
 403              		.loc 1 142 5 is_stmt 1 view .LVU100
 142:Middlewares/LVGL/lvgl/src/widgets/calendar/lv_calendar_header_arrow.c **** }
 404              		.loc 1 142 81 is_stmt 0 view .LVU101
 405 005e 013C     		subs	r4, r4, #1
 142:Middlewares/LVGL/lvgl/src/widgets/calendar/lv_calendar_header_arrow.c **** }
 406              		.loc 1 142 5 view .LVU102
 407 0060 104B     		ldr	r3, .L22
 408 0062 53F82430 		ldr	r3, [r3, r4, lsl #2]
 409 0066 3246     		mov	r2, r6
 410 0068 0F49     		ldr	r1, .L22+4
 411 006a FFF7FEFF 		bl	lv_label_set_text_fmt
 412              	.LVL53:
 143:Middlewares/LVGL/lvgl/src/widgets/calendar/lv_calendar_header_arrow.c **** 
 413              		.loc 1 143 1 view .LVU103
 414 006e 02B0     		add	sp, sp, #8
 415              	.LCFI4:
 416              		.cfi_remember_state
 417              		.cfi_def_cfa_offset 24
 418              		@ sp needed
 419 0070 BDE8F081 		pop	{r4, r5, r6, r7, r8, pc}
 420              	.LVL54:
 421              	.L19:
 422              	.LCFI5:
 423              		.cfi_restore_state
 121:Middlewares/LVGL/lvgl/src/widgets/calendar/lv_calendar_header_arrow.c ****             newd.month = 12;
 424              		.loc 1 121 9 is_stmt 1 view .LVU104
 121:Middlewares/LVGL/lvgl/src/widgets/calendar/lv_calendar_header_arrow.c ****             newd.month = 12;
 425              		.loc 1 121 11 is_stmt 0 view .LVU105
 426 0074 012E     		cmp	r6, #1
 427 0076 02D0     		beq	.L21
 126:Middlewares/LVGL/lvgl/src/widgets/calendar/lv_calendar_header_arrow.c ****         }
 428              		.loc 1 126 13 is_stmt 1 view .LVU106
 126:Middlewares/LVGL/lvgl/src/widgets/calendar/lv_calendar_header_arrow.c ****         }
 429              		.loc 1 126 24 is_stmt 0 view .LVU107
ARM GAS  C:\Users\w1785\AppData\Local\Temp\cclPilnO.s 			page 12


 430 0078 8DF80640 		strb	r4, [sp, #6]
 431 007c E2E7     		b	.L16
 432              	.L21:
 122:Middlewares/LVGL/lvgl/src/widgets/calendar/lv_calendar_header_arrow.c ****             newd.year --;
 433              		.loc 1 122 13 is_stmt 1 view .LVU108
 122:Middlewares/LVGL/lvgl/src/widgets/calendar/lv_calendar_header_arrow.c ****             newd.year --;
 434              		.loc 1 122 24 is_stmt 0 view .LVU109
 435 007e 0C23     		movs	r3, #12
 436 0080 8DF80630 		strb	r3, [sp, #6]
 123:Middlewares/LVGL/lvgl/src/widgets/calendar/lv_calendar_header_arrow.c ****         }
 437              		.loc 1 123 13 is_stmt 1 view .LVU110
 123:Middlewares/LVGL/lvgl/src/widgets/calendar/lv_calendar_header_arrow.c ****         }
 438              		.loc 1 123 17 is_stmt 0 view .LVU111
 439 0084 BDF80430 		ldrh	r3, [sp, #4]
 123:Middlewares/LVGL/lvgl/src/widgets/calendar/lv_calendar_header_arrow.c ****         }
 440              		.loc 1 123 23 view .LVU112
 441 0088 013B     		subs	r3, r3, #1
 442 008a ADF80430 		strh	r3, [sp, #4]	@ movhi
 443 008e D9E7     		b	.L16
 444              	.L20:
 131:Middlewares/LVGL/lvgl/src/widgets/calendar/lv_calendar_header_arrow.c ****             newd.year ++;
 445              		.loc 1 131 13 is_stmt 1 view .LVU113
 131:Middlewares/LVGL/lvgl/src/widgets/calendar/lv_calendar_header_arrow.c ****             newd.year ++;
 446              		.loc 1 131 24 is_stmt 0 view .LVU114
 447 0090 0123     		movs	r3, #1
 448 0092 8DF80630 		strb	r3, [sp, #6]
 132:Middlewares/LVGL/lvgl/src/widgets/calendar/lv_calendar_header_arrow.c ****         }
 449              		.loc 1 132 13 is_stmt 1 view .LVU115
 132:Middlewares/LVGL/lvgl/src/widgets/calendar/lv_calendar_header_arrow.c ****         }
 450              		.loc 1 132 17 is_stmt 0 view .LVU116
 451 0096 BDF80430 		ldrh	r3, [sp, #4]
 132:Middlewares/LVGL/lvgl/src/widgets/calendar/lv_calendar_header_arrow.c ****         }
 452              		.loc 1 132 23 view .LVU117
 453 009a 0133     		adds	r3, r3, #1
 454 009c ADF80430 		strh	r3, [sp, #4]	@ movhi
 455 00a0 D0E7     		b	.L16
 456              	.L23:
 457 00a2 00BF     		.align	2
 458              	.L22:
 459 00a4 00000000 		.word	month_names_def
 460 00a8 00000000 		.word	.LC2
 461              		.cfi_endproc
 462              	.LFE190:
 464              		.section	.text.lv_calendar_add_header_arrow,"ax",%progbits
 465              		.align	1
 466              		.global	lv_calendar_add_header_arrow
 467              		.syntax unified
 468              		.thumb
 469              		.thumb_func
 471              	lv_calendar_add_header_arrow:
 472              	.LVL55:
 473              	.LFB188:
  57:Middlewares/LVGL/lvgl/src/widgets/calendar/lv_calendar_header_arrow.c ****     lv_obj_t * obj = lv_obj_class_create_obj(&lv_calendar_header_arrow_class, parent);
 474              		.loc 1 57 1 is_stmt 1 view -0
 475              		.cfi_startproc
 476              		@ args = 0, pretend = 0, frame = 0
 477              		@ frame_needed = 0, uses_anonymous_args = 0
ARM GAS  C:\Users\w1785\AppData\Local\Temp\cclPilnO.s 			page 13


  57:Middlewares/LVGL/lvgl/src/widgets/calendar/lv_calendar_header_arrow.c ****     lv_obj_t * obj = lv_obj_class_create_obj(&lv_calendar_header_arrow_class, parent);
 478              		.loc 1 57 1 is_stmt 0 view .LVU119
 479 0000 10B5     		push	{r4, lr}
 480              	.LCFI6:
 481              		.cfi_def_cfa_offset 8
 482              		.cfi_offset 4, -8
 483              		.cfi_offset 14, -4
 484 0002 0146     		mov	r1, r0
  58:Middlewares/LVGL/lvgl/src/widgets/calendar/lv_calendar_header_arrow.c ****     lv_obj_class_init_obj(obj);
 485              		.loc 1 58 5 is_stmt 1 view .LVU120
  58:Middlewares/LVGL/lvgl/src/widgets/calendar/lv_calendar_header_arrow.c ****     lv_obj_class_init_obj(obj);
 486              		.loc 1 58 22 is_stmt 0 view .LVU121
 487 0004 0348     		ldr	r0, .L26
 488              	.LVL56:
  58:Middlewares/LVGL/lvgl/src/widgets/calendar/lv_calendar_header_arrow.c ****     lv_obj_class_init_obj(obj);
 489              		.loc 1 58 22 view .LVU122
 490 0006 FFF7FEFF 		bl	lv_obj_class_create_obj
 491              	.LVL57:
  58:Middlewares/LVGL/lvgl/src/widgets/calendar/lv_calendar_header_arrow.c ****     lv_obj_class_init_obj(obj);
 492              		.loc 1 58 22 view .LVU123
 493 000a 0446     		mov	r4, r0
 494              	.LVL58:
  59:Middlewares/LVGL/lvgl/src/widgets/calendar/lv_calendar_header_arrow.c ****     return obj;
 495              		.loc 1 59 5 is_stmt 1 view .LVU124
 496 000c FFF7FEFF 		bl	lv_obj_class_init_obj
 497              	.LVL59:
  60:Middlewares/LVGL/lvgl/src/widgets/calendar/lv_calendar_header_arrow.c **** }
 498              		.loc 1 60 5 view .LVU125
  61:Middlewares/LVGL/lvgl/src/widgets/calendar/lv_calendar_header_arrow.c **** 
 499              		.loc 1 61 1 is_stmt 0 view .LVU126
 500 0010 2046     		mov	r0, r4
 501 0012 10BD     		pop	{r4, pc}
 502              	.LVL60:
 503              	.L27:
  61:Middlewares/LVGL/lvgl/src/widgets/calendar/lv_calendar_header_arrow.c **** 
 504              		.loc 1 61 1 view .LVU127
 505              		.align	2
 506              	.L26:
 507 0014 00000000 		.word	lv_calendar_header_arrow_class
 508              		.cfi_endproc
 509              	.LFE188:
 511              		.section	.rodata.str1.4,"aMS",%progbits,1
 512              		.align	2
 513              	.LC3:
 514 0000 4A616E75 		.ascii	"January\000"
 514      61727900 
 515              		.align	2
 516              	.LC4:
 517 0008 46656272 		.ascii	"February\000"
 517      75617279 
 517      00
 518 0011 000000   		.align	2
 519              	.LC5:
 520 0014 4D617263 		.ascii	"March\000"
 520      6800
 521 001a 0000     		.align	2
 522              	.LC6:
ARM GAS  C:\Users\w1785\AppData\Local\Temp\cclPilnO.s 			page 14


 523 001c 41707269 		.ascii	"April\000"
 523      6C00
 524 0022 0000     		.align	2
 525              	.LC7:
 526 0024 4D617900 		.ascii	"May\000"
 527              		.align	2
 528              	.LC8:
 529 0028 4A756E65 		.ascii	"June\000"
 529      00
 530 002d 000000   		.align	2
 531              	.LC9:
 532 0030 4A756C79 		.ascii	"July\000"
 532      00
 533 0035 000000   		.align	2
 534              	.LC10:
 535 0038 41756775 		.ascii	"August\000"
 535      737400
 536 003f 00       		.align	2
 537              	.LC11:
 538 0040 53657074 		.ascii	"September\000"
 538      656D6265 
 538      7200
 539 004a 0000     		.align	2
 540              	.LC12:
 541 004c 4F63746F 		.ascii	"October\000"
 541      62657200 
 542              		.align	2
 543              	.LC13:
 544 0054 4E6F7665 		.ascii	"November\000"
 544      6D626572 
 544      00
 545 005d 000000   		.align	2
 546              	.LC14:
 547 0060 44656365 		.ascii	"December\000"
 547      6D626572 
 547      00
 548              		.section	.rodata.month_names_def,"a"
 549              		.align	2
 552              	month_names_def:
 553 0000 00000000 		.word	.LC3
 554 0004 08000000 		.word	.LC4
 555 0008 14000000 		.word	.LC5
 556 000c 1C000000 		.word	.LC6
 557 0010 24000000 		.word	.LC7
 558 0014 28000000 		.word	.LC8
 559 0018 30000000 		.word	.LC9
 560 001c 38000000 		.word	.LC10
 561 0020 40000000 		.word	.LC11
 562 0024 4C000000 		.word	.LC12
 563 0028 54000000 		.word	.LC13
 564 002c 60000000 		.word	.LC14
 565              		.global	lv_calendar_header_arrow_class
 566              		.section	.rodata.str1.4
 567 0069 000000   		.align	2
 568              	.LC15:
 569 006c 6C765F63 		.ascii	"lv_calendar_header_arrow\000"
 569      616C656E 
ARM GAS  C:\Users\w1785\AppData\Local\Temp\cclPilnO.s 			page 15


 569      6461725F 
 569      68656164 
 569      65725F61 
 570              		.section	.rodata.lv_calendar_header_arrow_class,"a"
 571              		.align	2
 574              	lv_calendar_header_arrow_class:
 575 0000 00000000 		.word	lv_obj_class
 576 0004 00000000 		.word	my_constructor
 577 0008 00000000 		.space	12
 577      00000000 
 577      00000000 
 578 0014 6C000000 		.word	.LC15
 579 0018 64000020 		.word	536871012
 580 001c 2B000000 		.word	43
 581 0020 00000000 		.space	4
 582              		.text
 583              	.Letext0:
 584              		.file 2 "D:\\STM32CubeIDE\\STM32CubeIDE_2.1.1\\STM32CubeIDE\\plugins\\com.st.stm32cube.ide.mcu.ext
 585              		.file 3 "D:\\STM32CubeIDE\\STM32CubeIDE_2.1.1\\STM32CubeIDE\\plugins\\com.st.stm32cube.ide.mcu.ext
 586              		.file 4 "Middlewares/LVGL/lvgl/src/widgets/calendar/../../core/../misc/lv_types.h"
 587              		.file 5 "Middlewares/LVGL/lvgl/src/widgets/calendar/../../core/lv_obj_class_private.h"
 588              		.file 6 "Middlewares/LVGL/lvgl/src/widgets/calendar/../../core/../misc/lv_text.h"
 589              		.file 7 "Middlewares/LVGL/lvgl/src/widgets/calendar/../../core/../misc/../layouts/flex/lv_flex.h"
 590              		.file 8 "Middlewares/LVGL/lvgl/src/widgets/calendar/../../core/lv_obj_style.h"
 591              		.file 9 "Middlewares/LVGL/lvgl/src/widgets/calendar/../../core/../display/../misc/lv_event.h"
 592              		.file 10 "Middlewares/LVGL/lvgl/src/widgets/calendar/../../core/../indev/lv_indev.h"
 593              		.file 11 "Middlewares/LVGL/lvgl/src/widgets/calendar/../../core/lv_obj.h"
 594              		.file 12 "Middlewares/LVGL/lvgl/src/widgets/calendar/lv_calendar_header_arrow.h"
 595              		.file 13 "Middlewares/LVGL/lvgl/src/widgets/calendar/lv_calendar.h"
 596              		.file 14 "Middlewares/LVGL/lvgl/src/widgets/calendar/../label/lv_label.h"
 597              		.file 15 "Middlewares/LVGL/lvgl/src/widgets/calendar/../../core/lv_obj_class.h"
 598              		.file 16 "Middlewares/LVGL/lvgl/src/widgets/calendar/../../core/lv_obj_tree.h"
 599              		.file 17 "Middlewares/LVGL/lvgl/src/widgets/calendar/../../core/lv_obj_event.h"
 600              		.file 18 "Middlewares/LVGL/lvgl/src/widgets/calendar/../../core/lv_obj_pos.h"
 601              		.file 19 "Middlewares/LVGL/lvgl/src/widgets/calendar/../../core/lv_obj_style_gen.h"
 602              		.file 20 "Middlewares/LVGL/lvgl/src/widgets/calendar/../../core/../misc/lv_area.h"
 603              		.file 21 "Middlewares/LVGL/lvgl/src/widgets/calendar/../button/lv_button.h"
ARM GAS  C:\Users\w1785\AppData\Local\Temp\cclPilnO.s 			page 16


DEFINED SYMBOLS
                            *ABS*:00000000 lv_calendar_header_arrow.c
C:\Users\w1785\AppData\Local\Temp\cclPilnO.s:21     .rodata.my_constructor.str1.4:00000000 $d
C:\Users\w1785\AppData\Local\Temp\cclPilnO.s:28     .text.my_constructor:00000000 $t
C:\Users\w1785\AppData\Local\Temp\cclPilnO.s:33     .text.my_constructor:00000000 my_constructor
C:\Users\w1785\AppData\Local\Temp\cclPilnO.s:198    .text.my_constructor:000000d0 $d
C:\Users\w1785\AppData\Local\Temp\cclPilnO.s:300    .text.month_event_cb:00000000 month_event_cb
C:\Users\w1785\AppData\Local\Temp\cclPilnO.s:215    .text.value_changed_event_cb:00000000 value_changed_event_cb
C:\Users\w1785\AppData\Local\Temp\cclPilnO.s:206    .rodata.value_changed_event_cb.str1.4:00000000 $d
C:\Users\w1785\AppData\Local\Temp\cclPilnO.s:210    .text.value_changed_event_cb:00000000 $t
C:\Users\w1785\AppData\Local\Temp\cclPilnO.s:289    .text.value_changed_event_cb:0000003c $d
C:\Users\w1785\AppData\Local\Temp\cclPilnO.s:552    .rodata.month_names_def:00000000 month_names_def
C:\Users\w1785\AppData\Local\Temp\cclPilnO.s:295    .text.month_event_cb:00000000 $t
C:\Users\w1785\AppData\Local\Temp\cclPilnO.s:459    .text.month_event_cb:000000a4 $d
C:\Users\w1785\AppData\Local\Temp\cclPilnO.s:465    .text.lv_calendar_add_header_arrow:00000000 $t
C:\Users\w1785\AppData\Local\Temp\cclPilnO.s:471    .text.lv_calendar_add_header_arrow:00000000 lv_calendar_add_header_arrow
C:\Users\w1785\AppData\Local\Temp\cclPilnO.s:507    .text.lv_calendar_add_header_arrow:00000014 $d
C:\Users\w1785\AppData\Local\Temp\cclPilnO.s:574    .rodata.lv_calendar_header_arrow_class:00000000 lv_calendar_header_arrow_class
C:\Users\w1785\AppData\Local\Temp\cclPilnO.s:512    .rodata.str1.4:00000000 $d
C:\Users\w1785\AppData\Local\Temp\cclPilnO.s:549    .rodata.month_names_def:00000000 $d
C:\Users\w1785\AppData\Local\Temp\cclPilnO.s:571    .rodata.lv_calendar_header_arrow_class:00000000 $d

UNDEFINED SYMBOLS
lv_obj_move_to_index
lv_obj_set_flex_flow
lv_obj_set_flex_align
lv_button_create
lv_obj_set_style_bg_image_src
lv_pct
lv_obj_set_height
lv_obj_update_layout
lv_obj_get_height
lv_obj_set_width
lv_obj_add_event_cb
lv_obj_remove_flag
lv_label_create
lv_label_set_long_mode
lv_obj_set_style_text_align
lv_obj_set_flex_grow
lv_obj_set_size
lv_obj_send_event
lv_event_get_current_target
lv_obj_get_parent
lv_calendar_get_showed_date
lv_obj_get_child
lv_label_set_text_fmt
lv_calendar_set_month_shown
lv_obj_class_create_obj
lv_obj_class_init_obj
lv_obj_class
