ARM GAS  C:\Users\w1785\AppData\Local\Temp\cczVjgRE.s 			page 1


   1              		.cpu cortex-m4
   2              		.arch armv7e-m
   3              		.fpu fpv4-sp-d16
   4              		.eabi_attribute 27, 1
   5              		.eabi_attribute 28, 1
   6              		.eabi_attribute 20, 1
   7              		.eabi_attribute 21, 1
   8              		.eabi_attribute 23, 3
   9              		.eabi_attribute 24, 1
  10              		.eabi_attribute 25, 1
  11              		.eabi_attribute 26, 1
  12              		.eabi_attribute 30, 1
  13              		.eabi_attribute 34, 1
  14              		.eabi_attribute 18, 4
  15              		.file	"lv_draw_sw_triangle.c"
  16              		.text
  17              	.Ltext0:
  18              		.cfi_sections	.debug_frame
  19              		.file 1 "Middlewares/LVGL/lvgl/src/draw/sw/lv_draw_sw_triangle.c"
  20              		.section	.text.lv_draw_sw_triangle,"ax",%progbits
  21              		.align	1
  22              		.global	lv_draw_sw_triangle
  23              		.syntax unified
  24              		.thumb
  25              		.thumb_func
  27              	lv_draw_sw_triangle:
  28              	.LVL0:
  29              	.LFB43:
   1:Middlewares/LVGL/lvgl/src/draw/sw/lv_draw_sw_triangle.c **** /**
   2:Middlewares/LVGL/lvgl/src/draw/sw/lv_draw_sw_triangle.c ****  * @file lv_draw_sw_triangle.c
   3:Middlewares/LVGL/lvgl/src/draw/sw/lv_draw_sw_triangle.c ****  *
   4:Middlewares/LVGL/lvgl/src/draw/sw/lv_draw_sw_triangle.c ****  */
   5:Middlewares/LVGL/lvgl/src/draw/sw/lv_draw_sw_triangle.c **** 
   6:Middlewares/LVGL/lvgl/src/draw/sw/lv_draw_sw_triangle.c **** /*********************
   7:Middlewares/LVGL/lvgl/src/draw/sw/lv_draw_sw_triangle.c ****  *      INCLUDES
   8:Middlewares/LVGL/lvgl/src/draw/sw/lv_draw_sw_triangle.c ****  *********************/
   9:Middlewares/LVGL/lvgl/src/draw/sw/lv_draw_sw_triangle.c **** #include "lv_draw_sw_mask_private.h"
  10:Middlewares/LVGL/lvgl/src/draw/sw/lv_draw_sw_triangle.c **** #include "blend/lv_draw_sw_blend_private.h"
  11:Middlewares/LVGL/lvgl/src/draw/sw/lv_draw_sw_triangle.c **** #include "../lv_draw_private.h"
  12:Middlewares/LVGL/lvgl/src/draw/sw/lv_draw_sw_triangle.c **** #include "lv_draw_sw.h"
  13:Middlewares/LVGL/lvgl/src/draw/sw/lv_draw_sw_triangle.c **** #if LV_USE_DRAW_SW
  14:Middlewares/LVGL/lvgl/src/draw/sw/lv_draw_sw_triangle.c **** 
  15:Middlewares/LVGL/lvgl/src/draw/sw/lv_draw_sw_triangle.c **** #include "../../misc/lv_math.h"
  16:Middlewares/LVGL/lvgl/src/draw/sw/lv_draw_sw_triangle.c **** #include "../../stdlib/lv_mem.h"
  17:Middlewares/LVGL/lvgl/src/draw/sw/lv_draw_sw_triangle.c **** #include "../../misc/lv_area_private.h"
  18:Middlewares/LVGL/lvgl/src/draw/sw/lv_draw_sw_triangle.c **** #include "../../misc/lv_color.h"
  19:Middlewares/LVGL/lvgl/src/draw/sw/lv_draw_sw_triangle.c **** #include "../../stdlib/lv_string.h"
  20:Middlewares/LVGL/lvgl/src/draw/sw/lv_draw_sw_triangle.c **** #include "../lv_draw_triangle_private.h"
  21:Middlewares/LVGL/lvgl/src/draw/sw/lv_draw_sw_triangle.c **** #include "lv_draw_sw_grad.h"
  22:Middlewares/LVGL/lvgl/src/draw/sw/lv_draw_sw_triangle.c **** 
  23:Middlewares/LVGL/lvgl/src/draw/sw/lv_draw_sw_triangle.c **** /*********************
  24:Middlewares/LVGL/lvgl/src/draw/sw/lv_draw_sw_triangle.c ****  *      DEFINES
  25:Middlewares/LVGL/lvgl/src/draw/sw/lv_draw_sw_triangle.c ****  *********************/
  26:Middlewares/LVGL/lvgl/src/draw/sw/lv_draw_sw_triangle.c **** 
  27:Middlewares/LVGL/lvgl/src/draw/sw/lv_draw_sw_triangle.c **** /**********************
  28:Middlewares/LVGL/lvgl/src/draw/sw/lv_draw_sw_triangle.c ****  *      TYPEDEFS
  29:Middlewares/LVGL/lvgl/src/draw/sw/lv_draw_sw_triangle.c ****  **********************/
ARM GAS  C:\Users\w1785\AppData\Local\Temp\cczVjgRE.s 			page 2


  30:Middlewares/LVGL/lvgl/src/draw/sw/lv_draw_sw_triangle.c **** 
  31:Middlewares/LVGL/lvgl/src/draw/sw/lv_draw_sw_triangle.c **** /**********************
  32:Middlewares/LVGL/lvgl/src/draw/sw/lv_draw_sw_triangle.c ****  *  STATIC PROTOTYPES
  33:Middlewares/LVGL/lvgl/src/draw/sw/lv_draw_sw_triangle.c ****  **********************/
  34:Middlewares/LVGL/lvgl/src/draw/sw/lv_draw_sw_triangle.c **** 
  35:Middlewares/LVGL/lvgl/src/draw/sw/lv_draw_sw_triangle.c **** /**********************
  36:Middlewares/LVGL/lvgl/src/draw/sw/lv_draw_sw_triangle.c ****  *  STATIC VARIABLES
  37:Middlewares/LVGL/lvgl/src/draw/sw/lv_draw_sw_triangle.c ****  **********************/
  38:Middlewares/LVGL/lvgl/src/draw/sw/lv_draw_sw_triangle.c **** 
  39:Middlewares/LVGL/lvgl/src/draw/sw/lv_draw_sw_triangle.c **** /**********************
  40:Middlewares/LVGL/lvgl/src/draw/sw/lv_draw_sw_triangle.c ****  *      MACROS
  41:Middlewares/LVGL/lvgl/src/draw/sw/lv_draw_sw_triangle.c ****  **********************/
  42:Middlewares/LVGL/lvgl/src/draw/sw/lv_draw_sw_triangle.c **** 
  43:Middlewares/LVGL/lvgl/src/draw/sw/lv_draw_sw_triangle.c **** /**********************
  44:Middlewares/LVGL/lvgl/src/draw/sw/lv_draw_sw_triangle.c ****  *   GLOBAL FUNCTIONS
  45:Middlewares/LVGL/lvgl/src/draw/sw/lv_draw_sw_triangle.c ****  **********************/
  46:Middlewares/LVGL/lvgl/src/draw/sw/lv_draw_sw_triangle.c **** 
  47:Middlewares/LVGL/lvgl/src/draw/sw/lv_draw_sw_triangle.c **** void lv_draw_sw_triangle(lv_draw_task_t * t, const lv_draw_triangle_dsc_t * dsc)
  48:Middlewares/LVGL/lvgl/src/draw/sw/lv_draw_sw_triangle.c **** {
  30              		.loc 1 48 1 view -0
  31              		.cfi_startproc
  32              		@ args = 0, pretend = 0, frame = 312
  33              		@ frame_needed = 0, uses_anonymous_args = 0
  34              		.loc 1 48 1 is_stmt 0 view .LVU1
  35 0000 2DE9F04F 		push	{r4, r5, r6, r7, r8, r9, r10, fp, lr}
  36              	.LCFI0:
  37              		.cfi_def_cfa_offset 36
  38              		.cfi_offset 4, -36
  39              		.cfi_offset 5, -32
  40              		.cfi_offset 6, -28
  41              		.cfi_offset 7, -24
  42              		.cfi_offset 8, -20
  43              		.cfi_offset 9, -16
  44              		.cfi_offset 10, -12
  45              		.cfi_offset 11, -8
  46              		.cfi_offset 14, -4
  47 0004 D1B0     		sub	sp, sp, #324
  48              	.LCFI1:
  49              		.cfi_def_cfa_offset 360
  50 0006 8146     		mov	r9, r0
  51 0008 0F46     		mov	r7, r1
  49:Middlewares/LVGL/lvgl/src/draw/sw/lv_draw_sw_triangle.c **** #if LV_DRAW_SW_COMPLEX
  50:Middlewares/LVGL/lvgl/src/draw/sw/lv_draw_sw_triangle.c ****     lv_area_t tri_area;
  52              		.loc 1 50 5 is_stmt 1 view .LVU2
  51:Middlewares/LVGL/lvgl/src/draw/sw/lv_draw_sw_triangle.c ****     tri_area.x1 = (int32_t)LV_MIN3(dsc->p[0].x, dsc->p[1].x, dsc->p[2].x);
  53              		.loc 1 51 5 view .LVU3
  54              		.loc 1 51 28 is_stmt 0 view .LVU4
  55 000a 8D6B     		ldr	r5, [r1, #56]
  56 000c 0A6B     		ldr	r2, [r1, #48]
  57 000e 8E6A     		ldr	r6, [r1, #40]
  58 0010 1346     		mov	r3, r2
  59 0012 B242     		cmp	r2, r6
  60 0014 A8BF     		it	ge
  61 0016 3346     		movge	r3, r6
  62              		.loc 1 51 19 view .LVU5
  63 0018 AB42     		cmp	r3, r5
  64 001a A8BF     		it	ge
ARM GAS  C:\Users\w1785\AppData\Local\Temp\cczVjgRE.s 			page 3


  65 001c 2B46     		movge	r3, r5
  66              		.loc 1 51 17 view .LVU6
  67 001e 4C93     		str	r3, [sp, #304]
  52:Middlewares/LVGL/lvgl/src/draw/sw/lv_draw_sw_triangle.c ****     tri_area.y1 = (int32_t)LV_MIN3(dsc->p[0].y, dsc->p[1].y, dsc->p[2].y);
  68              		.loc 1 52 5 is_stmt 1 view .LVU7
  69              		.loc 1 52 28 is_stmt 0 view .LVU8
  70 0020 C86B     		ldr	r0, [r1, #60]
  71              	.LVL1:
  72              		.loc 1 52 28 view .LVU9
  73 0022 4B6B     		ldr	r3, [r1, #52]
  74 0024 CC6A     		ldr	r4, [r1, #44]
  75 0026 1946     		mov	r1, r3
  76              	.LVL2:
  77              		.loc 1 52 28 view .LVU10
  78 0028 A342     		cmp	r3, r4
  79 002a A8BF     		it	ge
  80 002c 2146     		movge	r1, r4
  81              		.loc 1 52 19 view .LVU11
  82 002e 8142     		cmp	r1, r0
  83 0030 A8BF     		it	ge
  84 0032 0146     		movge	r1, r0
  85              		.loc 1 52 17 view .LVU12
  86 0034 4D91     		str	r1, [sp, #308]
  53:Middlewares/LVGL/lvgl/src/draw/sw/lv_draw_sw_triangle.c ****     tri_area.x2 = (int32_t)LV_MAX3(dsc->p[0].x, dsc->p[1].x, dsc->p[2].x);
  87              		.loc 1 53 5 is_stmt 1 view .LVU13
  88              		.loc 1 53 28 is_stmt 0 view .LVU14
  89 0036 B242     		cmp	r2, r6
  90 0038 B8BF     		it	lt
  91 003a 3246     		movlt	r2, r6
  92              		.loc 1 53 19 view .LVU15
  93 003c AA42     		cmp	r2, r5
  94 003e B8BF     		it	lt
  95 0040 2A46     		movlt	r2, r5
  96              		.loc 1 53 17 view .LVU16
  97 0042 4E92     		str	r2, [sp, #312]
  54:Middlewares/LVGL/lvgl/src/draw/sw/lv_draw_sw_triangle.c ****     tri_area.y2 = (int32_t)LV_MAX3(dsc->p[0].y, dsc->p[1].y, dsc->p[2].y);
  98              		.loc 1 54 5 is_stmt 1 view .LVU17
  99              		.loc 1 54 28 is_stmt 0 view .LVU18
 100 0044 A342     		cmp	r3, r4
 101 0046 B8BF     		it	lt
 102 0048 2346     		movlt	r3, r4
 103              		.loc 1 54 19 view .LVU19
 104 004a 8342     		cmp	r3, r0
 105 004c B8BF     		it	lt
 106 004e 0346     		movlt	r3, r0
 107              		.loc 1 54 17 view .LVU20
 108 0050 4F93     		str	r3, [sp, #316]
  55:Middlewares/LVGL/lvgl/src/draw/sw/lv_draw_sw_triangle.c **** 
  56:Middlewares/LVGL/lvgl/src/draw/sw/lv_draw_sw_triangle.c ****     bool is_common;
 109              		.loc 1 56 5 is_stmt 1 view .LVU21
  57:Middlewares/LVGL/lvgl/src/draw/sw/lv_draw_sw_triangle.c ****     lv_area_t draw_area;
 110              		.loc 1 57 5 view .LVU22
  58:Middlewares/LVGL/lvgl/src/draw/sw/lv_draw_sw_triangle.c ****     is_common = lv_area_intersect(&draw_area, &tri_area, &t->clip_area);
 111              		.loc 1 58 5 view .LVU23
 112              		.loc 1 58 17 is_stmt 0 view .LVU24
 113 0052 09F13802 		add	r2, r9, #56
 114 0056 4CA9     		add	r1, sp, #304
ARM GAS  C:\Users\w1785\AppData\Local\Temp\cczVjgRE.s 			page 4


 115 0058 48A8     		add	r0, sp, #288
 116 005a FFF7FEFF 		bl	lv_area_intersect
 117              	.LVL3:
  59:Middlewares/LVGL/lvgl/src/draw/sw/lv_draw_sw_triangle.c ****     if(!is_common) return;
 118              		.loc 1 59 5 is_stmt 1 view .LVU25
 119              		.loc 1 59 7 is_stmt 0 view .LVU26
 120 005e 0028     		cmp	r0, #0
 121 0060 00F0CF81 		beq	.L1
  60:Middlewares/LVGL/lvgl/src/draw/sw/lv_draw_sw_triangle.c **** 
  61:Middlewares/LVGL/lvgl/src/draw/sw/lv_draw_sw_triangle.c ****     lv_point_t p[3];
 122              		.loc 1 61 5 is_stmt 1 view .LVU27
  62:Middlewares/LVGL/lvgl/src/draw/sw/lv_draw_sw_triangle.c ****     /*If there is a vertical side use it as p[0] and p[1]*/
  63:Middlewares/LVGL/lvgl/src/draw/sw/lv_draw_sw_triangle.c ****     if(dsc->p[0].x == dsc->p[1].x) {
 123              		.loc 1 63 5 view .LVU28
 124              		.loc 1 63 17 is_stmt 0 view .LVU29
 125 0064 BB6A     		ldr	r3, [r7, #40]
 126              		.loc 1 63 32 view .LVU30
 127 0066 3A6B     		ldr	r2, [r7, #48]
 128              		.loc 1 63 7 view .LVU31
 129 0068 9342     		cmp	r3, r2
 130 006a 00F0BE80 		beq	.L32
  64:Middlewares/LVGL/lvgl/src/draw/sw/lv_draw_sw_triangle.c ****         p[0] = lv_point_from_precise(&dsc->p[0]);
  65:Middlewares/LVGL/lvgl/src/draw/sw/lv_draw_sw_triangle.c ****         p[1] = lv_point_from_precise(&dsc->p[1]);
  66:Middlewares/LVGL/lvgl/src/draw/sw/lv_draw_sw_triangle.c ****         p[2] = lv_point_from_precise(&dsc->p[2]);
  67:Middlewares/LVGL/lvgl/src/draw/sw/lv_draw_sw_triangle.c ****     }
  68:Middlewares/LVGL/lvgl/src/draw/sw/lv_draw_sw_triangle.c ****     else if(dsc->p[0].x == dsc->p[2].x) {
 131              		.loc 1 68 10 is_stmt 1 view .LVU32
 132              		.loc 1 68 37 is_stmt 0 view .LVU33
 133 006e B96B     		ldr	r1, [r7, #56]
 134              		.loc 1 68 12 view .LVU34
 135 0070 8B42     		cmp	r3, r1
 136 0072 00F0DA80 		beq	.L33
  69:Middlewares/LVGL/lvgl/src/draw/sw/lv_draw_sw_triangle.c ****         p[0] = lv_point_from_precise(&dsc->p[0]);
  70:Middlewares/LVGL/lvgl/src/draw/sw/lv_draw_sw_triangle.c ****         p[1] = lv_point_from_precise(&dsc->p[2]);
  71:Middlewares/LVGL/lvgl/src/draw/sw/lv_draw_sw_triangle.c ****         p[2] = lv_point_from_precise(&dsc->p[1]);
  72:Middlewares/LVGL/lvgl/src/draw/sw/lv_draw_sw_triangle.c ****     }
  73:Middlewares/LVGL/lvgl/src/draw/sw/lv_draw_sw_triangle.c ****     else if(dsc->p[1].x == dsc->p[2].x) {
 137              		.loc 1 73 10 is_stmt 1 view .LVU35
 138              		.loc 1 73 12 is_stmt 0 view .LVU36
 139 0076 8A42     		cmp	r2, r1
 140 0078 00F0F780 		beq	.L34
  74:Middlewares/LVGL/lvgl/src/draw/sw/lv_draw_sw_triangle.c ****         p[0] = lv_point_from_precise(&dsc->p[1]);
  75:Middlewares/LVGL/lvgl/src/draw/sw/lv_draw_sw_triangle.c ****         p[1] = lv_point_from_precise(&dsc->p[2]);
  76:Middlewares/LVGL/lvgl/src/draw/sw/lv_draw_sw_triangle.c ****         p[2] = lv_point_from_precise(&dsc->p[0]);
  77:Middlewares/LVGL/lvgl/src/draw/sw/lv_draw_sw_triangle.c ****     }
  78:Middlewares/LVGL/lvgl/src/draw/sw/lv_draw_sw_triangle.c ****     else {
  79:Middlewares/LVGL/lvgl/src/draw/sw/lv_draw_sw_triangle.c ****         p[0] = lv_point_from_precise(&dsc->p[0]);
 141              		.loc 1 79 9 is_stmt 1 view .LVU37
 142              		.loc 1 79 16 is_stmt 0 view .LVU38
 143 007c 02AC     		add	r4, sp, #8
 144 007e 07F12801 		add	r1, r7, #40
 145 0082 2046     		mov	r0, r4
 146              	.LVL4:
 147              		.loc 1 79 16 view .LVU39
 148 0084 FFF7FEFF 		bl	lv_point_from_precise
 149              	.LVL5:
 150 0088 42AB     		add	r3, sp, #264
ARM GAS  C:\Users\w1785\AppData\Local\Temp\cczVjgRE.s 			page 5


 151 008a 94E80300 		ldm	r4, {r0, r1}
 152 008e 83E80300 		stm	r3, {r0, r1}
  80:Middlewares/LVGL/lvgl/src/draw/sw/lv_draw_sw_triangle.c ****         p[1] = lv_point_from_precise(&dsc->p[1]);
 153              		.loc 1 80 9 is_stmt 1 view .LVU40
 154              		.loc 1 80 16 is_stmt 0 view .LVU41
 155 0092 07F13001 		add	r1, r7, #48
 156 0096 2046     		mov	r0, r4
 157 0098 FFF7FEFF 		bl	lv_point_from_precise
 158              	.LVL6:
 159 009c 44AB     		add	r3, sp, #272
 160 009e 94E80300 		ldm	r4, {r0, r1}
 161 00a2 83E80300 		stm	r3, {r0, r1}
  81:Middlewares/LVGL/lvgl/src/draw/sw/lv_draw_sw_triangle.c ****         p[2] = lv_point_from_precise(&dsc->p[2]);
 162              		.loc 1 81 9 is_stmt 1 view .LVU42
 163              		.loc 1 81 16 is_stmt 0 view .LVU43
 164 00a6 07F13801 		add	r1, r7, #56
 165 00aa 2046     		mov	r0, r4
 166 00ac FFF7FEFF 		bl	lv_point_from_precise
 167              	.LVL7:
 168 00b0 46AB     		add	r3, sp, #280
 169 00b2 94E80300 		ldm	r4, {r0, r1}
 170 00b6 83E80300 		stm	r3, {r0, r1}
  82:Middlewares/LVGL/lvgl/src/draw/sw/lv_draw_sw_triangle.c **** 
  83:Middlewares/LVGL/lvgl/src/draw/sw/lv_draw_sw_triangle.c ****         /*Set the smallest y as p[0]*/
  84:Middlewares/LVGL/lvgl/src/draw/sw/lv_draw_sw_triangle.c ****         if(p[0].y > p[1].y) lv_point_swap(&p[0], &p[1]);
 171              		.loc 1 84 9 is_stmt 1 view .LVU44
 172              		.loc 1 84 11 is_stmt 0 view .LVU45
 173 00ba 439A     		ldr	r2, [sp, #268]
 174 00bc 459B     		ldr	r3, [sp, #276]
 175 00be 9A42     		cmp	r2, r3
 176 00c0 00F3F380 		bgt	.L35
 177              	.L8:
  85:Middlewares/LVGL/lvgl/src/draw/sw/lv_draw_sw_triangle.c ****         if(p[0].y > p[2].y) lv_point_swap(&p[0], &p[2]);
 178              		.loc 1 85 9 is_stmt 1 view .LVU46
 179              		.loc 1 85 11 is_stmt 0 view .LVU47
 180 00c4 439A     		ldr	r2, [sp, #268]
 181 00c6 479B     		ldr	r3, [sp, #284]
 182 00c8 9A42     		cmp	r2, r3
 183 00ca 00F3F380 		bgt	.L36
 184              	.L9:
  86:Middlewares/LVGL/lvgl/src/draw/sw/lv_draw_sw_triangle.c **** 
  87:Middlewares/LVGL/lvgl/src/draw/sw/lv_draw_sw_triangle.c ****         /*Set the greatest y as p[1]*/
  88:Middlewares/LVGL/lvgl/src/draw/sw/lv_draw_sw_triangle.c ****         if(p[1].y < p[2].y) lv_point_swap(&p[1], &p[2]);
 185              		.loc 1 88 9 is_stmt 1 view .LVU48
 186              		.loc 1 88 11 is_stmt 0 view .LVU49
 187 00ce 459A     		ldr	r2, [sp, #276]
 188 00d0 479B     		ldr	r3, [sp, #284]
 189 00d2 9A42     		cmp	r2, r3
 190 00d4 C0F2F380 		blt	.L37
 191              	.L5:
  89:Middlewares/LVGL/lvgl/src/draw/sw/lv_draw_sw_triangle.c ****     }
  90:Middlewares/LVGL/lvgl/src/draw/sw/lv_draw_sw_triangle.c **** 
  91:Middlewares/LVGL/lvgl/src/draw/sw/lv_draw_sw_triangle.c ****     /*Be sure p[0] is on top followed by lowest point (p[1]) and middle point last (p[2])*/
  92:Middlewares/LVGL/lvgl/src/draw/sw/lv_draw_sw_triangle.c ****     if(p[0].y > p[2].y) lv_point_swap(&p[0], &p[2]);
 192              		.loc 1 92 5 is_stmt 1 view .LVU50
 193              		.loc 1 92 7 is_stmt 0 view .LVU51
 194 00d8 439A     		ldr	r2, [sp, #268]
ARM GAS  C:\Users\w1785\AppData\Local\Temp\cczVjgRE.s 			page 6


 195 00da 479B     		ldr	r3, [sp, #284]
 196 00dc 9A42     		cmp	r2, r3
 197 00de 00F3F380 		bgt	.L38
 198              	.L10:
  93:Middlewares/LVGL/lvgl/src/draw/sw/lv_draw_sw_triangle.c ****     if(p[0].y > p[1].y) lv_point_swap(&p[0], &p[1]);
 199              		.loc 1 93 5 is_stmt 1 view .LVU52
 200              		.loc 1 93 7 is_stmt 0 view .LVU53
 201 00e2 439A     		ldr	r2, [sp, #268]
 202 00e4 459B     		ldr	r3, [sp, #276]
 203 00e6 9A42     		cmp	r2, r3
 204 00e8 00F3F380 		bgt	.L39
 205              	.L11:
  94:Middlewares/LVGL/lvgl/src/draw/sw/lv_draw_sw_triangle.c ****     if(p[1].y < p[2].y) lv_point_swap(&p[1], &p[2]);
 206              		.loc 1 94 5 is_stmt 1 view .LVU54
 207              		.loc 1 94 7 is_stmt 0 view .LVU55
 208 00ec 459A     		ldr	r2, [sp, #276]
 209 00ee 479B     		ldr	r3, [sp, #284]
 210 00f0 9A42     		cmp	r2, r3
 211 00f2 C0F2F380 		blt	.L40
 212              	.L12:
  95:Middlewares/LVGL/lvgl/src/draw/sw/lv_draw_sw_triangle.c **** 
  96:Middlewares/LVGL/lvgl/src/draw/sw/lv_draw_sw_triangle.c ****     /*If right == true p[2] is on the right side of the p[0] p[1] line*/
  97:Middlewares/LVGL/lvgl/src/draw/sw/lv_draw_sw_triangle.c ****     bool right = ((p[1].x - p[0].x) * (p[2].y - p[0].y) - (p[1].y - p[0].y) * (p[2].x - p[0].x)) < 
 213              		.loc 1 97 5 is_stmt 1 view .LVU56
 214              		.loc 1 97 24 is_stmt 0 view .LVU57
 215 00f6 449B     		ldr	r3, [sp, #272]
 216              		.loc 1 97 33 view .LVU58
 217 00f8 4299     		ldr	r1, [sp, #264]
 218              		.loc 1 97 27 view .LVU59
 219 00fa 5C1A     		subs	r4, r3, r1
 220              		.loc 1 97 53 view .LVU60
 221 00fc 439A     		ldr	r2, [sp, #268]
 222              		.loc 1 97 47 view .LVU61
 223 00fe 4798     		ldr	r0, [sp, #284]
 224 0100 801A     		subs	r0, r0, r2
 225              		.loc 1 97 37 view .LVU62
 226 0102 00FB04F4 		mul	r4, r0, r4
 227              		.loc 1 97 64 view .LVU63
 228 0106 459E     		ldr	r6, [sp, #276]
 229              		.loc 1 97 67 view .LVU64
 230 0108 B51A     		subs	r5, r6, r2
 231              		.loc 1 97 84 view .LVU65
 232 010a 4698     		ldr	r0, [sp, #280]
 233              		.loc 1 97 87 view .LVU66
 234 010c 401A     		subs	r0, r0, r1
 235              		.loc 1 97 57 view .LVU67
 236 010e 00FB1544 		mls	r4, r0, r5, r4
 237              		.loc 1 97 10 view .LVU68
 238 0112 4FEAD47C 		lsr	ip, r4, #31
 239              	.LVL8:
  98:Middlewares/LVGL/lvgl/src/draw/sw/lv_draw_sw_triangle.c **** 
  99:Middlewares/LVGL/lvgl/src/draw/sw/lv_draw_sw_triangle.c ****     void * masks[4] = {0};
 240              		.loc 1 99 5 is_stmt 1 view .LVU69
 241              		.loc 1 99 12 is_stmt 0 view .LVU70
 242 0116 0020     		movs	r0, #0
 243 0118 3E90     		str	r0, [sp, #248]
 244 011a 3F90     		str	r0, [sp, #252]
ARM GAS  C:\Users\w1785\AppData\Local\Temp\cczVjgRE.s 			page 7


 245 011c 4090     		str	r0, [sp, #256]
 246 011e 4190     		str	r0, [sp, #260]
 100:Middlewares/LVGL/lvgl/src/draw/sw/lv_draw_sw_triangle.c ****     lv_draw_sw_mask_line_param_t mask_left;
 247              		.loc 1 100 5 is_stmt 1 view .LVU71
 101:Middlewares/LVGL/lvgl/src/draw/sw/lv_draw_sw_triangle.c ****     lv_draw_sw_mask_line_param_t mask_right;
 248              		.loc 1 101 5 view .LVU72
 102:Middlewares/LVGL/lvgl/src/draw/sw/lv_draw_sw_triangle.c ****     lv_draw_sw_mask_line_param_t mask_bottom;
 249              		.loc 1 102 5 view .LVU73
 103:Middlewares/LVGL/lvgl/src/draw/sw/lv_draw_sw_triangle.c **** 
 104:Middlewares/LVGL/lvgl/src/draw/sw/lv_draw_sw_triangle.c ****     lv_draw_sw_mask_line_points_init(&mask_left, p[0].x, p[0].y,
 250              		.loc 1 104 5 view .LVU74
 251 0120 CDF804C0 		str	ip, [sp, #4]
 252 0124 0096     		str	r6, [sp]
 253 0126 30A8     		add	r0, sp, #192
 254 0128 FFF7FEFF 		bl	lv_draw_sw_mask_line_points_init
 255              	.LVL9:
 105:Middlewares/LVGL/lvgl/src/draw/sw/lv_draw_sw_triangle.c ****                                      p[1].x, p[1].y,
 106:Middlewares/LVGL/lvgl/src/draw/sw/lv_draw_sw_triangle.c ****                                      right ? LV_DRAW_SW_MASK_LINE_SIDE_RIGHT : LV_DRAW_SW_MASK_LINE
 107:Middlewares/LVGL/lvgl/src/draw/sw/lv_draw_sw_triangle.c **** 
 108:Middlewares/LVGL/lvgl/src/draw/sw/lv_draw_sw_triangle.c ****     lv_draw_sw_mask_line_points_init(&mask_right, p[0].x, p[0].y,
 256              		.loc 1 108 5 view .LVU75
 109:Middlewares/LVGL/lvgl/src/draw/sw/lv_draw_sw_triangle.c ****                                      p[2].x, p[2].y,
 110:Middlewares/LVGL/lvgl/src/draw/sw/lv_draw_sw_triangle.c ****                                      right ? LV_DRAW_SW_MASK_LINE_SIDE_LEFT : LV_DRAW_SW_MASK_LINE_
 257              		.loc 1 110 77 is_stmt 0 view .LVU76
 258 012c E443     		mvns	r4, r4
 259              	.LVL10:
 260              		.loc 1 110 77 view .LVU77
 261 012e E40F     		lsrs	r4, r4, #31
 262              	.LVL11:
 108:Middlewares/LVGL/lvgl/src/draw/sw/lv_draw_sw_triangle.c ****                                      p[2].x, p[2].y,
 263              		.loc 1 108 5 view .LVU78
 264 0130 0194     		str	r4, [sp, #4]
 265 0132 479B     		ldr	r3, [sp, #284]
 266 0134 0093     		str	r3, [sp]
 267 0136 469B     		ldr	r3, [sp, #280]
 268 0138 439A     		ldr	r2, [sp, #268]
 269 013a 4299     		ldr	r1, [sp, #264]
 270 013c 22A8     		add	r0, sp, #136
 271 013e FFF7FEFF 		bl	lv_draw_sw_mask_line_points_init
 272              	.LVL12:
 111:Middlewares/LVGL/lvgl/src/draw/sw/lv_draw_sw_triangle.c **** 
 112:Middlewares/LVGL/lvgl/src/draw/sw/lv_draw_sw_triangle.c ****     if(p[1].y == p[2].y) {
 273              		.loc 1 112 5 is_stmt 1 view .LVU79
 274              		.loc 1 112 12 is_stmt 0 view .LVU80
 275 0142 459A     		ldr	r2, [sp, #276]
 276              		.loc 1 112 22 view .LVU81
 277 0144 479B     		ldr	r3, [sp, #284]
 278              		.loc 1 112 7 view .LVU82
 279 0146 9A42     		cmp	r2, r3
 280 0148 00F0CD80 		beq	.L41
 113:Middlewares/LVGL/lvgl/src/draw/sw/lv_draw_sw_triangle.c ****         lv_draw_sw_mask_line_points_init(&mask_bottom, p[1].x, p[1].y,
 114:Middlewares/LVGL/lvgl/src/draw/sw/lv_draw_sw_triangle.c ****                                          p[2].x, p[2].y, LV_DRAW_SW_MASK_LINE_SIDE_TOP);
 115:Middlewares/LVGL/lvgl/src/draw/sw/lv_draw_sw_triangle.c ****     }
 116:Middlewares/LVGL/lvgl/src/draw/sw/lv_draw_sw_triangle.c ****     else {
 117:Middlewares/LVGL/lvgl/src/draw/sw/lv_draw_sw_triangle.c ****         lv_draw_sw_mask_line_points_init(&mask_bottom, p[1].x, p[1].y,
 281              		.loc 1 117 9 is_stmt 1 view .LVU83
 282 014c 0194     		str	r4, [sp, #4]
ARM GAS  C:\Users\w1785\AppData\Local\Temp\cczVjgRE.s 			page 8


 283 014e 0093     		str	r3, [sp]
 284 0150 469B     		ldr	r3, [sp, #280]
 285 0152 4499     		ldr	r1, [sp, #272]
 286 0154 14A8     		add	r0, sp, #80
 287 0156 FFF7FEFF 		bl	lv_draw_sw_mask_line_points_init
 288              	.LVL13:
 289              	.L14:
 118:Middlewares/LVGL/lvgl/src/draw/sw/lv_draw_sw_triangle.c ****                                          p[2].x, p[2].y,
 119:Middlewares/LVGL/lvgl/src/draw/sw/lv_draw_sw_triangle.c ****                                          right ? LV_DRAW_SW_MASK_LINE_SIDE_LEFT  : LV_DRAW_SW_MASK_
 120:Middlewares/LVGL/lvgl/src/draw/sw/lv_draw_sw_triangle.c ****     }
 121:Middlewares/LVGL/lvgl/src/draw/sw/lv_draw_sw_triangle.c **** 
 122:Middlewares/LVGL/lvgl/src/draw/sw/lv_draw_sw_triangle.c ****     masks[0] = &mask_left;
 290              		.loc 1 122 5 view .LVU84
 291              		.loc 1 122 14 is_stmt 0 view .LVU85
 292 015a 30AB     		add	r3, sp, #192
 293 015c 3E93     		str	r3, [sp, #248]
 123:Middlewares/LVGL/lvgl/src/draw/sw/lv_draw_sw_triangle.c ****     masks[1] = &mask_right;
 294              		.loc 1 123 5 is_stmt 1 view .LVU86
 295              		.loc 1 123 14 is_stmt 0 view .LVU87
 296 015e 22AB     		add	r3, sp, #136
 297 0160 3F93     		str	r3, [sp, #252]
 124:Middlewares/LVGL/lvgl/src/draw/sw/lv_draw_sw_triangle.c ****     masks[2] = &mask_bottom;
 298              		.loc 1 124 5 is_stmt 1 view .LVU88
 299              		.loc 1 124 14 is_stmt 0 view .LVU89
 300 0162 14AB     		add	r3, sp, #80
 301 0164 4093     		str	r3, [sp, #256]
 125:Middlewares/LVGL/lvgl/src/draw/sw/lv_draw_sw_triangle.c ****     int32_t area_w = lv_area_get_width(&draw_area);
 302              		.loc 1 125 5 is_stmt 1 view .LVU90
 303              		.loc 1 125 22 is_stmt 0 view .LVU91
 304 0166 0DF59078 		add	r8, sp, #288
 305 016a 4046     		mov	r0, r8
 306 016c FFF7FEFF 		bl	lv_area_get_width
 307              	.LVL14:
 308 0170 0646     		mov	r6, r0
 309              	.LVL15:
 126:Middlewares/LVGL/lvgl/src/draw/sw/lv_draw_sw_triangle.c ****     lv_opa_t * mask_buf = lv_malloc(area_w);
 310              		.loc 1 126 5 is_stmt 1 view .LVU92
 311              		.loc 1 126 27 is_stmt 0 view .LVU93
 312 0172 FFF7FEFF 		bl	lv_malloc
 313              	.LVL16:
 314              		.loc 1 126 27 view .LVU94
 315 0176 0546     		mov	r5, r0
 316              	.LVL17:
 127:Middlewares/LVGL/lvgl/src/draw/sw/lv_draw_sw_triangle.c **** 
 128:Middlewares/LVGL/lvgl/src/draw/sw/lv_draw_sw_triangle.c ****     lv_area_t blend_area = draw_area;
 317              		.loc 1 128 5 is_stmt 1 view .LVU95
 318              		.loc 1 128 15 is_stmt 0 view .LVU96
 319 0178 10AC     		add	r4, sp, #64
 320 017a 98E80F00 		ldm	r8, {r0, r1, r2, r3}
 321              	.LVL18:
 322              		.loc 1 128 15 view .LVU97
 323 017e 84E80F00 		stm	r4, {r0, r1, r2, r3}
 129:Middlewares/LVGL/lvgl/src/draw/sw/lv_draw_sw_triangle.c ****     blend_area.y2 = blend_area.y1;
 324              		.loc 1 129 5 is_stmt 1 view .LVU98
 325              		.loc 1 129 19 is_stmt 0 view .LVU99
 326 0182 E160     		str	r1, [r4, #12]
 130:Middlewares/LVGL/lvgl/src/draw/sw/lv_draw_sw_triangle.c ****     lv_draw_sw_blend_dsc_t blend_dsc;
ARM GAS  C:\Users\w1785\AppData\Local\Temp\cczVjgRE.s 			page 9


 327              		.loc 1 130 5 is_stmt 1 view .LVU100
 131:Middlewares/LVGL/lvgl/src/draw/sw/lv_draw_sw_triangle.c ****     blend_dsc.color = dsc->color;
 328              		.loc 1 131 5 view .LVU101
 329              		.loc 1 131 21 is_stmt 0 view .LVU102
 330 0184 B7F84000 		ldrh	r0, [r7, #64]	@ unaligned
 331 0188 97F84210 		ldrb	r1, [r7, #66]	@ zero_extendqisi2
 332 018c ADF82900 		strh	r0, [sp, #41]	@ unaligned
 333 0190 8DF82B10 		strb	r1, [sp, #43]
 132:Middlewares/LVGL/lvgl/src/draw/sw/lv_draw_sw_triangle.c ****     blend_dsc.opa = dsc->opa;
 334              		.loc 1 132 5 is_stmt 1 view .LVU103
 335              		.loc 1 132 24 is_stmt 0 view .LVU104
 336 0194 97F84320 		ldrb	r2, [r7, #67]	@ zero_extendqisi2
 337              		.loc 1 132 19 view .LVU105
 338 0198 8DF82820 		strb	r2, [sp, #40]
 133:Middlewares/LVGL/lvgl/src/draw/sw/lv_draw_sw_triangle.c ****     blend_dsc.mask_buf = mask_buf;
 339              		.loc 1 133 5 is_stmt 1 view .LVU106
 340              		.loc 1 133 24 is_stmt 0 view .LVU107
 341 019c 0B95     		str	r5, [sp, #44]
 134:Middlewares/LVGL/lvgl/src/draw/sw/lv_draw_sw_triangle.c ****     blend_dsc.blend_area = &blend_area;
 342              		.loc 1 134 5 is_stmt 1 view .LVU108
 343              		.loc 1 134 26 is_stmt 0 view .LVU109
 344 019e 0594     		str	r4, [sp, #20]
 135:Middlewares/LVGL/lvgl/src/draw/sw/lv_draw_sw_triangle.c ****     blend_dsc.mask_area = &blend_area;
 345              		.loc 1 135 5 is_stmt 1 view .LVU110
 346              		.loc 1 135 25 is_stmt 0 view .LVU111
 347 01a0 0D94     		str	r4, [sp, #52]
 136:Middlewares/LVGL/lvgl/src/draw/sw/lv_draw_sw_triangle.c ****     blend_dsc.mask_stride = 0;
 348              		.loc 1 136 5 is_stmt 1 view .LVU112
 349              		.loc 1 136 27 is_stmt 0 view .LVU113
 350 01a2 0022     		movs	r2, #0
 351 01a4 0E92     		str	r2, [sp, #56]
 137:Middlewares/LVGL/lvgl/src/draw/sw/lv_draw_sw_triangle.c ****     blend_dsc.blend_mode = LV_BLEND_MODE_NORMAL;
 352              		.loc 1 137 5 is_stmt 1 view .LVU114
 353              		.loc 1 137 26 is_stmt 0 view .LVU115
 354 01a6 8DF83C20 		strb	r2, [sp, #60]
 138:Middlewares/LVGL/lvgl/src/draw/sw/lv_draw_sw_triangle.c ****     blend_dsc.src_buf = NULL;
 355              		.loc 1 138 5 is_stmt 1 view .LVU116
 356              		.loc 1 138 23 is_stmt 0 view .LVU117
 357 01aa 0692     		str	r2, [sp, #24]
 139:Middlewares/LVGL/lvgl/src/draw/sw/lv_draw_sw_triangle.c **** 
 140:Middlewares/LVGL/lvgl/src/draw/sw/lv_draw_sw_triangle.c ****     lv_grad_dir_t grad_dir = dsc->grad.dir;
 358              		.loc 1 140 5 is_stmt 1 view .LVU118
 359              		.loc 1 140 39 is_stmt 0 view .LVU119
 360 01ac 97F84F80 		ldrb	r8, [r7, #79]	@ zero_extendqisi2
 361 01b0 08F00F08 		and	r8, r8, #15
 362              	.LVL19:
 141:Middlewares/LVGL/lvgl/src/draw/sw/lv_draw_sw_triangle.c **** 
 142:Middlewares/LVGL/lvgl/src/draw/sw/lv_draw_sw_triangle.c ****     lv_draw_sw_grad_calc_t * grad = lv_draw_sw_grad_get(&dsc->grad, lv_area_get_width(&tri_area),
 363              		.loc 1 142 5 is_stmt 1 view .LVU120
 364              		.loc 1 142 37 is_stmt 0 view .LVU121
 365 01b4 0DF5987A 		add	r10, sp, #304
 366 01b8 5046     		mov	r0, r10
 367 01ba FFF7FEFF 		bl	lv_area_get_width
 368              	.LVL20:
 369              		.loc 1 142 37 view .LVU122
 370 01be 0446     		mov	r4, r0
 371              		.loc 1 142 37 discriminator 1 view .LVU123
ARM GAS  C:\Users\w1785\AppData\Local\Temp\cczVjgRE.s 			page 10


 372 01c0 5046     		mov	r0, r10
 373 01c2 FFF7FEFF 		bl	lv_area_get_height
 374              	.LVL21:
 375 01c6 0246     		mov	r2, r0
 376              		.loc 1 142 37 discriminator 2 view .LVU124
 377 01c8 2146     		mov	r1, r4
 378 01ca 07F14400 		add	r0, r7, #68
 379 01ce FFF7FEFF 		bl	lv_draw_sw_grad_get
 380              	.LVL22:
 143:Middlewares/LVGL/lvgl/src/draw/sw/lv_draw_sw_triangle.c ****                                                         lv_area_get_height(&tri_area));
 144:Middlewares/LVGL/lvgl/src/draw/sw/lv_draw_sw_triangle.c ****     lv_opa_t * grad_opa_map = NULL;
 381              		.loc 1 144 5 is_stmt 1 view .LVU125
 145:Middlewares/LVGL/lvgl/src/draw/sw/lv_draw_sw_triangle.c ****     if(grad && grad_dir == LV_GRAD_DIR_HOR) {
 382              		.loc 1 145 5 view .LVU126
 383              		.loc 1 145 7 is_stmt 0 view .LVU127
 384 01d2 8246     		mov	r10, r0
 385 01d4 0028     		cmp	r0, #0
 386 01d6 00F0A180 		beq	.L29
 387              		.loc 1 145 13 discriminator 1 view .LVU128
 388 01da B8F1020F 		cmp	r8, #2
 389 01de 00F08B80 		beq	.L42
 144:Middlewares/LVGL/lvgl/src/draw/sw/lv_draw_sw_triangle.c ****     if(grad && grad_dir == LV_GRAD_DIR_HOR) {
 390              		.loc 1 144 16 view .LVU129
 391 01e2 4FF0000B 		mov	fp, #0
 392              	.LVL23:
 393              	.L15:
 146:Middlewares/LVGL/lvgl/src/draw/sw/lv_draw_sw_triangle.c ****         blend_dsc.src_area = &blend_area;
 147:Middlewares/LVGL/lvgl/src/draw/sw/lv_draw_sw_triangle.c ****         blend_dsc.src_buf = grad->color_map + draw_area.x1 - tri_area.x1;
 148:Middlewares/LVGL/lvgl/src/draw/sw/lv_draw_sw_triangle.c ****         grad_opa_map = grad->opa_map + draw_area.x1 - tri_area.x1;
 149:Middlewares/LVGL/lvgl/src/draw/sw/lv_draw_sw_triangle.c ****         blend_dsc.src_color_format = LV_COLOR_FORMAT_RGB888;
 150:Middlewares/LVGL/lvgl/src/draw/sw/lv_draw_sw_triangle.c ****     }
 151:Middlewares/LVGL/lvgl/src/draw/sw/lv_draw_sw_triangle.c **** 
 152:Middlewares/LVGL/lvgl/src/draw/sw/lv_draw_sw_triangle.c ****     int32_t y;
 394              		.loc 1 152 5 is_stmt 1 view .LVU130
 153:Middlewares/LVGL/lvgl/src/draw/sw/lv_draw_sw_triangle.c ****     for(y = draw_area.y1; y <= draw_area.y2; y++) {
 395              		.loc 1 153 5 view .LVU131
 396              		.loc 1 153 11 is_stmt 0 view .LVU132
 397 01e6 499C     		ldr	r4, [sp, #292]
 398              	.LVL24:
 399              		.loc 1 153 5 view .LVU133
 400 01e8 BFE0     		b	.L16
 401              	.LVL25:
 402              	.L32:
  64:Middlewares/LVGL/lvgl/src/draw/sw/lv_draw_sw_triangle.c ****         p[1] = lv_point_from_precise(&dsc->p[1]);
 403              		.loc 1 64 9 is_stmt 1 view .LVU134
  64:Middlewares/LVGL/lvgl/src/draw/sw/lv_draw_sw_triangle.c ****         p[1] = lv_point_from_precise(&dsc->p[1]);
 404              		.loc 1 64 16 is_stmt 0 view .LVU135
 405 01ea 02AC     		add	r4, sp, #8
 406 01ec 07F12801 		add	r1, r7, #40
 407 01f0 2046     		mov	r0, r4
 408              	.LVL26:
  64:Middlewares/LVGL/lvgl/src/draw/sw/lv_draw_sw_triangle.c ****         p[1] = lv_point_from_precise(&dsc->p[1]);
 409              		.loc 1 64 16 view .LVU136
 410 01f2 FFF7FEFF 		bl	lv_point_from_precise
 411              	.LVL27:
 412 01f6 42AB     		add	r3, sp, #264
 413 01f8 94E80300 		ldm	r4, {r0, r1}
ARM GAS  C:\Users\w1785\AppData\Local\Temp\cczVjgRE.s 			page 11


 414 01fc 83E80300 		stm	r3, {r0, r1}
  65:Middlewares/LVGL/lvgl/src/draw/sw/lv_draw_sw_triangle.c ****         p[2] = lv_point_from_precise(&dsc->p[2]);
 415              		.loc 1 65 9 is_stmt 1 view .LVU137
  65:Middlewares/LVGL/lvgl/src/draw/sw/lv_draw_sw_triangle.c ****         p[2] = lv_point_from_precise(&dsc->p[2]);
 416              		.loc 1 65 16 is_stmt 0 view .LVU138
 417 0200 07F13001 		add	r1, r7, #48
 418 0204 2046     		mov	r0, r4
 419 0206 FFF7FEFF 		bl	lv_point_from_precise
 420              	.LVL28:
 421 020a 44AB     		add	r3, sp, #272
 422 020c 94E80300 		ldm	r4, {r0, r1}
 423 0210 83E80300 		stm	r3, {r0, r1}
  66:Middlewares/LVGL/lvgl/src/draw/sw/lv_draw_sw_triangle.c ****     }
 424              		.loc 1 66 9 is_stmt 1 view .LVU139
  66:Middlewares/LVGL/lvgl/src/draw/sw/lv_draw_sw_triangle.c ****     }
 425              		.loc 1 66 16 is_stmt 0 view .LVU140
 426 0214 07F13801 		add	r1, r7, #56
 427 0218 2046     		mov	r0, r4
 428 021a FFF7FEFF 		bl	lv_point_from_precise
 429              	.LVL29:
 430 021e 46AB     		add	r3, sp, #280
 431 0220 94E80300 		ldm	r4, {r0, r1}
 432 0224 83E80300 		stm	r3, {r0, r1}
 433 0228 56E7     		b	.L5
 434              	.LVL30:
 435              	.L33:
  69:Middlewares/LVGL/lvgl/src/draw/sw/lv_draw_sw_triangle.c ****         p[1] = lv_point_from_precise(&dsc->p[2]);
 436              		.loc 1 69 9 is_stmt 1 view .LVU141
  69:Middlewares/LVGL/lvgl/src/draw/sw/lv_draw_sw_triangle.c ****         p[1] = lv_point_from_precise(&dsc->p[2]);
 437              		.loc 1 69 16 is_stmt 0 view .LVU142
 438 022a 02AC     		add	r4, sp, #8
 439 022c 07F12801 		add	r1, r7, #40
 440 0230 2046     		mov	r0, r4
 441              	.LVL31:
  69:Middlewares/LVGL/lvgl/src/draw/sw/lv_draw_sw_triangle.c ****         p[1] = lv_point_from_precise(&dsc->p[2]);
 442              		.loc 1 69 16 view .LVU143
 443 0232 FFF7FEFF 		bl	lv_point_from_precise
 444              	.LVL32:
 445 0236 42AB     		add	r3, sp, #264
 446 0238 94E80300 		ldm	r4, {r0, r1}
 447 023c 83E80300 		stm	r3, {r0, r1}
  70:Middlewares/LVGL/lvgl/src/draw/sw/lv_draw_sw_triangle.c ****         p[2] = lv_point_from_precise(&dsc->p[1]);
 448              		.loc 1 70 9 is_stmt 1 view .LVU144
  70:Middlewares/LVGL/lvgl/src/draw/sw/lv_draw_sw_triangle.c ****         p[2] = lv_point_from_precise(&dsc->p[1]);
 449              		.loc 1 70 16 is_stmt 0 view .LVU145
 450 0240 07F13801 		add	r1, r7, #56
 451 0244 2046     		mov	r0, r4
 452 0246 FFF7FEFF 		bl	lv_point_from_precise
 453              	.LVL33:
 454 024a 44AB     		add	r3, sp, #272
 455 024c 94E80300 		ldm	r4, {r0, r1}
 456 0250 83E80300 		stm	r3, {r0, r1}
  71:Middlewares/LVGL/lvgl/src/draw/sw/lv_draw_sw_triangle.c ****     }
 457              		.loc 1 71 9 is_stmt 1 view .LVU146
  71:Middlewares/LVGL/lvgl/src/draw/sw/lv_draw_sw_triangle.c ****     }
 458              		.loc 1 71 16 is_stmt 0 view .LVU147
 459 0254 07F13001 		add	r1, r7, #48
ARM GAS  C:\Users\w1785\AppData\Local\Temp\cczVjgRE.s 			page 12


 460 0258 2046     		mov	r0, r4
 461 025a FFF7FEFF 		bl	lv_point_from_precise
 462              	.LVL34:
 463 025e 46AB     		add	r3, sp, #280
 464 0260 94E80300 		ldm	r4, {r0, r1}
 465 0264 83E80300 		stm	r3, {r0, r1}
 466 0268 36E7     		b	.L5
 467              	.LVL35:
 468              	.L34:
  74:Middlewares/LVGL/lvgl/src/draw/sw/lv_draw_sw_triangle.c ****         p[1] = lv_point_from_precise(&dsc->p[2]);
 469              		.loc 1 74 9 is_stmt 1 view .LVU148
  74:Middlewares/LVGL/lvgl/src/draw/sw/lv_draw_sw_triangle.c ****         p[1] = lv_point_from_precise(&dsc->p[2]);
 470              		.loc 1 74 16 is_stmt 0 view .LVU149
 471 026a 02AC     		add	r4, sp, #8
 472 026c 07F13001 		add	r1, r7, #48
 473 0270 2046     		mov	r0, r4
 474              	.LVL36:
  74:Middlewares/LVGL/lvgl/src/draw/sw/lv_draw_sw_triangle.c ****         p[1] = lv_point_from_precise(&dsc->p[2]);
 475              		.loc 1 74 16 view .LVU150
 476 0272 FFF7FEFF 		bl	lv_point_from_precise
 477              	.LVL37:
 478 0276 42AB     		add	r3, sp, #264
 479 0278 94E80300 		ldm	r4, {r0, r1}
 480 027c 83E80300 		stm	r3, {r0, r1}
  75:Middlewares/LVGL/lvgl/src/draw/sw/lv_draw_sw_triangle.c ****         p[2] = lv_point_from_precise(&dsc->p[0]);
 481              		.loc 1 75 9 is_stmt 1 view .LVU151
  75:Middlewares/LVGL/lvgl/src/draw/sw/lv_draw_sw_triangle.c ****         p[2] = lv_point_from_precise(&dsc->p[0]);
 482              		.loc 1 75 16 is_stmt 0 view .LVU152
 483 0280 07F13801 		add	r1, r7, #56
 484 0284 2046     		mov	r0, r4
 485 0286 FFF7FEFF 		bl	lv_point_from_precise
 486              	.LVL38:
 487 028a 44AB     		add	r3, sp, #272
 488 028c 94E80300 		ldm	r4, {r0, r1}
 489 0290 83E80300 		stm	r3, {r0, r1}
  76:Middlewares/LVGL/lvgl/src/draw/sw/lv_draw_sw_triangle.c ****     }
 490              		.loc 1 76 9 is_stmt 1 view .LVU153
  76:Middlewares/LVGL/lvgl/src/draw/sw/lv_draw_sw_triangle.c ****     }
 491              		.loc 1 76 16 is_stmt 0 view .LVU154
 492 0294 07F12801 		add	r1, r7, #40
 493 0298 2046     		mov	r0, r4
 494 029a FFF7FEFF 		bl	lv_point_from_precise
 495              	.LVL39:
 496 029e 46AB     		add	r3, sp, #280
 497 02a0 94E80300 		ldm	r4, {r0, r1}
 498 02a4 83E80300 		stm	r3, {r0, r1}
 499 02a8 16E7     		b	.L5
 500              	.L35:
  84:Middlewares/LVGL/lvgl/src/draw/sw/lv_draw_sw_triangle.c ****         if(p[0].y > p[2].y) lv_point_swap(&p[0], &p[2]);
 501              		.loc 1 84 29 is_stmt 1 discriminator 1 view .LVU155
 502 02aa 44A9     		add	r1, sp, #272
 503 02ac 42A8     		add	r0, sp, #264
 504 02ae FFF7FEFF 		bl	lv_point_swap
 505              	.LVL40:
 506 02b2 07E7     		b	.L8
 507              	.L36:
  85:Middlewares/LVGL/lvgl/src/draw/sw/lv_draw_sw_triangle.c **** 
ARM GAS  C:\Users\w1785\AppData\Local\Temp\cczVjgRE.s 			page 13


 508              		.loc 1 85 29 discriminator 1 view .LVU156
 509 02b4 46A9     		add	r1, sp, #280
 510 02b6 42A8     		add	r0, sp, #264
 511 02b8 FFF7FEFF 		bl	lv_point_swap
 512              	.LVL41:
 513 02bc 07E7     		b	.L9
 514              	.L37:
  88:Middlewares/LVGL/lvgl/src/draw/sw/lv_draw_sw_triangle.c ****     }
 515              		.loc 1 88 29 discriminator 1 view .LVU157
 516 02be 46A9     		add	r1, sp, #280
 517 02c0 44A8     		add	r0, sp, #272
 518 02c2 FFF7FEFF 		bl	lv_point_swap
 519              	.LVL42:
 520 02c6 07E7     		b	.L5
 521              	.L38:
  92:Middlewares/LVGL/lvgl/src/draw/sw/lv_draw_sw_triangle.c ****     if(p[0].y > p[1].y) lv_point_swap(&p[0], &p[1]);
 522              		.loc 1 92 25 discriminator 1 view .LVU158
 523 02c8 46A9     		add	r1, sp, #280
 524 02ca 42A8     		add	r0, sp, #264
 525 02cc FFF7FEFF 		bl	lv_point_swap
 526              	.LVL43:
 527 02d0 07E7     		b	.L10
 528              	.L39:
  93:Middlewares/LVGL/lvgl/src/draw/sw/lv_draw_sw_triangle.c ****     if(p[1].y < p[2].y) lv_point_swap(&p[1], &p[2]);
 529              		.loc 1 93 25 discriminator 1 view .LVU159
 530 02d2 44A9     		add	r1, sp, #272
 531 02d4 42A8     		add	r0, sp, #264
 532 02d6 FFF7FEFF 		bl	lv_point_swap
 533              	.LVL44:
 534 02da 07E7     		b	.L11
 535              	.L40:
  94:Middlewares/LVGL/lvgl/src/draw/sw/lv_draw_sw_triangle.c **** 
 536              		.loc 1 94 25 discriminator 1 view .LVU160
 537 02dc 46A9     		add	r1, sp, #280
 538 02de 44A8     		add	r0, sp, #272
 539 02e0 FFF7FEFF 		bl	lv_point_swap
 540              	.LVL45:
 541 02e4 07E7     		b	.L12
 542              	.LVL46:
 543              	.L41:
 113:Middlewares/LVGL/lvgl/src/draw/sw/lv_draw_sw_triangle.c ****                                          p[2].x, p[2].y, LV_DRAW_SW_MASK_LINE_SIDE_TOP);
 544              		.loc 1 113 9 view .LVU161
 545 02e6 0221     		movs	r1, #2
 546 02e8 0191     		str	r1, [sp, #4]
 547 02ea 0093     		str	r3, [sp]
 548 02ec 469B     		ldr	r3, [sp, #280]
 549 02ee 4499     		ldr	r1, [sp, #272]
 550 02f0 14A8     		add	r0, sp, #80
 551 02f2 FFF7FEFF 		bl	lv_draw_sw_mask_line_points_init
 552              	.LVL47:
 553 02f6 30E7     		b	.L14
 554              	.LVL48:
 555              	.L42:
 146:Middlewares/LVGL/lvgl/src/draw/sw/lv_draw_sw_triangle.c ****         blend_dsc.src_buf = grad->color_map + draw_area.x1 - tri_area.x1;
 556              		.loc 1 146 9 view .LVU162
 146:Middlewares/LVGL/lvgl/src/draw/sw/lv_draw_sw_triangle.c ****         blend_dsc.src_buf = grad->color_map + draw_area.x1 - tri_area.x1;
 557              		.loc 1 146 28 is_stmt 0 view .LVU163
ARM GAS  C:\Users\w1785\AppData\Local\Temp\cczVjgRE.s 			page 14


 558 02f8 10AB     		add	r3, sp, #64
 559 02fa 0993     		str	r3, [sp, #36]
 147:Middlewares/LVGL/lvgl/src/draw/sw/lv_draw_sw_triangle.c ****         grad_opa_map = grad->opa_map + draw_area.x1 - tri_area.x1;
 560              		.loc 1 147 9 is_stmt 1 view .LVU164
 147:Middlewares/LVGL/lvgl/src/draw/sw/lv_draw_sw_triangle.c ****         grad_opa_map = grad->opa_map + draw_area.x1 - tri_area.x1;
 561              		.loc 1 147 33 is_stmt 0 view .LVU165
 562 02fc 0168     		ldr	r1, [r0]
 147:Middlewares/LVGL/lvgl/src/draw/sw/lv_draw_sw_triangle.c ****         grad_opa_map = grad->opa_map + draw_area.x1 - tri_area.x1;
 563              		.loc 1 147 60 view .LVU166
 564 02fe 489B     		ldr	r3, [sp, #288]
 565 0300 4C98     		ldr	r0, [sp, #304]
 566              	.LVL49:
 147:Middlewares/LVGL/lvgl/src/draw/sw/lv_draw_sw_triangle.c ****         grad_opa_map = grad->opa_map + draw_area.x1 - tri_area.x1;
 567              		.loc 1 147 60 view .LVU167
 568 0302 1B1A     		subs	r3, r3, r0
 569 0304 03EB4300 		add	r0, r3, r3, lsl #1
 570 0308 0144     		add	r1, r1, r0
 147:Middlewares/LVGL/lvgl/src/draw/sw/lv_draw_sw_triangle.c ****         grad_opa_map = grad->opa_map + draw_area.x1 - tri_area.x1;
 571              		.loc 1 147 27 view .LVU168
 572 030a 0691     		str	r1, [sp, #24]
 148:Middlewares/LVGL/lvgl/src/draw/sw/lv_draw_sw_triangle.c ****         blend_dsc.src_color_format = LV_COLOR_FORMAT_RGB888;
 573              		.loc 1 148 9 is_stmt 1 view .LVU169
 148:Middlewares/LVGL/lvgl/src/draw/sw/lv_draw_sw_triangle.c ****         blend_dsc.src_color_format = LV_COLOR_FORMAT_RGB888;
 574              		.loc 1 148 28 is_stmt 0 view .LVU170
 575 030c DAF80410 		ldr	r1, [r10, #4]
 148:Middlewares/LVGL/lvgl/src/draw/sw/lv_draw_sw_triangle.c ****         blend_dsc.src_color_format = LV_COLOR_FORMAT_RGB888;
 576              		.loc 1 148 22 view .LVU171
 577 0310 01EB030B 		add	fp, r1, r3
 578              	.LVL50:
 149:Middlewares/LVGL/lvgl/src/draw/sw/lv_draw_sw_triangle.c ****     }
 579              		.loc 1 149 9 is_stmt 1 view .LVU172
 149:Middlewares/LVGL/lvgl/src/draw/sw/lv_draw_sw_triangle.c ****     }
 580              		.loc 1 149 36 is_stmt 0 view .LVU173
 581 0314 0F23     		movs	r3, #15
 582 0316 8DF82030 		strb	r3, [sp, #32]
 583 031a 64E7     		b	.L15
 584              	.LVL51:
 585              	.L29:
 144:Middlewares/LVGL/lvgl/src/draw/sw/lv_draw_sw_triangle.c ****     if(grad && grad_dir == LV_GRAD_DIR_HOR) {
 586              		.loc 1 144 16 view .LVU174
 587 031c 8346     		mov	fp, r0
 588 031e 62E7     		b	.L15
 589              	.LVL52:
 590              	.L44:
 154:Middlewares/LVGL/lvgl/src/draw/sw/lv_draw_sw_triangle.c ****         blend_area.y1 = y;
 155:Middlewares/LVGL/lvgl/src/draw/sw/lv_draw_sw_triangle.c ****         blend_area.y2 = y;
 156:Middlewares/LVGL/lvgl/src/draw/sw/lv_draw_sw_triangle.c ****         lv_memset(mask_buf, 0xff, area_w);
 157:Middlewares/LVGL/lvgl/src/draw/sw/lv_draw_sw_triangle.c ****         blend_dsc.mask_res = lv_draw_sw_mask_apply(masks, mask_buf, draw_area.x1, y, area_w);
 158:Middlewares/LVGL/lvgl/src/draw/sw/lv_draw_sw_triangle.c ****         if(grad_dir == LV_GRAD_DIR_VER) {
 159:Middlewares/LVGL/lvgl/src/draw/sw/lv_draw_sw_triangle.c ****             LV_ASSERT_NULL(grad);
 591              		.loc 1 159 13 is_stmt 1 view .LVU175
 592              		.loc 1 159 13 view .LVU176
 593 0320 BAF1000F 		cmp	r10, #0
 594 0324 44D0     		beq	.L19
 595              		.loc 1 159 13 view .LVU177
 596              		.loc 1 159 33 view .LVU178
 160:Middlewares/LVGL/lvgl/src/draw/sw/lv_draw_sw_triangle.c ****             blend_dsc.color = grad->color_map[y - tri_area.y1];
ARM GAS  C:\Users\w1785\AppData\Local\Temp\cczVjgRE.s 			page 15


 597              		.loc 1 160 13 view .LVU179
 598              		.loc 1 160 35 is_stmt 0 view .LVU180
 599 0326 DAF80000 		ldr	r0, [r10]
 600              		.loc 1 160 59 view .LVU181
 601 032a 4D9B     		ldr	r3, [sp, #308]
 602              		.loc 1 160 49 view .LVU182
 603 032c E31A     		subs	r3, r4, r3
 604              		.loc 1 160 46 view .LVU183
 605 032e 03EB4301 		add	r1, r3, r3, lsl #1
 606 0332 00EB010C 		add	ip, r0, r1
 607              		.loc 1 160 29 view .LVU184
 608 0336 405A     		ldrh	r0, [r0, r1]	@ unaligned
 609 0338 9CF80210 		ldrb	r1, [ip, #2]	@ zero_extendqisi2
 610 033c ADF82900 		strh	r0, [sp, #41]	@ unaligned
 611 0340 8DF82B10 		strb	r1, [sp, #43]
 161:Middlewares/LVGL/lvgl/src/draw/sw/lv_draw_sw_triangle.c ****             blend_dsc.opa = grad->opa_map[y - tri_area.y1];
 612              		.loc 1 161 13 is_stmt 1 view .LVU185
 613              		.loc 1 161 33 is_stmt 0 view .LVU186
 614 0344 DAF80420 		ldr	r2, [r10, #4]
 615              		.loc 1 161 42 view .LVU187
 616 0348 D35C     		ldrb	r3, [r2, r3]	@ zero_extendqisi2
 617              		.loc 1 161 27 view .LVU188
 618 034a 8DF82830 		strb	r3, [sp, #40]
 162:Middlewares/LVGL/lvgl/src/draw/sw/lv_draw_sw_triangle.c ****             if(dsc->opa < LV_OPA_MAX) blend_dsc.opa = LV_OPA_MIX2(blend_dsc.opa, dsc->opa);
 619              		.loc 1 162 13 is_stmt 1 view .LVU189
 620              		.loc 1 162 19 is_stmt 0 view .LVU190
 621 034e 97F84320 		ldrb	r2, [r7, #67]	@ zero_extendqisi2
 622              		.loc 1 162 15 view .LVU191
 623 0352 FC2A     		cmp	r2, #252
 624 0354 04D8     		bhi	.L20
 625              		.loc 1 162 39 is_stmt 1 discriminator 1 view .LVU192
 626              		.loc 1 162 55 is_stmt 0 discriminator 1 view .LVU193
 627 0356 02FB03F3 		mul	r3, r2, r3
 628 035a 1B0A     		lsrs	r3, r3, #8
 629              		.loc 1 162 53 discriminator 1 view .LVU194
 630 035c 8DF82830 		strb	r3, [sp, #40]
 631              	.L20:
 163:Middlewares/LVGL/lvgl/src/draw/sw/lv_draw_sw_triangle.c ****         }
 164:Middlewares/LVGL/lvgl/src/draw/sw/lv_draw_sw_triangle.c ****         else if(grad_dir == LV_GRAD_DIR_HOR) {
 165:Middlewares/LVGL/lvgl/src/draw/sw/lv_draw_sw_triangle.c ****             if(grad_opa_map) {
 166:Middlewares/LVGL/lvgl/src/draw/sw/lv_draw_sw_triangle.c ****                 int32_t i;
 167:Middlewares/LVGL/lvgl/src/draw/sw/lv_draw_sw_triangle.c ****                 if(blend_dsc.mask_res == LV_DRAW_SW_MASK_RES_CHANGED) {
 168:Middlewares/LVGL/lvgl/src/draw/sw/lv_draw_sw_triangle.c ****                     blend_dsc.mask_buf = mask_buf;
 169:Middlewares/LVGL/lvgl/src/draw/sw/lv_draw_sw_triangle.c ****                     for(i = 0; i < area_w; i++) {
 170:Middlewares/LVGL/lvgl/src/draw/sw/lv_draw_sw_triangle.c ****                         if(grad_opa_map[i] < LV_OPA_MAX) mask_buf[i] = LV_OPA_MIX2(mask_buf[i], gra
 171:Middlewares/LVGL/lvgl/src/draw/sw/lv_draw_sw_triangle.c ****                     }
 172:Middlewares/LVGL/lvgl/src/draw/sw/lv_draw_sw_triangle.c ****                 }
 173:Middlewares/LVGL/lvgl/src/draw/sw/lv_draw_sw_triangle.c ****                 else if(blend_dsc.mask_res == LV_DRAW_SW_MASK_RES_FULL_COVER) {
 174:Middlewares/LVGL/lvgl/src/draw/sw/lv_draw_sw_triangle.c ****                     blend_dsc.mask_buf = grad_opa_map;
 175:Middlewares/LVGL/lvgl/src/draw/sw/lv_draw_sw_triangle.c ****                     blend_dsc.mask_res = LV_DRAW_SW_MASK_RES_CHANGED;
 176:Middlewares/LVGL/lvgl/src/draw/sw/lv_draw_sw_triangle.c ****                 }
 177:Middlewares/LVGL/lvgl/src/draw/sw/lv_draw_sw_triangle.c ****                 else if(blend_dsc.mask_res == LV_DRAW_SW_MASK_RES_TRANSP) {
 178:Middlewares/LVGL/lvgl/src/draw/sw/lv_draw_sw_triangle.c ****                     continue;
 179:Middlewares/LVGL/lvgl/src/draw/sw/lv_draw_sw_triangle.c ****                 }
 180:Middlewares/LVGL/lvgl/src/draw/sw/lv_draw_sw_triangle.c ****             }
 181:Middlewares/LVGL/lvgl/src/draw/sw/lv_draw_sw_triangle.c ****         }
 182:Middlewares/LVGL/lvgl/src/draw/sw/lv_draw_sw_triangle.c ****         lv_draw_sw_blend(t, &blend_dsc);
ARM GAS  C:\Users\w1785\AppData\Local\Temp\cczVjgRE.s 			page 16


 632              		.loc 1 182 9 is_stmt 1 view .LVU195
 633 0360 05A9     		add	r1, sp, #20
 634 0362 4846     		mov	r0, r9
 635 0364 FFF7FEFF 		bl	lv_draw_sw_blend
 636              	.LVL53:
 637              	.L26:
 153:Middlewares/LVGL/lvgl/src/draw/sw/lv_draw_sw_triangle.c ****         blend_area.y1 = y;
 638              		.loc 1 153 47 discriminator 2 view .LVU196
 639 0368 0134     		adds	r4, r4, #1
 640              	.LVL54:
 641              	.L16:
 153:Middlewares/LVGL/lvgl/src/draw/sw/lv_draw_sw_triangle.c ****         blend_area.y1 = y;
 642              		.loc 1 153 29 discriminator 1 view .LVU197
 153:Middlewares/LVGL/lvgl/src/draw/sw/lv_draw_sw_triangle.c ****         blend_area.y1 = y;
 643              		.loc 1 153 41 is_stmt 0 discriminator 1 view .LVU198
 644 036a 4B9B     		ldr	r3, [sp, #300]
 153:Middlewares/LVGL/lvgl/src/draw/sw/lv_draw_sw_triangle.c ****         blend_area.y1 = y;
 645              		.loc 1 153 29 discriminator 1 view .LVU199
 646 036c A342     		cmp	r3, r4
 647 036e 36DB     		blt	.L43
 154:Middlewares/LVGL/lvgl/src/draw/sw/lv_draw_sw_triangle.c ****         blend_area.y2 = y;
 648              		.loc 1 154 9 is_stmt 1 view .LVU200
 154:Middlewares/LVGL/lvgl/src/draw/sw/lv_draw_sw_triangle.c ****         blend_area.y2 = y;
 649              		.loc 1 154 23 is_stmt 0 view .LVU201
 650 0370 1194     		str	r4, [sp, #68]
 155:Middlewares/LVGL/lvgl/src/draw/sw/lv_draw_sw_triangle.c ****         lv_memset(mask_buf, 0xff, area_w);
 651              		.loc 1 155 9 is_stmt 1 view .LVU202
 155:Middlewares/LVGL/lvgl/src/draw/sw/lv_draw_sw_triangle.c ****         lv_memset(mask_buf, 0xff, area_w);
 652              		.loc 1 155 23 is_stmt 0 view .LVU203
 653 0372 1394     		str	r4, [sp, #76]
 156:Middlewares/LVGL/lvgl/src/draw/sw/lv_draw_sw_triangle.c ****         blend_dsc.mask_res = lv_draw_sw_mask_apply(masks, mask_buf, draw_area.x1, y, area_w);
 654              		.loc 1 156 9 is_stmt 1 view .LVU204
 655 0374 3246     		mov	r2, r6
 656 0376 FF21     		movs	r1, #255
 657 0378 2846     		mov	r0, r5
 658 037a FFF7FEFF 		bl	lv_memset
 659              	.LVL55:
 157:Middlewares/LVGL/lvgl/src/draw/sw/lv_draw_sw_triangle.c ****         if(grad_dir == LV_GRAD_DIR_VER) {
 660              		.loc 1 157 9 view .LVU205
 157:Middlewares/LVGL/lvgl/src/draw/sw/lv_draw_sw_triangle.c ****         if(grad_dir == LV_GRAD_DIR_VER) {
 661              		.loc 1 157 30 is_stmt 0 view .LVU206
 662 037e 0096     		str	r6, [sp]
 663 0380 2346     		mov	r3, r4
 664 0382 489A     		ldr	r2, [sp, #288]
 665 0384 2946     		mov	r1, r5
 666 0386 3EA8     		add	r0, sp, #248
 667 0388 FFF7FEFF 		bl	lv_draw_sw_mask_apply
 668              	.LVL56:
 157:Middlewares/LVGL/lvgl/src/draw/sw/lv_draw_sw_triangle.c ****         if(grad_dir == LV_GRAD_DIR_VER) {
 669              		.loc 1 157 28 discriminator 1 view .LVU207
 670 038c 8DF83000 		strb	r0, [sp, #48]
 158:Middlewares/LVGL/lvgl/src/draw/sw/lv_draw_sw_triangle.c ****             LV_ASSERT_NULL(grad);
 671              		.loc 1 158 9 is_stmt 1 view .LVU208
 158:Middlewares/LVGL/lvgl/src/draw/sw/lv_draw_sw_triangle.c ****             LV_ASSERT_NULL(grad);
 672              		.loc 1 158 11 is_stmt 0 view .LVU209
 673 0390 B8F1010F 		cmp	r8, #1
 674 0394 C4D0     		beq	.L44
ARM GAS  C:\Users\w1785\AppData\Local\Temp\cczVjgRE.s 			page 17


 164:Middlewares/LVGL/lvgl/src/draw/sw/lv_draw_sw_triangle.c ****             if(grad_opa_map) {
 675              		.loc 1 164 14 is_stmt 1 view .LVU210
 164:Middlewares/LVGL/lvgl/src/draw/sw/lv_draw_sw_triangle.c ****             if(grad_opa_map) {
 676              		.loc 1 164 16 is_stmt 0 view .LVU211
 677 0396 B8F1020F 		cmp	r8, #2
 678 039a E1D1     		bne	.L20
 165:Middlewares/LVGL/lvgl/src/draw/sw/lv_draw_sw_triangle.c ****                 int32_t i;
 679              		.loc 1 165 13 is_stmt 1 view .LVU212
 165:Middlewares/LVGL/lvgl/src/draw/sw/lv_draw_sw_triangle.c ****                 int32_t i;
 680              		.loc 1 165 15 is_stmt 0 view .LVU213
 681 039c BBF1000F 		cmp	fp, #0
 682 03a0 DED0     		beq	.L20
 683              	.LBB2:
 166:Middlewares/LVGL/lvgl/src/draw/sw/lv_draw_sw_triangle.c ****                 if(blend_dsc.mask_res == LV_DRAW_SW_MASK_RES_CHANGED) {
 684              		.loc 1 166 17 is_stmt 1 view .LVU214
 167:Middlewares/LVGL/lvgl/src/draw/sw/lv_draw_sw_triangle.c ****                     blend_dsc.mask_buf = mask_buf;
 685              		.loc 1 167 17 view .LVU215
 167:Middlewares/LVGL/lvgl/src/draw/sw/lv_draw_sw_triangle.c ****                     blend_dsc.mask_buf = mask_buf;
 686              		.loc 1 167 19 is_stmt 0 view .LVU216
 687 03a2 0228     		cmp	r0, #2
 688 03a4 05D0     		beq	.L45
 173:Middlewares/LVGL/lvgl/src/draw/sw/lv_draw_sw_triangle.c ****                     blend_dsc.mask_buf = grad_opa_map;
 689              		.loc 1 173 22 is_stmt 1 view .LVU217
 173:Middlewares/LVGL/lvgl/src/draw/sw/lv_draw_sw_triangle.c ****                     blend_dsc.mask_buf = grad_opa_map;
 690              		.loc 1 173 24 is_stmt 0 view .LVU218
 691 03a6 0128     		cmp	r0, #1
 692 03a8 13D0     		beq	.L46
 177:Middlewares/LVGL/lvgl/src/draw/sw/lv_draw_sw_triangle.c ****                     continue;
 693              		.loc 1 177 22 is_stmt 1 view .LVU219
 177:Middlewares/LVGL/lvgl/src/draw/sw/lv_draw_sw_triangle.c ****                     continue;
 694              		.loc 1 177 24 is_stmt 0 view .LVU220
 695 03aa 0028     		cmp	r0, #0
 696 03ac D8D1     		bne	.L20
 697 03ae DBE7     		b	.L26
 698              	.L19:
 699              	.LBE2:
 159:Middlewares/LVGL/lvgl/src/draw/sw/lv_draw_sw_triangle.c ****             blend_dsc.color = grad->color_map[y - tri_area.y1];
 700              		.loc 1 159 13 is_stmt 1 view .LVU221
 159:Middlewares/LVGL/lvgl/src/draw/sw/lv_draw_sw_triangle.c ****             blend_dsc.color = grad->color_map[y - tri_area.y1];
 701              		.loc 1 159 13 view .LVU222
 159:Middlewares/LVGL/lvgl/src/draw/sw/lv_draw_sw_triangle.c ****             blend_dsc.color = grad->color_map[y - tri_area.y1];
 702              		.loc 1 159 13 view .LVU223
 159:Middlewares/LVGL/lvgl/src/draw/sw/lv_draw_sw_triangle.c ****             blend_dsc.color = grad->color_map[y - tri_area.y1];
 703              		.loc 1 159 13 view .LVU224
 159:Middlewares/LVGL/lvgl/src/draw/sw/lv_draw_sw_triangle.c ****             blend_dsc.color = grad->color_map[y - tri_area.y1];
 704              		.loc 1 159 13 view .LVU225
 705 03b0 FEE7     		b	.L19
 706              	.L45:
 707              	.LBB3:
 168:Middlewares/LVGL/lvgl/src/draw/sw/lv_draw_sw_triangle.c ****                     for(i = 0; i < area_w; i++) {
 708              		.loc 1 168 21 view .LVU226
 168:Middlewares/LVGL/lvgl/src/draw/sw/lv_draw_sw_triangle.c ****                     for(i = 0; i < area_w; i++) {
 709              		.loc 1 168 40 is_stmt 0 view .LVU227
 710 03b2 0B95     		str	r5, [sp, #44]
 169:Middlewares/LVGL/lvgl/src/draw/sw/lv_draw_sw_triangle.c ****                         if(grad_opa_map[i] < LV_OPA_MAX) mask_buf[i] = LV_OPA_MIX2(mask_buf[i], gra
 711              		.loc 1 169 21 is_stmt 1 view .LVU228
 712              	.LVL57:
ARM GAS  C:\Users\w1785\AppData\Local\Temp\cczVjgRE.s 			page 18


 169:Middlewares/LVGL/lvgl/src/draw/sw/lv_draw_sw_triangle.c ****                         if(grad_opa_map[i] < LV_OPA_MAX) mask_buf[i] = LV_OPA_MIX2(mask_buf[i], gra
 713              		.loc 1 169 27 is_stmt 0 view .LVU229
 714 03b4 0023     		movs	r3, #0
 169:Middlewares/LVGL/lvgl/src/draw/sw/lv_draw_sw_triangle.c ****                         if(grad_opa_map[i] < LV_OPA_MAX) mask_buf[i] = LV_OPA_MIX2(mask_buf[i], gra
 715              		.loc 1 169 21 view .LVU230
 716 03b6 00E0     		b	.L22
 717              	.LVL58:
 718              	.L23:
 169:Middlewares/LVGL/lvgl/src/draw/sw/lv_draw_sw_triangle.c ****                         if(grad_opa_map[i] < LV_OPA_MAX) mask_buf[i] = LV_OPA_MIX2(mask_buf[i], gra
 719              		.loc 1 169 45 is_stmt 1 discriminator 2 view .LVU231
 720 03b8 0133     		adds	r3, r3, #1
 721              	.LVL59:
 722              	.L22:
 169:Middlewares/LVGL/lvgl/src/draw/sw/lv_draw_sw_triangle.c ****                         if(grad_opa_map[i] < LV_OPA_MAX) mask_buf[i] = LV_OPA_MIX2(mask_buf[i], gra
 723              		.loc 1 169 34 discriminator 1 view .LVU232
 724 03ba B342     		cmp	r3, r6
 725 03bc D0DA     		bge	.L20
 170:Middlewares/LVGL/lvgl/src/draw/sw/lv_draw_sw_triangle.c ****                     }
 726              		.loc 1 170 25 view .LVU233
 170:Middlewares/LVGL/lvgl/src/draw/sw/lv_draw_sw_triangle.c ****                     }
 727              		.loc 1 170 40 is_stmt 0 view .LVU234
 728 03be 1BF80310 		ldrb	r1, [fp, r3]	@ zero_extendqisi2
 170:Middlewares/LVGL/lvgl/src/draw/sw/lv_draw_sw_triangle.c ****                     }
 729              		.loc 1 170 27 view .LVU235
 730 03c2 FC29     		cmp	r1, #252
 731 03c4 F8D8     		bhi	.L23
 170:Middlewares/LVGL/lvgl/src/draw/sw/lv_draw_sw_triangle.c ****                     }
 732              		.loc 1 170 58 is_stmt 1 discriminator 1 view .LVU236
 170:Middlewares/LVGL/lvgl/src/draw/sw/lv_draw_sw_triangle.c ****                     }
 733              		.loc 1 170 72 is_stmt 0 discriminator 1 view .LVU237
 734 03c6 EA5C     		ldrb	r2, [r5, r3]	@ zero_extendqisi2
 735 03c8 01FB02F2 		mul	r2, r1, r2
 736 03cc 120A     		lsrs	r2, r2, #8
 170:Middlewares/LVGL/lvgl/src/draw/sw/lv_draw_sw_triangle.c ****                     }
 737              		.loc 1 170 70 discriminator 1 view .LVU238
 738 03ce EA54     		strb	r2, [r5, r3]
 739 03d0 F2E7     		b	.L23
 740              	.LVL60:
 741              	.L46:
 174:Middlewares/LVGL/lvgl/src/draw/sw/lv_draw_sw_triangle.c ****                     blend_dsc.mask_res = LV_DRAW_SW_MASK_RES_CHANGED;
 742              		.loc 1 174 21 is_stmt 1 view .LVU239
 174:Middlewares/LVGL/lvgl/src/draw/sw/lv_draw_sw_triangle.c ****                     blend_dsc.mask_res = LV_DRAW_SW_MASK_RES_CHANGED;
 743              		.loc 1 174 40 is_stmt 0 view .LVU240
 744 03d2 CDF82CB0 		str	fp, [sp, #44]
 175:Middlewares/LVGL/lvgl/src/draw/sw/lv_draw_sw_triangle.c ****                 }
 745              		.loc 1 175 21 is_stmt 1 view .LVU241
 175:Middlewares/LVGL/lvgl/src/draw/sw/lv_draw_sw_triangle.c ****                 }
 746              		.loc 1 175 40 is_stmt 0 view .LVU242
 747 03d6 0222     		movs	r2, #2
 748 03d8 8DF83020 		strb	r2, [sp, #48]
 749 03dc C0E7     		b	.L20
 750              	.L43:
 175:Middlewares/LVGL/lvgl/src/draw/sw/lv_draw_sw_triangle.c ****                 }
 751              		.loc 1 175 40 view .LVU243
 752              	.LBE3:
 183:Middlewares/LVGL/lvgl/src/draw/sw/lv_draw_sw_triangle.c ****     }
 184:Middlewares/LVGL/lvgl/src/draw/sw/lv_draw_sw_triangle.c **** 
ARM GAS  C:\Users\w1785\AppData\Local\Temp\cczVjgRE.s 			page 19


 185:Middlewares/LVGL/lvgl/src/draw/sw/lv_draw_sw_triangle.c ****     lv_free(mask_buf);
 753              		.loc 1 185 5 is_stmt 1 view .LVU244
 754 03de 2846     		mov	r0, r5
 755 03e0 FFF7FEFF 		bl	lv_free
 756              	.LVL61:
 186:Middlewares/LVGL/lvgl/src/draw/sw/lv_draw_sw_triangle.c ****     lv_draw_sw_mask_free_param(&mask_bottom);
 757              		.loc 1 186 5 view .LVU245
 758 03e4 14A8     		add	r0, sp, #80
 759 03e6 FFF7FEFF 		bl	lv_draw_sw_mask_free_param
 760              	.LVL62:
 187:Middlewares/LVGL/lvgl/src/draw/sw/lv_draw_sw_triangle.c ****     lv_draw_sw_mask_free_param(&mask_left);
 761              		.loc 1 187 5 view .LVU246
 762 03ea 30A8     		add	r0, sp, #192
 763 03ec FFF7FEFF 		bl	lv_draw_sw_mask_free_param
 764              	.LVL63:
 188:Middlewares/LVGL/lvgl/src/draw/sw/lv_draw_sw_triangle.c ****     lv_draw_sw_mask_free_param(&mask_right);
 765              		.loc 1 188 5 view .LVU247
 766 03f0 22A8     		add	r0, sp, #136
 767 03f2 FFF7FEFF 		bl	lv_draw_sw_mask_free_param
 768              	.LVL64:
 189:Middlewares/LVGL/lvgl/src/draw/sw/lv_draw_sw_triangle.c **** 
 190:Middlewares/LVGL/lvgl/src/draw/sw/lv_draw_sw_triangle.c ****     if(grad) {
 769              		.loc 1 190 5 view .LVU248
 770              		.loc 1 190 7 is_stmt 0 view .LVU249
 771 03f6 BAF1000F 		cmp	r10, #0
 772 03fa 02D0     		beq	.L1
 191:Middlewares/LVGL/lvgl/src/draw/sw/lv_draw_sw_triangle.c ****         lv_draw_sw_grad_cleanup(grad);
 773              		.loc 1 191 9 is_stmt 1 view .LVU250
 774 03fc 5046     		mov	r0, r10
 775 03fe FFF7FEFF 		bl	lv_draw_sw_grad_cleanup
 776              	.LVL65:
 777              	.L1:
 192:Middlewares/LVGL/lvgl/src/draw/sw/lv_draw_sw_triangle.c ****     }
 193:Middlewares/LVGL/lvgl/src/draw/sw/lv_draw_sw_triangle.c **** 
 194:Middlewares/LVGL/lvgl/src/draw/sw/lv_draw_sw_triangle.c **** #else
 195:Middlewares/LVGL/lvgl/src/draw/sw/lv_draw_sw_triangle.c ****     LV_UNUSED(t);
 196:Middlewares/LVGL/lvgl/src/draw/sw/lv_draw_sw_triangle.c ****     LV_UNUSED(dsc);
 197:Middlewares/LVGL/lvgl/src/draw/sw/lv_draw_sw_triangle.c ****     LV_LOG_WARN("Can't draw triangles with LV_DRAW_SW_COMPLEX == 0");
 198:Middlewares/LVGL/lvgl/src/draw/sw/lv_draw_sw_triangle.c **** #endif /*LV_DRAW_SW_COMPLEX*/
 199:Middlewares/LVGL/lvgl/src/draw/sw/lv_draw_sw_triangle.c **** }
 778              		.loc 1 199 1 is_stmt 0 view .LVU251
 779 0402 51B0     		add	sp, sp, #324
 780              	.LCFI2:
 781              		.cfi_def_cfa_offset 36
 782              		@ sp needed
 783 0404 BDE8F08F 		pop	{r4, r5, r6, r7, r8, r9, r10, fp, pc}
 784              		.loc 1 199 1 view .LVU252
 785              		.cfi_endproc
 786              	.LFE43:
 788              		.text
 789              	.Letext0:
 790              		.file 2 "D:\\STM32CubeIDE\\STM32CubeIDE_2.1.1\\STM32CubeIDE\\plugins\\com.st.stm32cube.ide.mcu.ext
 791              		.file 3 "D:\\STM32CubeIDE\\STM32CubeIDE_2.1.1\\STM32CubeIDE\\plugins\\com.st.stm32cube.ide.mcu.ext
 792              		.file 4 "D:\\STM32CubeIDE\\STM32CubeIDE_2.1.1\\STM32CubeIDE\\plugins\\com.st.stm32cube.ide.mcu.ext
 793              		.file 5 "Middlewares/LVGL/lvgl/src/draw/sw/../../misc/lv_types.h"
 794              		.file 6 "Middlewares/LVGL/lvgl/src/draw/sw/../lv_draw.h"
 795              		.file 7 "Middlewares/LVGL/lvgl/src/draw/sw/../lv_draw_private.h"
ARM GAS  C:\Users\w1785\AppData\Local\Temp\cczVjgRE.s 			page 20


 796              		.file 8 "Middlewares/LVGL/lvgl/src/draw/sw/lv_draw_sw_mask_private.h"
 797              		.file 9 "Middlewares/LVGL/lvgl/src/draw/sw/blend/lv_draw_sw_blend_private.h"
 798              		.file 10 "Middlewares/LVGL/lvgl/src/draw/sw/blend/../../../misc/../font/../draw/lv_draw_buf.h"
 799              		.file 11 "Middlewares/LVGL/lvgl/src/draw/sw/../../misc/lv_area.h"
 800              		.file 12 "Middlewares/LVGL/lvgl/src/draw/sw/../../misc/lv_color.h"
 801              		.file 13 "Middlewares/LVGL/lvgl/src/draw/sw/lv_draw_sw_mask.h"
 802              		.file 14 "Middlewares/LVGL/lvgl/src/draw/sw/blend/../../../misc/../font/../draw/lv_image_dsc.h"
 803              		.file 15 "Middlewares/LVGL/lvgl/src/draw/sw/blend/../../../misc/lv_grad.h"
 804              		.file 16 "Middlewares/LVGL/lvgl/src/draw/sw/blend/../../../misc/lv_style.h"
 805              		.file 17 "Middlewares/LVGL/lvgl/src/draw/sw/../lv_draw_triangle.h"
 806              		.file 18 "Middlewares/LVGL/lvgl/src/draw/sw/lv_draw_sw_grad.h"
 807              		.file 19 "Middlewares/LVGL/lvgl/src/draw/sw/../../misc/../stdlib/lv_mem.h"
 808              		.file 20 "Middlewares/LVGL/lvgl/src/draw/sw/blend/lv_draw_sw_blend.h"
 809              		.file 21 "Middlewares/LVGL/lvgl/src/draw/sw/../../misc/../stdlib/lv_string.h"
 810              		.file 22 "Middlewares/LVGL/lvgl/src/draw/sw/../../misc/lv_area_private.h"
ARM GAS  C:\Users\w1785\AppData\Local\Temp\cczVjgRE.s 			page 21


DEFINED SYMBOLS
                            *ABS*:00000000 lv_draw_sw_triangle.c
C:\Users\w1785\AppData\Local\Temp\cczVjgRE.s:21     .text.lv_draw_sw_triangle:00000000 $t
C:\Users\w1785\AppData\Local\Temp\cczVjgRE.s:27     .text.lv_draw_sw_triangle:00000000 lv_draw_sw_triangle

UNDEFINED SYMBOLS
lv_area_intersect
lv_point_from_precise
lv_draw_sw_mask_line_points_init
lv_area_get_width
lv_malloc
lv_area_get_height
lv_draw_sw_grad_get
lv_point_swap
lv_draw_sw_blend
lv_memset
lv_draw_sw_mask_apply
lv_free
lv_draw_sw_mask_free_param
lv_draw_sw_grad_cleanup
