ARM GAS  C:\Users\w1785\AppData\Local\Temp\ccWKwNQ7.s 			page 1


   1              		.cpu cortex-m4
   2              		.arch armv7e-m
   3              		.fpu fpv4-sp-d16
   4              		.eabi_attribute 27, 1
   5              		.eabi_attribute 28, 1
   6              		.eabi_attribute 20, 1
   7              		.eabi_attribute 21, 1
   8              		.eabi_attribute 23, 3
   9              		.eabi_attribute 24, 1
  10              		.eabi_attribute 25, 1
  11              		.eabi_attribute 26, 1
  12              		.eabi_attribute 30, 1
  13              		.eabi_attribute 34, 1
  14              		.eabi_attribute 18, 4
  15              		.file	"lv_draw_sw_letter.c"
  16              		.text
  17              	.Ltext0:
  18              		.cfi_sections	.debug_frame
  19              		.file 1 "Middlewares/LVGL/lvgl/src/draw/sw/lv_draw_sw_letter.c"
  20              		.section	.text.draw_letter_cb,"ax",%progbits
  21              		.align	1
  22              		.syntax unified
  23              		.thumb
  24              		.thumb_func
  26              	draw_letter_cb:
  27              	.LVL0:
  28              	.LFB202:
   1:Middlewares/LVGL/lvgl/src/draw/sw/lv_draw_sw_letter.c **** /**
   2:Middlewares/LVGL/lvgl/src/draw/sw/lv_draw_sw_letter.c ****  * @file lv_draw_sw_letter.c
   3:Middlewares/LVGL/lvgl/src/draw/sw/lv_draw_sw_letter.c ****  *
   4:Middlewares/LVGL/lvgl/src/draw/sw/lv_draw_sw_letter.c ****  */
   5:Middlewares/LVGL/lvgl/src/draw/sw/lv_draw_sw_letter.c **** 
   6:Middlewares/LVGL/lvgl/src/draw/sw/lv_draw_sw_letter.c **** /*********************
   7:Middlewares/LVGL/lvgl/src/draw/sw/lv_draw_sw_letter.c ****  *      INCLUDES
   8:Middlewares/LVGL/lvgl/src/draw/sw/lv_draw_sw_letter.c ****  *********************/
   9:Middlewares/LVGL/lvgl/src/draw/sw/lv_draw_sw_letter.c **** #include "blend/lv_draw_sw_blend_private.h"
  10:Middlewares/LVGL/lvgl/src/draw/sw/lv_draw_sw_letter.c **** #include "../lv_draw_label_private.h"
  11:Middlewares/LVGL/lvgl/src/draw/sw/lv_draw_sw_letter.c **** #include "../../draw/lv_draw_private.h"
  12:Middlewares/LVGL/lvgl/src/draw/sw/lv_draw_sw_letter.c **** #include "lv_draw_sw.h"
  13:Middlewares/LVGL/lvgl/src/draw/sw/lv_draw_sw_letter.c **** 
  14:Middlewares/LVGL/lvgl/src/draw/sw/lv_draw_sw_letter.c **** #if LV_USE_FREETYPE && LV_USE_VECTOR_GRAPHIC && LV_USE_THORVG
  15:Middlewares/LVGL/lvgl/src/draw/sw/lv_draw_sw_letter.c **** 
  16:Middlewares/LVGL/lvgl/src/draw/sw/lv_draw_sw_letter.c ****     #include "../../libs/freetype/lv_freetype_private.h"
  17:Middlewares/LVGL/lvgl/src/draw/sw/lv_draw_sw_letter.c ****     #include "../lv_draw_vector_private.h"
  18:Middlewares/LVGL/lvgl/src/draw/sw/lv_draw_sw_letter.c **** 
  19:Middlewares/LVGL/lvgl/src/draw/sw/lv_draw_sw_letter.c **** #endif
  20:Middlewares/LVGL/lvgl/src/draw/sw/lv_draw_sw_letter.c **** 
  21:Middlewares/LVGL/lvgl/src/draw/sw/lv_draw_sw_letter.c **** #if LV_USE_DRAW_SW
  22:Middlewares/LVGL/lvgl/src/draw/sw/lv_draw_sw_letter.c **** 
  23:Middlewares/LVGL/lvgl/src/draw/sw/lv_draw_sw_letter.c **** #include "../../display/lv_display.h"
  24:Middlewares/LVGL/lvgl/src/draw/sw/lv_draw_sw_letter.c **** #include "../../misc/lv_math.h"
  25:Middlewares/LVGL/lvgl/src/draw/sw/lv_draw_sw_letter.c **** #include "../../misc/lv_assert.h"
  26:Middlewares/LVGL/lvgl/src/draw/sw/lv_draw_sw_letter.c **** #include "../../misc/lv_area.h"
  27:Middlewares/LVGL/lvgl/src/draw/sw/lv_draw_sw_letter.c **** #include "../../misc/lv_style.h"
  28:Middlewares/LVGL/lvgl/src/draw/sw/lv_draw_sw_letter.c **** #include "../../font/lv_font.h"
  29:Middlewares/LVGL/lvgl/src/draw/sw/lv_draw_sw_letter.c **** #include "../../core/lv_refr_private.h"
  30:Middlewares/LVGL/lvgl/src/draw/sw/lv_draw_sw_letter.c **** #include "../../stdlib/lv_string.h"
ARM GAS  C:\Users\w1785\AppData\Local\Temp\ccWKwNQ7.s 			page 2


  31:Middlewares/LVGL/lvgl/src/draw/sw/lv_draw_sw_letter.c **** 
  32:Middlewares/LVGL/lvgl/src/draw/sw/lv_draw_sw_letter.c **** /*********************
  33:Middlewares/LVGL/lvgl/src/draw/sw/lv_draw_sw_letter.c ****  *      DEFINES
  34:Middlewares/LVGL/lvgl/src/draw/sw/lv_draw_sw_letter.c ****  *********************/
  35:Middlewares/LVGL/lvgl/src/draw/sw/lv_draw_sw_letter.c **** 
  36:Middlewares/LVGL/lvgl/src/draw/sw/lv_draw_sw_letter.c **** /**********************
  37:Middlewares/LVGL/lvgl/src/draw/sw/lv_draw_sw_letter.c ****  *      TYPEDEFS
  38:Middlewares/LVGL/lvgl/src/draw/sw/lv_draw_sw_letter.c ****  **********************/
  39:Middlewares/LVGL/lvgl/src/draw/sw/lv_draw_sw_letter.c **** #if LV_USE_FREETYPE && LV_USE_VECTOR_GRAPHIC && LV_USE_THORVG
  40:Middlewares/LVGL/lvgl/src/draw/sw/lv_draw_sw_letter.c **** 
  41:Middlewares/LVGL/lvgl/src/draw/sw/lv_draw_sw_letter.c **** typedef struct {
  42:Middlewares/LVGL/lvgl/src/draw/sw/lv_draw_sw_letter.c ****     lv_vector_path_t * inside_path;     /*The regular glyph*/
  43:Middlewares/LVGL/lvgl/src/draw/sw/lv_draw_sw_letter.c ****     lv_vector_path_t * outside_path;    /*A bigger glyph that goes in the background for the letter
  44:Middlewares/LVGL/lvgl/src/draw/sw/lv_draw_sw_letter.c ****     lv_vector_path_t * cur_path;
  45:Middlewares/LVGL/lvgl/src/draw/sw/lv_draw_sw_letter.c **** } lv_draw_sw_letter_outlines_t;
  46:Middlewares/LVGL/lvgl/src/draw/sw/lv_draw_sw_letter.c **** 
  47:Middlewares/LVGL/lvgl/src/draw/sw/lv_draw_sw_letter.c **** #endif /* LV_USE_FREETYPE && LV_USE_VECTOR_GRAPHIC && LV_USE_THORVG */
  48:Middlewares/LVGL/lvgl/src/draw/sw/lv_draw_sw_letter.c **** 
  49:Middlewares/LVGL/lvgl/src/draw/sw/lv_draw_sw_letter.c **** /**********************
  50:Middlewares/LVGL/lvgl/src/draw/sw/lv_draw_sw_letter.c ****  *  STATIC PROTOTYPES
  51:Middlewares/LVGL/lvgl/src/draw/sw/lv_draw_sw_letter.c ****  **********************/
  52:Middlewares/LVGL/lvgl/src/draw/sw/lv_draw_sw_letter.c **** 
  53:Middlewares/LVGL/lvgl/src/draw/sw/lv_draw_sw_letter.c **** static void /* LV_ATTRIBUTE_FAST_MEM */ draw_letter_cb(lv_draw_task_t * t, lv_draw_glyph_dsc_t * gl
  54:Middlewares/LVGL/lvgl/src/draw/sw/lv_draw_sw_letter.c ****                                                        lv_draw_fill_dsc_t * fill_draw_dsc, const lv
  55:Middlewares/LVGL/lvgl/src/draw/sw/lv_draw_sw_letter.c **** 
  56:Middlewares/LVGL/lvgl/src/draw/sw/lv_draw_sw_letter.c **** #if LV_USE_FREETYPE && LV_USE_VECTOR_GRAPHIC && LV_USE_THORVG
  57:Middlewares/LVGL/lvgl/src/draw/sw/lv_draw_sw_letter.c **** 
  58:Middlewares/LVGL/lvgl/src/draw/sw/lv_draw_sw_letter.c ****     static void freetype_outline_event_cb(lv_event_t * e);
  59:Middlewares/LVGL/lvgl/src/draw/sw/lv_draw_sw_letter.c ****     static void draw_letter_outline(lv_draw_task_t * t, lv_draw_glyph_dsc_t * dsc);
  60:Middlewares/LVGL/lvgl/src/draw/sw/lv_draw_sw_letter.c **** 
  61:Middlewares/LVGL/lvgl/src/draw/sw/lv_draw_sw_letter.c **** #endif
  62:Middlewares/LVGL/lvgl/src/draw/sw/lv_draw_sw_letter.c **** 
  63:Middlewares/LVGL/lvgl/src/draw/sw/lv_draw_sw_letter.c **** /**********************
  64:Middlewares/LVGL/lvgl/src/draw/sw/lv_draw_sw_letter.c ****  *  STATIC VARIABLES
  65:Middlewares/LVGL/lvgl/src/draw/sw/lv_draw_sw_letter.c ****  **********************/
  66:Middlewares/LVGL/lvgl/src/draw/sw/lv_draw_sw_letter.c **** 
  67:Middlewares/LVGL/lvgl/src/draw/sw/lv_draw_sw_letter.c **** /**********************
  68:Middlewares/LVGL/lvgl/src/draw/sw/lv_draw_sw_letter.c ****  *  GLOBAL VARIABLES
  69:Middlewares/LVGL/lvgl/src/draw/sw/lv_draw_sw_letter.c ****  **********************/
  70:Middlewares/LVGL/lvgl/src/draw/sw/lv_draw_sw_letter.c **** 
  71:Middlewares/LVGL/lvgl/src/draw/sw/lv_draw_sw_letter.c **** /**********************
  72:Middlewares/LVGL/lvgl/src/draw/sw/lv_draw_sw_letter.c ****  *      MACROS
  73:Middlewares/LVGL/lvgl/src/draw/sw/lv_draw_sw_letter.c ****  **********************/
  74:Middlewares/LVGL/lvgl/src/draw/sw/lv_draw_sw_letter.c **** 
  75:Middlewares/LVGL/lvgl/src/draw/sw/lv_draw_sw_letter.c **** /**********************
  76:Middlewares/LVGL/lvgl/src/draw/sw/lv_draw_sw_letter.c ****  *   GLOBAL FUNCTIONS
  77:Middlewares/LVGL/lvgl/src/draw/sw/lv_draw_sw_letter.c ****  **********************/
  78:Middlewares/LVGL/lvgl/src/draw/sw/lv_draw_sw_letter.c **** 
  79:Middlewares/LVGL/lvgl/src/draw/sw/lv_draw_sw_letter.c **** void lv_draw_sw_letter(lv_draw_task_t * t, const lv_draw_letter_dsc_t * dsc, const lv_area_t * coor
  80:Middlewares/LVGL/lvgl/src/draw/sw/lv_draw_sw_letter.c **** {
  81:Middlewares/LVGL/lvgl/src/draw/sw/lv_draw_sw_letter.c ****     if(dsc->opa <= LV_OPA_MIN)
  82:Middlewares/LVGL/lvgl/src/draw/sw/lv_draw_sw_letter.c ****         return;
  83:Middlewares/LVGL/lvgl/src/draw/sw/lv_draw_sw_letter.c **** 
  84:Middlewares/LVGL/lvgl/src/draw/sw/lv_draw_sw_letter.c ****     LV_PROFILER_DRAW_BEGIN;
  85:Middlewares/LVGL/lvgl/src/draw/sw/lv_draw_sw_letter.c **** 
  86:Middlewares/LVGL/lvgl/src/draw/sw/lv_draw_sw_letter.c ****     lv_draw_glyph_dsc_t glyph_dsc;
  87:Middlewares/LVGL/lvgl/src/draw/sw/lv_draw_sw_letter.c ****     lv_draw_glyph_dsc_init(&glyph_dsc);
ARM GAS  C:\Users\w1785\AppData\Local\Temp\ccWKwNQ7.s 			page 3


  88:Middlewares/LVGL/lvgl/src/draw/sw/lv_draw_sw_letter.c ****     glyph_dsc.opa = dsc->opa;
  89:Middlewares/LVGL/lvgl/src/draw/sw/lv_draw_sw_letter.c ****     glyph_dsc.bg_coords = NULL;
  90:Middlewares/LVGL/lvgl/src/draw/sw/lv_draw_sw_letter.c ****     glyph_dsc.color = dsc->color;
  91:Middlewares/LVGL/lvgl/src/draw/sw/lv_draw_sw_letter.c ****     glyph_dsc.rotation = dsc->rotation;
  92:Middlewares/LVGL/lvgl/src/draw/sw/lv_draw_sw_letter.c ****     glyph_dsc.pivot = dsc->pivot;
  93:Middlewares/LVGL/lvgl/src/draw/sw/lv_draw_sw_letter.c **** 
  94:Middlewares/LVGL/lvgl/src/draw/sw/lv_draw_sw_letter.c ****     lv_draw_unit_draw_letter(t, &glyph_dsc, &(lv_point_t) {
  95:Middlewares/LVGL/lvgl/src/draw/sw/lv_draw_sw_letter.c ****         .x = coords->x1, .y = coords->y1
  96:Middlewares/LVGL/lvgl/src/draw/sw/lv_draw_sw_letter.c ****     },
  97:Middlewares/LVGL/lvgl/src/draw/sw/lv_draw_sw_letter.c ****     dsc->font, dsc->unicode, draw_letter_cb);
  98:Middlewares/LVGL/lvgl/src/draw/sw/lv_draw_sw_letter.c **** 
  99:Middlewares/LVGL/lvgl/src/draw/sw/lv_draw_sw_letter.c ****     if(glyph_dsc._draw_buf) {
 100:Middlewares/LVGL/lvgl/src/draw/sw/lv_draw_sw_letter.c ****         lv_draw_buf_destroy(glyph_dsc._draw_buf);
 101:Middlewares/LVGL/lvgl/src/draw/sw/lv_draw_sw_letter.c ****         glyph_dsc._draw_buf = NULL;
 102:Middlewares/LVGL/lvgl/src/draw/sw/lv_draw_sw_letter.c ****     }
 103:Middlewares/LVGL/lvgl/src/draw/sw/lv_draw_sw_letter.c **** 
 104:Middlewares/LVGL/lvgl/src/draw/sw/lv_draw_sw_letter.c ****     LV_PROFILER_DRAW_END;
 105:Middlewares/LVGL/lvgl/src/draw/sw/lv_draw_sw_letter.c **** }
 106:Middlewares/LVGL/lvgl/src/draw/sw/lv_draw_sw_letter.c **** 
 107:Middlewares/LVGL/lvgl/src/draw/sw/lv_draw_sw_letter.c **** void lv_draw_sw_label(lv_draw_task_t * t, const lv_draw_label_dsc_t * dsc, const lv_area_t * coords
 108:Middlewares/LVGL/lvgl/src/draw/sw/lv_draw_sw_letter.c **** {
 109:Middlewares/LVGL/lvgl/src/draw/sw/lv_draw_sw_letter.c ****     if(dsc->opa <= LV_OPA_MIN) return;
 110:Middlewares/LVGL/lvgl/src/draw/sw/lv_draw_sw_letter.c **** 
 111:Middlewares/LVGL/lvgl/src/draw/sw/lv_draw_sw_letter.c ****     LV_PROFILER_DRAW_BEGIN;
 112:Middlewares/LVGL/lvgl/src/draw/sw/lv_draw_sw_letter.c **** 
 113:Middlewares/LVGL/lvgl/src/draw/sw/lv_draw_sw_letter.c **** #if LV_USE_FREETYPE && LV_USE_VECTOR_GRAPHIC && LV_USE_THORVG
 114:Middlewares/LVGL/lvgl/src/draw/sw/lv_draw_sw_letter.c ****     static bool is_init = false;
 115:Middlewares/LVGL/lvgl/src/draw/sw/lv_draw_sw_letter.c ****     if(!is_init) {
 116:Middlewares/LVGL/lvgl/src/draw/sw/lv_draw_sw_letter.c ****         lv_freetype_outline_add_event(freetype_outline_event_cb, LV_EVENT_ALL, t);
 117:Middlewares/LVGL/lvgl/src/draw/sw/lv_draw_sw_letter.c ****         is_init = true;
 118:Middlewares/LVGL/lvgl/src/draw/sw/lv_draw_sw_letter.c ****     }
 119:Middlewares/LVGL/lvgl/src/draw/sw/lv_draw_sw_letter.c **** #endif
 120:Middlewares/LVGL/lvgl/src/draw/sw/lv_draw_sw_letter.c **** 
 121:Middlewares/LVGL/lvgl/src/draw/sw/lv_draw_sw_letter.c ****     lv_draw_label_iterate_characters(t, dsc, coords, draw_letter_cb);
 122:Middlewares/LVGL/lvgl/src/draw/sw/lv_draw_sw_letter.c ****     LV_PROFILER_DRAW_END;
 123:Middlewares/LVGL/lvgl/src/draw/sw/lv_draw_sw_letter.c **** }
 124:Middlewares/LVGL/lvgl/src/draw/sw/lv_draw_sw_letter.c **** 
 125:Middlewares/LVGL/lvgl/src/draw/sw/lv_draw_sw_letter.c **** /**********************
 126:Middlewares/LVGL/lvgl/src/draw/sw/lv_draw_sw_letter.c ****  *   STATIC FUNCTIONS
 127:Middlewares/LVGL/lvgl/src/draw/sw/lv_draw_sw_letter.c ****  **********************/
 128:Middlewares/LVGL/lvgl/src/draw/sw/lv_draw_sw_letter.c **** 
 129:Middlewares/LVGL/lvgl/src/draw/sw/lv_draw_sw_letter.c **** static void LV_ATTRIBUTE_FAST_MEM draw_letter_cb(lv_draw_task_t * t, lv_draw_glyph_dsc_t * glyph_dr
 130:Middlewares/LVGL/lvgl/src/draw/sw/lv_draw_sw_letter.c ****                                                  lv_draw_fill_dsc_t * fill_draw_dsc, const lv_area_
 131:Middlewares/LVGL/lvgl/src/draw/sw/lv_draw_sw_letter.c **** {
  29              		.loc 1 131 1 view -0
  30              		.cfi_startproc
  31              		@ args = 0, pretend = 0, frame = 144
  32              		@ frame_needed = 0, uses_anonymous_args = 0
  33              		.loc 1 131 1 is_stmt 0 view .LVU1
  34 0000 2DE9F043 		push	{r4, r5, r6, r7, r8, r9, lr}
  35              	.LCFI0:
  36              		.cfi_def_cfa_offset 28
  37              		.cfi_offset 4, -28
  38              		.cfi_offset 5, -24
  39              		.cfi_offset 6, -20
  40              		.cfi_offset 7, -16
  41              		.cfi_offset 8, -12
ARM GAS  C:\Users\w1785\AppData\Local\Temp\ccWKwNQ7.s 			page 4


  42              		.cfi_offset 9, -8
  43              		.cfi_offset 14, -4
  44 0004 A5B0     		sub	sp, sp, #148
  45              	.LCFI1:
  46              		.cfi_def_cfa_offset 176
  47 0006 0746     		mov	r7, r0
  48 0008 1446     		mov	r4, r2
  49 000a 1D46     		mov	r5, r3
 132:Middlewares/LVGL/lvgl/src/draw/sw/lv_draw_sw_letter.c ****     if(glyph_draw_dsc) {
  50              		.loc 1 132 5 is_stmt 1 view .LVU2
  51              		.loc 1 132 7 is_stmt 0 view .LVU3
  52 000c 0029     		cmp	r1, #0
  53 000e 62D0     		beq	.L2
  54 0010 0E46     		mov	r6, r1
 133:Middlewares/LVGL/lvgl/src/draw/sw/lv_draw_sw_letter.c ****         switch(glyph_draw_dsc->format) {
  55              		.loc 1 133 9 is_stmt 1 view .LVU4
  56              		.loc 1 133 30 is_stmt 0 view .LVU5
  57 0012 0B79     		ldrb	r3, [r1, #4]	@ zero_extendqisi2
  58              	.LVL1:
  59              		.loc 1 133 9 view .LVU6
  60 0014 192B     		cmp	r3, #25
  61 0016 5ED8     		bhi	.L2
  62 0018 DFE803F0 		tbb	[pc, r3]
  63              	.LVL2:
  64              	.L4:
  65 001c 0D       		.byte	(.L5-.L4)/2
  66 001d 26       		.byte	(.L3-.L4)/2
  67 001e 26       		.byte	(.L3-.L4)/2
  68 001f 26       		.byte	(.L3-.L4)/2
  69 0020 26       		.byte	(.L3-.L4)/2
  70 0021 5D       		.byte	(.L2-.L4)/2
  71 0022 5D       		.byte	(.L2-.L4)/2
  72 0023 5D       		.byte	(.L2-.L4)/2
  73 0024 26       		.byte	(.L3-.L4)/2
  74 0025 5D       		.byte	(.L2-.L4)/2
  75 0026 5D       		.byte	(.L2-.L4)/2
  76 0027 5D       		.byte	(.L2-.L4)/2
  77 0028 5D       		.byte	(.L2-.L4)/2
  78 0029 5D       		.byte	(.L2-.L4)/2
  79 002a 5D       		.byte	(.L2-.L4)/2
  80 002b 5D       		.byte	(.L2-.L4)/2
  81 002c 5D       		.byte	(.L2-.L4)/2
  82 002d 5D       		.byte	(.L2-.L4)/2
  83 002e 5D       		.byte	(.L2-.L4)/2
  84 002f 5D       		.byte	(.L2-.L4)/2
  85 0030 5D       		.byte	(.L2-.L4)/2
  86 0031 5D       		.byte	(.L2-.L4)/2
  87 0032 5D       		.byte	(.L2-.L4)/2
  88 0033 5D       		.byte	(.L2-.L4)/2
  89 0034 5D       		.byte	(.L2-.L4)/2
  90 0035 26       		.byte	(.L3-.L4)/2
  91              		.p2align 1
  92              	.L5:
  93              	.LBB11:
 134:Middlewares/LVGL/lvgl/src/draw/sw/lv_draw_sw_letter.c ****             case LV_FONT_GLYPH_FORMAT_NONE: {
 135:Middlewares/LVGL/lvgl/src/draw/sw/lv_draw_sw_letter.c **** #if LV_USE_FONT_PLACEHOLDER
 136:Middlewares/LVGL/lvgl/src/draw/sw/lv_draw_sw_letter.c ****                     if(glyph_draw_dsc->bg_coords == NULL) break;
ARM GAS  C:\Users\w1785\AppData\Local\Temp\ccWKwNQ7.s 			page 5


  94              		.loc 1 136 21 is_stmt 1 view .LVU7
  95              		.loc 1 136 38 is_stmt 0 view .LVU8
  96 0036 CB68     		ldr	r3, [r1, #12]
  97              		.loc 1 136 23 view .LVU9
  98 0038 002B     		cmp	r3, #0
  99 003a 4CD0     		beq	.L2
 137:Middlewares/LVGL/lvgl/src/draw/sw/lv_draw_sw_letter.c ****                     /* Draw a placeholder rectangle*/
 138:Middlewares/LVGL/lvgl/src/draw/sw/lv_draw_sw_letter.c ****                     lv_draw_border_dsc_t border_draw_dsc;
 100              		.loc 1 138 21 is_stmt 1 view .LVU10
 139:Middlewares/LVGL/lvgl/src/draw/sw/lv_draw_sw_letter.c ****                     lv_draw_border_dsc_init(&border_draw_dsc);
 101              		.loc 1 139 21 view .LVU11
 102 003c 0DF11408 		add	r8, sp, #20
 103 0040 4046     		mov	r0, r8
 104              	.LVL3:
 105              		.loc 1 139 21 is_stmt 0 view .LVU12
 106 0042 FFF7FEFF 		bl	lv_draw_border_dsc_init
 107              	.LVL4:
 140:Middlewares/LVGL/lvgl/src/draw/sw/lv_draw_sw_letter.c ****                     border_draw_dsc.opa = glyph_draw_dsc->opa;
 108              		.loc 1 140 21 is_stmt 1 view .LVU13
 109              		.loc 1 140 57 is_stmt 0 view .LVU14
 110 0046 F37D     		ldrb	r3, [r6, #23]	@ zero_extendqisi2
 111              		.loc 1 140 41 view .LVU15
 112 0048 8DF84830 		strb	r3, [sp, #72]
 141:Middlewares/LVGL/lvgl/src/draw/sw/lv_draw_sw_letter.c ****                     border_draw_dsc.color = glyph_draw_dsc->color;
 113              		.loc 1 141 21 is_stmt 1 view .LVU16
 114              		.loc 1 141 43 is_stmt 0 view .LVU17
 115 004c 7369     		ldr	r3, [r6, #20]
 116 004e ADF84030 		strh	r3, [sp, #64]	@ movhi
 117 0052 1B0C     		lsrs	r3, r3, #16
 118 0054 8DF84230 		strb	r3, [sp, #66]
 142:Middlewares/LVGL/lvgl/src/draw/sw/lv_draw_sw_letter.c ****                     border_draw_dsc.width = 1;
 119              		.loc 1 142 21 is_stmt 1 view .LVU18
 120              		.loc 1 142 43 is_stmt 0 view .LVU19
 121 0058 0123     		movs	r3, #1
 122 005a 1193     		str	r3, [sp, #68]
 143:Middlewares/LVGL/lvgl/src/draw/sw/lv_draw_sw_letter.c ****                     lv_draw_sw_border(t, &border_draw_dsc, glyph_draw_dsc->bg_coords);
 123              		.loc 1 143 21 is_stmt 1 view .LVU20
 124 005c F268     		ldr	r2, [r6, #12]
 125 005e 4146     		mov	r1, r8
 126 0060 3846     		mov	r0, r7
 127 0062 FFF7FEFF 		bl	lv_draw_sw_border
 128              	.LVL5:
 129              	.LBE11:
 144:Middlewares/LVGL/lvgl/src/draw/sw/lv_draw_sw_letter.c **** #endif
 145:Middlewares/LVGL/lvgl/src/draw/sw/lv_draw_sw_letter.c ****                 }
 146:Middlewares/LVGL/lvgl/src/draw/sw/lv_draw_sw_letter.c ****                 break;
 130              		.loc 1 146 17 view .LVU21
 131 0066 36E0     		b	.L2
 132              	.LVL6:
 133              	.L3:
 147:Middlewares/LVGL/lvgl/src/draw/sw/lv_draw_sw_letter.c ****             case LV_FONT_GLYPH_FORMAT_A1:
 148:Middlewares/LVGL/lvgl/src/draw/sw/lv_draw_sw_letter.c ****             case LV_FONT_GLYPH_FORMAT_A2:
 149:Middlewares/LVGL/lvgl/src/draw/sw/lv_draw_sw_letter.c ****             case LV_FONT_GLYPH_FORMAT_A3:
 150:Middlewares/LVGL/lvgl/src/draw/sw/lv_draw_sw_letter.c ****             case LV_FONT_GLYPH_FORMAT_A4:
 151:Middlewares/LVGL/lvgl/src/draw/sw/lv_draw_sw_letter.c ****             case LV_FONT_GLYPH_FORMAT_A8:
 152:Middlewares/LVGL/lvgl/src/draw/sw/lv_draw_sw_letter.c ****             case LV_FONT_GLYPH_FORMAT_IMAGE: {
 153:Middlewares/LVGL/lvgl/src/draw/sw/lv_draw_sw_letter.c ****                     if(glyph_draw_dsc->rotation % 3600 == 0 && glyph_draw_dsc->format != LV_FONT_GL
ARM GAS  C:\Users\w1785\AppData\Local\Temp\ccWKwNQ7.s 			page 6


 134              		.loc 1 153 21 view .LVU22
 135              		.loc 1 153 38 is_stmt 0 view .LVU23
 136 0068 086A     		ldr	r0, [r1, #32]
 137              	.LVL7:
 138              		.loc 1 153 49 view .LVU24
 139 006a 5749     		ldr	r1, .L16
 140              	.LVL8:
 141              		.loc 1 153 49 view .LVU25
 142 006c 81FB0021 		smull	r2, r1, r1, r0
 143 0070 0144     		add	r1, r1, r0
 144 0072 C217     		asrs	r2, r0, #31
 145 0074 C2EBE122 		rsb	r2, r2, r1, asr #11
 146 0078 4FF46161 		mov	r1, #3600
 147 007c 01FB1202 		mls	r2, r1, r2, r0
 148              		.loc 1 153 23 view .LVU26
 149 0080 0AB9     		cbnz	r2, .L7
 150              		.loc 1 153 61 discriminator 1 view .LVU27
 151 0082 192B     		cmp	r3, #25
 152 0084 31D1     		bne	.L14
 153              	.L7:
 154              	.LBB12:
 154:Middlewares/LVGL/lvgl/src/draw/sw/lv_draw_sw_letter.c ****                         lv_area_t mask_area = *glyph_draw_dsc->letter_coords;
 155:Middlewares/LVGL/lvgl/src/draw/sw/lv_draw_sw_letter.c **** 
 156:Middlewares/LVGL/lvgl/src/draw/sw/lv_draw_sw_letter.c ****                         if(lv_font_has_static_bitmap(glyph_draw_dsc->g->resolved_font) &&
 157:Middlewares/LVGL/lvgl/src/draw/sw/lv_draw_sw_letter.c ****                            glyph_draw_dsc->g->format == LV_FONT_GLYPH_FORMAT_A8) {
 158:Middlewares/LVGL/lvgl/src/draw/sw/lv_draw_sw_letter.c ****                             glyph_draw_dsc->g->req_raw_bitmap = 1;
 159:Middlewares/LVGL/lvgl/src/draw/sw/lv_draw_sw_letter.c ****                             const void * bitmap = lv_font_get_glyph_static_bitmap(glyph_draw_dsc->g
 160:Middlewares/LVGL/lvgl/src/draw/sw/lv_draw_sw_letter.c ****                             lv_draw_sw_blend_dsc_t blend_dsc;
 161:Middlewares/LVGL/lvgl/src/draw/sw/lv_draw_sw_letter.c ****                             lv_memzero(&blend_dsc, sizeof(blend_dsc));
 162:Middlewares/LVGL/lvgl/src/draw/sw/lv_draw_sw_letter.c ****                             blend_dsc.color = glyph_draw_dsc->color;
 163:Middlewares/LVGL/lvgl/src/draw/sw/lv_draw_sw_letter.c ****                             blend_dsc.opa = glyph_draw_dsc->opa;
 164:Middlewares/LVGL/lvgl/src/draw/sw/lv_draw_sw_letter.c ****                             blend_dsc.mask_buf = bitmap;
 165:Middlewares/LVGL/lvgl/src/draw/sw/lv_draw_sw_letter.c ****                             blend_dsc.mask_area = &mask_area;
 166:Middlewares/LVGL/lvgl/src/draw/sw/lv_draw_sw_letter.c ****                             blend_dsc.mask_stride = glyph_draw_dsc->g->stride;
 167:Middlewares/LVGL/lvgl/src/draw/sw/lv_draw_sw_letter.c ****                             blend_dsc.blend_area = glyph_draw_dsc->letter_coords;
 168:Middlewares/LVGL/lvgl/src/draw/sw/lv_draw_sw_letter.c ****                             blend_dsc.mask_res = LV_DRAW_SW_MASK_RES_CHANGED;
 169:Middlewares/LVGL/lvgl/src/draw/sw/lv_draw_sw_letter.c ****                             lv_draw_sw_blend(t, &blend_dsc);
 170:Middlewares/LVGL/lvgl/src/draw/sw/lv_draw_sw_letter.c ****                         }
 171:Middlewares/LVGL/lvgl/src/draw/sw/lv_draw_sw_letter.c ****                         else {
 172:Middlewares/LVGL/lvgl/src/draw/sw/lv_draw_sw_letter.c ****                             glyph_draw_dsc->glyph_data = lv_font_get_glyph_bitmap(glyph_draw_dsc->g
 173:Middlewares/LVGL/lvgl/src/draw/sw/lv_draw_sw_letter.c ****                             if(glyph_draw_dsc->glyph_data == NULL) {
 174:Middlewares/LVGL/lvgl/src/draw/sw/lv_draw_sw_letter.c ****                                 LV_LOG_WARN("Couldn't get the bitmap of a glyph");
 175:Middlewares/LVGL/lvgl/src/draw/sw/lv_draw_sw_letter.c ****                                 break;
 176:Middlewares/LVGL/lvgl/src/draw/sw/lv_draw_sw_letter.c ****                             }
 177:Middlewares/LVGL/lvgl/src/draw/sw/lv_draw_sw_letter.c **** 
 178:Middlewares/LVGL/lvgl/src/draw/sw/lv_draw_sw_letter.c ****                             mask_area.x2 = mask_area.x1 + lv_draw_buf_width_to_stride(lv_area_get_w
 179:Middlewares/LVGL/lvgl/src/draw/sw/lv_draw_sw_letter.c ****                             lv_draw_sw_blend_dsc_t blend_dsc;
 180:Middlewares/LVGL/lvgl/src/draw/sw/lv_draw_sw_letter.c ****                             lv_memzero(&blend_dsc, sizeof(blend_dsc));
 181:Middlewares/LVGL/lvgl/src/draw/sw/lv_draw_sw_letter.c ****                             blend_dsc.color = glyph_draw_dsc->color;
 182:Middlewares/LVGL/lvgl/src/draw/sw/lv_draw_sw_letter.c ****                             blend_dsc.opa = glyph_draw_dsc->opa;
 183:Middlewares/LVGL/lvgl/src/draw/sw/lv_draw_sw_letter.c ****                             const lv_draw_buf_t * draw_buf = glyph_draw_dsc->glyph_data;
 184:Middlewares/LVGL/lvgl/src/draw/sw/lv_draw_sw_letter.c ****                             blend_dsc.mask_buf = draw_buf->data;
 185:Middlewares/LVGL/lvgl/src/draw/sw/lv_draw_sw_letter.c ****                             blend_dsc.mask_area = &mask_area;
 186:Middlewares/LVGL/lvgl/src/draw/sw/lv_draw_sw_letter.c ****                             blend_dsc.mask_stride = draw_buf->header.stride;
 187:Middlewares/LVGL/lvgl/src/draw/sw/lv_draw_sw_letter.c ****                             blend_dsc.blend_area = glyph_draw_dsc->letter_coords;
 188:Middlewares/LVGL/lvgl/src/draw/sw/lv_draw_sw_letter.c ****                             blend_dsc.mask_res = LV_DRAW_SW_MASK_RES_CHANGED;
 189:Middlewares/LVGL/lvgl/src/draw/sw/lv_draw_sw_letter.c ****                             lv_draw_sw_blend(t, &blend_dsc);
ARM GAS  C:\Users\w1785\AppData\Local\Temp\ccWKwNQ7.s 			page 7


 190:Middlewares/LVGL/lvgl/src/draw/sw/lv_draw_sw_letter.c ****                         }
 191:Middlewares/LVGL/lvgl/src/draw/sw/lv_draw_sw_letter.c ****                     }
 192:Middlewares/LVGL/lvgl/src/draw/sw/lv_draw_sw_letter.c ****                     else {
 193:Middlewares/LVGL/lvgl/src/draw/sw/lv_draw_sw_letter.c ****                         glyph_draw_dsc->glyph_data = lv_font_get_glyph_bitmap(glyph_draw_dsc->g, gl
 155              		.loc 1 193 25 is_stmt 1 view .LVU28
 156              		.loc 1 193 54 is_stmt 0 view .LVU29
 157 0086 F16A     		ldr	r1, [r6, #44]
 158 0088 3069     		ldr	r0, [r6, #16]
 159 008a FFF7FEFF 		bl	lv_font_get_glyph_bitmap
 160              	.LVL9:
 161              		.loc 1 193 52 discriminator 1 view .LVU30
 162 008e 3060     		str	r0, [r6]
 194:Middlewares/LVGL/lvgl/src/draw/sw/lv_draw_sw_letter.c ****                         lv_draw_image_dsc_t img_dsc;
 163              		.loc 1 194 25 is_stmt 1 view .LVU31
 195:Middlewares/LVGL/lvgl/src/draw/sw/lv_draw_sw_letter.c ****                         lv_draw_image_dsc_init(&img_dsc);
 164              		.loc 1 195 25 view .LVU32
 165 0090 0DF11408 		add	r8, sp, #20
 166 0094 4046     		mov	r0, r8
 167 0096 FFF7FEFF 		bl	lv_draw_image_dsc_init
 168              	.LVL10:
 196:Middlewares/LVGL/lvgl/src/draw/sw/lv_draw_sw_letter.c ****                         img_dsc.rotation = glyph_draw_dsc->rotation;
 169              		.loc 1 196 25 view .LVU33
 170              		.loc 1 196 58 is_stmt 0 view .LVU34
 171 009a 336A     		ldr	r3, [r6, #32]
 172              		.loc 1 196 42 view .LVU35
 173 009c 1493     		str	r3, [sp, #80]
 197:Middlewares/LVGL/lvgl/src/draw/sw/lv_draw_sw_letter.c ****                         img_dsc.scale_x = LV_SCALE_NONE;
 174              		.loc 1 197 25 is_stmt 1 view .LVU36
 175              		.loc 1 197 41 is_stmt 0 view .LVU37
 176 009e 4FF48073 		mov	r3, #256
 177 00a2 1593     		str	r3, [sp, #84]
 198:Middlewares/LVGL/lvgl/src/draw/sw/lv_draw_sw_letter.c ****                         img_dsc.scale_y = LV_SCALE_NONE;
 178              		.loc 1 198 25 is_stmt 1 view .LVU38
 179              		.loc 1 198 41 is_stmt 0 view .LVU39
 180 00a4 1693     		str	r3, [sp, #88]
 199:Middlewares/LVGL/lvgl/src/draw/sw/lv_draw_sw_letter.c ****                         img_dsc.opa = glyph_draw_dsc->opa;
 181              		.loc 1 199 25 is_stmt 1 view .LVU40
 182              		.loc 1 199 53 is_stmt 0 view .LVU41
 183 00a6 F37D     		ldrb	r3, [r6, #23]	@ zero_extendqisi2
 184              		.loc 1 199 37 view .LVU42
 185 00a8 8DF87030 		strb	r3, [sp, #112]
 200:Middlewares/LVGL/lvgl/src/draw/sw/lv_draw_sw_letter.c ****                         img_dsc.src = glyph_draw_dsc->glyph_data;
 186              		.loc 1 200 25 is_stmt 1 view .LVU43
 187              		.loc 1 200 53 is_stmt 0 view .LVU44
 188 00ac 3368     		ldr	r3, [r6]
 189              		.loc 1 200 37 view .LVU45
 190 00ae 0F93     		str	r3, [sp, #60]
 201:Middlewares/LVGL/lvgl/src/draw/sw/lv_draw_sw_letter.c ****                         img_dsc.recolor = glyph_draw_dsc->color;
 191              		.loc 1 201 25 is_stmt 1 view .LVU46
 192              		.loc 1 201 41 is_stmt 0 view .LVU47
 193 00b0 7369     		ldr	r3, [r6, #20]
 194 00b2 ADF86C30 		strh	r3, [sp, #108]	@ movhi
 195 00b6 1B0C     		lsrs	r3, r3, #16
 196 00b8 8DF86E30 		strb	r3, [sp, #110]
 202:Middlewares/LVGL/lvgl/src/draw/sw/lv_draw_sw_letter.c ****                         img_dsc.pivot = (lv_point_t) {
 197              		.loc 1 202 25 is_stmt 1 view .LVU48
 203:Middlewares/LVGL/lvgl/src/draw/sw/lv_draw_sw_letter.c ****                             .x = glyph_draw_dsc->pivot.x,
ARM GAS  C:\Users\w1785\AppData\Local\Temp\ccWKwNQ7.s 			page 8


 198              		.loc 1 203 55 is_stmt 0 view .LVU49
 199 00bc 716A     		ldr	r1, [r6, #36]
 204:Middlewares/LVGL/lvgl/src/draw/sw/lv_draw_sw_letter.c ****                             .y = glyph_draw_dsc->g->box_h + glyph_draw_dsc->g->ofs_y
 200              		.loc 1 204 48 view .LVU50
 201 00be 3269     		ldr	r2, [r6, #16]
 202              		.loc 1 204 51 view .LVU51
 203 00c0 1389     		ldrh	r3, [r2, #8]
 204              		.loc 1 204 78 view .LVU52
 205 00c2 B2F90C20 		ldrsh	r2, [r2, #12]
 206              		.loc 1 204 59 view .LVU53
 207 00c6 1344     		add	r3, r3, r2
 202:Middlewares/LVGL/lvgl/src/draw/sw/lv_draw_sw_letter.c ****                         img_dsc.pivot = (lv_point_t) {
 208              		.loc 1 202 39 view .LVU54
 209 00c8 1991     		str	r1, [sp, #100]
 210 00ca 1A93     		str	r3, [sp, #104]
 205:Middlewares/LVGL/lvgl/src/draw/sw/lv_draw_sw_letter.c ****                         };
 206:Middlewares/LVGL/lvgl/src/draw/sw/lv_draw_sw_letter.c ****                         lv_draw_sw_image(t, &img_dsc, glyph_draw_dsc->letter_coords);
 211              		.loc 1 206 25 is_stmt 1 view .LVU55
 212 00cc B268     		ldr	r2, [r6, #8]
 213 00ce 4146     		mov	r1, r8
 214 00d0 3846     		mov	r0, r7
 215 00d2 FFF7FEFF 		bl	lv_draw_sw_image
 216              	.LVL11:
 217              	.L2:
 218              		.loc 1 206 25 is_stmt 0 view .LVU56
 219              	.LBE12:
 207:Middlewares/LVGL/lvgl/src/draw/sw/lv_draw_sw_letter.c ****                     }
 208:Middlewares/LVGL/lvgl/src/draw/sw/lv_draw_sw_letter.c ****                     break;
 209:Middlewares/LVGL/lvgl/src/draw/sw/lv_draw_sw_letter.c ****                 }
 210:Middlewares/LVGL/lvgl/src/draw/sw/lv_draw_sw_letter.c ****                 break;
 211:Middlewares/LVGL/lvgl/src/draw/sw/lv_draw_sw_letter.c **** #if LV_USE_FREETYPE && LV_USE_VECTOR_GRAPHIC && LV_USE_THORVG
 212:Middlewares/LVGL/lvgl/src/draw/sw/lv_draw_sw_letter.c ****             case LV_FONT_GLYPH_FORMAT_VECTOR: {
 213:Middlewares/LVGL/lvgl/src/draw/sw/lv_draw_sw_letter.c ****                     draw_letter_outline(t, glyph_draw_dsc);
 214:Middlewares/LVGL/lvgl/src/draw/sw/lv_draw_sw_letter.c ****                 }
 215:Middlewares/LVGL/lvgl/src/draw/sw/lv_draw_sw_letter.c ****                 break;
 216:Middlewares/LVGL/lvgl/src/draw/sw/lv_draw_sw_letter.c **** #endif
 217:Middlewares/LVGL/lvgl/src/draw/sw/lv_draw_sw_letter.c ****             default:
 218:Middlewares/LVGL/lvgl/src/draw/sw/lv_draw_sw_letter.c ****                 break;
 219:Middlewares/LVGL/lvgl/src/draw/sw/lv_draw_sw_letter.c ****         }
 220:Middlewares/LVGL/lvgl/src/draw/sw/lv_draw_sw_letter.c ****     }
 221:Middlewares/LVGL/lvgl/src/draw/sw/lv_draw_sw_letter.c **** 
 222:Middlewares/LVGL/lvgl/src/draw/sw/lv_draw_sw_letter.c ****     if(fill_draw_dsc && fill_area) {
 220              		.loc 1 222 5 is_stmt 1 view .LVU57
 221              		.loc 1 222 7 is_stmt 0 view .LVU58
 222 00d6 2CB1     		cbz	r4, .L1
 223              		.loc 1 222 22 discriminator 1 view .LVU59
 224 00d8 25B1     		cbz	r5, .L1
 223:Middlewares/LVGL/lvgl/src/draw/sw/lv_draw_sw_letter.c ****         lv_draw_sw_fill(t, fill_draw_dsc, fill_area);
 225              		.loc 1 223 9 is_stmt 1 view .LVU60
 226 00da 2A46     		mov	r2, r5
 227 00dc 2146     		mov	r1, r4
 228 00de 3846     		mov	r0, r7
 229 00e0 FFF7FEFF 		bl	lv_draw_sw_fill
 230              	.LVL12:
 231              	.L1:
 224:Middlewares/LVGL/lvgl/src/draw/sw/lv_draw_sw_letter.c ****     }
 225:Middlewares/LVGL/lvgl/src/draw/sw/lv_draw_sw_letter.c **** }
ARM GAS  C:\Users\w1785\AppData\Local\Temp\ccWKwNQ7.s 			page 9


 232              		.loc 1 225 1 is_stmt 0 view .LVU61
 233 00e4 25B0     		add	sp, sp, #148
 234              	.LCFI2:
 235              		.cfi_remember_state
 236              		.cfi_def_cfa_offset 28
 237              		@ sp needed
 238 00e6 BDE8F083 		pop	{r4, r5, r6, r7, r8, r9, pc}
 239              	.LVL13:
 240              	.L14:
 241              	.LCFI3:
 242              		.cfi_restore_state
 243              	.LBB13:
 154:Middlewares/LVGL/lvgl/src/draw/sw/lv_draw_sw_letter.c **** 
 244              		.loc 1 154 25 is_stmt 1 view .LVU62
 154:Middlewares/LVGL/lvgl/src/draw/sw/lv_draw_sw_letter.c **** 
 245              		.loc 1 154 62 is_stmt 0 view .LVU63
 246 00ea B368     		ldr	r3, [r6, #8]
 154:Middlewares/LVGL/lvgl/src/draw/sw/lv_draw_sw_letter.c **** 
 247              		.loc 1 154 35 view .LVU64
 248 00ec 0DF1040C 		add	ip, sp, #4
 249 00f0 0FCB     		ldm	r3, {r0, r1, r2, r3}
 250 00f2 8CE80F00 		stm	ip, {r0, r1, r2, r3}
 156:Middlewares/LVGL/lvgl/src/draw/sw/lv_draw_sw_letter.c ****                            glyph_draw_dsc->g->format == LV_FONT_GLYPH_FORMAT_A8) {
 251              		.loc 1 156 25 is_stmt 1 view .LVU65
 156:Middlewares/LVGL/lvgl/src/draw/sw/lv_draw_sw_letter.c ****                            glyph_draw_dsc->g->format == LV_FONT_GLYPH_FORMAT_A8) {
 252              		.loc 1 156 68 is_stmt 0 view .LVU66
 253 00f6 3369     		ldr	r3, [r6, #16]
 156:Middlewares/LVGL/lvgl/src/draw/sw/lv_draw_sw_letter.c ****                            glyph_draw_dsc->g->format == LV_FONT_GLYPH_FORMAT_A8) {
 254              		.loc 1 156 28 view .LVU67
 255 00f8 1868     		ldr	r0, [r3]
 256 00fa FFF7FEFF 		bl	lv_font_has_static_bitmap
 257              	.LVL14:
 156:Middlewares/LVGL/lvgl/src/draw/sw/lv_draw_sw_letter.c ****                            glyph_draw_dsc->g->format == LV_FONT_GLYPH_FORMAT_A8) {
 258              		.loc 1 156 27 discriminator 1 view .LVU68
 259 00fe 18B1     		cbz	r0, .L8
 157:Middlewares/LVGL/lvgl/src/draw/sw/lv_draw_sw_letter.c ****                             glyph_draw_dsc->g->req_raw_bitmap = 1;
 260              		.loc 1 157 42 view .LVU69
 261 0100 3369     		ldr	r3, [r6, #16]
 157:Middlewares/LVGL/lvgl/src/draw/sw/lv_draw_sw_letter.c ****                             glyph_draw_dsc->g->req_raw_bitmap = 1;
 262              		.loc 1 157 45 view .LVU70
 263 0102 1A7C     		ldrb	r2, [r3, #16]	@ zero_extendqisi2
 156:Middlewares/LVGL/lvgl/src/draw/sw/lv_draw_sw_letter.c ****                            glyph_draw_dsc->g->format == LV_FONT_GLYPH_FORMAT_A8) {
 264              		.loc 1 156 88 discriminator 1 view .LVU71
 265 0104 082A     		cmp	r2, #8
 266 0106 35D0     		beq	.L15
 267              	.L8:
 268              	.LBB14:
 172:Middlewares/LVGL/lvgl/src/draw/sw/lv_draw_sw_letter.c ****                             if(glyph_draw_dsc->glyph_data == NULL) {
 269              		.loc 1 172 29 is_stmt 1 view .LVU72
 172:Middlewares/LVGL/lvgl/src/draw/sw/lv_draw_sw_letter.c ****                             if(glyph_draw_dsc->glyph_data == NULL) {
 270              		.loc 1 172 58 is_stmt 0 view .LVU73
 271 0108 F16A     		ldr	r1, [r6, #44]
 272 010a 3069     		ldr	r0, [r6, #16]
 273 010c FFF7FEFF 		bl	lv_font_get_glyph_bitmap
 274              	.LVL15:
 172:Middlewares/LVGL/lvgl/src/draw/sw/lv_draw_sw_letter.c ****                             if(glyph_draw_dsc->glyph_data == NULL) {
 275              		.loc 1 172 56 discriminator 1 view .LVU74
ARM GAS  C:\Users\w1785\AppData\Local\Temp\ccWKwNQ7.s 			page 10


 276 0110 3060     		str	r0, [r6]
 173:Middlewares/LVGL/lvgl/src/draw/sw/lv_draw_sw_letter.c ****                                 LV_LOG_WARN("Couldn't get the bitmap of a glyph");
 277              		.loc 1 173 29 is_stmt 1 view .LVU75
 173:Middlewares/LVGL/lvgl/src/draw/sw/lv_draw_sw_letter.c ****                                 LV_LOG_WARN("Couldn't get the bitmap of a glyph");
 278              		.loc 1 173 31 is_stmt 0 view .LVU76
 279 0112 0028     		cmp	r0, #0
 280 0114 DFD0     		beq	.L2
 178:Middlewares/LVGL/lvgl/src/draw/sw/lv_draw_sw_letter.c ****                             lv_draw_sw_blend_dsc_t blend_dsc;
 281              		.loc 1 178 29 is_stmt 1 view .LVU77
 178:Middlewares/LVGL/lvgl/src/draw/sw/lv_draw_sw_letter.c ****                             lv_draw_sw_blend_dsc_t blend_dsc;
 282              		.loc 1 178 53 is_stmt 0 view .LVU78
 283 0116 DDF80480 		ldr	r8, [sp, #4]
 178:Middlewares/LVGL/lvgl/src/draw/sw/lv_draw_sw_letter.c ****                             lv_draw_sw_blend_dsc_t blend_dsc;
 284              		.loc 1 178 87 view .LVU79
 285 011a 0DF10409 		add	r9, sp, #4
 286 011e 4846     		mov	r0, r9
 287 0120 FFF7FEFF 		bl	lv_area_get_width
 288              	.LVL16:
 178:Middlewares/LVGL/lvgl/src/draw/sw/lv_draw_sw_letter.c ****                             lv_draw_sw_blend_dsc_t blend_dsc;
 289              		.loc 1 178 59 discriminator 1 view .LVU80
 290 0124 0E21     		movs	r1, #14
 291 0126 FFF7FEFF 		bl	lv_draw_buf_width_to_stride
 292              	.LVL17:
 178:Middlewares/LVGL/lvgl/src/draw/sw/lv_draw_sw_letter.c ****                             lv_draw_sw_blend_dsc_t blend_dsc;
 293              		.loc 1 178 57 discriminator 2 view .LVU81
 294 012a 8044     		add	r8, r8, r0
 178:Middlewares/LVGL/lvgl/src/draw/sw/lv_draw_sw_letter.c ****                             lv_draw_sw_blend_dsc_t blend_dsc;
 295              		.loc 1 178 138 discriminator 2 view .LVU82
 296 012c 08F1FF33 		add	r3, r8, #-1
 178:Middlewares/LVGL/lvgl/src/draw/sw/lv_draw_sw_letter.c ****                             lv_draw_sw_blend_dsc_t blend_dsc;
 297              		.loc 1 178 42 discriminator 2 view .LVU83
 298 0130 0393     		str	r3, [sp, #12]
 179:Middlewares/LVGL/lvgl/src/draw/sw/lv_draw_sw_letter.c ****                             lv_memzero(&blend_dsc, sizeof(blend_dsc));
 299              		.loc 1 179 29 is_stmt 1 view .LVU84
 180:Middlewares/LVGL/lvgl/src/draw/sw/lv_draw_sw_letter.c ****                             blend_dsc.color = glyph_draw_dsc->color;
 300              		.loc 1 180 29 view .LVU85
 301              	.LVL18:
 302              	.LBB15:
 303              	.LBI15:
 304              		.file 2 "Middlewares/LVGL/lvgl/src/draw/sw/blend/../../../misc/../stdlib/lv_string.h"
   1:Middlewares/LVGL/lvgl/src/draw/sw/blend/../../../misc/../stdlib/lv_string.h **** /**
   2:Middlewares/LVGL/lvgl/src/draw/sw/blend/../../../misc/../stdlib/lv_string.h ****  * @file lv_string.h
   3:Middlewares/LVGL/lvgl/src/draw/sw/blend/../../../misc/../stdlib/lv_string.h ****  *
   4:Middlewares/LVGL/lvgl/src/draw/sw/blend/../../../misc/../stdlib/lv_string.h ****  */
   5:Middlewares/LVGL/lvgl/src/draw/sw/blend/../../../misc/../stdlib/lv_string.h **** 
   6:Middlewares/LVGL/lvgl/src/draw/sw/blend/../../../misc/../stdlib/lv_string.h **** #ifndef LV_STRING_H
   7:Middlewares/LVGL/lvgl/src/draw/sw/blend/../../../misc/../stdlib/lv_string.h **** #define LV_STRING_H
   8:Middlewares/LVGL/lvgl/src/draw/sw/blend/../../../misc/../stdlib/lv_string.h **** 
   9:Middlewares/LVGL/lvgl/src/draw/sw/blend/../../../misc/../stdlib/lv_string.h **** #ifdef __cplusplus
  10:Middlewares/LVGL/lvgl/src/draw/sw/blend/../../../misc/../stdlib/lv_string.h **** extern "C" {
  11:Middlewares/LVGL/lvgl/src/draw/sw/blend/../../../misc/../stdlib/lv_string.h **** #endif
  12:Middlewares/LVGL/lvgl/src/draw/sw/blend/../../../misc/../stdlib/lv_string.h **** 
  13:Middlewares/LVGL/lvgl/src/draw/sw/blend/../../../misc/../stdlib/lv_string.h **** /*********************
  14:Middlewares/LVGL/lvgl/src/draw/sw/blend/../../../misc/../stdlib/lv_string.h ****  *      INCLUDES
  15:Middlewares/LVGL/lvgl/src/draw/sw/blend/../../../misc/../stdlib/lv_string.h ****  *********************/
  16:Middlewares/LVGL/lvgl/src/draw/sw/blend/../../../misc/../stdlib/lv_string.h **** #include "../lv_conf_internal.h"
  17:Middlewares/LVGL/lvgl/src/draw/sw/blend/../../../misc/../stdlib/lv_string.h **** #include "../misc/lv_types.h"
ARM GAS  C:\Users\w1785\AppData\Local\Temp\ccWKwNQ7.s 			page 11


  18:Middlewares/LVGL/lvgl/src/draw/sw/blend/../../../misc/../stdlib/lv_string.h **** 
  19:Middlewares/LVGL/lvgl/src/draw/sw/blend/../../../misc/../stdlib/lv_string.h **** /*********************
  20:Middlewares/LVGL/lvgl/src/draw/sw/blend/../../../misc/../stdlib/lv_string.h ****  *      DEFINES
  21:Middlewares/LVGL/lvgl/src/draw/sw/blend/../../../misc/../stdlib/lv_string.h ****  *********************/
  22:Middlewares/LVGL/lvgl/src/draw/sw/blend/../../../misc/../stdlib/lv_string.h **** 
  23:Middlewares/LVGL/lvgl/src/draw/sw/blend/../../../misc/../stdlib/lv_string.h **** /**********************
  24:Middlewares/LVGL/lvgl/src/draw/sw/blend/../../../misc/../stdlib/lv_string.h ****  *      TYPEDEFS
  25:Middlewares/LVGL/lvgl/src/draw/sw/blend/../../../misc/../stdlib/lv_string.h ****  **********************/
  26:Middlewares/LVGL/lvgl/src/draw/sw/blend/../../../misc/../stdlib/lv_string.h **** 
  27:Middlewares/LVGL/lvgl/src/draw/sw/blend/../../../misc/../stdlib/lv_string.h **** /**********************
  28:Middlewares/LVGL/lvgl/src/draw/sw/blend/../../../misc/../stdlib/lv_string.h ****  * GLOBAL PROTOTYPES
  29:Middlewares/LVGL/lvgl/src/draw/sw/blend/../../../misc/../stdlib/lv_string.h ****  **********************/
  30:Middlewares/LVGL/lvgl/src/draw/sw/blend/../../../misc/../stdlib/lv_string.h **** 
  31:Middlewares/LVGL/lvgl/src/draw/sw/blend/../../../misc/../stdlib/lv_string.h **** /**
  32:Middlewares/LVGL/lvgl/src/draw/sw/blend/../../../misc/../stdlib/lv_string.h ****  * @brief Copies a block of memory from a source address to a destination address.
  33:Middlewares/LVGL/lvgl/src/draw/sw/blend/../../../misc/../stdlib/lv_string.h ****  * @param dst Pointer to the destination array where the content is to be copied.
  34:Middlewares/LVGL/lvgl/src/draw/sw/blend/../../../misc/../stdlib/lv_string.h ****  * @param src Pointer to the source of data to be copied.
  35:Middlewares/LVGL/lvgl/src/draw/sw/blend/../../../misc/../stdlib/lv_string.h ****  * @param len Number of bytes to copy.
  36:Middlewares/LVGL/lvgl/src/draw/sw/blend/../../../misc/../stdlib/lv_string.h ****  * @return Pointer to the destination array.
  37:Middlewares/LVGL/lvgl/src/draw/sw/blend/../../../misc/../stdlib/lv_string.h ****  * @note The function does not check for any overlapping of the source and destination memory block
  38:Middlewares/LVGL/lvgl/src/draw/sw/blend/../../../misc/../stdlib/lv_string.h ****  */
  39:Middlewares/LVGL/lvgl/src/draw/sw/blend/../../../misc/../stdlib/lv_string.h **** void * lv_memcpy(void * dst, const void * src, size_t len);
  40:Middlewares/LVGL/lvgl/src/draw/sw/blend/../../../misc/../stdlib/lv_string.h **** 
  41:Middlewares/LVGL/lvgl/src/draw/sw/blend/../../../misc/../stdlib/lv_string.h **** /**
  42:Middlewares/LVGL/lvgl/src/draw/sw/blend/../../../misc/../stdlib/lv_string.h ****  * @brief Fills a block of memory with a specified value.
  43:Middlewares/LVGL/lvgl/src/draw/sw/blend/../../../misc/../stdlib/lv_string.h ****  * @param dst Pointer to the destination array to fill with the specified value.
  44:Middlewares/LVGL/lvgl/src/draw/sw/blend/../../../misc/../stdlib/lv_string.h ****  * @param v Value to be set. The value is passed as an int, but the function fills
  45:Middlewares/LVGL/lvgl/src/draw/sw/blend/../../../misc/../stdlib/lv_string.h ****  *          the block of memory using the unsigned char conversion of this value.
  46:Middlewares/LVGL/lvgl/src/draw/sw/blend/../../../misc/../stdlib/lv_string.h ****  * @param len Number of bytes to be set to the value.
  47:Middlewares/LVGL/lvgl/src/draw/sw/blend/../../../misc/../stdlib/lv_string.h ****  */
  48:Middlewares/LVGL/lvgl/src/draw/sw/blend/../../../misc/../stdlib/lv_string.h **** void lv_memset(void * dst, uint8_t v, size_t len);
  49:Middlewares/LVGL/lvgl/src/draw/sw/blend/../../../misc/../stdlib/lv_string.h **** 
  50:Middlewares/LVGL/lvgl/src/draw/sw/blend/../../../misc/../stdlib/lv_string.h **** /**
  51:Middlewares/LVGL/lvgl/src/draw/sw/blend/../../../misc/../stdlib/lv_string.h ****  * @brief Move a block of memory from source to destination
  52:Middlewares/LVGL/lvgl/src/draw/sw/blend/../../../misc/../stdlib/lv_string.h ****  * @param dst Pointer to the destination array where the content is to be copied.
  53:Middlewares/LVGL/lvgl/src/draw/sw/blend/../../../misc/../stdlib/lv_string.h ****  * @param src Pointer to the source of data to be copied.
  54:Middlewares/LVGL/lvgl/src/draw/sw/blend/../../../misc/../stdlib/lv_string.h ****  * @param len Number of bytes to copy
  55:Middlewares/LVGL/lvgl/src/draw/sw/blend/../../../misc/../stdlib/lv_string.h ****  * @return Pointer to the destination array.
  56:Middlewares/LVGL/lvgl/src/draw/sw/blend/../../../misc/../stdlib/lv_string.h ****  */
  57:Middlewares/LVGL/lvgl/src/draw/sw/blend/../../../misc/../stdlib/lv_string.h **** void * lv_memmove(void * dst, const void * src, size_t len);
  58:Middlewares/LVGL/lvgl/src/draw/sw/blend/../../../misc/../stdlib/lv_string.h **** 
  59:Middlewares/LVGL/lvgl/src/draw/sw/blend/../../../misc/../stdlib/lv_string.h **** /**
  60:Middlewares/LVGL/lvgl/src/draw/sw/blend/../../../misc/../stdlib/lv_string.h ****  * @brief This function will compare two memory blocks
  61:Middlewares/LVGL/lvgl/src/draw/sw/blend/../../../misc/../stdlib/lv_string.h ****  * @param p1 Pointer to the first memory block
  62:Middlewares/LVGL/lvgl/src/draw/sw/blend/../../../misc/../stdlib/lv_string.h ****  * @param p2 Pointer to the second memory block
  63:Middlewares/LVGL/lvgl/src/draw/sw/blend/../../../misc/../stdlib/lv_string.h ****  * @param len Number of bytes to compare
  64:Middlewares/LVGL/lvgl/src/draw/sw/blend/../../../misc/../stdlib/lv_string.h ****  * @return The difference between the value of the first unmatching byte.
  65:Middlewares/LVGL/lvgl/src/draw/sw/blend/../../../misc/../stdlib/lv_string.h ****  */
  66:Middlewares/LVGL/lvgl/src/draw/sw/blend/../../../misc/../stdlib/lv_string.h **** int lv_memcmp(const void * p1, const void * p2, size_t len);
  67:Middlewares/LVGL/lvgl/src/draw/sw/blend/../../../misc/../stdlib/lv_string.h **** 
  68:Middlewares/LVGL/lvgl/src/draw/sw/blend/../../../misc/../stdlib/lv_string.h **** /**
  69:Middlewares/LVGL/lvgl/src/draw/sw/blend/../../../misc/../stdlib/lv_string.h ****  * Same as `memset(dst, 0x00, len)`.
  70:Middlewares/LVGL/lvgl/src/draw/sw/blend/../../../misc/../stdlib/lv_string.h ****  * @param dst pointer to the destination buffer
  71:Middlewares/LVGL/lvgl/src/draw/sw/blend/../../../misc/../stdlib/lv_string.h ****  * @param len number of byte to set
  72:Middlewares/LVGL/lvgl/src/draw/sw/blend/../../../misc/../stdlib/lv_string.h ****  */
  73:Middlewares/LVGL/lvgl/src/draw/sw/blend/../../../misc/../stdlib/lv_string.h **** static inline void lv_memzero(void * dst, size_t len)
 305              		.loc 2 73 20 view .LVU86
ARM GAS  C:\Users\w1785\AppData\Local\Temp\ccWKwNQ7.s 			page 12


 306              	.LBB16:
  74:Middlewares/LVGL/lvgl/src/draw/sw/blend/../../../misc/../stdlib/lv_string.h **** {
  75:Middlewares/LVGL/lvgl/src/draw/sw/blend/../../../misc/../stdlib/lv_string.h ****     lv_memset(dst, 0x00, len);
 307              		.loc 2 75 5 view .LVU87
 308 0132 0DF11408 		add	r8, sp, #20
 309              	.LVL19:
 310              		.loc 2 75 5 is_stmt 0 view .LVU88
 311 0136 2C22     		movs	r2, #44
 312 0138 0021     		movs	r1, #0
 313 013a 4046     		mov	r0, r8
 314 013c FFF7FEFF 		bl	lv_memset
 315              	.LVL20:
 316              		.loc 2 75 5 view .LVU89
 317              	.LBE16:
 318              	.LBE15:
 181:Middlewares/LVGL/lvgl/src/draw/sw/lv_draw_sw_letter.c ****                             blend_dsc.opa = glyph_draw_dsc->opa;
 319              		.loc 1 181 29 is_stmt 1 view .LVU90
 181:Middlewares/LVGL/lvgl/src/draw/sw/lv_draw_sw_letter.c ****                             blend_dsc.opa = glyph_draw_dsc->opa;
 320              		.loc 1 181 45 is_stmt 0 view .LVU91
 321 0140 B28A     		ldrh	r2, [r6, #20]	@ unaligned
 322 0142 B37D     		ldrb	r3, [r6, #22]	@ zero_extendqisi2
 323 0144 ADF82920 		strh	r2, [sp, #41]	@ unaligned
 324 0148 8DF82B30 		strb	r3, [sp, #43]
 182:Middlewares/LVGL/lvgl/src/draw/sw/lv_draw_sw_letter.c ****                             const lv_draw_buf_t * draw_buf = glyph_draw_dsc->glyph_data;
 325              		.loc 1 182 29 is_stmt 1 view .LVU92
 182:Middlewares/LVGL/lvgl/src/draw/sw/lv_draw_sw_letter.c ****                             const lv_draw_buf_t * draw_buf = glyph_draw_dsc->glyph_data;
 326              		.loc 1 182 59 is_stmt 0 view .LVU93
 327 014c F37D     		ldrb	r3, [r6, #23]	@ zero_extendqisi2
 182:Middlewares/LVGL/lvgl/src/draw/sw/lv_draw_sw_letter.c ****                             const lv_draw_buf_t * draw_buf = glyph_draw_dsc->glyph_data;
 328              		.loc 1 182 43 view .LVU94
 329 014e 8DF82830 		strb	r3, [sp, #40]
 183:Middlewares/LVGL/lvgl/src/draw/sw/lv_draw_sw_letter.c ****                             blend_dsc.mask_buf = draw_buf->data;
 330              		.loc 1 183 29 is_stmt 1 view .LVU95
 183:Middlewares/LVGL/lvgl/src/draw/sw/lv_draw_sw_letter.c ****                             blend_dsc.mask_buf = draw_buf->data;
 331              		.loc 1 183 51 is_stmt 0 view .LVU96
 332 0152 3368     		ldr	r3, [r6]
 333              	.LVL21:
 184:Middlewares/LVGL/lvgl/src/draw/sw/lv_draw_sw_letter.c ****                             blend_dsc.mask_area = &mask_area;
 334              		.loc 1 184 29 is_stmt 1 view .LVU97
 184:Middlewares/LVGL/lvgl/src/draw/sw/lv_draw_sw_letter.c ****                             blend_dsc.mask_area = &mask_area;
 335              		.loc 1 184 58 is_stmt 0 view .LVU98
 336 0154 1A69     		ldr	r2, [r3, #16]
 184:Middlewares/LVGL/lvgl/src/draw/sw/lv_draw_sw_letter.c ****                             blend_dsc.mask_area = &mask_area;
 337              		.loc 1 184 48 view .LVU99
 338 0156 0B92     		str	r2, [sp, #44]
 185:Middlewares/LVGL/lvgl/src/draw/sw/lv_draw_sw_letter.c ****                             blend_dsc.mask_stride = draw_buf->header.stride;
 339              		.loc 1 185 29 is_stmt 1 view .LVU100
 185:Middlewares/LVGL/lvgl/src/draw/sw/lv_draw_sw_letter.c ****                             blend_dsc.mask_stride = draw_buf->header.stride;
 340              		.loc 1 185 49 is_stmt 0 view .LVU101
 341 0158 CDF83490 		str	r9, [sp, #52]
 186:Middlewares/LVGL/lvgl/src/draw/sw/lv_draw_sw_letter.c ****                             blend_dsc.blend_area = glyph_draw_dsc->letter_coords;
 342              		.loc 1 186 29 is_stmt 1 view .LVU102
 186:Middlewares/LVGL/lvgl/src/draw/sw/lv_draw_sw_letter.c ****                             blend_dsc.blend_area = glyph_draw_dsc->letter_coords;
 343              		.loc 1 186 69 is_stmt 0 view .LVU103
 344 015c 1B89     		ldrh	r3, [r3, #8]
 345              	.LVL22:
 186:Middlewares/LVGL/lvgl/src/draw/sw/lv_draw_sw_letter.c ****                             blend_dsc.blend_area = glyph_draw_dsc->letter_coords;
ARM GAS  C:\Users\w1785\AppData\Local\Temp\ccWKwNQ7.s 			page 13


 346              		.loc 1 186 51 view .LVU104
 347 015e 0E93     		str	r3, [sp, #56]
 187:Middlewares/LVGL/lvgl/src/draw/sw/lv_draw_sw_letter.c ****                             blend_dsc.mask_res = LV_DRAW_SW_MASK_RES_CHANGED;
 348              		.loc 1 187 29 is_stmt 1 view .LVU105
 187:Middlewares/LVGL/lvgl/src/draw/sw/lv_draw_sw_letter.c ****                             blend_dsc.mask_res = LV_DRAW_SW_MASK_RES_CHANGED;
 349              		.loc 1 187 66 is_stmt 0 view .LVU106
 350 0160 B368     		ldr	r3, [r6, #8]
 187:Middlewares/LVGL/lvgl/src/draw/sw/lv_draw_sw_letter.c ****                             blend_dsc.mask_res = LV_DRAW_SW_MASK_RES_CHANGED;
 351              		.loc 1 187 50 view .LVU107
 352 0162 0593     		str	r3, [sp, #20]
 188:Middlewares/LVGL/lvgl/src/draw/sw/lv_draw_sw_letter.c ****                             lv_draw_sw_blend(t, &blend_dsc);
 353              		.loc 1 188 29 is_stmt 1 view .LVU108
 188:Middlewares/LVGL/lvgl/src/draw/sw/lv_draw_sw_letter.c ****                             lv_draw_sw_blend(t, &blend_dsc);
 354              		.loc 1 188 48 is_stmt 0 view .LVU109
 355 0164 0223     		movs	r3, #2
 356 0166 8DF83030 		strb	r3, [sp, #48]
 189:Middlewares/LVGL/lvgl/src/draw/sw/lv_draw_sw_letter.c ****                         }
 357              		.loc 1 189 29 is_stmt 1 view .LVU110
 358 016a 4146     		mov	r1, r8
 359 016c 3846     		mov	r0, r7
 360 016e FFF7FEFF 		bl	lv_draw_sw_blend
 361              	.LVL23:
 362 0172 B0E7     		b	.L2
 363              	.LVL24:
 364              	.L15:
 189:Middlewares/LVGL/lvgl/src/draw/sw/lv_draw_sw_letter.c ****                         }
 365              		.loc 1 189 29 is_stmt 0 view .LVU111
 366              	.LBE14:
 367              	.LBB17:
 158:Middlewares/LVGL/lvgl/src/draw/sw/lv_draw_sw_letter.c ****                             const void * bitmap = lv_font_get_glyph_static_bitmap(glyph_draw_dsc->g
 368              		.loc 1 158 29 is_stmt 1 view .LVU112
 158:Middlewares/LVGL/lvgl/src/draw/sw/lv_draw_sw_letter.c ****                             const void * bitmap = lv_font_get_glyph_static_bitmap(glyph_draw_dsc->g
 369              		.loc 1 158 63 is_stmt 0 view .LVU113
 370 0174 5A7C     		ldrb	r2, [r3, #17]	@ zero_extendqisi2
 371 0176 42F00202 		orr	r2, r2, #2
 372 017a 5A74     		strb	r2, [r3, #17]
 159:Middlewares/LVGL/lvgl/src/draw/sw/lv_draw_sw_letter.c ****                             lv_draw_sw_blend_dsc_t blend_dsc;
 373              		.loc 1 159 29 is_stmt 1 view .LVU114
 159:Middlewares/LVGL/lvgl/src/draw/sw/lv_draw_sw_letter.c ****                             lv_draw_sw_blend_dsc_t blend_dsc;
 374              		.loc 1 159 51 is_stmt 0 view .LVU115
 375 017c 3069     		ldr	r0, [r6, #16]
 376 017e FFF7FEFF 		bl	lv_font_get_glyph_static_bitmap
 377              	.LVL25:
 378 0182 8046     		mov	r8, r0
 379              	.LVL26:
 160:Middlewares/LVGL/lvgl/src/draw/sw/lv_draw_sw_letter.c ****                             lv_memzero(&blend_dsc, sizeof(blend_dsc));
 380              		.loc 1 160 29 is_stmt 1 view .LVU116
 161:Middlewares/LVGL/lvgl/src/draw/sw/lv_draw_sw_letter.c ****                             blend_dsc.color = glyph_draw_dsc->color;
 381              		.loc 1 161 29 view .LVU117
 382              	.LBB18:
 383              	.LBI18:
  73:Middlewares/LVGL/lvgl/src/draw/sw/blend/../../../misc/../stdlib/lv_string.h **** {
 384              		.loc 2 73 20 view .LVU118
 385              	.LBB19:
 386              		.loc 2 75 5 view .LVU119
 387 0184 0DF11409 		add	r9, sp, #20
 388              	.LVL27:
ARM GAS  C:\Users\w1785\AppData\Local\Temp\ccWKwNQ7.s 			page 14


 389              		.loc 2 75 5 is_stmt 0 view .LVU120
 390 0188 2C22     		movs	r2, #44
 391 018a 0021     		movs	r1, #0
 392 018c 4846     		mov	r0, r9
 393              	.LVL28:
 394              		.loc 2 75 5 view .LVU121
 395 018e FFF7FEFF 		bl	lv_memset
 396              	.LVL29:
 397              		.loc 2 75 5 view .LVU122
 398              	.LBE19:
 399              	.LBE18:
 162:Middlewares/LVGL/lvgl/src/draw/sw/lv_draw_sw_letter.c ****                             blend_dsc.opa = glyph_draw_dsc->opa;
 400              		.loc 1 162 29 is_stmt 1 view .LVU123
 162:Middlewares/LVGL/lvgl/src/draw/sw/lv_draw_sw_letter.c ****                             blend_dsc.opa = glyph_draw_dsc->opa;
 401              		.loc 1 162 45 is_stmt 0 view .LVU124
 402 0192 B28A     		ldrh	r2, [r6, #20]	@ unaligned
 403 0194 B37D     		ldrb	r3, [r6, #22]	@ zero_extendqisi2
 404 0196 ADF82920 		strh	r2, [sp, #41]	@ unaligned
 405 019a 8DF82B30 		strb	r3, [sp, #43]
 163:Middlewares/LVGL/lvgl/src/draw/sw/lv_draw_sw_letter.c ****                             blend_dsc.mask_buf = bitmap;
 406              		.loc 1 163 29 is_stmt 1 view .LVU125
 163:Middlewares/LVGL/lvgl/src/draw/sw/lv_draw_sw_letter.c ****                             blend_dsc.mask_buf = bitmap;
 407              		.loc 1 163 59 is_stmt 0 view .LVU126
 408 019e F37D     		ldrb	r3, [r6, #23]	@ zero_extendqisi2
 163:Middlewares/LVGL/lvgl/src/draw/sw/lv_draw_sw_letter.c ****                             blend_dsc.mask_buf = bitmap;
 409              		.loc 1 163 43 view .LVU127
 410 01a0 8DF82830 		strb	r3, [sp, #40]
 164:Middlewares/LVGL/lvgl/src/draw/sw/lv_draw_sw_letter.c ****                             blend_dsc.mask_area = &mask_area;
 411              		.loc 1 164 29 is_stmt 1 view .LVU128
 164:Middlewares/LVGL/lvgl/src/draw/sw/lv_draw_sw_letter.c ****                             blend_dsc.mask_area = &mask_area;
 412              		.loc 1 164 48 is_stmt 0 view .LVU129
 413 01a4 CDF82C80 		str	r8, [sp, #44]
 165:Middlewares/LVGL/lvgl/src/draw/sw/lv_draw_sw_letter.c ****                             blend_dsc.mask_stride = glyph_draw_dsc->g->stride;
 414              		.loc 1 165 29 is_stmt 1 view .LVU130
 165:Middlewares/LVGL/lvgl/src/draw/sw/lv_draw_sw_letter.c ****                             blend_dsc.mask_stride = glyph_draw_dsc->g->stride;
 415              		.loc 1 165 49 is_stmt 0 view .LVU131
 416 01a8 01AB     		add	r3, sp, #4
 417 01aa 0D93     		str	r3, [sp, #52]
 166:Middlewares/LVGL/lvgl/src/draw/sw/lv_draw_sw_letter.c ****                             blend_dsc.blend_area = glyph_draw_dsc->letter_coords;
 418              		.loc 1 166 29 is_stmt 1 view .LVU132
 166:Middlewares/LVGL/lvgl/src/draw/sw/lv_draw_sw_letter.c ****                             blend_dsc.blend_area = glyph_draw_dsc->letter_coords;
 419              		.loc 1 166 67 is_stmt 0 view .LVU133
 420 01ac 3369     		ldr	r3, [r6, #16]
 166:Middlewares/LVGL/lvgl/src/draw/sw/lv_draw_sw_letter.c ****                             blend_dsc.blend_area = glyph_draw_dsc->letter_coords;
 421              		.loc 1 166 70 view .LVU134
 422 01ae DB89     		ldrh	r3, [r3, #14]
 166:Middlewares/LVGL/lvgl/src/draw/sw/lv_draw_sw_letter.c ****                             blend_dsc.blend_area = glyph_draw_dsc->letter_coords;
 423              		.loc 1 166 51 view .LVU135
 424 01b0 0E93     		str	r3, [sp, #56]
 167:Middlewares/LVGL/lvgl/src/draw/sw/lv_draw_sw_letter.c ****                             blend_dsc.mask_res = LV_DRAW_SW_MASK_RES_CHANGED;
 425              		.loc 1 167 29 is_stmt 1 view .LVU136
 167:Middlewares/LVGL/lvgl/src/draw/sw/lv_draw_sw_letter.c ****                             blend_dsc.mask_res = LV_DRAW_SW_MASK_RES_CHANGED;
 426              		.loc 1 167 66 is_stmt 0 view .LVU137
 427 01b2 B368     		ldr	r3, [r6, #8]
 167:Middlewares/LVGL/lvgl/src/draw/sw/lv_draw_sw_letter.c ****                             blend_dsc.mask_res = LV_DRAW_SW_MASK_RES_CHANGED;
 428              		.loc 1 167 50 view .LVU138
 429 01b4 0593     		str	r3, [sp, #20]
ARM GAS  C:\Users\w1785\AppData\Local\Temp\ccWKwNQ7.s 			page 15


 168:Middlewares/LVGL/lvgl/src/draw/sw/lv_draw_sw_letter.c ****                             lv_draw_sw_blend(t, &blend_dsc);
 430              		.loc 1 168 29 is_stmt 1 view .LVU139
 168:Middlewares/LVGL/lvgl/src/draw/sw/lv_draw_sw_letter.c ****                             lv_draw_sw_blend(t, &blend_dsc);
 431              		.loc 1 168 48 is_stmt 0 view .LVU140
 432 01b6 0223     		movs	r3, #2
 433 01b8 8DF83030 		strb	r3, [sp, #48]
 169:Middlewares/LVGL/lvgl/src/draw/sw/lv_draw_sw_letter.c ****                         }
 434              		.loc 1 169 29 is_stmt 1 view .LVU141
 435 01bc 4946     		mov	r1, r9
 436 01be 3846     		mov	r0, r7
 437 01c0 FFF7FEFF 		bl	lv_draw_sw_blend
 438              	.LVL30:
 439              	.LBE17:
 157:Middlewares/LVGL/lvgl/src/draw/sw/lv_draw_sw_letter.c ****                             glyph_draw_dsc->g->req_raw_bitmap = 1;
 440              		.loc 1 157 82 is_stmt 0 view .LVU142
 441 01c4 87E7     		b	.L2
 442              	.L17:
 443 01c6 00BF     		.align	2
 444              	.L16:
 445 01c8 C5B3A291 		.word	-1851608123
 446              	.LBE13:
 447              		.cfi_endproc
 448              	.LFE202:
 450              		.section	.text.lv_draw_sw_letter,"ax",%progbits
 451              		.align	1
 452              		.global	lv_draw_sw_letter
 453              		.syntax unified
 454              		.thumb
 455              		.thumb_func
 457              	lv_draw_sw_letter:
 458              	.LVL31:
 459              	.LFB200:
  80:Middlewares/LVGL/lvgl/src/draw/sw/lv_draw_sw_letter.c ****     if(dsc->opa <= LV_OPA_MIN)
 460              		.loc 1 80 1 is_stmt 1 view -0
 461              		.cfi_startproc
 462              		@ args = 0, pretend = 0, frame = 56
 463              		@ frame_needed = 0, uses_anonymous_args = 0
  81:Middlewares/LVGL/lvgl/src/draw/sw/lv_draw_sw_letter.c ****         return;
 464              		.loc 1 81 5 view .LVU144
  81:Middlewares/LVGL/lvgl/src/draw/sw/lv_draw_sw_letter.c ****         return;
 465              		.loc 1 81 11 is_stmt 0 view .LVU145
 466 0000 91F85030 		ldrb	r3, [r1, #80]	@ zero_extendqisi2
  81:Middlewares/LVGL/lvgl/src/draw/sw/lv_draw_sw_letter.c ****         return;
 467              		.loc 1 81 7 view .LVU146
 468 0004 022B     		cmp	r3, #2
 469 0006 00D8     		bhi	.L26
 470 0008 7047     		bx	lr
 471              	.L26:
  80:Middlewares/LVGL/lvgl/src/draw/sw/lv_draw_sw_letter.c ****     if(dsc->opa <= LV_OPA_MIN)
 472              		.loc 1 80 1 view .LVU147
 473 000a F0B5     		push	{r4, r5, r6, r7, lr}
 474              	.LCFI4:
 475              		.cfi_def_cfa_offset 20
 476              		.cfi_offset 4, -20
 477              		.cfi_offset 5, -16
 478              		.cfi_offset 6, -12
 479              		.cfi_offset 7, -8
ARM GAS  C:\Users\w1785\AppData\Local\Temp\ccWKwNQ7.s 			page 16


 480              		.cfi_offset 14, -4
 481 000c 91B0     		sub	sp, sp, #68
 482              	.LCFI5:
 483              		.cfi_def_cfa_offset 88
 484 000e 0646     		mov	r6, r0
 485 0010 0C46     		mov	r4, r1
 486 0012 1546     		mov	r5, r2
  84:Middlewares/LVGL/lvgl/src/draw/sw/lv_draw_sw_letter.c **** 
 487              		.loc 1 84 27 is_stmt 1 view .LVU148
  86:Middlewares/LVGL/lvgl/src/draw/sw/lv_draw_sw_letter.c ****     lv_draw_glyph_dsc_init(&glyph_dsc);
 488              		.loc 1 86 5 view .LVU149
  87:Middlewares/LVGL/lvgl/src/draw/sw/lv_draw_sw_letter.c ****     glyph_dsc.opa = dsc->opa;
 489              		.loc 1 87 5 view .LVU150
 490 0014 02AF     		add	r7, sp, #8
 491 0016 3846     		mov	r0, r7
 492              	.LVL32:
  87:Middlewares/LVGL/lvgl/src/draw/sw/lv_draw_sw_letter.c ****     glyph_dsc.opa = dsc->opa;
 493              		.loc 1 87 5 is_stmt 0 view .LVU151
 494 0018 FFF7FEFF 		bl	lv_draw_glyph_dsc_init
 495              	.LVL33:
  88:Middlewares/LVGL/lvgl/src/draw/sw/lv_draw_sw_letter.c ****     glyph_dsc.bg_coords = NULL;
 496              		.loc 1 88 5 is_stmt 1 view .LVU152
  88:Middlewares/LVGL/lvgl/src/draw/sw/lv_draw_sw_letter.c ****     glyph_dsc.bg_coords = NULL;
 497              		.loc 1 88 24 is_stmt 0 view .LVU153
 498 001c 94F85030 		ldrb	r3, [r4, #80]	@ zero_extendqisi2
  88:Middlewares/LVGL/lvgl/src/draw/sw/lv_draw_sw_letter.c ****     glyph_dsc.bg_coords = NULL;
 499              		.loc 1 88 19 view .LVU154
 500 0020 8DF81F30 		strb	r3, [sp, #31]
  89:Middlewares/LVGL/lvgl/src/draw/sw/lv_draw_sw_letter.c ****     glyph_dsc.color = dsc->color;
 501              		.loc 1 89 5 is_stmt 1 view .LVU155
  89:Middlewares/LVGL/lvgl/src/draw/sw/lv_draw_sw_letter.c ****     glyph_dsc.color = dsc->color;
 502              		.loc 1 89 25 is_stmt 0 view .LVU156
 503 0024 0023     		movs	r3, #0
 504 0026 0593     		str	r3, [sp, #20]
  90:Middlewares/LVGL/lvgl/src/draw/sw/lv_draw_sw_letter.c ****     glyph_dsc.rotation = dsc->rotation;
 505              		.loc 1 90 5 is_stmt 1 view .LVU157
  90:Middlewares/LVGL/lvgl/src/draw/sw/lv_draw_sw_letter.c ****     glyph_dsc.rotation = dsc->rotation;
 506              		.loc 1 90 21 is_stmt 0 view .LVU158
 507 0028 236B     		ldr	r3, [r4, #48]
 508 002a ADF81C30 		strh	r3, [sp, #28]	@ movhi
 509 002e 1B0C     		lsrs	r3, r3, #16
 510 0030 8DF81E30 		strb	r3, [sp, #30]
  91:Middlewares/LVGL/lvgl/src/draw/sw/lv_draw_sw_letter.c ****     glyph_dsc.pivot = dsc->pivot;
 511              		.loc 1 91 5 is_stmt 1 view .LVU159
  91:Middlewares/LVGL/lvgl/src/draw/sw/lv_draw_sw_letter.c ****     glyph_dsc.pivot = dsc->pivot;
 512              		.loc 1 91 29 is_stmt 0 view .LVU160
 513 0034 636B     		ldr	r3, [r4, #52]
  91:Middlewares/LVGL/lvgl/src/draw/sw/lv_draw_sw_letter.c ****     glyph_dsc.pivot = dsc->pivot;
 514              		.loc 1 91 24 view .LVU161
 515 0036 0A93     		str	r3, [sp, #40]
  92:Middlewares/LVGL/lvgl/src/draw/sw/lv_draw_sw_letter.c **** 
 516              		.loc 1 92 5 is_stmt 1 view .LVU162
  92:Middlewares/LVGL/lvgl/src/draw/sw/lv_draw_sw_letter.c **** 
 517              		.loc 1 92 21 is_stmt 0 view .LVU163
 518 0038 0BAB     		add	r3, sp, #44
 519 003a 04F14802 		add	r2, r4, #72
 520 003e 92E80300 		ldm	r2, {r0, r1}
ARM GAS  C:\Users\w1785\AppData\Local\Temp\ccWKwNQ7.s 			page 17


 521 0042 83E80300 		stm	r3, {r0, r1}
  94:Middlewares/LVGL/lvgl/src/draw/sw/lv_draw_sw_letter.c ****         .x = coords->x1, .y = coords->y1
 522              		.loc 1 94 5 is_stmt 1 view .LVU164
  95:Middlewares/LVGL/lvgl/src/draw/sw/lv_draw_sw_letter.c ****     },
 523              		.loc 1 95 20 is_stmt 0 view .LVU165
 524 0046 2B68     		ldr	r3, [r5]
  94:Middlewares/LVGL/lvgl/src/draw/sw/lv_draw_sw_letter.c ****         .x = coords->x1, .y = coords->y1
 525              		.loc 1 94 59 view .LVU166
 526 0048 0E93     		str	r3, [sp, #56]
  95:Middlewares/LVGL/lvgl/src/draw/sw/lv_draw_sw_letter.c ****     },
 527              		.loc 1 95 37 view .LVU167
 528 004a 6B68     		ldr	r3, [r5, #4]
  94:Middlewares/LVGL/lvgl/src/draw/sw/lv_draw_sw_letter.c ****         .x = coords->x1, .y = coords->y1
 529              		.loc 1 94 59 view .LVU168
 530 004c 0F93     		str	r3, [sp, #60]
  97:Middlewares/LVGL/lvgl/src/draw/sw/lv_draw_sw_letter.c **** 
 531              		.loc 1 97 19 view .LVU169
 532 004e A36A     		ldr	r3, [r4, #40]
  94:Middlewares/LVGL/lvgl/src/draw/sw/lv_draw_sw_letter.c ****         .x = coords->x1, .y = coords->y1
 533              		.loc 1 94 5 view .LVU170
 534 0050 084A     		ldr	r2, .L27
 535 0052 0192     		str	r2, [sp, #4]
 536 0054 0093     		str	r3, [sp]
 537 0056 E36A     		ldr	r3, [r4, #44]
 538 0058 0EAA     		add	r2, sp, #56
 539 005a 3946     		mov	r1, r7
 540 005c 3046     		mov	r0, r6
 541 005e FFF7FEFF 		bl	lv_draw_unit_draw_letter
 542              	.LVL34:
  99:Middlewares/LVGL/lvgl/src/draw/sw/lv_draw_sw_letter.c ****         lv_draw_buf_destroy(glyph_dsc._draw_buf);
 543              		.loc 1 99 5 is_stmt 1 view .LVU171
  99:Middlewares/LVGL/lvgl/src/draw/sw/lv_draw_sw_letter.c ****         lv_draw_buf_destroy(glyph_dsc._draw_buf);
 544              		.loc 1 99 17 is_stmt 0 view .LVU172
 545 0062 0D98     		ldr	r0, [sp, #52]
  99:Middlewares/LVGL/lvgl/src/draw/sw/lv_draw_sw_letter.c ****         lv_draw_buf_destroy(glyph_dsc._draw_buf);
 546              		.loc 1 99 7 view .LVU173
 547 0064 18B1     		cbz	r0, .L18
 100:Middlewares/LVGL/lvgl/src/draw/sw/lv_draw_sw_letter.c ****         glyph_dsc._draw_buf = NULL;
 548              		.loc 1 100 9 is_stmt 1 view .LVU174
 549 0066 FFF7FEFF 		bl	lv_draw_buf_destroy
 550              	.LVL35:
 101:Middlewares/LVGL/lvgl/src/draw/sw/lv_draw_sw_letter.c ****     }
 551              		.loc 1 101 9 view .LVU175
 101:Middlewares/LVGL/lvgl/src/draw/sw/lv_draw_sw_letter.c ****     }
 552              		.loc 1 101 29 is_stmt 0 view .LVU176
 553 006a 0023     		movs	r3, #0
 554 006c 0D93     		str	r3, [sp, #52]
 104:Middlewares/LVGL/lvgl/src/draw/sw/lv_draw_sw_letter.c **** }
 555              		.loc 1 104 25 is_stmt 1 view .LVU177
 556              	.L18:
 105:Middlewares/LVGL/lvgl/src/draw/sw/lv_draw_sw_letter.c **** 
 557              		.loc 1 105 1 is_stmt 0 view .LVU178
 558 006e 11B0     		add	sp, sp, #68
 559              	.LCFI6:
 560              		.cfi_def_cfa_offset 20
 561              		@ sp needed
 562 0070 F0BD     		pop	{r4, r5, r6, r7, pc}
ARM GAS  C:\Users\w1785\AppData\Local\Temp\ccWKwNQ7.s 			page 18


 563              	.LVL36:
 564              	.L28:
 105:Middlewares/LVGL/lvgl/src/draw/sw/lv_draw_sw_letter.c **** 
 565              		.loc 1 105 1 view .LVU179
 566 0072 00BF     		.align	2
 567              	.L27:
 568 0074 00000000 		.word	draw_letter_cb
 569              		.cfi_endproc
 570              	.LFE200:
 572              		.section	.text.lv_draw_sw_label,"ax",%progbits
 573              		.align	1
 574              		.global	lv_draw_sw_label
 575              		.syntax unified
 576              		.thumb
 577              		.thumb_func
 579              	lv_draw_sw_label:
 580              	.LVL37:
 581              	.LFB201:
 108:Middlewares/LVGL/lvgl/src/draw/sw/lv_draw_sw_letter.c ****     if(dsc->opa <= LV_OPA_MIN) return;
 582              		.loc 1 108 1 is_stmt 1 view -0
 583              		.cfi_startproc
 584              		@ args = 0, pretend = 0, frame = 0
 585              		@ frame_needed = 0, uses_anonymous_args = 0
 108:Middlewares/LVGL/lvgl/src/draw/sw/lv_draw_sw_letter.c ****     if(dsc->opa <= LV_OPA_MIN) return;
 586              		.loc 1 108 1 is_stmt 0 view .LVU181
 587 0000 08B5     		push	{r3, lr}
 588              	.LCFI7:
 589              		.cfi_def_cfa_offset 8
 590              		.cfi_offset 3, -8
 591              		.cfi_offset 14, -4
 109:Middlewares/LVGL/lvgl/src/draw/sw/lv_draw_sw_letter.c **** 
 592              		.loc 1 109 5 is_stmt 1 view .LVU182
 109:Middlewares/LVGL/lvgl/src/draw/sw/lv_draw_sw_letter.c **** 
 593              		.loc 1 109 11 is_stmt 0 view .LVU183
 594 0002 91F86630 		ldrb	r3, [r1, #102]	@ zero_extendqisi2
 109:Middlewares/LVGL/lvgl/src/draw/sw/lv_draw_sw_letter.c **** 
 595              		.loc 1 109 7 view .LVU184
 596 0006 022B     		cmp	r3, #2
 597 0008 00D8     		bhi	.L32
 598              	.LVL38:
 599              	.L29:
 123:Middlewares/LVGL/lvgl/src/draw/sw/lv_draw_sw_letter.c **** 
 600              		.loc 1 123 1 view .LVU185
 601 000a 08BD     		pop	{r3, pc}
 602              	.LVL39:
 603              	.L32:
 111:Middlewares/LVGL/lvgl/src/draw/sw/lv_draw_sw_letter.c **** 
 604              		.loc 1 111 27 is_stmt 1 view .LVU186
 121:Middlewares/LVGL/lvgl/src/draw/sw/lv_draw_sw_letter.c ****     LV_PROFILER_DRAW_END;
 605              		.loc 1 121 5 view .LVU187
 606 000c 014B     		ldr	r3, .L33
 607 000e FFF7FEFF 		bl	lv_draw_label_iterate_characters
 608              	.LVL40:
 122:Middlewares/LVGL/lvgl/src/draw/sw/lv_draw_sw_letter.c **** }
 609              		.loc 1 122 25 view .LVU188
 610 0012 FAE7     		b	.L29
 611              	.L34:
ARM GAS  C:\Users\w1785\AppData\Local\Temp\ccWKwNQ7.s 			page 19


 612              		.align	2
 613              	.L33:
 614 0014 00000000 		.word	draw_letter_cb
 615              		.cfi_endproc
 616              	.LFE201:
 618              		.text
 619              	.Letext0:
 620              		.file 3 "D:\\STM32CubeIDE\\STM32CubeIDE_2.1.1\\STM32CubeIDE\\plugins\\com.st.stm32cube.ide.mcu.ext
 621              		.file 4 "D:\\STM32CubeIDE\\STM32CubeIDE_2.1.1\\STM32CubeIDE\\plugins\\com.st.stm32cube.ide.mcu.ext
 622              		.file 5 "D:\\STM32CubeIDE\\STM32CubeIDE_2.1.1\\STM32CubeIDE\\plugins\\com.st.stm32cube.ide.mcu.ext
 623              		.file 6 "Middlewares/LVGL/lvgl/src/draw/sw/blend/../../../misc/lv_types.h"
 624              		.file 7 "Middlewares/LVGL/lvgl/src/draw/sw/../lv_draw.h"
 625              		.file 8 "Middlewares/LVGL/lvgl/src/draw/sw/../../draw/lv_draw_private.h"
 626              		.file 9 "Middlewares/LVGL/lvgl/src/draw/sw/blend/../../../misc/../font/lv_font.h"
 627              		.file 10 "Middlewares/LVGL/lvgl/src/draw/sw/../lv_draw_image.h"
 628              		.file 11 "Middlewares/LVGL/lvgl/src/draw/sw/../lv_draw_label_private.h"
 629              		.file 12 "Middlewares/LVGL/lvgl/src/draw/sw/blend/lv_draw_sw_blend_private.h"
 630              		.file 13 "Middlewares/LVGL/lvgl/src/draw/sw/blend/../../../misc/../font/../draw/lv_draw_buf.h"
 631              		.file 14 "Middlewares/LVGL/lvgl/src/draw/sw/blend/../../../misc/lv_area.h"
 632              		.file 15 "Middlewares/LVGL/lvgl/src/draw/sw/blend/../../../misc/lv_color.h"
 633              		.file 16 "Middlewares/LVGL/lvgl/src/draw/sw/blend/../lv_draw_sw_mask.h"
 634              		.file 17 "Middlewares/LVGL/lvgl/src/draw/sw/blend/../../../misc/../font/../draw/lv_image_dsc.h"
 635              		.file 18 "Middlewares/LVGL/lvgl/src/draw/sw/blend/../../../misc/lv_text.h"
 636              		.file 19 "Middlewares/LVGL/lvgl/src/draw/sw/blend/../../../misc/lv_bidi.h"
 637              		.file 20 "Middlewares/LVGL/lvgl/src/draw/sw/blend/../../../misc/lv_grad.h"
 638              		.file 21 "Middlewares/LVGL/lvgl/src/draw/sw/blend/../../../misc/lv_style.h"
 639              		.file 22 "Middlewares/LVGL/lvgl/src/draw/sw/../lv_draw_rect.h"
 640              		.file 23 "Middlewares/LVGL/lvgl/src/draw/sw/../lv_draw_label.h"
 641              		.file 24 "Middlewares/LVGL/lvgl/src/draw/sw/lv_draw_sw.h"
 642              		.file 25 "Middlewares/LVGL/lvgl/src/draw/sw/blend/lv_draw_sw_blend.h"
ARM GAS  C:\Users\w1785\AppData\Local\Temp\ccWKwNQ7.s 			page 20


DEFINED SYMBOLS
                            *ABS*:00000000 lv_draw_sw_letter.c
C:\Users\w1785\AppData\Local\Temp\ccWKwNQ7.s:21     .text.draw_letter_cb:00000000 $t
C:\Users\w1785\AppData\Local\Temp\ccWKwNQ7.s:26     .text.draw_letter_cb:00000000 draw_letter_cb
C:\Users\w1785\AppData\Local\Temp\ccWKwNQ7.s:65     .text.draw_letter_cb:0000001c $d
C:\Users\w1785\AppData\Local\Temp\ccWKwNQ7.s:91     .text.draw_letter_cb:00000036 $t
C:\Users\w1785\AppData\Local\Temp\ccWKwNQ7.s:445    .text.draw_letter_cb:000001c8 $d
C:\Users\w1785\AppData\Local\Temp\ccWKwNQ7.s:451    .text.lv_draw_sw_letter:00000000 $t
C:\Users\w1785\AppData\Local\Temp\ccWKwNQ7.s:457    .text.lv_draw_sw_letter:00000000 lv_draw_sw_letter
C:\Users\w1785\AppData\Local\Temp\ccWKwNQ7.s:568    .text.lv_draw_sw_letter:00000074 $d
C:\Users\w1785\AppData\Local\Temp\ccWKwNQ7.s:573    .text.lv_draw_sw_label:00000000 $t
C:\Users\w1785\AppData\Local\Temp\ccWKwNQ7.s:579    .text.lv_draw_sw_label:00000000 lv_draw_sw_label
C:\Users\w1785\AppData\Local\Temp\ccWKwNQ7.s:614    .text.lv_draw_sw_label:00000014 $d

UNDEFINED SYMBOLS
lv_draw_border_dsc_init
lv_draw_sw_border
lv_font_get_glyph_bitmap
lv_draw_image_dsc_init
lv_draw_sw_image
lv_draw_sw_fill
lv_font_has_static_bitmap
lv_area_get_width
lv_draw_buf_width_to_stride
lv_memset
lv_draw_sw_blend
lv_font_get_glyph_static_bitmap
lv_draw_glyph_dsc_init
lv_draw_unit_draw_letter
lv_draw_buf_destroy
lv_draw_label_iterate_characters
