ARM GAS  C:\Users\w1785\AppData\Local\Temp\ccx7RtdL.s 			page 1


   1              		.cpu cortex-m4
   2              		.arch armv7e-m
   3              		.fpu fpv4-sp-d16
   4              		.eabi_attribute 27, 1
   5              		.eabi_attribute 28, 1
   6              		.eabi_attribute 20, 1
   7              		.eabi_attribute 21, 1
   8              		.eabi_attribute 23, 3
   9              		.eabi_attribute 24, 1
  10              		.eabi_attribute 25, 1
  11              		.eabi_attribute 26, 1
  12              		.eabi_attribute 30, 1
  13              		.eabi_attribute 34, 1
  14              		.eabi_attribute 18, 4
  15              		.file	"lv_draw_blur.c"
  16              		.text
  17              	.Ltext0:
  18              		.cfi_sections	.debug_frame
  19              		.file 1 "Middlewares/LVGL/lvgl/src/draw/lv_draw_blur.c"
  20              		.section	.text.lv_draw_blur_dsc_init,"ax",%progbits
  21              		.align	1
  22              		.global	lv_draw_blur_dsc_init
  23              		.syntax unified
  24              		.thumb
  25              		.thumb_func
  27              	lv_draw_blur_dsc_init:
  28              	.LVL0:
  29              	.LFB43:
   1:Middlewares/LVGL/lvgl/src/draw/lv_draw_blur.c **** /**
   2:Middlewares/LVGL/lvgl/src/draw/lv_draw_blur.c ****  * @file lv_draw_blur.c
   3:Middlewares/LVGL/lvgl/src/draw/lv_draw_blur.c ****  *
   4:Middlewares/LVGL/lvgl/src/draw/lv_draw_blur.c ****  */
   5:Middlewares/LVGL/lvgl/src/draw/lv_draw_blur.c **** 
   6:Middlewares/LVGL/lvgl/src/draw/lv_draw_blur.c **** /*********************
   7:Middlewares/LVGL/lvgl/src/draw/lv_draw_blur.c ****  *      INCLUDES
   8:Middlewares/LVGL/lvgl/src/draw/lv_draw_blur.c ****  *********************/
   9:Middlewares/LVGL/lvgl/src/draw/lv_draw_blur.c **** #include "lv_draw_private.h"
  10:Middlewares/LVGL/lvgl/src/draw/lv_draw_blur.c **** #include "lv_draw_blur.h"
  11:Middlewares/LVGL/lvgl/src/draw/lv_draw_blur.c **** #include "../misc/lv_types.h"
  12:Middlewares/LVGL/lvgl/src/draw/lv_draw_blur.c **** #include "../stdlib/lv_string.h"
  13:Middlewares/LVGL/lvgl/src/draw/lv_draw_blur.c **** 
  14:Middlewares/LVGL/lvgl/src/draw/lv_draw_blur.c **** /*********************
  15:Middlewares/LVGL/lvgl/src/draw/lv_draw_blur.c ****  *      DEFINES
  16:Middlewares/LVGL/lvgl/src/draw/lv_draw_blur.c ****  *********************/
  17:Middlewares/LVGL/lvgl/src/draw/lv_draw_blur.c **** 
  18:Middlewares/LVGL/lvgl/src/draw/lv_draw_blur.c **** /**********************
  19:Middlewares/LVGL/lvgl/src/draw/lv_draw_blur.c ****  *      TYPEDEFS
  20:Middlewares/LVGL/lvgl/src/draw/lv_draw_blur.c ****  **********************/
  21:Middlewares/LVGL/lvgl/src/draw/lv_draw_blur.c **** 
  22:Middlewares/LVGL/lvgl/src/draw/lv_draw_blur.c **** /**********************
  23:Middlewares/LVGL/lvgl/src/draw/lv_draw_blur.c ****  *  STATIC PROTOTYPES
  24:Middlewares/LVGL/lvgl/src/draw/lv_draw_blur.c ****  **********************/
  25:Middlewares/LVGL/lvgl/src/draw/lv_draw_blur.c **** 
  26:Middlewares/LVGL/lvgl/src/draw/lv_draw_blur.c **** /**********************
  27:Middlewares/LVGL/lvgl/src/draw/lv_draw_blur.c ****  *  STATIC VARIABLES
  28:Middlewares/LVGL/lvgl/src/draw/lv_draw_blur.c ****  **********************/
  29:Middlewares/LVGL/lvgl/src/draw/lv_draw_blur.c **** 
ARM GAS  C:\Users\w1785\AppData\Local\Temp\ccx7RtdL.s 			page 2


  30:Middlewares/LVGL/lvgl/src/draw/lv_draw_blur.c **** /**********************
  31:Middlewares/LVGL/lvgl/src/draw/lv_draw_blur.c ****  *      MACROS
  32:Middlewares/LVGL/lvgl/src/draw/lv_draw_blur.c ****  **********************/
  33:Middlewares/LVGL/lvgl/src/draw/lv_draw_blur.c **** 
  34:Middlewares/LVGL/lvgl/src/draw/lv_draw_blur.c **** /**********************
  35:Middlewares/LVGL/lvgl/src/draw/lv_draw_blur.c ****  *   GLOBAL FUNCTIONS
  36:Middlewares/LVGL/lvgl/src/draw/lv_draw_blur.c ****  **********************/
  37:Middlewares/LVGL/lvgl/src/draw/lv_draw_blur.c **** 
  38:Middlewares/LVGL/lvgl/src/draw/lv_draw_blur.c **** void LV_ATTRIBUTE_FAST_MEM lv_draw_blur_dsc_init(lv_draw_blur_dsc_t * dsc)
  39:Middlewares/LVGL/lvgl/src/draw/lv_draw_blur.c **** {
  30              		.loc 1 39 1 view -0
  31              		.cfi_startproc
  32              		@ args = 0, pretend = 0, frame = 0
  33              		@ frame_needed = 0, uses_anonymous_args = 0
  34              		.loc 1 39 1 is_stmt 0 view .LVU1
  35 0000 10B5     		push	{r4, lr}
  36              	.LCFI0:
  37              		.cfi_def_cfa_offset 8
  38              		.cfi_offset 4, -8
  39              		.cfi_offset 14, -4
  40 0002 0446     		mov	r4, r0
  40:Middlewares/LVGL/lvgl/src/draw/lv_draw_blur.c ****     lv_memzero(dsc, sizeof(lv_draw_blur_dsc_t));
  41              		.loc 1 40 5 is_stmt 1 view .LVU2
  42              	.LVL1:
  43              	.LBB4:
  44              	.LBI4:
  45              		.file 2 "Middlewares/LVGL/lvgl/src/draw/../misc/../font/../draw/../misc/../stdlib/lv_string.h"
   1:Middlewares/LVGL/lvgl/src/draw/../misc/../font/../draw/../misc/../stdlib/lv_string.h **** /**
   2:Middlewares/LVGL/lvgl/src/draw/../misc/../font/../draw/../misc/../stdlib/lv_string.h ****  * @file lv_string.h
   3:Middlewares/LVGL/lvgl/src/draw/../misc/../font/../draw/../misc/../stdlib/lv_string.h ****  *
   4:Middlewares/LVGL/lvgl/src/draw/../misc/../font/../draw/../misc/../stdlib/lv_string.h ****  */
   5:Middlewares/LVGL/lvgl/src/draw/../misc/../font/../draw/../misc/../stdlib/lv_string.h **** 
   6:Middlewares/LVGL/lvgl/src/draw/../misc/../font/../draw/../misc/../stdlib/lv_string.h **** #ifndef LV_STRING_H
   7:Middlewares/LVGL/lvgl/src/draw/../misc/../font/../draw/../misc/../stdlib/lv_string.h **** #define LV_STRING_H
   8:Middlewares/LVGL/lvgl/src/draw/../misc/../font/../draw/../misc/../stdlib/lv_string.h **** 
   9:Middlewares/LVGL/lvgl/src/draw/../misc/../font/../draw/../misc/../stdlib/lv_string.h **** #ifdef __cplusplus
  10:Middlewares/LVGL/lvgl/src/draw/../misc/../font/../draw/../misc/../stdlib/lv_string.h **** extern "C" {
  11:Middlewares/LVGL/lvgl/src/draw/../misc/../font/../draw/../misc/../stdlib/lv_string.h **** #endif
  12:Middlewares/LVGL/lvgl/src/draw/../misc/../font/../draw/../misc/../stdlib/lv_string.h **** 
  13:Middlewares/LVGL/lvgl/src/draw/../misc/../font/../draw/../misc/../stdlib/lv_string.h **** /*********************
  14:Middlewares/LVGL/lvgl/src/draw/../misc/../font/../draw/../misc/../stdlib/lv_string.h ****  *      INCLUDES
  15:Middlewares/LVGL/lvgl/src/draw/../misc/../font/../draw/../misc/../stdlib/lv_string.h ****  *********************/
  16:Middlewares/LVGL/lvgl/src/draw/../misc/../font/../draw/../misc/../stdlib/lv_string.h **** #include "../lv_conf_internal.h"
  17:Middlewares/LVGL/lvgl/src/draw/../misc/../font/../draw/../misc/../stdlib/lv_string.h **** #include "../misc/lv_types.h"
  18:Middlewares/LVGL/lvgl/src/draw/../misc/../font/../draw/../misc/../stdlib/lv_string.h **** 
  19:Middlewares/LVGL/lvgl/src/draw/../misc/../font/../draw/../misc/../stdlib/lv_string.h **** /*********************
  20:Middlewares/LVGL/lvgl/src/draw/../misc/../font/../draw/../misc/../stdlib/lv_string.h ****  *      DEFINES
  21:Middlewares/LVGL/lvgl/src/draw/../misc/../font/../draw/../misc/../stdlib/lv_string.h ****  *********************/
  22:Middlewares/LVGL/lvgl/src/draw/../misc/../font/../draw/../misc/../stdlib/lv_string.h **** 
  23:Middlewares/LVGL/lvgl/src/draw/../misc/../font/../draw/../misc/../stdlib/lv_string.h **** /**********************
  24:Middlewares/LVGL/lvgl/src/draw/../misc/../font/../draw/../misc/../stdlib/lv_string.h ****  *      TYPEDEFS
  25:Middlewares/LVGL/lvgl/src/draw/../misc/../font/../draw/../misc/../stdlib/lv_string.h ****  **********************/
  26:Middlewares/LVGL/lvgl/src/draw/../misc/../font/../draw/../misc/../stdlib/lv_string.h **** 
  27:Middlewares/LVGL/lvgl/src/draw/../misc/../font/../draw/../misc/../stdlib/lv_string.h **** /**********************
  28:Middlewares/LVGL/lvgl/src/draw/../misc/../font/../draw/../misc/../stdlib/lv_string.h ****  * GLOBAL PROTOTYPES
  29:Middlewares/LVGL/lvgl/src/draw/../misc/../font/../draw/../misc/../stdlib/lv_string.h ****  **********************/
  30:Middlewares/LVGL/lvgl/src/draw/../misc/../font/../draw/../misc/../stdlib/lv_string.h **** 
ARM GAS  C:\Users\w1785\AppData\Local\Temp\ccx7RtdL.s 			page 3


  31:Middlewares/LVGL/lvgl/src/draw/../misc/../font/../draw/../misc/../stdlib/lv_string.h **** /**
  32:Middlewares/LVGL/lvgl/src/draw/../misc/../font/../draw/../misc/../stdlib/lv_string.h ****  * @brief Copies a block of memory from a source address to a destination address.
  33:Middlewares/LVGL/lvgl/src/draw/../misc/../font/../draw/../misc/../stdlib/lv_string.h ****  * @param dst Pointer to the destination array where the content is to be copied.
  34:Middlewares/LVGL/lvgl/src/draw/../misc/../font/../draw/../misc/../stdlib/lv_string.h ****  * @param src Pointer to the source of data to be copied.
  35:Middlewares/LVGL/lvgl/src/draw/../misc/../font/../draw/../misc/../stdlib/lv_string.h ****  * @param len Number of bytes to copy.
  36:Middlewares/LVGL/lvgl/src/draw/../misc/../font/../draw/../misc/../stdlib/lv_string.h ****  * @return Pointer to the destination array.
  37:Middlewares/LVGL/lvgl/src/draw/../misc/../font/../draw/../misc/../stdlib/lv_string.h ****  * @note The function does not check for any overlapping of the source and destination memory block
  38:Middlewares/LVGL/lvgl/src/draw/../misc/../font/../draw/../misc/../stdlib/lv_string.h ****  */
  39:Middlewares/LVGL/lvgl/src/draw/../misc/../font/../draw/../misc/../stdlib/lv_string.h **** void * lv_memcpy(void * dst, const void * src, size_t len);
  40:Middlewares/LVGL/lvgl/src/draw/../misc/../font/../draw/../misc/../stdlib/lv_string.h **** 
  41:Middlewares/LVGL/lvgl/src/draw/../misc/../font/../draw/../misc/../stdlib/lv_string.h **** /**
  42:Middlewares/LVGL/lvgl/src/draw/../misc/../font/../draw/../misc/../stdlib/lv_string.h ****  * @brief Fills a block of memory with a specified value.
  43:Middlewares/LVGL/lvgl/src/draw/../misc/../font/../draw/../misc/../stdlib/lv_string.h ****  * @param dst Pointer to the destination array to fill with the specified value.
  44:Middlewares/LVGL/lvgl/src/draw/../misc/../font/../draw/../misc/../stdlib/lv_string.h ****  * @param v Value to be set. The value is passed as an int, but the function fills
  45:Middlewares/LVGL/lvgl/src/draw/../misc/../font/../draw/../misc/../stdlib/lv_string.h ****  *          the block of memory using the unsigned char conversion of this value.
  46:Middlewares/LVGL/lvgl/src/draw/../misc/../font/../draw/../misc/../stdlib/lv_string.h ****  * @param len Number of bytes to be set to the value.
  47:Middlewares/LVGL/lvgl/src/draw/../misc/../font/../draw/../misc/../stdlib/lv_string.h ****  */
  48:Middlewares/LVGL/lvgl/src/draw/../misc/../font/../draw/../misc/../stdlib/lv_string.h **** void lv_memset(void * dst, uint8_t v, size_t len);
  49:Middlewares/LVGL/lvgl/src/draw/../misc/../font/../draw/../misc/../stdlib/lv_string.h **** 
  50:Middlewares/LVGL/lvgl/src/draw/../misc/../font/../draw/../misc/../stdlib/lv_string.h **** /**
  51:Middlewares/LVGL/lvgl/src/draw/../misc/../font/../draw/../misc/../stdlib/lv_string.h ****  * @brief Move a block of memory from source to destination
  52:Middlewares/LVGL/lvgl/src/draw/../misc/../font/../draw/../misc/../stdlib/lv_string.h ****  * @param dst Pointer to the destination array where the content is to be copied.
  53:Middlewares/LVGL/lvgl/src/draw/../misc/../font/../draw/../misc/../stdlib/lv_string.h ****  * @param src Pointer to the source of data to be copied.
  54:Middlewares/LVGL/lvgl/src/draw/../misc/../font/../draw/../misc/../stdlib/lv_string.h ****  * @param len Number of bytes to copy
  55:Middlewares/LVGL/lvgl/src/draw/../misc/../font/../draw/../misc/../stdlib/lv_string.h ****  * @return Pointer to the destination array.
  56:Middlewares/LVGL/lvgl/src/draw/../misc/../font/../draw/../misc/../stdlib/lv_string.h ****  */
  57:Middlewares/LVGL/lvgl/src/draw/../misc/../font/../draw/../misc/../stdlib/lv_string.h **** void * lv_memmove(void * dst, const void * src, size_t len);
  58:Middlewares/LVGL/lvgl/src/draw/../misc/../font/../draw/../misc/../stdlib/lv_string.h **** 
  59:Middlewares/LVGL/lvgl/src/draw/../misc/../font/../draw/../misc/../stdlib/lv_string.h **** /**
  60:Middlewares/LVGL/lvgl/src/draw/../misc/../font/../draw/../misc/../stdlib/lv_string.h ****  * @brief This function will compare two memory blocks
  61:Middlewares/LVGL/lvgl/src/draw/../misc/../font/../draw/../misc/../stdlib/lv_string.h ****  * @param p1 Pointer to the first memory block
  62:Middlewares/LVGL/lvgl/src/draw/../misc/../font/../draw/../misc/../stdlib/lv_string.h ****  * @param p2 Pointer to the second memory block
  63:Middlewares/LVGL/lvgl/src/draw/../misc/../font/../draw/../misc/../stdlib/lv_string.h ****  * @param len Number of bytes to compare
  64:Middlewares/LVGL/lvgl/src/draw/../misc/../font/../draw/../misc/../stdlib/lv_string.h ****  * @return The difference between the value of the first unmatching byte.
  65:Middlewares/LVGL/lvgl/src/draw/../misc/../font/../draw/../misc/../stdlib/lv_string.h ****  */
  66:Middlewares/LVGL/lvgl/src/draw/../misc/../font/../draw/../misc/../stdlib/lv_string.h **** int lv_memcmp(const void * p1, const void * p2, size_t len);
  67:Middlewares/LVGL/lvgl/src/draw/../misc/../font/../draw/../misc/../stdlib/lv_string.h **** 
  68:Middlewares/LVGL/lvgl/src/draw/../misc/../font/../draw/../misc/../stdlib/lv_string.h **** /**
  69:Middlewares/LVGL/lvgl/src/draw/../misc/../font/../draw/../misc/../stdlib/lv_string.h ****  * Same as `memset(dst, 0x00, len)`.
  70:Middlewares/LVGL/lvgl/src/draw/../misc/../font/../draw/../misc/../stdlib/lv_string.h ****  * @param dst pointer to the destination buffer
  71:Middlewares/LVGL/lvgl/src/draw/../misc/../font/../draw/../misc/../stdlib/lv_string.h ****  * @param len number of byte to set
  72:Middlewares/LVGL/lvgl/src/draw/../misc/../font/../draw/../misc/../stdlib/lv_string.h ****  */
  73:Middlewares/LVGL/lvgl/src/draw/../misc/../font/../draw/../misc/../stdlib/lv_string.h **** static inline void lv_memzero(void * dst, size_t len)
  46              		.loc 2 73 20 view .LVU3
  47              	.LBB5:
  74:Middlewares/LVGL/lvgl/src/draw/../misc/../font/../draw/../misc/../stdlib/lv_string.h **** {
  75:Middlewares/LVGL/lvgl/src/draw/../misc/../font/../draw/../misc/../stdlib/lv_string.h ****     lv_memset(dst, 0x00, len);
  48              		.loc 2 75 5 view .LVU4
  49 0004 3422     		movs	r2, #52
  50 0006 0021     		movs	r1, #0
  51 0008 FFF7FEFF 		bl	lv_memset
  52              	.LVL2:
  53              		.loc 2 75 5 is_stmt 0 view .LVU5
  54              	.LBE5:
  55              	.LBE4:
  41:Middlewares/LVGL/lvgl/src/draw/lv_draw_blur.c ****     dsc->base.dsc_size = sizeof(lv_draw_blur_dsc_t);
  56              		.loc 1 41 5 is_stmt 1 view .LVU6
ARM GAS  C:\Users\w1785\AppData\Local\Temp\ccx7RtdL.s 			page 4


  57              		.loc 1 41 24 is_stmt 0 view .LVU7
  58 000c 3423     		movs	r3, #52
  59 000e 2362     		str	r3, [r4, #32]
  42:Middlewares/LVGL/lvgl/src/draw/lv_draw_blur.c **** }
  60              		.loc 1 42 1 view .LVU8
  61 0010 10BD     		pop	{r4, pc}
  62              		.loc 1 42 1 view .LVU9
  63              		.cfi_endproc
  64              	.LFE43:
  66              		.section	.text.lv_draw_task_get_blur_dsc,"ax",%progbits
  67              		.align	1
  68              		.global	lv_draw_task_get_blur_dsc
  69              		.syntax unified
  70              		.thumb
  71              		.thumb_func
  73              	lv_draw_task_get_blur_dsc:
  74              	.LVL3:
  75              	.LFB44:
  43:Middlewares/LVGL/lvgl/src/draw/lv_draw_blur.c **** 
  44:Middlewares/LVGL/lvgl/src/draw/lv_draw_blur.c **** lv_draw_blur_dsc_t * lv_draw_task_get_blur_dsc(lv_draw_task_t * task)
  45:Middlewares/LVGL/lvgl/src/draw/lv_draw_blur.c **** {
  76              		.loc 1 45 1 is_stmt 1 view -0
  77              		.cfi_startproc
  78              		@ args = 0, pretend = 0, frame = 0
  79              		@ frame_needed = 0, uses_anonymous_args = 0
  80              		@ link register save eliminated.
  46:Middlewares/LVGL/lvgl/src/draw/lv_draw_blur.c ****     return task->type == LV_DRAW_TASK_TYPE_BLUR ? (lv_draw_blur_dsc_t *)task->draw_dsc : NULL;
  81              		.loc 1 46 5 view .LVU11
  82              		.loc 1 46 16 is_stmt 0 view .LVU12
  83 0000 0379     		ldrb	r3, [r0, #4]	@ zero_extendqisi2
  84              		.loc 1 46 88 view .LVU13
  85 0002 0D2B     		cmp	r3, #13
  86 0004 01D1     		bne	.L5
  87              		.loc 1 46 88 discriminator 1 view .LVU14
  88 0006 406D     		ldr	r0, [r0, #84]
  89              	.LVL4:
  90              		.loc 1 46 88 discriminator 1 view .LVU15
  91 0008 7047     		bx	lr
  92              	.LVL5:
  93              	.L5:
  94              		.loc 1 46 88 discriminator 2 view .LVU16
  95 000a 0020     		movs	r0, #0
  96              	.LVL6:
  47:Middlewares/LVGL/lvgl/src/draw/lv_draw_blur.c **** }
  97              		.loc 1 47 1 view .LVU17
  98 000c 7047     		bx	lr
  99              		.cfi_endproc
 100              	.LFE44:
 102              		.section	.text.lv_draw_blur,"ax",%progbits
 103              		.align	1
 104              		.global	lv_draw_blur
 105              		.syntax unified
 106              		.thumb
 107              		.thumb_func
 109              	lv_draw_blur:
 110              	.LVL7:
 111              	.LFB45:
ARM GAS  C:\Users\w1785\AppData\Local\Temp\ccx7RtdL.s 			page 5


  48:Middlewares/LVGL/lvgl/src/draw/lv_draw_blur.c **** 
  49:Middlewares/LVGL/lvgl/src/draw/lv_draw_blur.c **** void LV_ATTRIBUTE_FAST_MEM lv_draw_blur(lv_layer_t * layer, const lv_draw_blur_dsc_t * dsc, const l
  50:Middlewares/LVGL/lvgl/src/draw/lv_draw_blur.c **** {
 112              		.loc 1 50 1 is_stmt 1 view -0
 113              		.cfi_startproc
 114              		@ args = 0, pretend = 0, frame = 0
 115              		@ frame_needed = 0, uses_anonymous_args = 0
 116              		.loc 1 50 1 is_stmt 0 view .LVU19
 117 0000 70B5     		push	{r4, r5, r6, lr}
 118              	.LCFI1:
 119              		.cfi_def_cfa_offset 16
 120              		.cfi_offset 4, -16
 121              		.cfi_offset 5, -12
 122              		.cfi_offset 6, -8
 123              		.cfi_offset 14, -4
 124 0002 0C46     		mov	r4, r1
  51:Middlewares/LVGL/lvgl/src/draw/lv_draw_blur.c ****     if(dsc->blur_radius <= 0) return;
 125              		.loc 1 51 5 is_stmt 1 view .LVU20
 126              		.loc 1 51 11 is_stmt 0 view .LVU21
 127 0004 8B6A     		ldr	r3, [r1, #40]
 128              		.loc 1 51 7 view .LVU22
 129 0006 002B     		cmp	r3, #0
 130 0008 0EDD     		ble	.L6
 131 000a 0546     		mov	r5, r0
 132 000c 1146     		mov	r1, r2
 133              	.LVL8:
  52:Middlewares/LVGL/lvgl/src/draw/lv_draw_blur.c **** 
  53:Middlewares/LVGL/lvgl/src/draw/lv_draw_blur.c ****     LV_PROFILER_DRAW_BEGIN;
 134              		.loc 1 53 27 is_stmt 1 view .LVU23
  54:Middlewares/LVGL/lvgl/src/draw/lv_draw_blur.c **** 
  55:Middlewares/LVGL/lvgl/src/draw/lv_draw_blur.c ****     lv_draw_task_t * t = lv_draw_add_task(layer, coords, LV_DRAW_TASK_TYPE_BLUR);
 135              		.loc 1 55 5 view .LVU24
 136              		.loc 1 55 26 is_stmt 0 view .LVU25
 137 000e 0D22     		movs	r2, #13
 138              	.LVL9:
 139              		.loc 1 55 26 view .LVU26
 140 0010 FFF7FEFF 		bl	lv_draw_add_task
 141              	.LVL10:
 142              		.loc 1 55 26 view .LVU27
 143 0014 0646     		mov	r6, r0
 144              	.LVL11:
  56:Middlewares/LVGL/lvgl/src/draw/lv_draw_blur.c **** 
  57:Middlewares/LVGL/lvgl/src/draw/lv_draw_blur.c ****     lv_memcpy(t->draw_dsc, dsc, sizeof(*dsc));
 145              		.loc 1 57 5 is_stmt 1 view .LVU28
 146 0016 3422     		movs	r2, #52
 147 0018 2146     		mov	r1, r4
 148 001a 406D     		ldr	r0, [r0, #84]
 149              	.LVL12:
 150              		.loc 1 57 5 is_stmt 0 view .LVU29
 151 001c FFF7FEFF 		bl	lv_memcpy
 152              	.LVL13:
  58:Middlewares/LVGL/lvgl/src/draw/lv_draw_blur.c **** 
  59:Middlewares/LVGL/lvgl/src/draw/lv_draw_blur.c ****     lv_draw_finalize_task_creation(layer, t);
 153              		.loc 1 59 5 is_stmt 1 view .LVU30
 154 0020 3146     		mov	r1, r6
 155 0022 2846     		mov	r0, r5
 156 0024 FFF7FEFF 		bl	lv_draw_finalize_task_creation
ARM GAS  C:\Users\w1785\AppData\Local\Temp\ccx7RtdL.s 			page 6


 157              	.LVL14:
  60:Middlewares/LVGL/lvgl/src/draw/lv_draw_blur.c ****     LV_PROFILER_DRAW_END;
 158              		.loc 1 60 25 view .LVU31
 159              	.L6:
  61:Middlewares/LVGL/lvgl/src/draw/lv_draw_blur.c **** }
 160              		.loc 1 61 1 is_stmt 0 view .LVU32
 161 0028 70BD     		pop	{r4, r5, r6, pc}
 162              		.loc 1 61 1 view .LVU33
 163              		.cfi_endproc
 164              	.LFE45:
 166              		.text
 167              	.Letext0:
 168              		.file 3 "D:\\STM32CubeIDE\\STM32CubeIDE_2.1.1\\STM32CubeIDE\\plugins\\com.st.stm32cube.ide.mcu.ext
 169              		.file 4 "D:\\STM32CubeIDE\\STM32CubeIDE_2.1.1\\STM32CubeIDE\\plugins\\com.st.stm32cube.ide.mcu.ext
 170              		.file 5 "D:\\STM32CubeIDE\\STM32CubeIDE_2.1.1\\STM32CubeIDE\\plugins\\com.st.stm32cube.ide.mcu.ext
 171              		.file 6 "Middlewares/LVGL/lvgl/src/draw/../misc/lv_types.h"
 172              		.file 7 "Middlewares/LVGL/lvgl/src/draw/lv_draw.h"
 173              		.file 8 "Middlewares/LVGL/lvgl/src/draw/lv_draw_private.h"
 174              		.file 9 "Middlewares/LVGL/lvgl/src/draw/../misc/../font/../draw/lv_draw_buf.h"
 175              		.file 10 "Middlewares/LVGL/lvgl/src/draw/../misc/../font/../draw/../misc/lv_area.h"
 176              		.file 11 "Middlewares/LVGL/lvgl/src/draw/../misc/../font/../draw/../misc/lv_color.h"
 177              		.file 12 "Middlewares/LVGL/lvgl/src/draw/../misc/../font/../draw/lv_image_dsc.h"
 178              		.file 13 "Middlewares/LVGL/lvgl/src/draw/../misc/lv_style.h"
 179              		.file 14 "Middlewares/LVGL/lvgl/src/draw/lv_draw_blur.h"
ARM GAS  C:\Users\w1785\AppData\Local\Temp\ccx7RtdL.s 			page 7


DEFINED SYMBOLS
                            *ABS*:00000000 lv_draw_blur.c
C:\Users\w1785\AppData\Local\Temp\ccx7RtdL.s:21     .text.lv_draw_blur_dsc_init:00000000 $t
C:\Users\w1785\AppData\Local\Temp\ccx7RtdL.s:27     .text.lv_draw_blur_dsc_init:00000000 lv_draw_blur_dsc_init
C:\Users\w1785\AppData\Local\Temp\ccx7RtdL.s:67     .text.lv_draw_task_get_blur_dsc:00000000 $t
C:\Users\w1785\AppData\Local\Temp\ccx7RtdL.s:73     .text.lv_draw_task_get_blur_dsc:00000000 lv_draw_task_get_blur_dsc
C:\Users\w1785\AppData\Local\Temp\ccx7RtdL.s:103    .text.lv_draw_blur:00000000 $t
C:\Users\w1785\AppData\Local\Temp\ccx7RtdL.s:109    .text.lv_draw_blur:00000000 lv_draw_blur

UNDEFINED SYMBOLS
lv_memset
lv_draw_add_task
lv_memcpy
lv_draw_finalize_task_creation
