ARM GAS  C:\Users\w1785\AppData\Local\Temp\ccNIPKPT.s 			page 1


   1              		.cpu cortex-m4
   2              		.arch armv7e-m
   3              		.fpu fpv4-sp-d16
   4              		.eabi_attribute 27, 1
   5              		.eabi_attribute 28, 1
   6              		.eabi_attribute 20, 1
   7              		.eabi_attribute 21, 1
   8              		.eabi_attribute 23, 3
   9              		.eabi_attribute 24, 1
  10              		.eabi_attribute 25, 1
  11              		.eabi_attribute 26, 1
  12              		.eabi_attribute 30, 1
  13              		.eabi_attribute 34, 1
  14              		.eabi_attribute 18, 4
  15              		.file	"lv_draw_sw_grad.c"
  16              		.text
  17              	.Ltext0:
  18              		.cfi_sections	.debug_frame
  19              		.file 1 "Middlewares/LVGL/lvgl/src/draw/sw/lv_draw_sw_grad.c"
  20              		.section	.text.allocate_item,"ax",%progbits
  21              		.align	1
  22              		.syntax unified
  23              		.thumb
  24              		.thumb_func
  26              	allocate_item:
  27              	.LVL0:
  28              	.LFB36:
   1:Middlewares/LVGL/lvgl/src/draw/sw/lv_draw_sw_grad.c **** /**
   2:Middlewares/LVGL/lvgl/src/draw/sw/lv_draw_sw_grad.c ****  * @file lv_draw_sw_grad.c
   3:Middlewares/LVGL/lvgl/src/draw/sw/lv_draw_sw_grad.c ****  *
   4:Middlewares/LVGL/lvgl/src/draw/sw/lv_draw_sw_grad.c ****  */
   5:Middlewares/LVGL/lvgl/src/draw/sw/lv_draw_sw_grad.c **** 
   6:Middlewares/LVGL/lvgl/src/draw/sw/lv_draw_sw_grad.c **** /*********************
   7:Middlewares/LVGL/lvgl/src/draw/sw/lv_draw_sw_grad.c ****  *      INCLUDES
   8:Middlewares/LVGL/lvgl/src/draw/sw/lv_draw_sw_grad.c ****  *********************/
   9:Middlewares/LVGL/lvgl/src/draw/sw/lv_draw_sw_grad.c **** #include "lv_draw_sw_grad.h"
  10:Middlewares/LVGL/lvgl/src/draw/sw/lv_draw_sw_grad.c **** #if LV_USE_DRAW_SW
  11:Middlewares/LVGL/lvgl/src/draw/sw/lv_draw_sw_grad.c **** 
  12:Middlewares/LVGL/lvgl/src/draw/sw/lv_draw_sw_grad.c **** #include "../../misc/lv_types.h"
  13:Middlewares/LVGL/lvgl/src/draw/sw/lv_draw_sw_grad.c **** #include "../../osal/lv_os_private.h"
  14:Middlewares/LVGL/lvgl/src/draw/sw/lv_draw_sw_grad.c **** #include "../../misc/lv_math.h"
  15:Middlewares/LVGL/lvgl/src/draw/sw/lv_draw_sw_grad.c **** 
  16:Middlewares/LVGL/lvgl/src/draw/sw/lv_draw_sw_grad.c **** /*********************
  17:Middlewares/LVGL/lvgl/src/draw/sw/lv_draw_sw_grad.c ****  *      DEFINES
  18:Middlewares/LVGL/lvgl/src/draw/sw/lv_draw_sw_grad.c ****  *********************/
  19:Middlewares/LVGL/lvgl/src/draw/sw/lv_draw_sw_grad.c **** #define GRAD_CM(r,g,b) lv_color_make(r,g,b)
  20:Middlewares/LVGL/lvgl/src/draw/sw/lv_draw_sw_grad.c **** #define GRAD_CONV(t, x) t = x
  21:Middlewares/LVGL/lvgl/src/draw/sw/lv_draw_sw_grad.c **** 
  22:Middlewares/LVGL/lvgl/src/draw/sw/lv_draw_sw_grad.c **** #undef ALIGN
  23:Middlewares/LVGL/lvgl/src/draw/sw/lv_draw_sw_grad.c **** #if defined(LV_ARCH_64)
  24:Middlewares/LVGL/lvgl/src/draw/sw/lv_draw_sw_grad.c ****     #define ALIGN(X)    (((X) + 7) & ~7)
  25:Middlewares/LVGL/lvgl/src/draw/sw/lv_draw_sw_grad.c **** #else
  26:Middlewares/LVGL/lvgl/src/draw/sw/lv_draw_sw_grad.c ****     #define ALIGN(X)    (((X) + 3) & ~3)
  27:Middlewares/LVGL/lvgl/src/draw/sw/lv_draw_sw_grad.c **** #endif
  28:Middlewares/LVGL/lvgl/src/draw/sw/lv_draw_sw_grad.c **** 
  29:Middlewares/LVGL/lvgl/src/draw/sw/lv_draw_sw_grad.c **** /**********************
  30:Middlewares/LVGL/lvgl/src/draw/sw/lv_draw_sw_grad.c ****  *      TYPEDEFS
ARM GAS  C:\Users\w1785\AppData\Local\Temp\ccNIPKPT.s 			page 2


  31:Middlewares/LVGL/lvgl/src/draw/sw/lv_draw_sw_grad.c ****  **********************/
  32:Middlewares/LVGL/lvgl/src/draw/sw/lv_draw_sw_grad.c **** 
  33:Middlewares/LVGL/lvgl/src/draw/sw/lv_draw_sw_grad.c **** #if LV_USE_DRAW_SW_COMPLEX_GRADIENTS
  34:Middlewares/LVGL/lvgl/src/draw/sw/lv_draw_sw_grad.c **** 
  35:Middlewares/LVGL/lvgl/src/draw/sw/lv_draw_sw_grad.c **** typedef struct {
  36:Middlewares/LVGL/lvgl/src/draw/sw/lv_draw_sw_grad.c ****     /* w = (-b(xp, yp) + sqrt(sqr(b(xp, yp)) - 4 * a * c(xp, yp))) / (2 * a) */
  37:Middlewares/LVGL/lvgl/src/draw/sw/lv_draw_sw_grad.c ****     int32_t x0;         /* center of the start circle */
  38:Middlewares/LVGL/lvgl/src/draw/sw/lv_draw_sw_grad.c ****     int32_t y0;         /* center of the start circle */
  39:Middlewares/LVGL/lvgl/src/draw/sw/lv_draw_sw_grad.c ****     int32_t r0;         /* radius of the start circle */
  40:Middlewares/LVGL/lvgl/src/draw/sw/lv_draw_sw_grad.c ****     int32_t inv_dr;     /* 1 / (r1 - r0) */
  41:Middlewares/LVGL/lvgl/src/draw/sw/lv_draw_sw_grad.c ****     int32_t a4;         /* 4 * a */
  42:Middlewares/LVGL/lvgl/src/draw/sw/lv_draw_sw_grad.c ****     int32_t inv_a4;     /* 1 / (4 * a) */
  43:Middlewares/LVGL/lvgl/src/draw/sw/lv_draw_sw_grad.c ****     int32_t dx;
  44:Middlewares/LVGL/lvgl/src/draw/sw/lv_draw_sw_grad.c ****     /* b(xp, yp) = xp * bpx + yp * bpy + bc */
  45:Middlewares/LVGL/lvgl/src/draw/sw/lv_draw_sw_grad.c ****     int32_t bpx;
  46:Middlewares/LVGL/lvgl/src/draw/sw/lv_draw_sw_grad.c ****     int32_t bpy;
  47:Middlewares/LVGL/lvgl/src/draw/sw/lv_draw_sw_grad.c ****     int32_t bc;
  48:Middlewares/LVGL/lvgl/src/draw/sw/lv_draw_sw_grad.c ****     lv_area_t clip_area;
  49:Middlewares/LVGL/lvgl/src/draw/sw/lv_draw_sw_grad.c ****     lv_draw_sw_grad_calc_t * cgrad;  /*256 element cache buffer containing the gradient color map*/
  50:Middlewares/LVGL/lvgl/src/draw/sw/lv_draw_sw_grad.c **** } lv_grad_radial_state_t;
  51:Middlewares/LVGL/lvgl/src/draw/sw/lv_draw_sw_grad.c **** 
  52:Middlewares/LVGL/lvgl/src/draw/sw/lv_draw_sw_grad.c **** typedef struct {
  53:Middlewares/LVGL/lvgl/src/draw/sw/lv_draw_sw_grad.c ****     /* w = a * xp + b * yp + c */
  54:Middlewares/LVGL/lvgl/src/draw/sw/lv_draw_sw_grad.c ****     int32_t a;
  55:Middlewares/LVGL/lvgl/src/draw/sw/lv_draw_sw_grad.c ****     int32_t b;
  56:Middlewares/LVGL/lvgl/src/draw/sw/lv_draw_sw_grad.c ****     int32_t c;
  57:Middlewares/LVGL/lvgl/src/draw/sw/lv_draw_sw_grad.c ****     lv_draw_sw_grad_calc_t * cgrad; /*256 element cache buffer containing the gradient color map*/
  58:Middlewares/LVGL/lvgl/src/draw/sw/lv_draw_sw_grad.c **** } lv_grad_linear_state_t;
  59:Middlewares/LVGL/lvgl/src/draw/sw/lv_draw_sw_grad.c **** 
  60:Middlewares/LVGL/lvgl/src/draw/sw/lv_draw_sw_grad.c **** typedef struct {
  61:Middlewares/LVGL/lvgl/src/draw/sw/lv_draw_sw_grad.c ****     /* w = a * xp + b * yp + c */
  62:Middlewares/LVGL/lvgl/src/draw/sw/lv_draw_sw_grad.c ****     int32_t x0;
  63:Middlewares/LVGL/lvgl/src/draw/sw/lv_draw_sw_grad.c ****     int32_t y0;
  64:Middlewares/LVGL/lvgl/src/draw/sw/lv_draw_sw_grad.c ****     int32_t a;
  65:Middlewares/LVGL/lvgl/src/draw/sw/lv_draw_sw_grad.c ****     int32_t da;
  66:Middlewares/LVGL/lvgl/src/draw/sw/lv_draw_sw_grad.c ****     int32_t inv_da;
  67:Middlewares/LVGL/lvgl/src/draw/sw/lv_draw_sw_grad.c ****     lv_draw_sw_grad_calc_t * cgrad; /*256 element cache buffer containing the gradient color map*/
  68:Middlewares/LVGL/lvgl/src/draw/sw/lv_draw_sw_grad.c **** } lv_grad_conical_state_t;
  69:Middlewares/LVGL/lvgl/src/draw/sw/lv_draw_sw_grad.c **** 
  70:Middlewares/LVGL/lvgl/src/draw/sw/lv_draw_sw_grad.c **** #endif
  71:Middlewares/LVGL/lvgl/src/draw/sw/lv_draw_sw_grad.c **** 
  72:Middlewares/LVGL/lvgl/src/draw/sw/lv_draw_sw_grad.c **** /**********************
  73:Middlewares/LVGL/lvgl/src/draw/sw/lv_draw_sw_grad.c ****  *  STATIC PROTOTYPES
  74:Middlewares/LVGL/lvgl/src/draw/sw/lv_draw_sw_grad.c ****  **********************/
  75:Middlewares/LVGL/lvgl/src/draw/sw/lv_draw_sw_grad.c **** typedef lv_result_t (*op_cache_t)(lv_draw_sw_grad_calc_t * c, void * ctx);
  76:Middlewares/LVGL/lvgl/src/draw/sw/lv_draw_sw_grad.c **** static lv_draw_sw_grad_calc_t * allocate_item(const lv_grad_dsc_t * g, int32_t w, int32_t h);
  77:Middlewares/LVGL/lvgl/src/draw/sw/lv_draw_sw_grad.c **** 
  78:Middlewares/LVGL/lvgl/src/draw/sw/lv_draw_sw_grad.c **** #if LV_USE_DRAW_SW_COMPLEX_GRADIENTS
  79:Middlewares/LVGL/lvgl/src/draw/sw/lv_draw_sw_grad.c **** 
  80:Middlewares/LVGL/lvgl/src/draw/sw/lv_draw_sw_grad.c ****     static inline int32_t extend_w(int32_t w, lv_grad_extend_t extend);
  81:Middlewares/LVGL/lvgl/src/draw/sw/lv_draw_sw_grad.c **** 
  82:Middlewares/LVGL/lvgl/src/draw/sw/lv_draw_sw_grad.c **** #endif
  83:Middlewares/LVGL/lvgl/src/draw/sw/lv_draw_sw_grad.c **** 
  84:Middlewares/LVGL/lvgl/src/draw/sw/lv_draw_sw_grad.c **** /**********************
  85:Middlewares/LVGL/lvgl/src/draw/sw/lv_draw_sw_grad.c ****  *   STATIC VARIABLE
  86:Middlewares/LVGL/lvgl/src/draw/sw/lv_draw_sw_grad.c ****  **********************/
  87:Middlewares/LVGL/lvgl/src/draw/sw/lv_draw_sw_grad.c **** 
ARM GAS  C:\Users\w1785\AppData\Local\Temp\ccNIPKPT.s 			page 3


  88:Middlewares/LVGL/lvgl/src/draw/sw/lv_draw_sw_grad.c **** /**********************
  89:Middlewares/LVGL/lvgl/src/draw/sw/lv_draw_sw_grad.c ****  *   STATIC FUNCTIONS
  90:Middlewares/LVGL/lvgl/src/draw/sw/lv_draw_sw_grad.c ****  **********************/
  91:Middlewares/LVGL/lvgl/src/draw/sw/lv_draw_sw_grad.c **** 
  92:Middlewares/LVGL/lvgl/src/draw/sw/lv_draw_sw_grad.c **** static lv_draw_sw_grad_calc_t * allocate_item(const lv_grad_dsc_t * g, int32_t w, int32_t h)
  93:Middlewares/LVGL/lvgl/src/draw/sw/lv_draw_sw_grad.c **** {
  29              		.loc 1 93 1 view -0
  30              		.cfi_startproc
  31              		@ args = 0, pretend = 0, frame = 0
  32              		@ frame_needed = 0, uses_anonymous_args = 0
  33              		.loc 1 93 1 is_stmt 0 view .LVU1
  34 0000 38B5     		push	{r3, r4, r5, lr}
  35              	.LCFI0:
  36              		.cfi_def_cfa_offset 16
  37              		.cfi_offset 3, -16
  38              		.cfi_offset 4, -12
  39              		.cfi_offset 5, -8
  40              		.cfi_offset 14, -4
  41 0002 0D46     		mov	r5, r1
  94:Middlewares/LVGL/lvgl/src/draw/sw/lv_draw_sw_grad.c ****     int32_t size;
  42              		.loc 1 94 5 is_stmt 1 view .LVU2
  95:Middlewares/LVGL/lvgl/src/draw/sw/lv_draw_sw_grad.c ****     switch(g->dir) {
  43              		.loc 1 95 5 view .LVU3
  44              		.loc 1 95 13 is_stmt 0 view .LVU4
  45 0004 C37A     		ldrb	r3, [r0, #11]	@ zero_extendqisi2
  46 0006 C3F30301 		ubfx	r1, r3, #0, #4
  47              	.LVL1:
  48              		.loc 1 95 13 view .LVU5
  49 000a 03F00F03 		and	r3, r3, #15
  50              		.loc 1 95 5 view .LVU6
  51 000e 012B     		cmp	r3, #1
  52 0010 1DD0     		beq	.L5
  53 0012 49B2     		sxtb	r1, r1
  54 0014 E9B1     		cbz	r1, .L6
  55 0016 0E33     		adds	r3, r3, #14
  56 0018 03F00F03 		and	r3, r3, #15
  57 001c 032B     		cmp	r3, #3
  58 001e 14D8     		bhi	.L8
  59              	.LVL2:
  60              	.L2:
  96:Middlewares/LVGL/lvgl/src/draw/sw/lv_draw_sw_grad.c ****         case LV_GRAD_DIR_HOR:
  97:Middlewares/LVGL/lvgl/src/draw/sw/lv_draw_sw_grad.c ****         case LV_GRAD_DIR_LINEAR:
  98:Middlewares/LVGL/lvgl/src/draw/sw/lv_draw_sw_grad.c ****         case LV_GRAD_DIR_RADIAL:
  99:Middlewares/LVGL/lvgl/src/draw/sw/lv_draw_sw_grad.c ****         case LV_GRAD_DIR_CONICAL:
 100:Middlewares/LVGL/lvgl/src/draw/sw/lv_draw_sw_grad.c ****             size = w;
 101:Middlewares/LVGL/lvgl/src/draw/sw/lv_draw_sw_grad.c ****             break;
 102:Middlewares/LVGL/lvgl/src/draw/sw/lv_draw_sw_grad.c ****         case LV_GRAD_DIR_VER:
 103:Middlewares/LVGL/lvgl/src/draw/sw/lv_draw_sw_grad.c ****             size = h;
 104:Middlewares/LVGL/lvgl/src/draw/sw/lv_draw_sw_grad.c ****             break;
 105:Middlewares/LVGL/lvgl/src/draw/sw/lv_draw_sw_grad.c ****         default:
 106:Middlewares/LVGL/lvgl/src/draw/sw/lv_draw_sw_grad.c ****             size = 64;
 107:Middlewares/LVGL/lvgl/src/draw/sw/lv_draw_sw_grad.c ****     }
 108:Middlewares/LVGL/lvgl/src/draw/sw/lv_draw_sw_grad.c **** 
 109:Middlewares/LVGL/lvgl/src/draw/sw/lv_draw_sw_grad.c ****     size_t req_size = ALIGN(sizeof(lv_draw_sw_grad_calc_t)) + ALIGN(size * sizeof(lv_color_t)) + AL
  61              		.loc 1 109 5 is_stmt 1 view .LVU7
  62              		.loc 1 109 63 is_stmt 0 view .LVU8
  63 0020 6B1C     		adds	r3, r5, #1
ARM GAS  C:\Users\w1785\AppData\Local\Temp\ccNIPKPT.s 			page 4


  64 0022 03EB4303 		add	r3, r3, r3, lsl #1
  65 0026 23F00304 		bic	r4, r3, #3
  66              		.loc 1 109 98 view .LVU9
  67 002a E81C     		adds	r0, r5, #3
  68              	.LVL3:
  69              		.loc 1 109 98 view .LVU10
  70 002c 20F00300 		bic	r0, r0, #3
  71              		.loc 1 109 96 view .LVU11
  72 0030 2044     		add	r0, r0, r4
  73              	.LVL4:
 110:Middlewares/LVGL/lvgl/src/draw/sw/lv_draw_sw_grad.c ****                                                                                                    
 111:Middlewares/LVGL/lvgl/src/draw/sw/lv_draw_sw_grad.c ****     lv_draw_sw_grad_calc_t * item  = lv_malloc(req_size);
  74              		.loc 1 111 5 is_stmt 1 view .LVU12
  75              		.loc 1 111 38 is_stmt 0 view .LVU13
  76 0032 0C30     		adds	r0, r0, #12
  77              	.LVL5:
  78              		.loc 1 111 38 view .LVU14
  79 0034 FFF7FEFF 		bl	lv_malloc
  80              	.LVL6:
 112:Middlewares/LVGL/lvgl/src/draw/sw/lv_draw_sw_grad.c ****     LV_ASSERT_MALLOC(item);
  81              		.loc 1 112 5 is_stmt 1 view .LVU15
  82              		.loc 1 112 5 view .LVU16
  83 0038 68B1     		cbz	r0, .L4
  84              		.loc 1 112 5 view .LVU17
  85              		.loc 1 112 27 view .LVU18
 113:Middlewares/LVGL/lvgl/src/draw/sw/lv_draw_sw_grad.c ****     if(item == NULL) return NULL;
  86              		.loc 1 113 5 view .LVU19
 114:Middlewares/LVGL/lvgl/src/draw/sw/lv_draw_sw_grad.c **** 
 115:Middlewares/LVGL/lvgl/src/draw/sw/lv_draw_sw_grad.c ****     uint8_t * p = (uint8_t *)item;
  87              		.loc 1 115 5 view .LVU20
  88              	.LVL7:
 116:Middlewares/LVGL/lvgl/src/draw/sw/lv_draw_sw_grad.c ****     item->color_map = (lv_color_t *)(p + ALIGN(sizeof(*item)));
  89              		.loc 1 116 5 view .LVU21
  90              		.loc 1 116 40 is_stmt 0 view .LVU22
  91 003a 00F10C02 		add	r2, r0, #12
  92              		.loc 1 116 21 view .LVU23
  93 003e 0260     		str	r2, [r0]
 117:Middlewares/LVGL/lvgl/src/draw/sw/lv_draw_sw_grad.c ****     item->opa_map = (lv_opa_t *)(p + ALIGN(sizeof(*item)) + ALIGN(size * sizeof(lv_color_t)));
  94              		.loc 1 117 5 is_stmt 1 view .LVU24
  95              		.loc 1 117 59 is_stmt 0 view .LVU25
  96 0040 0C34     		adds	r4, r4, #12
  97              	.LVL8:
  98              		.loc 1 117 59 view .LVU26
  99 0042 0444     		add	r4, r4, r0
 100              	.LVL9:
 101              		.loc 1 117 19 view .LVU27
 102 0044 4460     		str	r4, [r0, #4]
 118:Middlewares/LVGL/lvgl/src/draw/sw/lv_draw_sw_grad.c ****     item->size = size;
 103              		.loc 1 118 5 is_stmt 1 view .LVU28
 104              		.loc 1 118 16 is_stmt 0 view .LVU29
 105 0046 8560     		str	r5, [r0, #8]
 119:Middlewares/LVGL/lvgl/src/draw/sw/lv_draw_sw_grad.c ****     return item;
 106              		.loc 1 119 5 is_stmt 1 view .LVU30
 120:Middlewares/LVGL/lvgl/src/draw/sw/lv_draw_sw_grad.c **** }
 107              		.loc 1 120 1 is_stmt 0 view .LVU31
 108 0048 38BD     		pop	{r3, r4, r5, pc}
 109              	.LVL10:
ARM GAS  C:\Users\w1785\AppData\Local\Temp\ccNIPKPT.s 			page 5


 110              	.L8:
 106:Middlewares/LVGL/lvgl/src/draw/sw/lv_draw_sw_grad.c ****     }
 111              		.loc 1 106 18 view .LVU32
 112 004a 4025     		movs	r5, #64
 113              	.LVL11:
 106:Middlewares/LVGL/lvgl/src/draw/sw/lv_draw_sw_grad.c ****     }
 114              		.loc 1 106 18 view .LVU33
 115 004c E8E7     		b	.L2
 116              	.LVL12:
 117              	.L5:
 103:Middlewares/LVGL/lvgl/src/draw/sw/lv_draw_sw_grad.c ****             break;
 118              		.loc 1 103 18 view .LVU34
 119 004e 1546     		mov	r5, r2
 120              	.LVL13:
 103:Middlewares/LVGL/lvgl/src/draw/sw/lv_draw_sw_grad.c ****             break;
 121              		.loc 1 103 18 view .LVU35
 122 0050 E6E7     		b	.L2
 123              	.LVL14:
 124              	.L6:
 106:Middlewares/LVGL/lvgl/src/draw/sw/lv_draw_sw_grad.c ****     }
 125              		.loc 1 106 18 view .LVU36
 126 0052 4025     		movs	r5, #64
 127              	.LVL15:
 106:Middlewares/LVGL/lvgl/src/draw/sw/lv_draw_sw_grad.c ****     }
 128              		.loc 1 106 18 view .LVU37
 129 0054 E4E7     		b	.L2
 130              	.LVL16:
 131              	.L4:
 112:Middlewares/LVGL/lvgl/src/draw/sw/lv_draw_sw_grad.c ****     if(item == NULL) return NULL;
 132              		.loc 1 112 5 is_stmt 1 view .LVU38
 112:Middlewares/LVGL/lvgl/src/draw/sw/lv_draw_sw_grad.c ****     if(item == NULL) return NULL;
 133              		.loc 1 112 5 view .LVU39
 112:Middlewares/LVGL/lvgl/src/draw/sw/lv_draw_sw_grad.c ****     if(item == NULL) return NULL;
 134              		.loc 1 112 5 view .LVU40
 112:Middlewares/LVGL/lvgl/src/draw/sw/lv_draw_sw_grad.c ****     if(item == NULL) return NULL;
 135              		.loc 1 112 5 view .LVU41
 112:Middlewares/LVGL/lvgl/src/draw/sw/lv_draw_sw_grad.c ****     if(item == NULL) return NULL;
 136              		.loc 1 112 5 view .LVU42
 137 0056 FEE7     		b	.L4
 138              		.cfi_endproc
 139              	.LFE36:
 141              		.section	.text.lv_draw_sw_grad_color_calculate,"ax",%progbits
 142              		.align	1
 143              		.global	lv_draw_sw_grad_color_calculate
 144              		.syntax unified
 145              		.thumb
 146              		.thumb_func
 148              	lv_draw_sw_grad_color_calculate:
 149              	.LVL17:
 150              	.LFB38:
 121:Middlewares/LVGL/lvgl/src/draw/sw/lv_draw_sw_grad.c **** 
 122:Middlewares/LVGL/lvgl/src/draw/sw/lv_draw_sw_grad.c **** #if LV_USE_DRAW_SW_COMPLEX_GRADIENTS
 123:Middlewares/LVGL/lvgl/src/draw/sw/lv_draw_sw_grad.c **** 
 124:Middlewares/LVGL/lvgl/src/draw/sw/lv_draw_sw_grad.c **** static inline int32_t extend_w(int32_t w, lv_grad_extend_t extend)
 125:Middlewares/LVGL/lvgl/src/draw/sw/lv_draw_sw_grad.c **** {
 126:Middlewares/LVGL/lvgl/src/draw/sw/lv_draw_sw_grad.c ****     if(extend == LV_GRAD_EXTEND_PAD) {                  /**< Repeat the same color*/
 127:Middlewares/LVGL/lvgl/src/draw/sw/lv_draw_sw_grad.c ****         return w < 0 ? 0 : LV_MIN(w, 255);
ARM GAS  C:\Users\w1785\AppData\Local\Temp\ccNIPKPT.s 			page 6


 128:Middlewares/LVGL/lvgl/src/draw/sw/lv_draw_sw_grad.c ****     }
 129:Middlewares/LVGL/lvgl/src/draw/sw/lv_draw_sw_grad.c ****     if(extend == LV_GRAD_EXTEND_REPEAT) {       /**< Repeat the pattern*/
 130:Middlewares/LVGL/lvgl/src/draw/sw/lv_draw_sw_grad.c ****         return w & 255;
 131:Middlewares/LVGL/lvgl/src/draw/sw/lv_draw_sw_grad.c ****     }
 132:Middlewares/LVGL/lvgl/src/draw/sw/lv_draw_sw_grad.c ****     /*LV_GRAD_EXTEND_REFLECT*/
 133:Middlewares/LVGL/lvgl/src/draw/sw/lv_draw_sw_grad.c ****     w &= 511;
 134:Middlewares/LVGL/lvgl/src/draw/sw/lv_draw_sw_grad.c ****     if(w > 255)
 135:Middlewares/LVGL/lvgl/src/draw/sw/lv_draw_sw_grad.c ****         w ^= 511;   /* 511 - w */
 136:Middlewares/LVGL/lvgl/src/draw/sw/lv_draw_sw_grad.c ****     return w;
 137:Middlewares/LVGL/lvgl/src/draw/sw/lv_draw_sw_grad.c **** }
 138:Middlewares/LVGL/lvgl/src/draw/sw/lv_draw_sw_grad.c **** 
 139:Middlewares/LVGL/lvgl/src/draw/sw/lv_draw_sw_grad.c **** #endif
 140:Middlewares/LVGL/lvgl/src/draw/sw/lv_draw_sw_grad.c **** 
 141:Middlewares/LVGL/lvgl/src/draw/sw/lv_draw_sw_grad.c **** /**********************
 142:Middlewares/LVGL/lvgl/src/draw/sw/lv_draw_sw_grad.c ****  *     FUNCTIONS
 143:Middlewares/LVGL/lvgl/src/draw/sw/lv_draw_sw_grad.c ****  **********************/
 144:Middlewares/LVGL/lvgl/src/draw/sw/lv_draw_sw_grad.c **** 
 145:Middlewares/LVGL/lvgl/src/draw/sw/lv_draw_sw_grad.c **** lv_draw_sw_grad_calc_t * lv_draw_sw_grad_get(const lv_grad_dsc_t * g, int32_t w, int32_t h)
 146:Middlewares/LVGL/lvgl/src/draw/sw/lv_draw_sw_grad.c **** {
 147:Middlewares/LVGL/lvgl/src/draw/sw/lv_draw_sw_grad.c ****     /* No gradient, no cache */
 148:Middlewares/LVGL/lvgl/src/draw/sw/lv_draw_sw_grad.c ****     if(g->dir == LV_GRAD_DIR_NONE) return NULL;
 149:Middlewares/LVGL/lvgl/src/draw/sw/lv_draw_sw_grad.c **** 
 150:Middlewares/LVGL/lvgl/src/draw/sw/lv_draw_sw_grad.c ****     /* Step 1: Search cache for the given key */
 151:Middlewares/LVGL/lvgl/src/draw/sw/lv_draw_sw_grad.c ****     lv_draw_sw_grad_calc_t * item = allocate_item(g, w, h);
 152:Middlewares/LVGL/lvgl/src/draw/sw/lv_draw_sw_grad.c ****     if(item == NULL) {
 153:Middlewares/LVGL/lvgl/src/draw/sw/lv_draw_sw_grad.c ****         LV_LOG_WARN("Failed to allocate item for the gradient");
 154:Middlewares/LVGL/lvgl/src/draw/sw/lv_draw_sw_grad.c ****         return item;
 155:Middlewares/LVGL/lvgl/src/draw/sw/lv_draw_sw_grad.c ****     }
 156:Middlewares/LVGL/lvgl/src/draw/sw/lv_draw_sw_grad.c **** 
 157:Middlewares/LVGL/lvgl/src/draw/sw/lv_draw_sw_grad.c ****     /* Step 3: Fill it with the gradient, as expected */
 158:Middlewares/LVGL/lvgl/src/draw/sw/lv_draw_sw_grad.c ****     uint32_t i;
 159:Middlewares/LVGL/lvgl/src/draw/sw/lv_draw_sw_grad.c ****     for(i = 0; i < item->size; i++) {
 160:Middlewares/LVGL/lvgl/src/draw/sw/lv_draw_sw_grad.c ****         lv_draw_sw_grad_color_calculate(g, item->size, i, &item->color_map[i], &item->opa_map[i]);
 161:Middlewares/LVGL/lvgl/src/draw/sw/lv_draw_sw_grad.c ****     }
 162:Middlewares/LVGL/lvgl/src/draw/sw/lv_draw_sw_grad.c ****     return item;
 163:Middlewares/LVGL/lvgl/src/draw/sw/lv_draw_sw_grad.c **** }
 164:Middlewares/LVGL/lvgl/src/draw/sw/lv_draw_sw_grad.c **** 
 165:Middlewares/LVGL/lvgl/src/draw/sw/lv_draw_sw_grad.c **** void LV_ATTRIBUTE_FAST_MEM lv_draw_sw_grad_color_calculate(const lv_grad_dsc_t * dsc, int32_t range
 166:Middlewares/LVGL/lvgl/src/draw/sw/lv_draw_sw_grad.c ****                                                            int32_t frac, lv_color_t * color_out, lv
 167:Middlewares/LVGL/lvgl/src/draw/sw/lv_draw_sw_grad.c **** {
 151              		.loc 1 167 1 view -0
 152              		.cfi_startproc
 153              		@ args = 4, pretend = 0, frame = 16
 154              		@ frame_needed = 0, uses_anonymous_args = 0
 155              		.loc 1 167 1 is_stmt 0 view .LVU44
 156 0000 2DE9F041 		push	{r4, r5, r6, r7, r8, lr}
 157              	.LCFI1:
 158              		.cfi_def_cfa_offset 24
 159              		.cfi_offset 4, -24
 160              		.cfi_offset 5, -20
 161              		.cfi_offset 6, -16
 162              		.cfi_offset 7, -12
 163              		.cfi_offset 8, -8
 164              		.cfi_offset 14, -4
 165 0004 84B0     		sub	sp, sp, #16
 166              	.LCFI2:
 167              		.cfi_def_cfa_offset 40
ARM GAS  C:\Users\w1785\AppData\Local\Temp\ccNIPKPT.s 			page 7


 168 0006 1C46     		mov	r4, r3
 168:Middlewares/LVGL/lvgl/src/draw/sw/lv_draw_sw_grad.c ****     lv_color_t tmp;
 169              		.loc 1 168 5 is_stmt 1 view .LVU45
 169:Middlewares/LVGL/lvgl/src/draw/sw/lv_draw_sw_grad.c ****     /*Clip out-of-bounds first*/
 170:Middlewares/LVGL/lvgl/src/draw/sw/lv_draw_sw_grad.c ****     int32_t min = (dsc->stops[0].frac * range) >> 8;
 170              		.loc 1 170 5 view .LVU46
 171              		.loc 1 170 33 is_stmt 0 view .LVU47
 172 0008 0379     		ldrb	r3, [r0, #4]	@ zero_extendqisi2
 173              	.LVL18:
 174              		.loc 1 170 39 view .LVU48
 175 000a 01FB03F3 		mul	r3, r1, r3
 176              	.LVL19:
 171:Middlewares/LVGL/lvgl/src/draw/sw/lv_draw_sw_grad.c ****     if(frac <= min) {
 177              		.loc 1 171 5 is_stmt 1 view .LVU49
 178              		.loc 1 171 7 is_stmt 0 view .LVU50
 179 000e B2EB232F 		cmp	r2, r3, asr #8
 180 0012 1EDD     		ble	.L20
 172:Middlewares/LVGL/lvgl/src/draw/sw/lv_draw_sw_grad.c ****         GRAD_CONV(tmp, dsc->stops[0].color);
 173:Middlewares/LVGL/lvgl/src/draw/sw/lv_draw_sw_grad.c ****         *color_out = tmp;
 174:Middlewares/LVGL/lvgl/src/draw/sw/lv_draw_sw_grad.c ****         *opa_out = dsc->stops[0].opa;
 175:Middlewares/LVGL/lvgl/src/draw/sw/lv_draw_sw_grad.c ****         return;
 176:Middlewares/LVGL/lvgl/src/draw/sw/lv_draw_sw_grad.c ****     }
 177:Middlewares/LVGL/lvgl/src/draw/sw/lv_draw_sw_grad.c **** 
 178:Middlewares/LVGL/lvgl/src/draw/sw/lv_draw_sw_grad.c ****     int32_t max = (dsc->stops[dsc->stops_count - 1].frac * range) >> 8;
 181              		.loc 1 178 5 is_stmt 1 view .LVU51
 182              		.loc 1 178 34 is_stmt 0 view .LVU52
 183 0014 837A     		ldrb	r3, [r0, #10]	@ zero_extendqisi2
 184              	.LVL20:
 185              		.loc 1 178 48 view .LVU53
 186 0016 5D1E     		subs	r5, r3, #1
 187              		.loc 1 178 52 view .LVU54
 188 0018 05EB8506 		add	r6, r5, r5, lsl #2
 189 001c 0644     		add	r6, r6, r0
 190 001e 3679     		ldrb	r6, [r6, #4]	@ zero_extendqisi2
 191              		.loc 1 178 58 view .LVU55
 192 0020 01FB06F6 		mul	r6, r1, r6
 193              	.LVL21:
 179:Middlewares/LVGL/lvgl/src/draw/sw/lv_draw_sw_grad.c ****     if(frac >= max) {
 194              		.loc 1 179 5 is_stmt 1 view .LVU56
 195              		.loc 1 179 7 is_stmt 0 view .LVU57
 196 0024 B2EB262F 		cmp	r2, r6, asr #8
 197 0028 24DA     		bge	.L21
 198              	.LBB2:
 180:Middlewares/LVGL/lvgl/src/draw/sw/lv_draw_sw_grad.c ****         GRAD_CONV(tmp, dsc->stops[dsc->stops_count - 1].color);
 181:Middlewares/LVGL/lvgl/src/draw/sw/lv_draw_sw_grad.c ****         *color_out = tmp;
 182:Middlewares/LVGL/lvgl/src/draw/sw/lv_draw_sw_grad.c ****         *opa_out = dsc->stops[dsc->stops_count - 1].opa;
 183:Middlewares/LVGL/lvgl/src/draw/sw/lv_draw_sw_grad.c ****         return;
 184:Middlewares/LVGL/lvgl/src/draw/sw/lv_draw_sw_grad.c ****     }
 185:Middlewares/LVGL/lvgl/src/draw/sw/lv_draw_sw_grad.c **** 
 186:Middlewares/LVGL/lvgl/src/draw/sw/lv_draw_sw_grad.c ****     /*Find the 2 closest stop now*/
 187:Middlewares/LVGL/lvgl/src/draw/sw/lv_draw_sw_grad.c ****     int32_t d = 0;
 188:Middlewares/LVGL/lvgl/src/draw/sw/lv_draw_sw_grad.c ****     int32_t found_i = 0;
 189:Middlewares/LVGL/lvgl/src/draw/sw/lv_draw_sw_grad.c ****     for(uint8_t i = 1; i < dsc->stops_count; i++) {
 199              		.loc 1 189 17 view .LVU58
 200 002a 4FF0010C 		mov	ip, #1
 201              	.L12:
 202              	.LVL22:
ARM GAS  C:\Users\w1785\AppData\Local\Temp\ccNIPKPT.s 			page 8


 203              		.loc 1 189 26 is_stmt 1 discriminator 1 view .LVU59
 204 002e 6345     		cmp	r3, ip
 205 0030 38D9     		bls	.L22
 206              	.LBB3:
 190:Middlewares/LVGL/lvgl/src/draw/sw/lv_draw_sw_grad.c ****         int32_t cur = (dsc->stops[i].frac * range) >> 8;
 207              		.loc 1 190 9 view .LVU60
 208              		.loc 1 190 37 is_stmt 0 view .LVU61
 209 0032 6546     		mov	r5, ip
 210 0034 0CEB8C0E 		add	lr, ip, ip, lsl #2
 211 0038 8644     		add	lr, lr, r0
 212 003a 9EF804E0 		ldrb	lr, [lr, #4]	@ zero_extendqisi2
 213              		.loc 1 190 43 view .LVU62
 214 003e 01FB0EFE 		mul	lr, r1, lr
 215              	.LVL23:
 191:Middlewares/LVGL/lvgl/src/draw/sw/lv_draw_sw_grad.c ****         if(frac <= cur) {
 216              		.loc 1 191 9 is_stmt 1 view .LVU63
 217              		.loc 1 191 11 is_stmt 0 view .LVU64
 218 0042 B2EB2E2F 		cmp	r2, lr, asr #8
 219 0046 2EDD     		ble	.L13
 220              	.LBE3:
 189:Middlewares/LVGL/lvgl/src/draw/sw/lv_draw_sw_grad.c ****         int32_t cur = (dsc->stops[i].frac * range) >> 8;
 221              		.loc 1 189 47 is_stmt 1 discriminator 2 view .LVU65
 222 0048 0CF1010C 		add	ip, ip, #1
 223              	.LVL24:
 189:Middlewares/LVGL/lvgl/src/draw/sw/lv_draw_sw_grad.c ****         int32_t cur = (dsc->stops[i].frac * range) >> 8;
 224              		.loc 1 189 47 is_stmt 0 discriminator 2 view .LVU66
 225 004c 5FFA8CFC 		uxtb	ip, ip
 226              	.LVL25:
 189:Middlewares/LVGL/lvgl/src/draw/sw/lv_draw_sw_grad.c ****         int32_t cur = (dsc->stops[i].frac * range) >> 8;
 227              		.loc 1 189 47 discriminator 2 view .LVU67
 228 0050 EDE7     		b	.L12
 229              	.LVL26:
 230              	.L20:
 189:Middlewares/LVGL/lvgl/src/draw/sw/lv_draw_sw_grad.c ****         int32_t cur = (dsc->stops[i].frac * range) >> 8;
 231              		.loc 1 189 47 discriminator 2 view .LVU68
 232              	.LBE2:
 172:Middlewares/LVGL/lvgl/src/draw/sw/lv_draw_sw_grad.c ****         *color_out = tmp;
 233              		.loc 1 172 9 is_stmt 1 view .LVU69
 234 0052 0368     		ldr	r3, [r0]
 235              	.LVL27:
 172:Middlewares/LVGL/lvgl/src/draw/sw/lv_draw_sw_grad.c ****         *color_out = tmp;
 236              		.loc 1 172 9 is_stmt 0 view .LVU70
 237 0054 ADF80C30 		strh	r3, [sp, #12]	@ movhi
 238 0058 1B0C     		lsrs	r3, r3, #16
 239 005a 8DF80E30 		strb	r3, [sp, #14]
 173:Middlewares/LVGL/lvgl/src/draw/sw/lv_draw_sw_grad.c ****         *opa_out = dsc->stops[0].opa;
 240              		.loc 1 173 9 is_stmt 1 view .LVU71
 173:Middlewares/LVGL/lvgl/src/draw/sw/lv_draw_sw_grad.c ****         *opa_out = dsc->stops[0].opa;
 241              		.loc 1 173 20 is_stmt 0 view .LVU72
 242 005e BDF80C20 		ldrh	r2, [sp, #12]	@ unaligned
 243              	.LVL28:
 173:Middlewares/LVGL/lvgl/src/draw/sw/lv_draw_sw_grad.c ****         *opa_out = dsc->stops[0].opa;
 244              		.loc 1 173 20 view .LVU73
 245 0062 DBB2     		uxtb	r3, r3
 246 0064 2280     		strh	r2, [r4]	@ unaligned
 247              	.LVL29:
 173:Middlewares/LVGL/lvgl/src/draw/sw/lv_draw_sw_grad.c ****         *opa_out = dsc->stops[0].opa;
ARM GAS  C:\Users\w1785\AppData\Local\Temp\ccNIPKPT.s 			page 9


 248              		.loc 1 173 20 view .LVU74
 249 0066 A370     		strb	r3, [r4, #2]
 174:Middlewares/LVGL/lvgl/src/draw/sw/lv_draw_sw_grad.c ****         return;
 250              		.loc 1 174 9 is_stmt 1 view .LVU75
 174:Middlewares/LVGL/lvgl/src/draw/sw/lv_draw_sw_grad.c ****         return;
 251              		.loc 1 174 33 is_stmt 0 view .LVU76
 252 0068 C378     		ldrb	r3, [r0, #3]	@ zero_extendqisi2
 174:Middlewares/LVGL/lvgl/src/draw/sw/lv_draw_sw_grad.c ****         return;
 253              		.loc 1 174 18 view .LVU77
 254 006a 0A9A     		ldr	r2, [sp, #40]
 255 006c 1370     		strb	r3, [r2]
 175:Middlewares/LVGL/lvgl/src/draw/sw/lv_draw_sw_grad.c ****     }
 256              		.loc 1 175 9 is_stmt 1 view .LVU78
 257              	.LVL30:
 258              	.L9:
 192:Middlewares/LVGL/lvgl/src/draw/sw/lv_draw_sw_grad.c ****             found_i = i;
 193:Middlewares/LVGL/lvgl/src/draw/sw/lv_draw_sw_grad.c ****             break;
 194:Middlewares/LVGL/lvgl/src/draw/sw/lv_draw_sw_grad.c ****         }
 195:Middlewares/LVGL/lvgl/src/draw/sw/lv_draw_sw_grad.c ****     }
 196:Middlewares/LVGL/lvgl/src/draw/sw/lv_draw_sw_grad.c **** 
 197:Middlewares/LVGL/lvgl/src/draw/sw/lv_draw_sw_grad.c ****     LV_ASSERT(found_i != 0);
 198:Middlewares/LVGL/lvgl/src/draw/sw/lv_draw_sw_grad.c **** 
 199:Middlewares/LVGL/lvgl/src/draw/sw/lv_draw_sw_grad.c ****     lv_color_t one, two;
 200:Middlewares/LVGL/lvgl/src/draw/sw/lv_draw_sw_grad.c ****     one = dsc->stops[found_i - 1].color;
 201:Middlewares/LVGL/lvgl/src/draw/sw/lv_draw_sw_grad.c ****     two = dsc->stops[found_i].color;
 202:Middlewares/LVGL/lvgl/src/draw/sw/lv_draw_sw_grad.c ****     min = (dsc->stops[found_i - 1].frac * range) >> 8;
 203:Middlewares/LVGL/lvgl/src/draw/sw/lv_draw_sw_grad.c ****     max = (dsc->stops[found_i].frac * range) >> 8;
 204:Middlewares/LVGL/lvgl/src/draw/sw/lv_draw_sw_grad.c ****     d = max - min;
 205:Middlewares/LVGL/lvgl/src/draw/sw/lv_draw_sw_grad.c **** 
 206:Middlewares/LVGL/lvgl/src/draw/sw/lv_draw_sw_grad.c ****     /*Then interpolate*/
 207:Middlewares/LVGL/lvgl/src/draw/sw/lv_draw_sw_grad.c ****     frac -= min;
 208:Middlewares/LVGL/lvgl/src/draw/sw/lv_draw_sw_grad.c ****     lv_opa_t mix = (frac * 255) / d;
 209:Middlewares/LVGL/lvgl/src/draw/sw/lv_draw_sw_grad.c ****     lv_opa_t imix = 255 - mix;
 210:Middlewares/LVGL/lvgl/src/draw/sw/lv_draw_sw_grad.c **** 
 211:Middlewares/LVGL/lvgl/src/draw/sw/lv_draw_sw_grad.c ****     *color_out = GRAD_CM(LV_UDIV255(two.red * mix   + one.red * imix),
 212:Middlewares/LVGL/lvgl/src/draw/sw/lv_draw_sw_grad.c ****                          LV_UDIV255(two.green * mix + one.green * imix),
 213:Middlewares/LVGL/lvgl/src/draw/sw/lv_draw_sw_grad.c ****                          LV_UDIV255(two.blue * mix  + one.blue * imix));
 214:Middlewares/LVGL/lvgl/src/draw/sw/lv_draw_sw_grad.c **** 
 215:Middlewares/LVGL/lvgl/src/draw/sw/lv_draw_sw_grad.c ****     *opa_out = LV_UDIV255(dsc->stops[found_i].opa * mix   + dsc->stops[found_i - 1].opa * imix);
 216:Middlewares/LVGL/lvgl/src/draw/sw/lv_draw_sw_grad.c **** }
 259              		.loc 1 216 1 is_stmt 0 view .LVU79
 260 006e 04B0     		add	sp, sp, #16
 261              	.LCFI3:
 262              		.cfi_remember_state
 263              		.cfi_def_cfa_offset 24
 264              		@ sp needed
 265 0070 BDE8F081 		pop	{r4, r5, r6, r7, r8, pc}
 266              	.LVL31:
 267              	.L21:
 268              	.LCFI4:
 269              		.cfi_restore_state
 180:Middlewares/LVGL/lvgl/src/draw/sw/lv_draw_sw_grad.c ****         *color_out = tmp;
 270              		.loc 1 180 9 is_stmt 1 view .LVU80
 271 0074 05EB8505 		add	r5, r5, r5, lsl #2
 272 0078 4219     		adds	r2, r0, r5
 273              	.LVL32:
 180:Middlewares/LVGL/lvgl/src/draw/sw/lv_draw_sw_grad.c ****         *color_out = tmp;
ARM GAS  C:\Users\w1785\AppData\Local\Temp\ccNIPKPT.s 			page 10


 274              		.loc 1 180 9 is_stmt 0 view .LVU81
 275 007a 415B     		ldrh	r1, [r0, r5]	@ unaligned
 276              	.LVL33:
 180:Middlewares/LVGL/lvgl/src/draw/sw/lv_draw_sw_grad.c ****         *color_out = tmp;
 277              		.loc 1 180 9 view .LVU82
 278 007c 9278     		ldrb	r2, [r2, #2]	@ zero_extendqisi2
 279 007e ADF80C10 		strh	r1, [sp, #12]	@ unaligned
 280 0082 8DF80E20 		strb	r2, [sp, #14]
 181:Middlewares/LVGL/lvgl/src/draw/sw/lv_draw_sw_grad.c ****         *opa_out = dsc->stops[dsc->stops_count - 1].opa;
 281              		.loc 1 181 9 is_stmt 1 view .LVU83
 181:Middlewares/LVGL/lvgl/src/draw/sw/lv_draw_sw_grad.c ****         *opa_out = dsc->stops[dsc->stops_count - 1].opa;
 282              		.loc 1 181 20 is_stmt 0 view .LVU84
 283 0086 BDF80C20 		ldrh	r2, [sp, #12]	@ unaligned
 284 008a 9DF80E30 		ldrb	r3, [sp, #14]	@ zero_extendqisi2
 285 008e 2280     		strh	r2, [r4]	@ unaligned
 286              	.LVL34:
 181:Middlewares/LVGL/lvgl/src/draw/sw/lv_draw_sw_grad.c ****         *opa_out = dsc->stops[dsc->stops_count - 1].opa;
 287              		.loc 1 181 20 view .LVU85
 288 0090 A370     		strb	r3, [r4, #2]
 182:Middlewares/LVGL/lvgl/src/draw/sw/lv_draw_sw_grad.c ****         return;
 289              		.loc 1 182 9 is_stmt 1 view .LVU86
 182:Middlewares/LVGL/lvgl/src/draw/sw/lv_draw_sw_grad.c ****         return;
 290              		.loc 1 182 34 is_stmt 0 view .LVU87
 291 0092 837A     		ldrb	r3, [r0, #10]	@ zero_extendqisi2
 182:Middlewares/LVGL/lvgl/src/draw/sw/lv_draw_sw_grad.c ****         return;
 292              		.loc 1 182 48 view .LVU88
 293 0094 013B     		subs	r3, r3, #1
 182:Middlewares/LVGL/lvgl/src/draw/sw/lv_draw_sw_grad.c ****         return;
 294              		.loc 1 182 52 view .LVU89
 295 0096 03EB8303 		add	r3, r3, r3, lsl #2
 296 009a 0344     		add	r3, r3, r0
 297 009c DB78     		ldrb	r3, [r3, #3]	@ zero_extendqisi2
 182:Middlewares/LVGL/lvgl/src/draw/sw/lv_draw_sw_grad.c ****         return;
 298              		.loc 1 182 18 view .LVU90
 299 009e 0A9A     		ldr	r2, [sp, #40]
 300 00a0 1370     		strb	r3, [r2]
 183:Middlewares/LVGL/lvgl/src/draw/sw/lv_draw_sw_grad.c ****     }
 301              		.loc 1 183 9 is_stmt 1 view .LVU91
 302 00a2 E4E7     		b	.L9
 303              	.LVL35:
 304              	.L22:
 188:Middlewares/LVGL/lvgl/src/draw/sw/lv_draw_sw_grad.c ****     for(uint8_t i = 1; i < dsc->stops_count; i++) {
 305              		.loc 1 188 13 is_stmt 0 view .LVU92
 306 00a4 0025     		movs	r5, #0
 307              	.L13:
 308              	.LVL36:
 197:Middlewares/LVGL/lvgl/src/draw/sw/lv_draw_sw_grad.c **** 
 309              		.loc 1 197 5 is_stmt 1 view .LVU93
 197:Middlewares/LVGL/lvgl/src/draw/sw/lv_draw_sw_grad.c **** 
 310              		.loc 1 197 5 view .LVU94
 311 00a6 05B9     		cbnz	r5, .L15
 312              	.L16:
 197:Middlewares/LVGL/lvgl/src/draw/sw/lv_draw_sw_grad.c **** 
 313              		.loc 1 197 5 view .LVU95
 197:Middlewares/LVGL/lvgl/src/draw/sw/lv_draw_sw_grad.c **** 
 314              		.loc 1 197 5 view .LVU96
 197:Middlewares/LVGL/lvgl/src/draw/sw/lv_draw_sw_grad.c **** 
ARM GAS  C:\Users\w1785\AppData\Local\Temp\ccNIPKPT.s 			page 11


 315              		.loc 1 197 5 view .LVU97
 197:Middlewares/LVGL/lvgl/src/draw/sw/lv_draw_sw_grad.c **** 
 316              		.loc 1 197 5 view .LVU98
 197:Middlewares/LVGL/lvgl/src/draw/sw/lv_draw_sw_grad.c **** 
 317              		.loc 1 197 5 view .LVU99
 318 00a8 FEE7     		b	.L16
 319              	.L15:
 197:Middlewares/LVGL/lvgl/src/draw/sw/lv_draw_sw_grad.c **** 
 320              		.loc 1 197 5 view .LVU100
 199:Middlewares/LVGL/lvgl/src/draw/sw/lv_draw_sw_grad.c ****     one = dsc->stops[found_i - 1].color;
 321              		.loc 1 199 5 view .LVU101
 200:Middlewares/LVGL/lvgl/src/draw/sw/lv_draw_sw_grad.c ****     two = dsc->stops[found_i].color;
 322              		.loc 1 200 5 view .LVU102
 200:Middlewares/LVGL/lvgl/src/draw/sw/lv_draw_sw_grad.c ****     two = dsc->stops[found_i].color;
 323              		.loc 1 200 30 is_stmt 0 view .LVU103
 324 00aa 6B1E     		subs	r3, r5, #1
 200:Middlewares/LVGL/lvgl/src/draw/sw/lv_draw_sw_grad.c ****     two = dsc->stops[found_i].color;
 325              		.loc 1 200 9 view .LVU104
 326 00ac 03EB8303 		add	r3, r3, r3, lsl #2
 327 00b0 C618     		adds	r6, r0, r3
 328              	.LVL37:
 200:Middlewares/LVGL/lvgl/src/draw/sw/lv_draw_sw_grad.c ****     two = dsc->stops[found_i].color;
 329              		.loc 1 200 9 view .LVU105
 330 00b2 C75A     		ldrh	r7, [r0, r3]	@ unaligned
 331 00b4 B378     		ldrb	r3, [r6, #2]	@ zero_extendqisi2
 332 00b6 ADF80870 		strh	r7, [sp, #8]	@ unaligned
 333 00ba 8DF80A30 		strb	r3, [sp, #10]
 201:Middlewares/LVGL/lvgl/src/draw/sw/lv_draw_sw_grad.c ****     min = (dsc->stops[found_i - 1].frac * range) >> 8;
 334              		.loc 1 201 5 is_stmt 1 view .LVU106
 201:Middlewares/LVGL/lvgl/src/draw/sw/lv_draw_sw_grad.c ****     min = (dsc->stops[found_i - 1].frac * range) >> 8;
 335              		.loc 1 201 9 is_stmt 0 view .LVU107
 336 00be 05EB8505 		add	r5, r5, r5, lsl #2
 337              	.LVL38:
 201:Middlewares/LVGL/lvgl/src/draw/sw/lv_draw_sw_grad.c ****     min = (dsc->stops[found_i - 1].frac * range) >> 8;
 338              		.loc 1 201 9 view .LVU108
 339 00c2 4719     		adds	r7, r0, r5
 340 00c4 405B     		ldrh	r0, [r0, r5]	@ unaligned
 341              	.LVL39:
 201:Middlewares/LVGL/lvgl/src/draw/sw/lv_draw_sw_grad.c ****     min = (dsc->stops[found_i - 1].frac * range) >> 8;
 342              		.loc 1 201 9 view .LVU109
 343 00c6 BB78     		ldrb	r3, [r7, #2]	@ zero_extendqisi2
 344 00c8 ADF80400 		strh	r0, [sp, #4]	@ unaligned
 345 00cc 8DF80630 		strb	r3, [sp, #6]
 202:Middlewares/LVGL/lvgl/src/draw/sw/lv_draw_sw_grad.c ****     max = (dsc->stops[found_i].frac * range) >> 8;
 346              		.loc 1 202 5 is_stmt 1 view .LVU110
 202:Middlewares/LVGL/lvgl/src/draw/sw/lv_draw_sw_grad.c ****     max = (dsc->stops[found_i].frac * range) >> 8;
 347              		.loc 1 202 35 is_stmt 0 view .LVU111
 348 00d0 3079     		ldrb	r0, [r6, #4]	@ zero_extendqisi2
 202:Middlewares/LVGL/lvgl/src/draw/sw/lv_draw_sw_grad.c ****     max = (dsc->stops[found_i].frac * range) >> 8;
 349              		.loc 1 202 41 view .LVU112
 350 00d2 01FB00F0 		mul	r0, r1, r0
 351              	.LVL40:
 203:Middlewares/LVGL/lvgl/src/draw/sw/lv_draw_sw_grad.c ****     d = max - min;
 352              		.loc 1 203 5 is_stmt 1 view .LVU113
 203:Middlewares/LVGL/lvgl/src/draw/sw/lv_draw_sw_grad.c ****     d = max - min;
 353              		.loc 1 203 31 is_stmt 0 view .LVU114
 354 00d6 3B79     		ldrb	r3, [r7, #4]	@ zero_extendqisi2
ARM GAS  C:\Users\w1785\AppData\Local\Temp\ccNIPKPT.s 			page 12


 203:Middlewares/LVGL/lvgl/src/draw/sw/lv_draw_sw_grad.c ****     d = max - min;
 355              		.loc 1 203 37 view .LVU115
 356 00d8 01FB03F3 		mul	r3, r1, r3
 203:Middlewares/LVGL/lvgl/src/draw/sw/lv_draw_sw_grad.c ****     d = max - min;
 357              		.loc 1 203 9 view .LVU116
 358 00dc 1B12     		asrs	r3, r3, #8
 359              	.LVL41:
 204:Middlewares/LVGL/lvgl/src/draw/sw/lv_draw_sw_grad.c **** 
 360              		.loc 1 204 5 is_stmt 1 view .LVU117
 204:Middlewares/LVGL/lvgl/src/draw/sw/lv_draw_sw_grad.c **** 
 361              		.loc 1 204 7 is_stmt 0 view .LVU118
 362 00de A3EB2023 		sub	r3, r3, r0, asr #8
 363              	.LVL42:
 207:Middlewares/LVGL/lvgl/src/draw/sw/lv_draw_sw_grad.c ****     lv_opa_t mix = (frac * 255) / d;
 364              		.loc 1 207 5 is_stmt 1 view .LVU119
 207:Middlewares/LVGL/lvgl/src/draw/sw/lv_draw_sw_grad.c ****     lv_opa_t mix = (frac * 255) / d;
 365              		.loc 1 207 10 is_stmt 0 view .LVU120
 366 00e2 A2EB2022 		sub	r2, r2, r0, asr #8
 367              	.LVL43:
 208:Middlewares/LVGL/lvgl/src/draw/sw/lv_draw_sw_grad.c ****     lv_opa_t imix = 255 - mix;
 368              		.loc 1 208 5 is_stmt 1 view .LVU121
 208:Middlewares/LVGL/lvgl/src/draw/sw/lv_draw_sw_grad.c ****     lv_opa_t imix = 255 - mix;
 369              		.loc 1 208 26 is_stmt 0 view .LVU122
 370 00e6 C2EB0222 		rsb	r2, r2, r2, lsl #8
 371              	.LVL44:
 208:Middlewares/LVGL/lvgl/src/draw/sw/lv_draw_sw_grad.c ****     lv_opa_t imix = 255 - mix;
 372              		.loc 1 208 33 view .LVU123
 373 00ea 92FBF3F5 		sdiv	r5, r2, r3
 208:Middlewares/LVGL/lvgl/src/draw/sw/lv_draw_sw_grad.c ****     lv_opa_t imix = 255 - mix;
 374              		.loc 1 208 14 view .LVU124
 375 00ee EDB2     		uxtb	r5, r5
 376              	.LVL45:
 209:Middlewares/LVGL/lvgl/src/draw/sw/lv_draw_sw_grad.c **** 
 377              		.loc 1 209 5 is_stmt 1 view .LVU125
 209:Middlewares/LVGL/lvgl/src/draw/sw/lv_draw_sw_grad.c **** 
 378              		.loc 1 209 14 is_stmt 0 view .LVU126
 379 00f0 6FEA0508 		mvn	r8, r5
 380 00f4 5FFA88F8 		uxtb	r8, r8
 381              	.LVL46:
 211:Middlewares/LVGL/lvgl/src/draw/sw/lv_draw_sw_grad.c ****                          LV_UDIV255(two.green * mix + one.green * imix),
 382              		.loc 1 211 5 is_stmt 1 view .LVU127
 211:Middlewares/LVGL/lvgl/src/draw/sw/lv_draw_sw_grad.c ****                          LV_UDIV255(two.green * mix + one.green * imix),
 383              		.loc 1 211 18 is_stmt 0 view .LVU128
 384 00f8 9DF80630 		ldrb	r3, [sp, #6]	@ zero_extendqisi2
 385              	.LVL47:
 211:Middlewares/LVGL/lvgl/src/draw/sw/lv_draw_sw_grad.c ****                          LV_UDIV255(two.green * mix + one.green * imix),
 386              		.loc 1 211 18 view .LVU129
 387 00fc 9DF80A00 		ldrb	r0, [sp, #10]	@ zero_extendqisi2
 388              	.LVL48:
 211:Middlewares/LVGL/lvgl/src/draw/sw/lv_draw_sw_grad.c ****                          LV_UDIV255(two.green * mix + one.green * imix),
 389              		.loc 1 211 18 view .LVU130
 390 0100 08FB00F0 		mul	r0, r8, r0
 391 0104 05FB0300 		mla	r0, r5, r3, r0
 392 0108 00EB0023 		add	r3, r0, r0, lsl #8
 393 010c 00EBC310 		add	r0, r0, r3, lsl #7
 394 0110 9DF80520 		ldrb	r2, [sp, #5]	@ zero_extendqisi2
 395 0114 9DF80930 		ldrb	r3, [sp, #9]	@ zero_extendqisi2
ARM GAS  C:\Users\w1785\AppData\Local\Temp\ccNIPKPT.s 			page 13


 396 0118 03FB08F3 		mul	r3, r3, r8
 397 011c 05FB0233 		mla	r3, r5, r2, r3
 398 0120 03EB0322 		add	r2, r3, r3, lsl #8
 399 0124 03EBC213 		add	r3, r3, r2, lsl #7
 400 0128 9DF80410 		ldrb	r1, [sp, #4]	@ zero_extendqisi2
 401              	.LVL49:
 211:Middlewares/LVGL/lvgl/src/draw/sw/lv_draw_sw_grad.c ****                          LV_UDIV255(two.green * mix + one.green * imix),
 402              		.loc 1 211 18 view .LVU131
 403 012c 9DF80820 		ldrb	r2, [sp, #8]	@ zero_extendqisi2
 404 0130 02FB08F2 		mul	r2, r2, r8
 405 0134 05FB0122 		mla	r2, r5, r1, r2
 406 0138 02EB0221 		add	r1, r2, r2, lsl #8
 407 013c 02EBC112 		add	r2, r2, r1, lsl #7
 408 0140 C2F3C752 		ubfx	r2, r2, #23, #8
 409 0144 C3F3C751 		ubfx	r1, r3, #23, #8
 410 0148 C0F3C750 		ubfx	r0, r0, #23, #8
 411 014c FFF7FEFF 		bl	lv_color_make
 412              	.LVL50:
 211:Middlewares/LVGL/lvgl/src/draw/sw/lv_draw_sw_grad.c ****                          LV_UDIV255(two.green * mix + one.green * imix),
 413              		.loc 1 211 18 view .LVU132
 414 0150 2070     		strb	r0, [r4]
 415 0152 C0F30723 		ubfx	r3, r0, #8, #8
 416 0156 6370     		strb	r3, [r4, #1]
 417 0158 C0F30740 		ubfx	r0, r0, #16, #8
 418 015c A070     		strb	r0, [r4, #2]
 215:Middlewares/LVGL/lvgl/src/draw/sw/lv_draw_sw_grad.c **** }
 419              		.loc 1 215 5 is_stmt 1 view .LVU133
 215:Middlewares/LVGL/lvgl/src/draw/sw/lv_draw_sw_grad.c **** }
 420              		.loc 1 215 16 is_stmt 0 view .LVU134
 421 015e FA78     		ldrb	r2, [r7, #3]	@ zero_extendqisi2
 422 0160 F378     		ldrb	r3, [r6, #3]	@ zero_extendqisi2
 423 0162 03FB08F3 		mul	r3, r3, r8
 424 0166 05FB0233 		mla	r3, r5, r2, r3
 425 016a 03EB0322 		add	r2, r3, r3, lsl #8
 426 016e 03EBC213 		add	r3, r3, r2, lsl #7
 427 0172 DB0D     		lsrs	r3, r3, #23
 215:Middlewares/LVGL/lvgl/src/draw/sw/lv_draw_sw_grad.c **** }
 428              		.loc 1 215 14 view .LVU135
 429 0174 0A9A     		ldr	r2, [sp, #40]
 430 0176 1370     		strb	r3, [r2]
 431 0178 79E7     		b	.L9
 432              		.cfi_endproc
 433              	.LFE38:
 435              		.section	.text.lv_draw_sw_grad_get,"ax",%progbits
 436              		.align	1
 437              		.global	lv_draw_sw_grad_get
 438              		.syntax unified
 439              		.thumb
 440              		.thumb_func
 442              	lv_draw_sw_grad_get:
 443              	.LVL51:
 444              	.LFB37:
 146:Middlewares/LVGL/lvgl/src/draw/sw/lv_draw_sw_grad.c ****     /* No gradient, no cache */
 445              		.loc 1 146 1 is_stmt 1 view -0
 446              		.cfi_startproc
 447              		@ args = 0, pretend = 0, frame = 0
 448              		@ frame_needed = 0, uses_anonymous_args = 0
ARM GAS  C:\Users\w1785\AppData\Local\Temp\ccNIPKPT.s 			page 14


 146:Middlewares/LVGL/lvgl/src/draw/sw/lv_draw_sw_grad.c ****     /* No gradient, no cache */
 449              		.loc 1 146 1 is_stmt 0 view .LVU137
 450 0000 70B5     		push	{r4, r5, r6, lr}
 451              	.LCFI5:
 452              		.cfi_def_cfa_offset 16
 453              		.cfi_offset 4, -16
 454              		.cfi_offset 5, -12
 455              		.cfi_offset 6, -8
 456              		.cfi_offset 14, -4
 457 0002 82B0     		sub	sp, sp, #8
 458              	.LCFI6:
 459              		.cfi_def_cfa_offset 24
 148:Middlewares/LVGL/lvgl/src/draw/sw/lv_draw_sw_grad.c **** 
 460              		.loc 1 148 5 is_stmt 1 view .LVU138
 148:Middlewares/LVGL/lvgl/src/draw/sw/lv_draw_sw_grad.c **** 
 461              		.loc 1 148 15 is_stmt 0 view .LVU139
 462 0004 C37A     		ldrb	r3, [r0, #11]	@ zero_extendqisi2
 148:Middlewares/LVGL/lvgl/src/draw/sw/lv_draw_sw_grad.c **** 
 463              		.loc 1 148 7 view .LVU140
 464 0006 13F00F0F 		tst	r3, #15
 465 000a 18D0     		beq	.L27
 466 000c 0646     		mov	r6, r0
 151:Middlewares/LVGL/lvgl/src/draw/sw/lv_draw_sw_grad.c ****     if(item == NULL) {
 467              		.loc 1 151 5 is_stmt 1 view .LVU141
 151:Middlewares/LVGL/lvgl/src/draw/sw/lv_draw_sw_grad.c ****     if(item == NULL) {
 468              		.loc 1 151 37 is_stmt 0 view .LVU142
 469 000e FFF7FEFF 		bl	allocate_item
 470              	.LVL52:
 152:Middlewares/LVGL/lvgl/src/draw/sw/lv_draw_sw_grad.c ****         LV_LOG_WARN("Failed to allocate item for the gradient");
 471              		.loc 1 152 5 is_stmt 1 view .LVU143
 152:Middlewares/LVGL/lvgl/src/draw/sw/lv_draw_sw_grad.c ****         LV_LOG_WARN("Failed to allocate item for the gradient");
 472              		.loc 1 152 7 is_stmt 0 view .LVU144
 473 0012 0546     		mov	r5, r0
 474 0014 80B1     		cbz	r0, .L23
 159:Middlewares/LVGL/lvgl/src/draw/sw/lv_draw_sw_grad.c ****         lv_draw_sw_grad_color_calculate(g, item->size, i, &item->color_map[i], &item->opa_map[i]);
 475              		.loc 1 159 11 view .LVU145
 476 0016 0024     		movs	r4, #0
 477 0018 0BE0     		b	.L25
 478              	.LVL53:
 479              	.L26:
 160:Middlewares/LVGL/lvgl/src/draw/sw/lv_draw_sw_grad.c ****     }
 480              		.loc 1 160 9 is_stmt 1 view .LVU146
 160:Middlewares/LVGL/lvgl/src/draw/sw/lv_draw_sw_grad.c ****     }
 481              		.loc 1 160 64 is_stmt 0 view .LVU147
 482 001a 2868     		ldr	r0, [r5]
 160:Middlewares/LVGL/lvgl/src/draw/sw/lv_draw_sw_grad.c ****     }
 483              		.loc 1 160 75 view .LVU148
 484 001c 04EB4403 		add	r3, r4, r4, lsl #1
 160:Middlewares/LVGL/lvgl/src/draw/sw/lv_draw_sw_grad.c ****     }
 485              		.loc 1 160 85 view .LVU149
 486 0020 6A68     		ldr	r2, [r5, #4]
 160:Middlewares/LVGL/lvgl/src/draw/sw/lv_draw_sw_grad.c ****     }
 487              		.loc 1 160 9 view .LVU150
 488 0022 2244     		add	r2, r2, r4
 489 0024 0092     		str	r2, [sp]
 490 0026 0344     		add	r3, r3, r0
 491 0028 2246     		mov	r2, r4
ARM GAS  C:\Users\w1785\AppData\Local\Temp\ccNIPKPT.s 			page 15


 492 002a 3046     		mov	r0, r6
 493 002c FFF7FEFF 		bl	lv_draw_sw_grad_color_calculate
 494              	.LVL54:
 159:Middlewares/LVGL/lvgl/src/draw/sw/lv_draw_sw_grad.c ****         lv_draw_sw_grad_color_calculate(g, item->size, i, &item->color_map[i], &item->opa_map[i]);
 495              		.loc 1 159 33 is_stmt 1 discriminator 3 view .LVU151
 496 0030 0134     		adds	r4, r4, #1
 497              	.LVL55:
 498              	.L25:
 159:Middlewares/LVGL/lvgl/src/draw/sw/lv_draw_sw_grad.c ****         lv_draw_sw_grad_color_calculate(g, item->size, i, &item->color_map[i], &item->opa_map[i]);
 499              		.loc 1 159 18 discriminator 1 view .LVU152
 159:Middlewares/LVGL/lvgl/src/draw/sw/lv_draw_sw_grad.c ****         lv_draw_sw_grad_color_calculate(g, item->size, i, &item->color_map[i], &item->opa_map[i]);
 500              		.loc 1 159 24 is_stmt 0 discriminator 1 view .LVU153
 501 0032 A968     		ldr	r1, [r5, #8]
 159:Middlewares/LVGL/lvgl/src/draw/sw/lv_draw_sw_grad.c ****         lv_draw_sw_grad_color_calculate(g, item->size, i, &item->color_map[i], &item->opa_map[i]);
 502              		.loc 1 159 18 discriminator 1 view .LVU154
 503 0034 A142     		cmp	r1, r4
 504 0036 F0D8     		bhi	.L26
 505              	.LVL56:
 506              	.L23:
 163:Middlewares/LVGL/lvgl/src/draw/sw/lv_draw_sw_grad.c **** 
 507              		.loc 1 163 1 view .LVU155
 508 0038 2846     		mov	r0, r5
 509 003a 02B0     		add	sp, sp, #8
 510              	.LCFI7:
 511              		.cfi_remember_state
 512              		.cfi_def_cfa_offset 16
 513              		@ sp needed
 514 003c 70BD     		pop	{r4, r5, r6, pc}
 515              	.LVL57:
 516              	.L27:
 517              	.LCFI8:
 518              		.cfi_restore_state
 148:Middlewares/LVGL/lvgl/src/draw/sw/lv_draw_sw_grad.c **** 
 519              		.loc 1 148 43 discriminator 1 view .LVU156
 520 003e 0025     		movs	r5, #0
 521 0040 FAE7     		b	.L23
 522              		.cfi_endproc
 523              	.LFE37:
 525              		.section	.text.lv_draw_sw_grad_cleanup,"ax",%progbits
 526              		.align	1
 527              		.global	lv_draw_sw_grad_cleanup
 528              		.syntax unified
 529              		.thumb
 530              		.thumb_func
 532              	lv_draw_sw_grad_cleanup:
 533              	.LVL58:
 534              	.LFB39:
 217:Middlewares/LVGL/lvgl/src/draw/sw/lv_draw_sw_grad.c **** 
 218:Middlewares/LVGL/lvgl/src/draw/sw/lv_draw_sw_grad.c **** void lv_draw_sw_grad_cleanup(lv_draw_sw_grad_calc_t * grad)
 219:Middlewares/LVGL/lvgl/src/draw/sw/lv_draw_sw_grad.c **** {
 535              		.loc 1 219 1 is_stmt 1 view -0
 536              		.cfi_startproc
 537              		@ args = 0, pretend = 0, frame = 0
 538              		@ frame_needed = 0, uses_anonymous_args = 0
 539              		.loc 1 219 1 is_stmt 0 view .LVU158
 540 0000 08B5     		push	{r3, lr}
 541              	.LCFI9:
ARM GAS  C:\Users\w1785\AppData\Local\Temp\ccNIPKPT.s 			page 16


 542              		.cfi_def_cfa_offset 8
 543              		.cfi_offset 3, -8
 544              		.cfi_offset 14, -4
 220:Middlewares/LVGL/lvgl/src/draw/sw/lv_draw_sw_grad.c ****     lv_free(grad);
 545              		.loc 1 220 5 is_stmt 1 view .LVU159
 546 0002 FFF7FEFF 		bl	lv_free
 547              	.LVL59:
 221:Middlewares/LVGL/lvgl/src/draw/sw/lv_draw_sw_grad.c **** }
 548              		.loc 1 221 1 is_stmt 0 view .LVU160
 549 0006 08BD     		pop	{r3, pc}
 550              		.cfi_endproc
 551              	.LFE39:
 553              		.text
 554              	.Letext0:
 555              		.file 2 "D:\\STM32CubeIDE\\STM32CubeIDE_2.1.1\\STM32CubeIDE\\plugins\\com.st.stm32cube.ide.mcu.ext
 556              		.file 3 "D:\\STM32CubeIDE\\STM32CubeIDE_2.1.1\\STM32CubeIDE\\plugins\\com.st.stm32cube.ide.mcu.ext
 557              		.file 4 "D:\\STM32CubeIDE\\STM32CubeIDE_2.1.1\\STM32CubeIDE\\plugins\\com.st.stm32cube.ide.mcu.ext
 558              		.file 5 "Middlewares/LVGL/lvgl/src/draw/sw/../../misc/lv_types.h"
 559              		.file 6 "Middlewares/LVGL/lvgl/src/draw/sw/../../misc/lv_color.h"
 560              		.file 7 "Middlewares/LVGL/lvgl/src/draw/sw/../../misc/../font/../draw/../misc/lv_area.h"
 561              		.file 8 "Middlewares/LVGL/lvgl/src/draw/sw/../../misc/lv_grad.h"
 562              		.file 9 "Middlewares/LVGL/lvgl/src/draw/sw/lv_draw_sw_grad.h"
 563              		.file 10 "Middlewares/LVGL/lvgl/src/draw/sw/../../misc/../stdlib/lv_mem.h"
ARM GAS  C:\Users\w1785\AppData\Local\Temp\ccNIPKPT.s 			page 17


DEFINED SYMBOLS
                            *ABS*:00000000 lv_draw_sw_grad.c
C:\Users\w1785\AppData\Local\Temp\ccNIPKPT.s:21     .text.allocate_item:00000000 $t
C:\Users\w1785\AppData\Local\Temp\ccNIPKPT.s:26     .text.allocate_item:00000000 allocate_item
C:\Users\w1785\AppData\Local\Temp\ccNIPKPT.s:142    .text.lv_draw_sw_grad_color_calculate:00000000 $t
C:\Users\w1785\AppData\Local\Temp\ccNIPKPT.s:148    .text.lv_draw_sw_grad_color_calculate:00000000 lv_draw_sw_grad_color_calculate
C:\Users\w1785\AppData\Local\Temp\ccNIPKPT.s:436    .text.lv_draw_sw_grad_get:00000000 $t
C:\Users\w1785\AppData\Local\Temp\ccNIPKPT.s:442    .text.lv_draw_sw_grad_get:00000000 lv_draw_sw_grad_get
C:\Users\w1785\AppData\Local\Temp\ccNIPKPT.s:526    .text.lv_draw_sw_grad_cleanup:00000000 $t
C:\Users\w1785\AppData\Local\Temp\ccNIPKPT.s:532    .text.lv_draw_sw_grad_cleanup:00000000 lv_draw_sw_grad_cleanup

UNDEFINED SYMBOLS
lv_malloc
lv_color_make
lv_free
