ARM GAS  C:\Users\w1785\AppData\Local\Temp\ccNOOzVv.s 			page 1


   1              		.cpu cortex-m4
   2              		.arch armv7e-m
   3              		.fpu fpv4-sp-d16
   4              		.eabi_attribute 27, 1
   5              		.eabi_attribute 28, 1
   6              		.eabi_attribute 20, 1
   7              		.eabi_attribute 21, 1
   8              		.eabi_attribute 23, 3
   9              		.eabi_attribute 24, 1
  10              		.eabi_attribute 25, 1
  11              		.eabi_attribute 26, 1
  12              		.eabi_attribute 30, 1
  13              		.eabi_attribute 34, 1
  14              		.eabi_attribute 18, 4
  15              		.file	"lv_image_header_cache.c"
  16              		.text
  17              	.Ltext0:
  18              		.cfi_sections	.debug_frame
  19              		.file 1 "Middlewares/LVGL/lvgl/src/misc/cache/instance/lv_image_header_cache.c"
  20              		.section	.text.image_header_cache_free_cb,"ax",%progbits
  21              		.align	1
  22              		.syntax unified
  23              		.thumb
  24              		.thumb_func
  26              	image_header_cache_free_cb:
  27              	.LVL0:
  28              	.LFB208:
   1:Middlewares/LVGL/lvgl/src/misc/cache/instance/lv_image_header_cache.c **** /**
   2:Middlewares/LVGL/lvgl/src/misc/cache/instance/lv_image_header_cache.c **** * @file lv_image_header_cache.c
   3:Middlewares/LVGL/lvgl/src/misc/cache/instance/lv_image_header_cache.c **** *
   4:Middlewares/LVGL/lvgl/src/misc/cache/instance/lv_image_header_cache.c ****  */
   5:Middlewares/LVGL/lvgl/src/misc/cache/instance/lv_image_header_cache.c **** 
   6:Middlewares/LVGL/lvgl/src/misc/cache/instance/lv_image_header_cache.c **** /*********************
   7:Middlewares/LVGL/lvgl/src/misc/cache/instance/lv_image_header_cache.c ****  *      INCLUDES
   8:Middlewares/LVGL/lvgl/src/misc/cache/instance/lv_image_header_cache.c ****  *********************/
   9:Middlewares/LVGL/lvgl/src/misc/cache/instance/lv_image_header_cache.c **** 
  10:Middlewares/LVGL/lvgl/src/misc/cache/instance/lv_image_header_cache.c **** #include "../../../draw/lv_image_decoder_private.h"
  11:Middlewares/LVGL/lvgl/src/misc/cache/instance/lv_image_header_cache.c **** #include "../../lv_assert.h"
  12:Middlewares/LVGL/lvgl/src/misc/cache/instance/lv_image_header_cache.c **** #include "../../../core/lv_global.h"
  13:Middlewares/LVGL/lvgl/src/misc/cache/instance/lv_image_header_cache.c **** 
  14:Middlewares/LVGL/lvgl/src/misc/cache/instance/lv_image_header_cache.c **** #include "lv_image_header_cache.h"
  15:Middlewares/LVGL/lvgl/src/misc/cache/instance/lv_image_header_cache.c **** #include "../../lv_iter.h"
  16:Middlewares/LVGL/lvgl/src/misc/cache/instance/lv_image_header_cache.c **** 
  17:Middlewares/LVGL/lvgl/src/misc/cache/instance/lv_image_header_cache.c **** /*********************
  18:Middlewares/LVGL/lvgl/src/misc/cache/instance/lv_image_header_cache.c ****  *      DEFINES
  19:Middlewares/LVGL/lvgl/src/misc/cache/instance/lv_image_header_cache.c ****  *********************/
  20:Middlewares/LVGL/lvgl/src/misc/cache/instance/lv_image_header_cache.c **** 
  21:Middlewares/LVGL/lvgl/src/misc/cache/instance/lv_image_header_cache.c **** #define CACHE_NAME  "IMAGE_HEADER"
  22:Middlewares/LVGL/lvgl/src/misc/cache/instance/lv_image_header_cache.c **** 
  23:Middlewares/LVGL/lvgl/src/misc/cache/instance/lv_image_header_cache.c **** #define img_header_cache_p (LV_GLOBAL_DEFAULT()->img_header_cache)
  24:Middlewares/LVGL/lvgl/src/misc/cache/instance/lv_image_header_cache.c **** 
  25:Middlewares/LVGL/lvgl/src/misc/cache/instance/lv_image_header_cache.c **** /**********************
  26:Middlewares/LVGL/lvgl/src/misc/cache/instance/lv_image_header_cache.c ****  *      TYPEDEFS
  27:Middlewares/LVGL/lvgl/src/misc/cache/instance/lv_image_header_cache.c ****  **********************/
  28:Middlewares/LVGL/lvgl/src/misc/cache/instance/lv_image_header_cache.c **** 
  29:Middlewares/LVGL/lvgl/src/misc/cache/instance/lv_image_header_cache.c **** /**********************
  30:Middlewares/LVGL/lvgl/src/misc/cache/instance/lv_image_header_cache.c ****  *  STATIC PROTOTYPES
ARM GAS  C:\Users\w1785\AppData\Local\Temp\ccNOOzVv.s 			page 2


  31:Middlewares/LVGL/lvgl/src/misc/cache/instance/lv_image_header_cache.c ****  **********************/
  32:Middlewares/LVGL/lvgl/src/misc/cache/instance/lv_image_header_cache.c **** 
  33:Middlewares/LVGL/lvgl/src/misc/cache/instance/lv_image_header_cache.c **** static lv_cache_compare_res_t image_header_cache_compare_cb(const lv_image_header_cache_data_t * lh
  34:Middlewares/LVGL/lvgl/src/misc/cache/instance/lv_image_header_cache.c ****                                                             const lv_image_header_cache_data_t * rh
  35:Middlewares/LVGL/lvgl/src/misc/cache/instance/lv_image_header_cache.c **** static void image_header_cache_free_cb(lv_image_header_cache_data_t * entry, void * user_data);
  36:Middlewares/LVGL/lvgl/src/misc/cache/instance/lv_image_header_cache.c **** static void iter_inspect_cb(void * elem);
  37:Middlewares/LVGL/lvgl/src/misc/cache/instance/lv_image_header_cache.c **** 
  38:Middlewares/LVGL/lvgl/src/misc/cache/instance/lv_image_header_cache.c **** /**********************
  39:Middlewares/LVGL/lvgl/src/misc/cache/instance/lv_image_header_cache.c ****  *  GLOBAL VARIABLES
  40:Middlewares/LVGL/lvgl/src/misc/cache/instance/lv_image_header_cache.c ****  **********************/
  41:Middlewares/LVGL/lvgl/src/misc/cache/instance/lv_image_header_cache.c **** 
  42:Middlewares/LVGL/lvgl/src/misc/cache/instance/lv_image_header_cache.c **** /**********************
  43:Middlewares/LVGL/lvgl/src/misc/cache/instance/lv_image_header_cache.c ****  *  STATIC VARIABLES
  44:Middlewares/LVGL/lvgl/src/misc/cache/instance/lv_image_header_cache.c ****  **********************/
  45:Middlewares/LVGL/lvgl/src/misc/cache/instance/lv_image_header_cache.c **** 
  46:Middlewares/LVGL/lvgl/src/misc/cache/instance/lv_image_header_cache.c **** /**********************
  47:Middlewares/LVGL/lvgl/src/misc/cache/instance/lv_image_header_cache.c ****  *      MACROS
  48:Middlewares/LVGL/lvgl/src/misc/cache/instance/lv_image_header_cache.c ****  **********************/
  49:Middlewares/LVGL/lvgl/src/misc/cache/instance/lv_image_header_cache.c **** 
  50:Middlewares/LVGL/lvgl/src/misc/cache/instance/lv_image_header_cache.c **** /**********************
  51:Middlewares/LVGL/lvgl/src/misc/cache/instance/lv_image_header_cache.c ****  *   GLOBAL FUNCTIONS
  52:Middlewares/LVGL/lvgl/src/misc/cache/instance/lv_image_header_cache.c ****  **********************/
  53:Middlewares/LVGL/lvgl/src/misc/cache/instance/lv_image_header_cache.c **** 
  54:Middlewares/LVGL/lvgl/src/misc/cache/instance/lv_image_header_cache.c **** lv_result_t lv_image_header_cache_init(uint32_t count)
  55:Middlewares/LVGL/lvgl/src/misc/cache/instance/lv_image_header_cache.c **** {
  56:Middlewares/LVGL/lvgl/src/misc/cache/instance/lv_image_header_cache.c ****     if(img_header_cache_p != NULL) {
  57:Middlewares/LVGL/lvgl/src/misc/cache/instance/lv_image_header_cache.c ****         return LV_RESULT_OK;
  58:Middlewares/LVGL/lvgl/src/misc/cache/instance/lv_image_header_cache.c ****     }
  59:Middlewares/LVGL/lvgl/src/misc/cache/instance/lv_image_header_cache.c **** 
  60:Middlewares/LVGL/lvgl/src/misc/cache/instance/lv_image_header_cache.c ****     img_header_cache_p = lv_cache_create(&lv_cache_class_lru_rb_count,
  61:Middlewares/LVGL/lvgl/src/misc/cache/instance/lv_image_header_cache.c ****     sizeof(lv_image_header_cache_data_t), count, (lv_cache_ops_t) {
  62:Middlewares/LVGL/lvgl/src/misc/cache/instance/lv_image_header_cache.c ****         .compare_cb = (lv_cache_compare_cb_t) image_header_cache_compare_cb,
  63:Middlewares/LVGL/lvgl/src/misc/cache/instance/lv_image_header_cache.c ****         .create_cb = NULL,
  64:Middlewares/LVGL/lvgl/src/misc/cache/instance/lv_image_header_cache.c ****         .free_cb = (lv_cache_free_cb_t) image_header_cache_free_cb
  65:Middlewares/LVGL/lvgl/src/misc/cache/instance/lv_image_header_cache.c ****     });
  66:Middlewares/LVGL/lvgl/src/misc/cache/instance/lv_image_header_cache.c **** 
  67:Middlewares/LVGL/lvgl/src/misc/cache/instance/lv_image_header_cache.c ****     lv_cache_set_name(img_header_cache_p, CACHE_NAME);
  68:Middlewares/LVGL/lvgl/src/misc/cache/instance/lv_image_header_cache.c ****     return img_header_cache_p != NULL ? LV_RESULT_OK : LV_RESULT_INVALID;
  69:Middlewares/LVGL/lvgl/src/misc/cache/instance/lv_image_header_cache.c **** }
  70:Middlewares/LVGL/lvgl/src/misc/cache/instance/lv_image_header_cache.c **** 
  71:Middlewares/LVGL/lvgl/src/misc/cache/instance/lv_image_header_cache.c **** void lv_image_header_cache_resize(uint32_t count, bool evict_now)
  72:Middlewares/LVGL/lvgl/src/misc/cache/instance/lv_image_header_cache.c **** {
  73:Middlewares/LVGL/lvgl/src/misc/cache/instance/lv_image_header_cache.c ****     lv_cache_set_max_size(img_header_cache_p, count, NULL);
  74:Middlewares/LVGL/lvgl/src/misc/cache/instance/lv_image_header_cache.c ****     if(evict_now) {
  75:Middlewares/LVGL/lvgl/src/misc/cache/instance/lv_image_header_cache.c ****         lv_cache_reserve(img_header_cache_p, count, NULL);
  76:Middlewares/LVGL/lvgl/src/misc/cache/instance/lv_image_header_cache.c ****     }
  77:Middlewares/LVGL/lvgl/src/misc/cache/instance/lv_image_header_cache.c **** }
  78:Middlewares/LVGL/lvgl/src/misc/cache/instance/lv_image_header_cache.c **** 
  79:Middlewares/LVGL/lvgl/src/misc/cache/instance/lv_image_header_cache.c **** void lv_image_header_cache_drop(const void * src)
  80:Middlewares/LVGL/lvgl/src/misc/cache/instance/lv_image_header_cache.c **** {
  81:Middlewares/LVGL/lvgl/src/misc/cache/instance/lv_image_header_cache.c ****     if(src == NULL) {
  82:Middlewares/LVGL/lvgl/src/misc/cache/instance/lv_image_header_cache.c ****         lv_cache_drop_all(img_header_cache_p, NULL);
  83:Middlewares/LVGL/lvgl/src/misc/cache/instance/lv_image_header_cache.c ****         return;
  84:Middlewares/LVGL/lvgl/src/misc/cache/instance/lv_image_header_cache.c ****     }
  85:Middlewares/LVGL/lvgl/src/misc/cache/instance/lv_image_header_cache.c **** 
  86:Middlewares/LVGL/lvgl/src/misc/cache/instance/lv_image_header_cache.c ****     lv_image_header_cache_data_t search_key = {
  87:Middlewares/LVGL/lvgl/src/misc/cache/instance/lv_image_header_cache.c ****         .src = src,
ARM GAS  C:\Users\w1785\AppData\Local\Temp\ccNOOzVv.s 			page 3


  88:Middlewares/LVGL/lvgl/src/misc/cache/instance/lv_image_header_cache.c ****         .src_type = lv_image_src_get_type(src),
  89:Middlewares/LVGL/lvgl/src/misc/cache/instance/lv_image_header_cache.c ****     };
  90:Middlewares/LVGL/lvgl/src/misc/cache/instance/lv_image_header_cache.c **** 
  91:Middlewares/LVGL/lvgl/src/misc/cache/instance/lv_image_header_cache.c ****     lv_cache_drop(img_header_cache_p, &search_key, NULL);
  92:Middlewares/LVGL/lvgl/src/misc/cache/instance/lv_image_header_cache.c **** }
  93:Middlewares/LVGL/lvgl/src/misc/cache/instance/lv_image_header_cache.c **** 
  94:Middlewares/LVGL/lvgl/src/misc/cache/instance/lv_image_header_cache.c **** bool lv_image_header_cache_is_enabled(void)
  95:Middlewares/LVGL/lvgl/src/misc/cache/instance/lv_image_header_cache.c **** {
  96:Middlewares/LVGL/lvgl/src/misc/cache/instance/lv_image_header_cache.c ****     return lv_cache_is_enabled(img_header_cache_p);
  97:Middlewares/LVGL/lvgl/src/misc/cache/instance/lv_image_header_cache.c **** }
  98:Middlewares/LVGL/lvgl/src/misc/cache/instance/lv_image_header_cache.c **** 
  99:Middlewares/LVGL/lvgl/src/misc/cache/instance/lv_image_header_cache.c **** lv_iter_t * lv_image_header_cache_iter_create(void)
 100:Middlewares/LVGL/lvgl/src/misc/cache/instance/lv_image_header_cache.c **** {
 101:Middlewares/LVGL/lvgl/src/misc/cache/instance/lv_image_header_cache.c ****     return lv_cache_iter_create(img_header_cache_p);
 102:Middlewares/LVGL/lvgl/src/misc/cache/instance/lv_image_header_cache.c **** }
 103:Middlewares/LVGL/lvgl/src/misc/cache/instance/lv_image_header_cache.c **** 
 104:Middlewares/LVGL/lvgl/src/misc/cache/instance/lv_image_header_cache.c **** void lv_image_header_cache_dump(void)
 105:Middlewares/LVGL/lvgl/src/misc/cache/instance/lv_image_header_cache.c **** {
 106:Middlewares/LVGL/lvgl/src/misc/cache/instance/lv_image_header_cache.c ****     lv_iter_t * iter = lv_image_header_cache_iter_create();
 107:Middlewares/LVGL/lvgl/src/misc/cache/instance/lv_image_header_cache.c ****     if(iter == NULL) return;
 108:Middlewares/LVGL/lvgl/src/misc/cache/instance/lv_image_header_cache.c **** 
 109:Middlewares/LVGL/lvgl/src/misc/cache/instance/lv_image_header_cache.c ****     LV_LOG_USER("Image cache dump:");
 110:Middlewares/LVGL/lvgl/src/misc/cache/instance/lv_image_header_cache.c ****     LV_LOG_USER("\tsize\tdata_size\tcf\trc\ttype\tdecoded\t\t\tsrc");
 111:Middlewares/LVGL/lvgl/src/misc/cache/instance/lv_image_header_cache.c ****     lv_iter_inspect(iter, iter_inspect_cb);
 112:Middlewares/LVGL/lvgl/src/misc/cache/instance/lv_image_header_cache.c ****     lv_iter_destroy(iter);
 113:Middlewares/LVGL/lvgl/src/misc/cache/instance/lv_image_header_cache.c **** }
 114:Middlewares/LVGL/lvgl/src/misc/cache/instance/lv_image_header_cache.c **** 
 115:Middlewares/LVGL/lvgl/src/misc/cache/instance/lv_image_header_cache.c **** /**********************
 116:Middlewares/LVGL/lvgl/src/misc/cache/instance/lv_image_header_cache.c ****  *   STATIC FUNCTIONS
 117:Middlewares/LVGL/lvgl/src/misc/cache/instance/lv_image_header_cache.c ****  **********************/
 118:Middlewares/LVGL/lvgl/src/misc/cache/instance/lv_image_header_cache.c **** 
 119:Middlewares/LVGL/lvgl/src/misc/cache/instance/lv_image_header_cache.c **** inline static lv_cache_compare_res_t image_cache_common_compare(const void * lhs_src, lv_image_src_
 120:Middlewares/LVGL/lvgl/src/misc/cache/instance/lv_image_header_cache.c ****                                                                 const void * rhs_src, lv_image_src_
 121:Middlewares/LVGL/lvgl/src/misc/cache/instance/lv_image_header_cache.c **** {
 122:Middlewares/LVGL/lvgl/src/misc/cache/instance/lv_image_header_cache.c ****     if(lhs_src_type == rhs_src_type) {
 123:Middlewares/LVGL/lvgl/src/misc/cache/instance/lv_image_header_cache.c ****         if(lhs_src_type == LV_IMAGE_SRC_FILE) {
 124:Middlewares/LVGL/lvgl/src/misc/cache/instance/lv_image_header_cache.c ****             int32_t cmp_res = lv_strcmp(lhs_src, rhs_src);
 125:Middlewares/LVGL/lvgl/src/misc/cache/instance/lv_image_header_cache.c ****             if(cmp_res != 0) {
 126:Middlewares/LVGL/lvgl/src/misc/cache/instance/lv_image_header_cache.c ****                 return cmp_res > 0 ? 1 : -1;
 127:Middlewares/LVGL/lvgl/src/misc/cache/instance/lv_image_header_cache.c ****             }
 128:Middlewares/LVGL/lvgl/src/misc/cache/instance/lv_image_header_cache.c ****         }
 129:Middlewares/LVGL/lvgl/src/misc/cache/instance/lv_image_header_cache.c ****         else if(lhs_src_type == LV_IMAGE_SRC_VARIABLE) {
 130:Middlewares/LVGL/lvgl/src/misc/cache/instance/lv_image_header_cache.c ****             if(lhs_src != rhs_src) {
 131:Middlewares/LVGL/lvgl/src/misc/cache/instance/lv_image_header_cache.c ****                 return lhs_src > rhs_src ? 1 : -1;
 132:Middlewares/LVGL/lvgl/src/misc/cache/instance/lv_image_header_cache.c ****             }
 133:Middlewares/LVGL/lvgl/src/misc/cache/instance/lv_image_header_cache.c ****         }
 134:Middlewares/LVGL/lvgl/src/misc/cache/instance/lv_image_header_cache.c ****         return 0;
 135:Middlewares/LVGL/lvgl/src/misc/cache/instance/lv_image_header_cache.c ****     }
 136:Middlewares/LVGL/lvgl/src/misc/cache/instance/lv_image_header_cache.c ****     return lhs_src_type > rhs_src_type ? 1 : -1;
 137:Middlewares/LVGL/lvgl/src/misc/cache/instance/lv_image_header_cache.c **** }
 138:Middlewares/LVGL/lvgl/src/misc/cache/instance/lv_image_header_cache.c **** 
 139:Middlewares/LVGL/lvgl/src/misc/cache/instance/lv_image_header_cache.c **** static lv_cache_compare_res_t image_header_cache_compare_cb(
 140:Middlewares/LVGL/lvgl/src/misc/cache/instance/lv_image_header_cache.c ****     const lv_image_header_cache_data_t * lhs,
 141:Middlewares/LVGL/lvgl/src/misc/cache/instance/lv_image_header_cache.c ****     const lv_image_header_cache_data_t * rhs)
 142:Middlewares/LVGL/lvgl/src/misc/cache/instance/lv_image_header_cache.c **** {
 143:Middlewares/LVGL/lvgl/src/misc/cache/instance/lv_image_header_cache.c ****     return image_cache_common_compare(lhs->src, lhs->src_type, rhs->src, rhs->src_type);
 144:Middlewares/LVGL/lvgl/src/misc/cache/instance/lv_image_header_cache.c **** }
ARM GAS  C:\Users\w1785\AppData\Local\Temp\ccNOOzVv.s 			page 4


 145:Middlewares/LVGL/lvgl/src/misc/cache/instance/lv_image_header_cache.c **** 
 146:Middlewares/LVGL/lvgl/src/misc/cache/instance/lv_image_header_cache.c **** static void image_header_cache_free_cb(lv_image_header_cache_data_t * entry, void * user_data)
 147:Middlewares/LVGL/lvgl/src/misc/cache/instance/lv_image_header_cache.c **** {
  29              		.loc 1 147 1 view -0
  30              		.cfi_startproc
  31              		@ args = 0, pretend = 0, frame = 0
  32              		@ frame_needed = 0, uses_anonymous_args = 0
  33              		.loc 1 147 1 is_stmt 0 view .LVU1
  34 0000 08B5     		push	{r3, lr}
  35              	.LCFI0:
  36              		.cfi_def_cfa_offset 8
  37              		.cfi_offset 3, -8
  38              		.cfi_offset 14, -4
 148:Middlewares/LVGL/lvgl/src/misc/cache/instance/lv_image_header_cache.c ****     LV_UNUSED(user_data); /*Unused*/
  39              		.loc 1 148 5 is_stmt 1 view .LVU2
 149:Middlewares/LVGL/lvgl/src/misc/cache/instance/lv_image_header_cache.c **** 
 150:Middlewares/LVGL/lvgl/src/misc/cache/instance/lv_image_header_cache.c ****     if(entry->src_type == LV_IMAGE_SRC_FILE) lv_free((void *)entry->src);
  40              		.loc 1 150 5 view .LVU3
  41              		.loc 1 150 13 is_stmt 0 view .LVU4
  42 0002 0379     		ldrb	r3, [r0, #4]	@ zero_extendqisi2
  43              		.loc 1 150 7 view .LVU5
  44 0004 012B     		cmp	r3, #1
  45 0006 00D0     		beq	.L4
  46              	.LVL1:
  47              	.L1:
 151:Middlewares/LVGL/lvgl/src/misc/cache/instance/lv_image_header_cache.c **** }
  48              		.loc 1 151 1 view .LVU6
  49 0008 08BD     		pop	{r3, pc}
  50              	.LVL2:
  51              	.L4:
 150:Middlewares/LVGL/lvgl/src/misc/cache/instance/lv_image_header_cache.c **** }
  52              		.loc 1 150 46 is_stmt 1 discriminator 1 view .LVU7
  53 000a 0068     		ldr	r0, [r0]
  54              	.LVL3:
 150:Middlewares/LVGL/lvgl/src/misc/cache/instance/lv_image_header_cache.c **** }
  55              		.loc 1 150 46 is_stmt 0 discriminator 1 view .LVU8
  56 000c FFF7FEFF 		bl	lv_free
  57              	.LVL4:
  58              		.loc 1 151 1 view .LVU9
  59 0010 FAE7     		b	.L1
  60              		.cfi_endproc
  61              	.LFE208:
  63              		.section	.text.image_cache_common_compare,"ax",%progbits
  64              		.align	1
  65              		.syntax unified
  66              		.thumb
  67              		.thumb_func
  69              	image_cache_common_compare:
  70              	.LVL5:
  71              	.LFB206:
 121:Middlewares/LVGL/lvgl/src/misc/cache/instance/lv_image_header_cache.c ****     if(lhs_src_type == rhs_src_type) {
  72              		.loc 1 121 1 is_stmt 1 view -0
  73              		.cfi_startproc
  74              		@ args = 0, pretend = 0, frame = 0
  75              		@ frame_needed = 0, uses_anonymous_args = 0
 122:Middlewares/LVGL/lvgl/src/misc/cache/instance/lv_image_header_cache.c ****         if(lhs_src_type == LV_IMAGE_SRC_FILE) {
  76              		.loc 1 122 5 view .LVU11
ARM GAS  C:\Users\w1785\AppData\Local\Temp\ccNOOzVv.s 			page 5


 122:Middlewares/LVGL/lvgl/src/misc/cache/instance/lv_image_header_cache.c ****         if(lhs_src_type == LV_IMAGE_SRC_FILE) {
  77              		.loc 1 122 7 is_stmt 0 view .LVU12
  78 0000 9942     		cmp	r1, r3
  79 0002 03D0     		beq	.L20
 136:Middlewares/LVGL/lvgl/src/misc/cache/instance/lv_image_header_cache.c **** }
  80              		.loc 1 136 5 is_stmt 1 view .LVU13
 136:Middlewares/LVGL/lvgl/src/misc/cache/instance/lv_image_header_cache.c **** }
  81              		.loc 1 136 44 is_stmt 0 view .LVU14
  82 0004 9942     		cmp	r1, r3
  83 0006 1AD9     		bls	.L14
 136:Middlewares/LVGL/lvgl/src/misc/cache/instance/lv_image_header_cache.c **** }
  84              		.loc 1 136 44 discriminator 1 view .LVU15
  85 0008 0120     		movs	r0, #1
  86              	.LVL6:
 136:Middlewares/LVGL/lvgl/src/misc/cache/instance/lv_image_header_cache.c **** }
  87              		.loc 1 136 44 discriminator 1 view .LVU16
  88 000a 7047     		bx	lr
  89              	.LVL7:
  90              	.L20:
 123:Middlewares/LVGL/lvgl/src/misc/cache/instance/lv_image_header_cache.c ****             int32_t cmp_res = lv_strcmp(lhs_src, rhs_src);
  91              		.loc 1 123 9 is_stmt 1 view .LVU17
 123:Middlewares/LVGL/lvgl/src/misc/cache/instance/lv_image_header_cache.c ****             int32_t cmp_res = lv_strcmp(lhs_src, rhs_src);
  92              		.loc 1 123 11 is_stmt 0 view .LVU18
  93 000c 0129     		cmp	r1, #1
  94 000e 05D0     		beq	.L21
 129:Middlewares/LVGL/lvgl/src/misc/cache/instance/lv_image_header_cache.c ****             if(lhs_src != rhs_src) {
  95              		.loc 1 129 14 is_stmt 1 view .LVU19
 129:Middlewares/LVGL/lvgl/src/misc/cache/instance/lv_image_header_cache.c ****             if(lhs_src != rhs_src) {
  96              		.loc 1 129 16 is_stmt 0 view .LVU20
  97 0010 C1B9     		cbnz	r1, .L16
 130:Middlewares/LVGL/lvgl/src/misc/cache/instance/lv_image_header_cache.c ****                 return lhs_src > rhs_src ? 1 : -1;
  98              		.loc 1 130 13 is_stmt 1 view .LVU21
 130:Middlewares/LVGL/lvgl/src/misc/cache/instance/lv_image_header_cache.c ****                 return lhs_src > rhs_src ? 1 : -1;
  99              		.loc 1 130 15 is_stmt 0 view .LVU22
 100 0012 9042     		cmp	r0, r2
 101 0014 16D0     		beq	.L16
 131:Middlewares/LVGL/lvgl/src/misc/cache/instance/lv_image_header_cache.c ****             }
 102              		.loc 1 131 17 is_stmt 1 view .LVU23
 131:Middlewares/LVGL/lvgl/src/misc/cache/instance/lv_image_header_cache.c ****             }
 103              		.loc 1 131 46 is_stmt 0 view .LVU24
 104 0016 0DD9     		bls	.L13
 131:Middlewares/LVGL/lvgl/src/misc/cache/instance/lv_image_header_cache.c ****             }
 105              		.loc 1 131 46 discriminator 1 view .LVU25
 106 0018 0120     		movs	r0, #1
 107              	.LVL8:
 131:Middlewares/LVGL/lvgl/src/misc/cache/instance/lv_image_header_cache.c ****             }
 108              		.loc 1 131 46 discriminator 1 view .LVU26
 109 001a 7047     		bx	lr
 110              	.LVL9:
 111              	.L21:
 121:Middlewares/LVGL/lvgl/src/misc/cache/instance/lv_image_header_cache.c ****     if(lhs_src_type == rhs_src_type) {
 112              		.loc 1 121 1 view .LVU27
 113 001c 08B5     		push	{r3, lr}
 114              	.LCFI1:
 115              		.cfi_def_cfa_offset 8
 116              		.cfi_offset 3, -8
 117              		.cfi_offset 14, -4
ARM GAS  C:\Users\w1785\AppData\Local\Temp\ccNOOzVv.s 			page 6


 118              	.LBB2:
 124:Middlewares/LVGL/lvgl/src/misc/cache/instance/lv_image_header_cache.c ****             if(cmp_res != 0) {
 119              		.loc 1 124 13 is_stmt 1 view .LVU28
 124:Middlewares/LVGL/lvgl/src/misc/cache/instance/lv_image_header_cache.c ****             if(cmp_res != 0) {
 120              		.loc 1 124 31 is_stmt 0 view .LVU29
 121 001e 1146     		mov	r1, r2
 122              	.LVL10:
 124:Middlewares/LVGL/lvgl/src/misc/cache/instance/lv_image_header_cache.c ****             if(cmp_res != 0) {
 123              		.loc 1 124 31 view .LVU30
 124 0020 FFF7FEFF 		bl	lv_strcmp
 125              	.LVL11:
 125:Middlewares/LVGL/lvgl/src/misc/cache/instance/lv_image_header_cache.c ****                 return cmp_res > 0 ? 1 : -1;
 126              		.loc 1 125 13 is_stmt 1 view .LVU31
 125:Middlewares/LVGL/lvgl/src/misc/cache/instance/lv_image_header_cache.c ****                 return cmp_res > 0 ? 1 : -1;
 127              		.loc 1 125 15 is_stmt 0 view .LVU32
 128 0024 48B1     		cbz	r0, .L8
 126:Middlewares/LVGL/lvgl/src/misc/cache/instance/lv_image_header_cache.c ****             }
 129              		.loc 1 126 17 is_stmt 1 view .LVU33
 126:Middlewares/LVGL/lvgl/src/misc/cache/instance/lv_image_header_cache.c ****             }
 130              		.loc 1 126 40 is_stmt 0 view .LVU34
 131 0026 0028     		cmp	r0, #0
 132 0028 01DD     		ble	.L12
 126:Middlewares/LVGL/lvgl/src/misc/cache/instance/lv_image_header_cache.c ****             }
 133              		.loc 1 126 40 discriminator 1 view .LVU35
 134 002a 0120     		movs	r0, #1
 135              	.LVL12:
 126:Middlewares/LVGL/lvgl/src/misc/cache/instance/lv_image_header_cache.c ****             }
 136              		.loc 1 126 40 discriminator 1 view .LVU36
 137 002c 06E0     		b	.L5
 138              	.LVL13:
 139              	.L12:
 126:Middlewares/LVGL/lvgl/src/misc/cache/instance/lv_image_header_cache.c ****             }
 140              		.loc 1 126 40 discriminator 2 view .LVU37
 141 002e 4FF0FF30 		mov	r0, #-1
 142              	.LVL14:
 126:Middlewares/LVGL/lvgl/src/misc/cache/instance/lv_image_header_cache.c ****             }
 143              		.loc 1 126 40 view .LVU38
 144 0032 03E0     		b	.L5
 145              	.LVL15:
 146              	.L13:
 147              	.LCFI2:
 148              		.cfi_def_cfa_offset 0
 149              		.cfi_restore 3
 150              		.cfi_restore 14
 126:Middlewares/LVGL/lvgl/src/misc/cache/instance/lv_image_header_cache.c ****             }
 151              		.loc 1 126 40 view .LVU39
 152              	.LBE2:
 131:Middlewares/LVGL/lvgl/src/misc/cache/instance/lv_image_header_cache.c ****             }
 153              		.loc 1 131 46 discriminator 2 view .LVU40
 154 0034 4FF0FF30 		mov	r0, #-1
 155              	.LVL16:
 131:Middlewares/LVGL/lvgl/src/misc/cache/instance/lv_image_header_cache.c ****             }
 156              		.loc 1 131 46 view .LVU41
 157 0038 7047     		bx	lr
 158              	.LVL17:
 159              	.L8:
 160              	.LCFI3:
ARM GAS  C:\Users\w1785\AppData\Local\Temp\ccNOOzVv.s 			page 7


 161              		.cfi_def_cfa_offset 8
 162              		.cfi_offset 3, -8
 163              		.cfi_offset 14, -4
 134:Middlewares/LVGL/lvgl/src/misc/cache/instance/lv_image_header_cache.c ****     }
 164              		.loc 1 134 9 is_stmt 1 view .LVU42
 134:Middlewares/LVGL/lvgl/src/misc/cache/instance/lv_image_header_cache.c ****     }
 165              		.loc 1 134 16 is_stmt 0 view .LVU43
 166 003a 0020     		movs	r0, #0
 167              	.LVL18:
 168              	.L5:
 137:Middlewares/LVGL/lvgl/src/misc/cache/instance/lv_image_header_cache.c **** 
 169              		.loc 1 137 1 view .LVU44
 170 003c 08BD     		pop	{r3, pc}
 171              	.LVL19:
 172              	.L14:
 173              	.LCFI4:
 174              		.cfi_def_cfa_offset 0
 175              		.cfi_restore 3
 176              		.cfi_restore 14
 136:Middlewares/LVGL/lvgl/src/misc/cache/instance/lv_image_header_cache.c **** }
 177              		.loc 1 136 44 discriminator 2 view .LVU45
 178 003e 4FF0FF30 		mov	r0, #-1
 179              	.LVL20:
 136:Middlewares/LVGL/lvgl/src/misc/cache/instance/lv_image_header_cache.c **** }
 180              		.loc 1 136 44 discriminator 2 view .LVU46
 181 0042 7047     		bx	lr
 182              	.LVL21:
 183              	.L16:
 134:Middlewares/LVGL/lvgl/src/misc/cache/instance/lv_image_header_cache.c ****     }
 184              		.loc 1 134 9 is_stmt 1 view .LVU47
 134:Middlewares/LVGL/lvgl/src/misc/cache/instance/lv_image_header_cache.c ****     }
 185              		.loc 1 134 16 is_stmt 0 view .LVU48
 186 0044 0020     		movs	r0, #0
 187              	.LVL22:
 137:Middlewares/LVGL/lvgl/src/misc/cache/instance/lv_image_header_cache.c **** 
 188              		.loc 1 137 1 view .LVU49
 189 0046 7047     		bx	lr
 190              		.cfi_endproc
 191              	.LFE206:
 193              		.section	.text.image_header_cache_compare_cb,"ax",%progbits
 194              		.align	1
 195              		.syntax unified
 196              		.thumb
 197              		.thumb_func
 199              	image_header_cache_compare_cb:
 200              	.LVL23:
 201              	.LFB207:
 142:Middlewares/LVGL/lvgl/src/misc/cache/instance/lv_image_header_cache.c ****     return image_cache_common_compare(lhs->src, lhs->src_type, rhs->src, rhs->src_type);
 202              		.loc 1 142 1 is_stmt 1 view -0
 203              		.cfi_startproc
 204              		@ args = 0, pretend = 0, frame = 0
 205              		@ frame_needed = 0, uses_anonymous_args = 0
 142:Middlewares/LVGL/lvgl/src/misc/cache/instance/lv_image_header_cache.c ****     return image_cache_common_compare(lhs->src, lhs->src_type, rhs->src, rhs->src_type);
 206              		.loc 1 142 1 is_stmt 0 view .LVU51
 207 0000 08B5     		push	{r3, lr}
 208              	.LCFI5:
 209              		.cfi_def_cfa_offset 8
ARM GAS  C:\Users\w1785\AppData\Local\Temp\ccNOOzVv.s 			page 8


 210              		.cfi_offset 3, -8
 211              		.cfi_offset 14, -4
 143:Middlewares/LVGL/lvgl/src/misc/cache/instance/lv_image_header_cache.c **** }
 212              		.loc 1 143 5 is_stmt 1 view .LVU52
 143:Middlewares/LVGL/lvgl/src/misc/cache/instance/lv_image_header_cache.c **** }
 213              		.loc 1 143 12 is_stmt 0 view .LVU53
 214 0002 0B79     		ldrb	r3, [r1, #4]	@ zero_extendqisi2
 215 0004 0A68     		ldr	r2, [r1]
 216 0006 0179     		ldrb	r1, [r0, #4]	@ zero_extendqisi2
 217              	.LVL24:
 143:Middlewares/LVGL/lvgl/src/misc/cache/instance/lv_image_header_cache.c **** }
 218              		.loc 1 143 12 view .LVU54
 219 0008 0068     		ldr	r0, [r0]
 220              	.LVL25:
 143:Middlewares/LVGL/lvgl/src/misc/cache/instance/lv_image_header_cache.c **** }
 221              		.loc 1 143 12 view .LVU55
 222 000a FFF7FEFF 		bl	image_cache_common_compare
 223              	.LVL26:
 144:Middlewares/LVGL/lvgl/src/misc/cache/instance/lv_image_header_cache.c **** 
 224              		.loc 1 144 1 view .LVU56
 225 000e 08BD     		pop	{r3, pc}
 226              		.cfi_endproc
 227              	.LFE207:
 229              		.section	.text.iter_inspect_cb,"ax",%progbits
 230              		.align	1
 231              		.syntax unified
 232              		.thumb
 233              		.thumb_func
 235              	iter_inspect_cb:
 236              	.LVL27:
 237              	.LFB209:
 152:Middlewares/LVGL/lvgl/src/misc/cache/instance/lv_image_header_cache.c **** 
 153:Middlewares/LVGL/lvgl/src/misc/cache/instance/lv_image_header_cache.c **** static void iter_inspect_cb(void * elem)
 154:Middlewares/LVGL/lvgl/src/misc/cache/instance/lv_image_header_cache.c **** {
 238              		.loc 1 154 1 is_stmt 1 view -0
 239              		.cfi_startproc
 240              		@ args = 0, pretend = 0, frame = 0
 241              		@ frame_needed = 0, uses_anonymous_args = 0
 242              		.loc 1 154 1 is_stmt 0 view .LVU58
 243 0000 08B5     		push	{r3, lr}
 244              	.LCFI6:
 245              		.cfi_def_cfa_offset 8
 246              		.cfi_offset 3, -8
 247              		.cfi_offset 14, -4
 155:Middlewares/LVGL/lvgl/src/misc/cache/instance/lv_image_header_cache.c ****     lv_image_cache_data_t * data = (lv_image_cache_data_t *)elem;
 248              		.loc 1 155 5 is_stmt 1 view .LVU59
 249              	.LVL28:
 156:Middlewares/LVGL/lvgl/src/misc/cache/instance/lv_image_header_cache.c ****     lv_draw_buf_t * decoded = (lv_draw_buf_t *)data->decoded;
 250              		.loc 1 156 5 view .LVU60
 157:Middlewares/LVGL/lvgl/src/misc/cache/instance/lv_image_header_cache.c ****     lv_image_header_t * header = &decoded->header;
 251              		.loc 1 157 5 view .LVU61
 158:Middlewares/LVGL/lvgl/src/misc/cache/instance/lv_image_header_cache.c ****     lv_cache_entry_t * entry = lv_cache_entry_get_entry(data, img_header_cache_p->node_size);
 252              		.loc 1 158 5 view .LVU62
 253              		.loc 1 158 63 is_stmt 0 view .LVU63
 254 0002 034B     		ldr	r3, .L26
 255 0004 D3F83031 		ldr	r3, [r3, #304]
 256              		.loc 1 158 32 view .LVU64
ARM GAS  C:\Users\w1785\AppData\Local\Temp\ccNOOzVv.s 			page 9


 257 0008 5968     		ldr	r1, [r3, #4]
 258 000a FFF7FEFF 		bl	lv_cache_entry_get_entry
 259              	.LVL29:
 159:Middlewares/LVGL/lvgl/src/misc/cache/instance/lv_image_header_cache.c **** 
 160:Middlewares/LVGL/lvgl/src/misc/cache/instance/lv_image_header_cache.c ****     LV_UNUSED(decoded);
 260              		.loc 1 160 5 is_stmt 1 view .LVU65
 161:Middlewares/LVGL/lvgl/src/misc/cache/instance/lv_image_header_cache.c ****     LV_UNUSED(header);
 261              		.loc 1 161 5 view .LVU66
 162:Middlewares/LVGL/lvgl/src/misc/cache/instance/lv_image_header_cache.c ****     LV_UNUSED(entry);
 262              		.loc 1 162 5 view .LVU67
 163:Middlewares/LVGL/lvgl/src/misc/cache/instance/lv_image_header_cache.c **** 
 164:Middlewares/LVGL/lvgl/src/misc/cache/instance/lv_image_header_cache.c ****     /*  size    data_size   cf  rc  type    decoded         src*/
 165:Middlewares/LVGL/lvgl/src/misc/cache/instance/lv_image_header_cache.c **** #define IMAGE_CACHE_DUMP_FORMAT "	%4dx%-4d	%9"LV_PRIu32"	%d	%" LV_PRId32 "	"
 166:Middlewares/LVGL/lvgl/src/misc/cache/instance/lv_image_header_cache.c ****     switch(data->src_type) {
 263              		.loc 1 166 5 view .LVU68
 167:Middlewares/LVGL/lvgl/src/misc/cache/instance/lv_image_header_cache.c ****         case LV_IMAGE_SRC_FILE:
 168:Middlewares/LVGL/lvgl/src/misc/cache/instance/lv_image_header_cache.c ****             LV_LOG_USER(IMAGE_CACHE_DUMP_FORMAT "file\t%-12p\t%s", header->w, header->h, decoded->d
 169:Middlewares/LVGL/lvgl/src/misc/cache/instance/lv_image_header_cache.c ****                         lv_cache_entry_get_ref(entry), (void *)data->decoded, (char *)data->src);
 170:Middlewares/LVGL/lvgl/src/misc/cache/instance/lv_image_header_cache.c ****             break;
 171:Middlewares/LVGL/lvgl/src/misc/cache/instance/lv_image_header_cache.c ****         case LV_IMAGE_SRC_VARIABLE:
 172:Middlewares/LVGL/lvgl/src/misc/cache/instance/lv_image_header_cache.c ****             LV_LOG_USER(IMAGE_CACHE_DUMP_FORMAT "var \t%-12p\t%p", header->w, header->h, decoded->d
 173:Middlewares/LVGL/lvgl/src/misc/cache/instance/lv_image_header_cache.c ****                         lv_cache_entry_get_ref(entry), (void *)data->decoded, data->src);
 174:Middlewares/LVGL/lvgl/src/misc/cache/instance/lv_image_header_cache.c ****             break;
 175:Middlewares/LVGL/lvgl/src/misc/cache/instance/lv_image_header_cache.c ****         default:
 176:Middlewares/LVGL/lvgl/src/misc/cache/instance/lv_image_header_cache.c ****             LV_LOG_USER(IMAGE_CACHE_DUMP_FORMAT "unkn\t%-12p\t%p", header->w, header->h, decoded->d
 264              		.loc 1 176 13 view .LVU69
 265              		.loc 1 176 13 view .LVU70
 266              		.loc 1 176 13 view .LVU71
 177:Middlewares/LVGL/lvgl/src/misc/cache/instance/lv_image_header_cache.c ****                         lv_cache_entry_get_ref(entry), (void *)data->decoded, data->src);
 178:Middlewares/LVGL/lvgl/src/misc/cache/instance/lv_image_header_cache.c ****             break;
 267              		.loc 1 178 13 view .LVU72
 179:Middlewares/LVGL/lvgl/src/misc/cache/instance/lv_image_header_cache.c ****     }
 180:Middlewares/LVGL/lvgl/src/misc/cache/instance/lv_image_header_cache.c **** }
 268              		.loc 1 180 1 is_stmt 0 view .LVU73
 269 000e 08BD     		pop	{r3, pc}
 270              	.L27:
 271              		.align	2
 272              	.L26:
 273 0010 00000000 		.word	lv_global
 274              		.cfi_endproc
 275              	.LFE209:
 277              		.section	.rodata.lv_image_header_cache_init.str1.4,"aMS",%progbits,1
 278              		.align	2
 279              	.LC2:
 280 0000 494D4147 		.ascii	"IMAGE_HEADER\000"
 280      455F4845 
 280      41444552 
 280      00
 281              		.section	.text.lv_image_header_cache_init,"ax",%progbits
 282              		.align	1
 283              		.global	lv_image_header_cache_init
 284              		.syntax unified
 285              		.thumb
 286              		.thumb_func
 288              	lv_image_header_cache_init:
 289              	.LVL30:
 290              	.LFB200:
ARM GAS  C:\Users\w1785\AppData\Local\Temp\ccNOOzVv.s 			page 10


  55:Middlewares/LVGL/lvgl/src/misc/cache/instance/lv_image_header_cache.c ****     if(img_header_cache_p != NULL) {
 291              		.loc 1 55 1 is_stmt 1 view -0
 292              		.cfi_startproc
 293              		@ args = 0, pretend = 0, frame = 16
 294              		@ frame_needed = 0, uses_anonymous_args = 0
  56:Middlewares/LVGL/lvgl/src/misc/cache/instance/lv_image_header_cache.c ****         return LV_RESULT_OK;
 295              		.loc 1 56 5 view .LVU75
  56:Middlewares/LVGL/lvgl/src/misc/cache/instance/lv_image_header_cache.c ****         return LV_RESULT_OK;
 296              		.loc 1 56 8 is_stmt 0 view .LVU76
 297 0000 124B     		ldr	r3, .L36
 298 0002 D3F83031 		ldr	r3, [r3, #304]
  56:Middlewares/LVGL/lvgl/src/misc/cache/instance/lv_image_header_cache.c ****         return LV_RESULT_OK;
 299              		.loc 1 56 7 view .LVU77
 300 0006 0BB1     		cbz	r3, .L35
  57:Middlewares/LVGL/lvgl/src/misc/cache/instance/lv_image_header_cache.c ****     }
 301              		.loc 1 57 16 view .LVU78
 302 0008 0120     		movs	r0, #1
 303              	.LVL31:
  69:Middlewares/LVGL/lvgl/src/misc/cache/instance/lv_image_header_cache.c **** 
 304              		.loc 1 69 1 view .LVU79
 305 000a 7047     		bx	lr
 306              	.LVL32:
 307              	.L35:
  55:Middlewares/LVGL/lvgl/src/misc/cache/instance/lv_image_header_cache.c ****     if(img_header_cache_p != NULL) {
 308              		.loc 1 55 1 view .LVU80
 309 000c 10B5     		push	{r4, lr}
 310              	.LCFI7:
 311              		.cfi_def_cfa_offset 8
 312              		.cfi_offset 4, -8
 313              		.cfi_offset 14, -4
 314 000e 86B0     		sub	sp, sp, #24
 315              	.LCFI8:
 316              		.cfi_def_cfa_offset 32
 317 0010 8446     		mov	ip, r0
  60:Middlewares/LVGL/lvgl/src/misc/cache/instance/lv_image_header_cache.c ****     sizeof(lv_image_header_cache_data_t), count, (lv_cache_ops_t) {
 318              		.loc 1 60 5 is_stmt 1 view .LVU81
  61:Middlewares/LVGL/lvgl/src/misc/cache/instance/lv_image_header_cache.c ****         .compare_cb = (lv_cache_compare_cb_t) image_header_cache_compare_cb,
 319              		.loc 1 61 67 is_stmt 0 view .LVU82
 320 0012 0F4B     		ldr	r3, .L36+4
 321 0014 93E80700 		ldm	r3, {r0, r1, r2}
 322              	.LVL33:
  61:Middlewares/LVGL/lvgl/src/misc/cache/instance/lv_image_header_cache.c ****         .compare_cb = (lv_cache_compare_cb_t) image_header_cache_compare_cb,
 323              		.loc 1 61 67 view .LVU83
 324 0018 06AB     		add	r3, sp, #24
 325 001a 03E90700 		stmdb	r3, {r0, r1, r2}
  60:Middlewares/LVGL/lvgl/src/misc/cache/instance/lv_image_header_cache.c ****     sizeof(lv_image_header_cache_data_t), count, (lv_cache_ops_t) {
 326              		.loc 1 60 26 view .LVU84
 327 001e 13E90300 		ldmdb	r3, {r0, r1}
 328 0022 8DE80300 		stm	sp, {r0, r1}
 329 0026 039B     		ldr	r3, [sp, #12]
 330 0028 6246     		mov	r2, ip
 331 002a 1821     		movs	r1, #24
 332 002c 0948     		ldr	r0, .L36+8
 333 002e FFF7FEFF 		bl	lv_cache_create
 334              	.LVL34:
  60:Middlewares/LVGL/lvgl/src/misc/cache/instance/lv_image_header_cache.c ****     sizeof(lv_image_header_cache_data_t), count, (lv_cache_ops_t) {
 335              		.loc 1 60 24 discriminator 1 view .LVU85
ARM GAS  C:\Users\w1785\AppData\Local\Temp\ccNOOzVv.s 			page 11


 336 0032 064C     		ldr	r4, .L36
 337 0034 C4F83001 		str	r0, [r4, #304]
  67:Middlewares/LVGL/lvgl/src/misc/cache/instance/lv_image_header_cache.c ****     return img_header_cache_p != NULL ? LV_RESULT_OK : LV_RESULT_INVALID;
 338              		.loc 1 67 5 is_stmt 1 view .LVU86
 339 0038 0749     		ldr	r1, .L36+12
 340 003a FFF7FEFF 		bl	lv_cache_set_name
 341              	.LVL35:
  68:Middlewares/LVGL/lvgl/src/misc/cache/instance/lv_image_header_cache.c **** }
 342              		.loc 1 68 5 view .LVU87
  68:Middlewares/LVGL/lvgl/src/misc/cache/instance/lv_image_header_cache.c **** }
 343              		.loc 1 68 12 is_stmt 0 view .LVU88
 344 003e D4F83001 		ldr	r0, [r4, #304]
  68:Middlewares/LVGL/lvgl/src/misc/cache/instance/lv_image_header_cache.c **** }
 345              		.loc 1 68 54 view .LVU89
 346 0042 0038     		subs	r0, r0, #0
 347 0044 18BF     		it	ne
 348 0046 0120     		movne	r0, #1
  69:Middlewares/LVGL/lvgl/src/misc/cache/instance/lv_image_header_cache.c **** 
 349              		.loc 1 69 1 view .LVU90
 350 0048 06B0     		add	sp, sp, #24
 351              	.LCFI9:
 352              		.cfi_def_cfa_offset 8
 353              		@ sp needed
 354 004a 10BD     		pop	{r4, pc}
 355              	.L37:
 356              		.align	2
 357              	.L36:
 358 004c 00000000 		.word	lv_global
 359 0050 00000000 		.word	.LANCHOR0
 360 0054 00000000 		.word	lv_cache_class_lru_rb_count
 361 0058 00000000 		.word	.LC2
 362              		.cfi_endproc
 363              	.LFE200:
 365              		.section	.text.lv_image_header_cache_resize,"ax",%progbits
 366              		.align	1
 367              		.global	lv_image_header_cache_resize
 368              		.syntax unified
 369              		.thumb
 370              		.thumb_func
 372              	lv_image_header_cache_resize:
 373              	.LVL36:
 374              	.LFB201:
  72:Middlewares/LVGL/lvgl/src/misc/cache/instance/lv_image_header_cache.c ****     lv_cache_set_max_size(img_header_cache_p, count, NULL);
 375              		.loc 1 72 1 is_stmt 1 view -0
 376              		.cfi_startproc
 377              		@ args = 0, pretend = 0, frame = 0
 378              		@ frame_needed = 0, uses_anonymous_args = 0
  72:Middlewares/LVGL/lvgl/src/misc/cache/instance/lv_image_header_cache.c ****     lv_cache_set_max_size(img_header_cache_p, count, NULL);
 379              		.loc 1 72 1 is_stmt 0 view .LVU92
 380 0000 38B5     		push	{r3, r4, r5, lr}
 381              	.LCFI10:
 382              		.cfi_def_cfa_offset 16
 383              		.cfi_offset 3, -16
 384              		.cfi_offset 4, -12
 385              		.cfi_offset 5, -8
 386              		.cfi_offset 14, -4
 387 0002 0446     		mov	r4, r0
ARM GAS  C:\Users\w1785\AppData\Local\Temp\ccNOOzVv.s 			page 12


 388 0004 0D46     		mov	r5, r1
  73:Middlewares/LVGL/lvgl/src/misc/cache/instance/lv_image_header_cache.c ****     if(evict_now) {
 389              		.loc 1 73 5 is_stmt 1 view .LVU93
 390 0006 0022     		movs	r2, #0
 391 0008 0146     		mov	r1, r0
 392              	.LVL37:
  73:Middlewares/LVGL/lvgl/src/misc/cache/instance/lv_image_header_cache.c ****     if(evict_now) {
 393              		.loc 1 73 5 is_stmt 0 view .LVU94
 394 000a 074B     		ldr	r3, .L42
 395 000c D3F83001 		ldr	r0, [r3, #304]
 396              	.LVL38:
  73:Middlewares/LVGL/lvgl/src/misc/cache/instance/lv_image_header_cache.c ****     if(evict_now) {
 397              		.loc 1 73 5 view .LVU95
 398 0010 FFF7FEFF 		bl	lv_cache_set_max_size
 399              	.LVL39:
  74:Middlewares/LVGL/lvgl/src/misc/cache/instance/lv_image_header_cache.c ****         lv_cache_reserve(img_header_cache_p, count, NULL);
 400              		.loc 1 74 5 is_stmt 1 view .LVU96
  74:Middlewares/LVGL/lvgl/src/misc/cache/instance/lv_image_header_cache.c ****         lv_cache_reserve(img_header_cache_p, count, NULL);
 401              		.loc 1 74 7 is_stmt 0 view .LVU97
 402 0014 05B9     		cbnz	r5, .L41
 403              	.L38:
  77:Middlewares/LVGL/lvgl/src/misc/cache/instance/lv_image_header_cache.c **** 
 404              		.loc 1 77 1 view .LVU98
 405 0016 38BD     		pop	{r3, r4, r5, pc}
 406              	.LVL40:
 407              	.L41:
  75:Middlewares/LVGL/lvgl/src/misc/cache/instance/lv_image_header_cache.c ****     }
 408              		.loc 1 75 9 is_stmt 1 view .LVU99
 409 0018 0022     		movs	r2, #0
 410 001a 2146     		mov	r1, r4
 411 001c 024B     		ldr	r3, .L42
 412 001e D3F83001 		ldr	r0, [r3, #304]
 413 0022 FFF7FEFF 		bl	lv_cache_reserve
 414              	.LVL41:
  77:Middlewares/LVGL/lvgl/src/misc/cache/instance/lv_image_header_cache.c **** 
 415              		.loc 1 77 1 is_stmt 0 view .LVU100
 416 0026 F6E7     		b	.L38
 417              	.L43:
 418              		.align	2
 419              	.L42:
 420 0028 00000000 		.word	lv_global
 421              		.cfi_endproc
 422              	.LFE201:
 424              		.section	.text.lv_image_header_cache_drop,"ax",%progbits
 425              		.align	1
 426              		.global	lv_image_header_cache_drop
 427              		.syntax unified
 428              		.thumb
 429              		.thumb_func
 431              	lv_image_header_cache_drop:
 432              	.LVL42:
 433              	.LFB202:
  80:Middlewares/LVGL/lvgl/src/misc/cache/instance/lv_image_header_cache.c ****     if(src == NULL) {
 434              		.loc 1 80 1 is_stmt 1 view -0
 435              		.cfi_startproc
 436              		@ args = 0, pretend = 0, frame = 24
 437              		@ frame_needed = 0, uses_anonymous_args = 0
ARM GAS  C:\Users\w1785\AppData\Local\Temp\ccNOOzVv.s 			page 13


  80:Middlewares/LVGL/lvgl/src/misc/cache/instance/lv_image_header_cache.c ****     if(src == NULL) {
 438              		.loc 1 80 1 is_stmt 0 view .LVU102
 439 0000 30B5     		push	{r4, r5, lr}
 440              	.LCFI11:
 441              		.cfi_def_cfa_offset 12
 442              		.cfi_offset 4, -12
 443              		.cfi_offset 5, -8
 444              		.cfi_offset 14, -4
 445 0002 87B0     		sub	sp, sp, #28
 446              	.LCFI12:
 447              		.cfi_def_cfa_offset 40
  81:Middlewares/LVGL/lvgl/src/misc/cache/instance/lv_image_header_cache.c ****         lv_cache_drop_all(img_header_cache_p, NULL);
 448              		.loc 1 81 5 is_stmt 1 view .LVU103
  81:Middlewares/LVGL/lvgl/src/misc/cache/instance/lv_image_header_cache.c ****         lv_cache_drop_all(img_header_cache_p, NULL);
 449              		.loc 1 81 7 is_stmt 0 view .LVU104
 450 0004 A0B1     		cbz	r0, .L48
  86:Middlewares/LVGL/lvgl/src/misc/cache/instance/lv_image_header_cache.c ****         .src = src,
 451              		.loc 1 86 5 is_stmt 1 view .LVU105
  86:Middlewares/LVGL/lvgl/src/misc/cache/instance/lv_image_header_cache.c ****         .src = src,
 452              		.loc 1 86 34 is_stmt 0 view .LVU106
 453 0006 0024     		movs	r4, #0
 454 0008 0094     		str	r4, [sp]
 455 000a 0194     		str	r4, [sp, #4]
 456 000c 0294     		str	r4, [sp, #8]
 457 000e 0394     		str	r4, [sp, #12]
 458 0010 0494     		str	r4, [sp, #16]
 459 0012 0594     		str	r4, [sp, #20]
 460 0014 0090     		str	r0, [sp]
  88:Middlewares/LVGL/lvgl/src/misc/cache/instance/lv_image_header_cache.c ****     };
 461              		.loc 1 88 21 view .LVU107
 462 0016 FFF7FEFF 		bl	lv_image_src_get_type
 463              	.LVL43:
  86:Middlewares/LVGL/lvgl/src/misc/cache/instance/lv_image_header_cache.c ****         .src = src,
 464              		.loc 1 86 34 view .LVU108
 465 001a 8DF80400 		strb	r0, [sp, #4]
  91:Middlewares/LVGL/lvgl/src/misc/cache/instance/lv_image_header_cache.c **** }
 466              		.loc 1 91 5 is_stmt 1 view .LVU109
 467 001e 2246     		mov	r2, r4
 468 0020 6946     		mov	r1, sp
 469 0022 074B     		ldr	r3, .L49
 470 0024 D3F83001 		ldr	r0, [r3, #304]
 471 0028 FFF7FEFF 		bl	lv_cache_drop
 472              	.LVL44:
 473              	.L44:
  92:Middlewares/LVGL/lvgl/src/misc/cache/instance/lv_image_header_cache.c **** 
 474              		.loc 1 92 1 is_stmt 0 view .LVU110
 475 002c 07B0     		add	sp, sp, #28
 476              	.LCFI13:
 477              		.cfi_remember_state
 478              		.cfi_def_cfa_offset 12
 479              		@ sp needed
 480 002e 30BD     		pop	{r4, r5, pc}
 481              	.LVL45:
 482              	.L48:
 483              	.LCFI14:
 484              		.cfi_restore_state
  82:Middlewares/LVGL/lvgl/src/misc/cache/instance/lv_image_header_cache.c ****         return;
ARM GAS  C:\Users\w1785\AppData\Local\Temp\ccNOOzVv.s 			page 14


 485              		.loc 1 82 9 is_stmt 1 view .LVU111
 486 0030 0021     		movs	r1, #0
 487 0032 034B     		ldr	r3, .L49
 488 0034 D3F83001 		ldr	r0, [r3, #304]
 489              	.LVL46:
  82:Middlewares/LVGL/lvgl/src/misc/cache/instance/lv_image_header_cache.c ****         return;
 490              		.loc 1 82 9 is_stmt 0 view .LVU112
 491 0038 FFF7FEFF 		bl	lv_cache_drop_all
 492              	.LVL47:
  83:Middlewares/LVGL/lvgl/src/misc/cache/instance/lv_image_header_cache.c ****     }
 493              		.loc 1 83 9 is_stmt 1 view .LVU113
 494 003c F6E7     		b	.L44
 495              	.L50:
 496 003e 00BF     		.align	2
 497              	.L49:
 498 0040 00000000 		.word	lv_global
 499              		.cfi_endproc
 500              	.LFE202:
 502              		.section	.text.lv_image_header_cache_is_enabled,"ax",%progbits
 503              		.align	1
 504              		.global	lv_image_header_cache_is_enabled
 505              		.syntax unified
 506              		.thumb
 507              		.thumb_func
 509              	lv_image_header_cache_is_enabled:
 510              	.LFB203:
  95:Middlewares/LVGL/lvgl/src/misc/cache/instance/lv_image_header_cache.c ****     return lv_cache_is_enabled(img_header_cache_p);
 511              		.loc 1 95 1 view -0
 512              		.cfi_startproc
 513              		@ args = 0, pretend = 0, frame = 0
 514              		@ frame_needed = 0, uses_anonymous_args = 0
 515 0000 08B5     		push	{r3, lr}
 516              	.LCFI15:
 517              		.cfi_def_cfa_offset 8
 518              		.cfi_offset 3, -8
 519              		.cfi_offset 14, -4
  96:Middlewares/LVGL/lvgl/src/misc/cache/instance/lv_image_header_cache.c **** }
 520              		.loc 1 96 5 view .LVU115
  96:Middlewares/LVGL/lvgl/src/misc/cache/instance/lv_image_header_cache.c **** }
 521              		.loc 1 96 12 is_stmt 0 view .LVU116
 522 0002 034B     		ldr	r3, .L53
 523 0004 D3F83001 		ldr	r0, [r3, #304]
 524 0008 FFF7FEFF 		bl	lv_cache_is_enabled
 525              	.LVL48:
  97:Middlewares/LVGL/lvgl/src/misc/cache/instance/lv_image_header_cache.c **** 
 526              		.loc 1 97 1 view .LVU117
 527 000c 08BD     		pop	{r3, pc}
 528              	.L54:
 529 000e 00BF     		.align	2
 530              	.L53:
 531 0010 00000000 		.word	lv_global
 532              		.cfi_endproc
 533              	.LFE203:
 535              		.section	.text.lv_image_header_cache_iter_create,"ax",%progbits
 536              		.align	1
 537              		.global	lv_image_header_cache_iter_create
 538              		.syntax unified
ARM GAS  C:\Users\w1785\AppData\Local\Temp\ccNOOzVv.s 			page 15


 539              		.thumb
 540              		.thumb_func
 542              	lv_image_header_cache_iter_create:
 543              	.LFB204:
 100:Middlewares/LVGL/lvgl/src/misc/cache/instance/lv_image_header_cache.c ****     return lv_cache_iter_create(img_header_cache_p);
 544              		.loc 1 100 1 is_stmt 1 view -0
 545              		.cfi_startproc
 546              		@ args = 0, pretend = 0, frame = 0
 547              		@ frame_needed = 0, uses_anonymous_args = 0
 548 0000 08B5     		push	{r3, lr}
 549              	.LCFI16:
 550              		.cfi_def_cfa_offset 8
 551              		.cfi_offset 3, -8
 552              		.cfi_offset 14, -4
 101:Middlewares/LVGL/lvgl/src/misc/cache/instance/lv_image_header_cache.c **** }
 553              		.loc 1 101 5 view .LVU119
 101:Middlewares/LVGL/lvgl/src/misc/cache/instance/lv_image_header_cache.c **** }
 554              		.loc 1 101 12 is_stmt 0 view .LVU120
 555 0002 034B     		ldr	r3, .L57
 556 0004 D3F83001 		ldr	r0, [r3, #304]
 557 0008 FFF7FEFF 		bl	lv_cache_iter_create
 558              	.LVL49:
 102:Middlewares/LVGL/lvgl/src/misc/cache/instance/lv_image_header_cache.c **** 
 559              		.loc 1 102 1 view .LVU121
 560 000c 08BD     		pop	{r3, pc}
 561              	.L58:
 562 000e 00BF     		.align	2
 563              	.L57:
 564 0010 00000000 		.word	lv_global
 565              		.cfi_endproc
 566              	.LFE204:
 568              		.section	.text.lv_image_header_cache_dump,"ax",%progbits
 569              		.align	1
 570              		.global	lv_image_header_cache_dump
 571              		.syntax unified
 572              		.thumb
 573              		.thumb_func
 575              	lv_image_header_cache_dump:
 576              	.LFB205:
 105:Middlewares/LVGL/lvgl/src/misc/cache/instance/lv_image_header_cache.c ****     lv_iter_t * iter = lv_image_header_cache_iter_create();
 577              		.loc 1 105 1 is_stmt 1 view -0
 578              		.cfi_startproc
 579              		@ args = 0, pretend = 0, frame = 0
 580              		@ frame_needed = 0, uses_anonymous_args = 0
 581 0000 10B5     		push	{r4, lr}
 582              	.LCFI17:
 583              		.cfi_def_cfa_offset 8
 584              		.cfi_offset 4, -8
 585              		.cfi_offset 14, -4
 106:Middlewares/LVGL/lvgl/src/misc/cache/instance/lv_image_header_cache.c ****     if(iter == NULL) return;
 586              		.loc 1 106 5 view .LVU123
 106:Middlewares/LVGL/lvgl/src/misc/cache/instance/lv_image_header_cache.c ****     if(iter == NULL) return;
 587              		.loc 1 106 24 is_stmt 0 view .LVU124
 588 0002 FFF7FEFF 		bl	lv_image_header_cache_iter_create
 589              	.LVL50:
 107:Middlewares/LVGL/lvgl/src/misc/cache/instance/lv_image_header_cache.c **** 
 590              		.loc 1 107 5 is_stmt 1 view .LVU125
ARM GAS  C:\Users\w1785\AppData\Local\Temp\ccNOOzVv.s 			page 16


 107:Middlewares/LVGL/lvgl/src/misc/cache/instance/lv_image_header_cache.c **** 
 591              		.loc 1 107 7 is_stmt 0 view .LVU126
 592 0006 30B1     		cbz	r0, .L59
 593 0008 0446     		mov	r4, r0
 109:Middlewares/LVGL/lvgl/src/misc/cache/instance/lv_image_header_cache.c ****     LV_LOG_USER("\tsize\tdata_size\tcf\trc\ttype\tdecoded\t\t\tsrc");
 594              		.loc 1 109 5 is_stmt 1 view .LVU127
 109:Middlewares/LVGL/lvgl/src/misc/cache/instance/lv_image_header_cache.c ****     LV_LOG_USER("\tsize\tdata_size\tcf\trc\ttype\tdecoded\t\t\tsrc");
 595              		.loc 1 109 5 view .LVU128
 109:Middlewares/LVGL/lvgl/src/misc/cache/instance/lv_image_header_cache.c ****     LV_LOG_USER("\tsize\tdata_size\tcf\trc\ttype\tdecoded\t\t\tsrc");
 596              		.loc 1 109 5 view .LVU129
 110:Middlewares/LVGL/lvgl/src/misc/cache/instance/lv_image_header_cache.c ****     lv_iter_inspect(iter, iter_inspect_cb);
 597              		.loc 1 110 5 view .LVU130
 110:Middlewares/LVGL/lvgl/src/misc/cache/instance/lv_image_header_cache.c ****     lv_iter_inspect(iter, iter_inspect_cb);
 598              		.loc 1 110 5 view .LVU131
 110:Middlewares/LVGL/lvgl/src/misc/cache/instance/lv_image_header_cache.c ****     lv_iter_inspect(iter, iter_inspect_cb);
 599              		.loc 1 110 5 view .LVU132
 111:Middlewares/LVGL/lvgl/src/misc/cache/instance/lv_image_header_cache.c ****     lv_iter_destroy(iter);
 600              		.loc 1 111 5 view .LVU133
 601 000a 0349     		ldr	r1, .L62
 602 000c FFF7FEFF 		bl	lv_iter_inspect
 603              	.LVL51:
 112:Middlewares/LVGL/lvgl/src/misc/cache/instance/lv_image_header_cache.c **** }
 604              		.loc 1 112 5 view .LVU134
 605 0010 2046     		mov	r0, r4
 606 0012 FFF7FEFF 		bl	lv_iter_destroy
 607              	.LVL52:
 608              	.L59:
 113:Middlewares/LVGL/lvgl/src/misc/cache/instance/lv_image_header_cache.c **** 
 609              		.loc 1 113 1 is_stmt 0 view .LVU135
 610 0016 10BD     		pop	{r4, pc}
 611              	.L63:
 612              		.align	2
 613              	.L62:
 614 0018 00000000 		.word	iter_inspect_cb
 615              		.cfi_endproc
 616              	.LFE205:
 618              		.section	.rodata
 619              		.align	2
 620              		.set	.LANCHOR0,. + 0
 621              	.LC1:
 622 0000 00000000 		.word	image_header_cache_compare_cb
 623 0004 00000000 		.word	0
 624 0008 00000000 		.word	image_header_cache_free_cb
 625              		.text
 626              	.Letext0:
 627              		.file 2 "D:\\STM32CubeIDE\\STM32CubeIDE_2.1.1\\STM32CubeIDE\\plugins\\com.st.stm32cube.ide.mcu.ext
 628              		.file 3 "D:\\STM32CubeIDE\\STM32CubeIDE_2.1.1\\STM32CubeIDE\\plugins\\com.st.stm32cube.ide.mcu.ext
 629              		.file 4 "D:\\STM32CubeIDE\\STM32CubeIDE_2.1.1\\STM32CubeIDE\\plugins\\com.st.stm32cube.ide.mcu.ext
 630              		.file 5 "Middlewares/LVGL/lvgl/src/misc/cache/instance/../../../draw/../misc/lv_types.h"
 631              		.file 6 "Middlewares/LVGL/lvgl/src/misc/cache/instance/../../../core/../draw/lv_draw.h"
 632              		.file 7 "Middlewares/LVGL/lvgl/src/misc/cache/instance/../../../core/../draw/lv_draw_private.h"
 633              		.file 8 "Middlewares/LVGL/lvgl/src/misc/cache/instance/../../../core/../misc/lv_timer_private.h"
 634              		.file 9 "Middlewares/LVGL/lvgl/src/misc/cache/instance/../../../draw/lv_image_decoder_private.h"
 635              		.file 10 "Middlewares/LVGL/lvgl/src/misc/cache/instance/../../../core/../draw/sw/../lv_draw_image.
 636              		.file 11 "Middlewares/LVGL/lvgl/src/misc/cache/instance/../../../draw/../misc/cache/class/../lv_ca
 637              		.file 12 "Middlewares/LVGL/lvgl/src/misc/cache/instance/../../../core/../draw/lv_draw_buf_private.
 638              		.file 13 "Middlewares/LVGL/lvgl/src/misc/cache/instance/../../../draw/lv_draw_buf.h"
ARM GAS  C:\Users\w1785\AppData\Local\Temp\ccNOOzVv.s 			page 17


 639              		.file 14 "Middlewares/LVGL/lvgl/src/misc/cache/instance/../../../draw/../misc/lv_area.h"
 640              		.file 15 "Middlewares/LVGL/lvgl/src/misc/cache/instance/../../../draw/../misc/lv_color.h"
 641              		.file 16 "Middlewares/LVGL/lvgl/src/misc/cache/instance/../../../draw/lv_image_dsc.h"
 642              		.file 17 "Middlewares/LVGL/lvgl/src/misc/cache/instance/../../../draw/../misc/lv_fs.h"
 643              		.file 18 "Middlewares/LVGL/lvgl/src/misc/cache/instance/../../../draw/lv_image_decoder.h"
 644              		.file 19 "Middlewares/LVGL/lvgl/src/misc/cache/instance/../../../draw/../misc/cache/class/../../..
 645              		.file 20 "Middlewares/LVGL/lvgl/src/misc/cache/instance/../../../core/../draw/../misc/../tick/lv_t
 646              		.file 21 "Middlewares/LVGL/lvgl/src/misc/cache/instance/../../../core/../draw/../misc/lv_ll.h"
 647              		.file 22 "Middlewares/LVGL/lvgl/src/misc/cache/instance/../../../core/../draw/../misc/lv_timer.h"
 648              		.file 23 "Middlewares/LVGL/lvgl/src/misc/cache/instance/../../../core/../draw/../misc/../layouts/l
 649              		.file 24 "Middlewares/LVGL/lvgl/src/misc/cache/instance/../../../core/../draw/../misc/lv_style.h"
 650              		.file 25 "Middlewares/LVGL/lvgl/src/misc/cache/instance/../../../core/../stdlib/builtin/lv_tlsf.h"
 651              		.file 26 "Middlewares/LVGL/lvgl/src/misc/cache/instance/../../../core/../misc/lv_anim_private.h"
 652              		.file 27 "Middlewares/LVGL/lvgl/src/misc/cache/instance/../../../core/../tick/lv_tick_private.h"
 653              		.file 28 "Middlewares/LVGL/lvgl/src/misc/cache/instance/../../../core/../draw/sw/lv_draw_sw_mask_p
 654              		.file 29 "Middlewares/LVGL/lvgl/src/misc/cache/instance/../../../core/../stdlib/builtin/lv_tlsf_pr
 655              		.file 30 "Middlewares/LVGL/lvgl/src/misc/cache/instance/../../../core/../layouts/lv_layout_private
 656              		.file 31 "Middlewares/LVGL/lvgl/src/misc/cache/instance/../../../core/lv_global.h"
 657              		.file 32 "Middlewares/LVGL/lvgl/src/misc/cache/instance/../../../draw/../misc/cache/class/lv_cache
 658              		.file 33 "Middlewares/LVGL/lvgl/src/misc/cache/instance/../../lv_iter.h"
 659              		.file 34 "Middlewares/LVGL/lvgl/src/misc/cache/instance/../../../draw/../misc/cache/lv_cache_entry
 660              		.file 35 "Middlewares/LVGL/lvgl/src/misc/cache/instance/../../../draw/../misc/cache/lv_cache.h"
 661              		.file 36 "Middlewares/LVGL/lvgl/src/misc/cache/instance/../../../draw/../misc/../stdlib/lv_string.
 662              		.file 37 "Middlewares/LVGL/lvgl/src/misc/cache/instance/../../../draw/../misc/../stdlib/lv_mem.h"
ARM GAS  C:\Users\w1785\AppData\Local\Temp\ccNOOzVv.s 			page 18


DEFINED SYMBOLS
                            *ABS*:00000000 lv_image_header_cache.c
C:\Users\w1785\AppData\Local\Temp\ccNOOzVv.s:21     .text.image_header_cache_free_cb:00000000 $t
C:\Users\w1785\AppData\Local\Temp\ccNOOzVv.s:26     .text.image_header_cache_free_cb:00000000 image_header_cache_free_cb
C:\Users\w1785\AppData\Local\Temp\ccNOOzVv.s:64     .text.image_cache_common_compare:00000000 $t
C:\Users\w1785\AppData\Local\Temp\ccNOOzVv.s:69     .text.image_cache_common_compare:00000000 image_cache_common_compare
C:\Users\w1785\AppData\Local\Temp\ccNOOzVv.s:194    .text.image_header_cache_compare_cb:00000000 $t
C:\Users\w1785\AppData\Local\Temp\ccNOOzVv.s:199    .text.image_header_cache_compare_cb:00000000 image_header_cache_compare_cb
C:\Users\w1785\AppData\Local\Temp\ccNOOzVv.s:230    .text.iter_inspect_cb:00000000 $t
C:\Users\w1785\AppData\Local\Temp\ccNOOzVv.s:235    .text.iter_inspect_cb:00000000 iter_inspect_cb
C:\Users\w1785\AppData\Local\Temp\ccNOOzVv.s:273    .text.iter_inspect_cb:00000010 $d
C:\Users\w1785\AppData\Local\Temp\ccNOOzVv.s:278    .rodata.lv_image_header_cache_init.str1.4:00000000 $d
C:\Users\w1785\AppData\Local\Temp\ccNOOzVv.s:282    .text.lv_image_header_cache_init:00000000 $t
C:\Users\w1785\AppData\Local\Temp\ccNOOzVv.s:288    .text.lv_image_header_cache_init:00000000 lv_image_header_cache_init
C:\Users\w1785\AppData\Local\Temp\ccNOOzVv.s:358    .text.lv_image_header_cache_init:0000004c $d
C:\Users\w1785\AppData\Local\Temp\ccNOOzVv.s:366    .text.lv_image_header_cache_resize:00000000 $t
C:\Users\w1785\AppData\Local\Temp\ccNOOzVv.s:372    .text.lv_image_header_cache_resize:00000000 lv_image_header_cache_resize
C:\Users\w1785\AppData\Local\Temp\ccNOOzVv.s:420    .text.lv_image_header_cache_resize:00000028 $d
C:\Users\w1785\AppData\Local\Temp\ccNOOzVv.s:425    .text.lv_image_header_cache_drop:00000000 $t
C:\Users\w1785\AppData\Local\Temp\ccNOOzVv.s:431    .text.lv_image_header_cache_drop:00000000 lv_image_header_cache_drop
C:\Users\w1785\AppData\Local\Temp\ccNOOzVv.s:498    .text.lv_image_header_cache_drop:00000040 $d
C:\Users\w1785\AppData\Local\Temp\ccNOOzVv.s:503    .text.lv_image_header_cache_is_enabled:00000000 $t
C:\Users\w1785\AppData\Local\Temp\ccNOOzVv.s:509    .text.lv_image_header_cache_is_enabled:00000000 lv_image_header_cache_is_enabled
C:\Users\w1785\AppData\Local\Temp\ccNOOzVv.s:531    .text.lv_image_header_cache_is_enabled:00000010 $d
C:\Users\w1785\AppData\Local\Temp\ccNOOzVv.s:536    .text.lv_image_header_cache_iter_create:00000000 $t
C:\Users\w1785\AppData\Local\Temp\ccNOOzVv.s:542    .text.lv_image_header_cache_iter_create:00000000 lv_image_header_cache_iter_create
C:\Users\w1785\AppData\Local\Temp\ccNOOzVv.s:564    .text.lv_image_header_cache_iter_create:00000010 $d
C:\Users\w1785\AppData\Local\Temp\ccNOOzVv.s:569    .text.lv_image_header_cache_dump:00000000 $t
C:\Users\w1785\AppData\Local\Temp\ccNOOzVv.s:575    .text.lv_image_header_cache_dump:00000000 lv_image_header_cache_dump
C:\Users\w1785\AppData\Local\Temp\ccNOOzVv.s:614    .text.lv_image_header_cache_dump:00000018 $d
C:\Users\w1785\AppData\Local\Temp\ccNOOzVv.s:619    .rodata:00000000 $d

UNDEFINED SYMBOLS
lv_free
lv_strcmp
lv_cache_entry_get_entry
lv_global
lv_cache_create
lv_cache_set_name
lv_cache_class_lru_rb_count
lv_cache_set_max_size
lv_cache_reserve
lv_image_src_get_type
lv_cache_drop
lv_cache_drop_all
lv_cache_is_enabled
lv_cache_iter_create
lv_iter_inspect
lv_iter_destroy
