ARM GAS  C:\Users\w1785\AppData\Local\Temp\ccfOKzjd.s 			page 1


   1              		.cpu cortex-m4
   2              		.arch armv7e-m
   3              		.fpu fpv4-sp-d16
   4              		.eabi_attribute 27, 1
   5              		.eabi_attribute 28, 1
   6              		.eabi_attribute 20, 1
   7              		.eabi_attribute 21, 1
   8              		.eabi_attribute 23, 3
   9              		.eabi_attribute 24, 1
  10              		.eabi_attribute 25, 1
  11              		.eabi_attribute 26, 1
  12              		.eabi_attribute 30, 1
  13              		.eabi_attribute 34, 1
  14              		.eabi_attribute 18, 4
  15              		.file	"lv_init.c"
  16              		.text
  17              	.Ltext0:
  18              		.cfi_sections	.debug_frame
  19              		.file 1 "Middlewares/LVGL/lvgl/src/lv_init.c"
  20              		.section	.text.lv_global_init,"ax",%progbits
  21              		.align	1
  22              		.syntax unified
  23              		.thumb
  24              		.thumb_func
  26              	lv_global_init:
  27              	.LVL0:
  28              	.LFB200:
   1:Middlewares/LVGL/lvgl/src/lv_init.c **** /**
   2:Middlewares/LVGL/lvgl/src/lv_init.c ****  * @file lv_init.c
   3:Middlewares/LVGL/lvgl/src/lv_init.c ****  *
   4:Middlewares/LVGL/lvgl/src/lv_init.c ****  */
   5:Middlewares/LVGL/lvgl/src/lv_init.c **** 
   6:Middlewares/LVGL/lvgl/src/lv_init.c **** /*********************
   7:Middlewares/LVGL/lvgl/src/lv_init.c ****  *      INCLUDES
   8:Middlewares/LVGL/lvgl/src/lv_init.c ****  *********************/
   9:Middlewares/LVGL/lvgl/src/lv_init.c **** #include "misc/lv_timer_private.h"
  10:Middlewares/LVGL/lvgl/src/lv_init.c **** #include "misc/lv_profiler_builtin_private.h"
  11:Middlewares/LVGL/lvgl/src/lv_init.c **** #include "misc/lv_anim_private.h"
  12:Middlewares/LVGL/lvgl/src/lv_init.c **** #include "draw/lv_image_decoder_private.h"
  13:Middlewares/LVGL/lvgl/src/lv_init.c **** #include "draw/lv_draw_buf_private.h"
  14:Middlewares/LVGL/lvgl/src/lv_init.c **** #include "core/lv_refr_private.h"
  15:Middlewares/LVGL/lvgl/src/lv_init.c **** #include "core/lv_obj_style_private.h"
  16:Middlewares/LVGL/lvgl/src/lv_init.c **** #include "core/lv_group_private.h"
  17:Middlewares/LVGL/lvgl/src/lv_init.c **** #include "lv_init.h"
  18:Middlewares/LVGL/lvgl/src/lv_init.c **** #include "core/lv_global.h"
  19:Middlewares/LVGL/lvgl/src/lv_init.c **** #include "core/lv_obj.h"
  20:Middlewares/LVGL/lvgl/src/lv_init.c **** #include "display/lv_display_private.h"
  21:Middlewares/LVGL/lvgl/src/lv_init.c **** #include "indev/lv_indev_private.h"
  22:Middlewares/LVGL/lvgl/src/lv_init.c **** #include "layouts/lv_layout_private.h"
  23:Middlewares/LVGL/lvgl/src/lv_init.c **** #include "libs/bin_decoder/lv_bin_decoder.h"
  24:Middlewares/LVGL/lvgl/src/lv_init.c **** #include "libs/bmp/lv_bmp.h"
  25:Middlewares/LVGL/lvgl/src/lv_init.c **** #include "libs/ffmpeg/lv_ffmpeg.h"
  26:Middlewares/LVGL/lvgl/src/lv_init.c **** #include "libs/freetype/lv_freetype.h"
  27:Middlewares/LVGL/lvgl/src/lv_init.c **** #include "libs/fsdrv/lv_fsdrv.h"
  28:Middlewares/LVGL/lvgl/src/lv_init.c **** #include "libs/tjpgd/lv_tjpgd.h"
  29:Middlewares/LVGL/lvgl/src/lv_init.c **** #include "libs/libjpeg_turbo/lv_libjpeg_turbo.h"
  30:Middlewares/LVGL/lvgl/src/lv_init.c **** #include "libs/lodepng/lv_lodepng.h"
ARM GAS  C:\Users\w1785\AppData\Local\Temp\ccfOKzjd.s 			page 2


  31:Middlewares/LVGL/lvgl/src/lv_init.c **** #include "libs/libpng/lv_libpng.h"
  32:Middlewares/LVGL/lvgl/src/lv_init.c **** #include "libs/libwebp/lv_libwebp.h"
  33:Middlewares/LVGL/lvgl/src/lv_init.c **** #include "libs/tiny_ttf/lv_tiny_ttf.h"
  34:Middlewares/LVGL/lvgl/src/lv_init.c **** #include "draw/lv_draw.h"
  35:Middlewares/LVGL/lvgl/src/lv_init.c **** #include "misc/lv_async.h"
  36:Middlewares/LVGL/lvgl/src/lv_init.c **** #include "misc/lv_fs_private.h"
  37:Middlewares/LVGL/lvgl/src/lv_init.c **** #include "widgets/gif/lv_gif.h"
  38:Middlewares/LVGL/lvgl/src/lv_init.c **** #include "widgets/span/lv_span.h"
  39:Middlewares/LVGL/lvgl/src/lv_init.c **** #include "themes/simple/lv_theme_simple.h"
  40:Middlewares/LVGL/lvgl/src/lv_init.c **** #include "misc/lv_fs.h"
  41:Middlewares/LVGL/lvgl/src/lv_init.c **** #include "osal/lv_os_private.h"
  42:Middlewares/LVGL/lvgl/src/lv_init.c **** #include "debugging/sysmon/lv_sysmon_private.h"
  43:Middlewares/LVGL/lvgl/src/lv_init.c **** #include "others/translation/lv_translation.h"
  44:Middlewares/LVGL/lvgl/src/lv_init.c **** #include "drivers/wayland/lv_wayland_private.h"
  45:Middlewares/LVGL/lvgl/src/lv_init.c **** 
  46:Middlewares/LVGL/lvgl/src/lv_init.c **** #if LV_USE_SVG
  47:Middlewares/LVGL/lvgl/src/lv_init.c ****     #include "libs/svg/lv_svg_decoder.h"
  48:Middlewares/LVGL/lvgl/src/lv_init.c **** #endif
  49:Middlewares/LVGL/lvgl/src/lv_init.c **** 
  50:Middlewares/LVGL/lvgl/src/lv_init.c **** #if LV_USE_NEMA_GFX
  51:Middlewares/LVGL/lvgl/src/lv_init.c ****     #include "draw/nema_gfx/lv_draw_nema_gfx.h"
  52:Middlewares/LVGL/lvgl/src/lv_init.c **** #endif
  53:Middlewares/LVGL/lvgl/src/lv_init.c **** #if LV_USE_PXP
  54:Middlewares/LVGL/lvgl/src/lv_init.c ****     #if LV_USE_DRAW_PXP || LV_USE_ROTATE_PXP
  55:Middlewares/LVGL/lvgl/src/lv_init.c ****         #include "draw/nxp/pxp/lv_draw_pxp.h"
  56:Middlewares/LVGL/lvgl/src/lv_init.c ****     #endif
  57:Middlewares/LVGL/lvgl/src/lv_init.c **** #endif
  58:Middlewares/LVGL/lvgl/src/lv_init.c **** #if LV_USE_G2D
  59:Middlewares/LVGL/lvgl/src/lv_init.c ****     #if LV_USE_DRAW_G2D || LV_USE_ROTATE_G2D
  60:Middlewares/LVGL/lvgl/src/lv_init.c ****         #include "draw/nxp/g2d/lv_draw_g2d.h"
  61:Middlewares/LVGL/lvgl/src/lv_init.c ****     #endif
  62:Middlewares/LVGL/lvgl/src/lv_init.c **** #endif
  63:Middlewares/LVGL/lvgl/src/lv_init.c **** #if LV_USE_DRAW_DAVE2D
  64:Middlewares/LVGL/lvgl/src/lv_init.c ****     #include "draw/renesas/dave2d/lv_draw_dave2d.h"
  65:Middlewares/LVGL/lvgl/src/lv_init.c **** #endif
  66:Middlewares/LVGL/lvgl/src/lv_init.c **** #if LV_USE_DRAW_SDL
  67:Middlewares/LVGL/lvgl/src/lv_init.c ****     #include "draw/sdl/lv_draw_sdl.h"
  68:Middlewares/LVGL/lvgl/src/lv_init.c **** #endif
  69:Middlewares/LVGL/lvgl/src/lv_init.c **** #if LV_USE_DRAW_VG_LITE
  70:Middlewares/LVGL/lvgl/src/lv_init.c ****     #include "draw/vg_lite/lv_draw_vg_lite.h"
  71:Middlewares/LVGL/lvgl/src/lv_init.c **** #endif
  72:Middlewares/LVGL/lvgl/src/lv_init.c **** #if LV_USE_DRAW_DMA2D
  73:Middlewares/LVGL/lvgl/src/lv_init.c ****     #include "draw/dma2d/lv_draw_dma2d.h"
  74:Middlewares/LVGL/lvgl/src/lv_init.c **** #endif
  75:Middlewares/LVGL/lvgl/src/lv_init.c **** #if LV_USE_DRAW_OPENGLES
  76:Middlewares/LVGL/lvgl/src/lv_init.c ****     #include "draw/opengles/lv_draw_opengles.h"
  77:Middlewares/LVGL/lvgl/src/lv_init.c **** #endif
  78:Middlewares/LVGL/lvgl/src/lv_init.c **** #if LV_USE_PPA
  79:Middlewares/LVGL/lvgl/src/lv_init.c ****     #include "draw/espressif/ppa/lv_draw_ppa.h"
  80:Middlewares/LVGL/lvgl/src/lv_init.c **** #endif
  81:Middlewares/LVGL/lvgl/src/lv_init.c **** #if LV_USE_WINDOWS
  82:Middlewares/LVGL/lvgl/src/lv_init.c ****     #include "drivers/windows/lv_windows_context.h"
  83:Middlewares/LVGL/lvgl/src/lv_init.c **** #endif
  84:Middlewares/LVGL/lvgl/src/lv_init.c **** #if LV_USE_UEFI
  85:Middlewares/LVGL/lvgl/src/lv_init.c ****     #include "drivers/uefi/lv_uefi_context.h"
  86:Middlewares/LVGL/lvgl/src/lv_init.c **** #endif
  87:Middlewares/LVGL/lvgl/src/lv_init.c **** #if LV_USE_EVDEV
ARM GAS  C:\Users\w1785\AppData\Local\Temp\ccfOKzjd.s 			page 3


  88:Middlewares/LVGL/lvgl/src/lv_init.c ****     #include "drivers/evdev/lv_evdev_private.h"
  89:Middlewares/LVGL/lvgl/src/lv_init.c **** #endif
  90:Middlewares/LVGL/lvgl/src/lv_init.c **** #if LV_USE_DRAW_EVE
  91:Middlewares/LVGL/lvgl/src/lv_init.c ****     #include "draw/eve/lv_draw_eve.h"
  92:Middlewares/LVGL/lvgl/src/lv_init.c **** #endif
  93:Middlewares/LVGL/lvgl/src/lv_init.c **** 
  94:Middlewares/LVGL/lvgl/src/lv_init.c **** /*********************
  95:Middlewares/LVGL/lvgl/src/lv_init.c ****  *      DEFINES
  96:Middlewares/LVGL/lvgl/src/lv_init.c ****  *********************/
  97:Middlewares/LVGL/lvgl/src/lv_init.c **** #define lv_initialized  LV_GLOBAL_DEFAULT()->inited
  98:Middlewares/LVGL/lvgl/src/lv_init.c **** #define lv_deinit_in_progress  LV_GLOBAL_DEFAULT()->deinit_in_progress
  99:Middlewares/LVGL/lvgl/src/lv_init.c **** 
 100:Middlewares/LVGL/lvgl/src/lv_init.c **** /**********************
 101:Middlewares/LVGL/lvgl/src/lv_init.c ****  *      TYPEDEFS
 102:Middlewares/LVGL/lvgl/src/lv_init.c ****  **********************/
 103:Middlewares/LVGL/lvgl/src/lv_init.c **** 
 104:Middlewares/LVGL/lvgl/src/lv_init.c **** /**********************
 105:Middlewares/LVGL/lvgl/src/lv_init.c ****  *  STATIC PROTOTYPES
 106:Middlewares/LVGL/lvgl/src/lv_init.c ****  **********************/
 107:Middlewares/LVGL/lvgl/src/lv_init.c **** 
 108:Middlewares/LVGL/lvgl/src/lv_init.c **** /**********************
 109:Middlewares/LVGL/lvgl/src/lv_init.c ****  *  STATIC VARIABLES
 110:Middlewares/LVGL/lvgl/src/lv_init.c ****  **********************/
 111:Middlewares/LVGL/lvgl/src/lv_init.c **** #if LV_ENABLE_GLOBAL_CUSTOM == 0
 112:Middlewares/LVGL/lvgl/src/lv_init.c ****     lv_global_t lv_global;
 113:Middlewares/LVGL/lvgl/src/lv_init.c **** #endif
 114:Middlewares/LVGL/lvgl/src/lv_init.c **** 
 115:Middlewares/LVGL/lvgl/src/lv_init.c **** /**********************
 116:Middlewares/LVGL/lvgl/src/lv_init.c ****  *      MACROS
 117:Middlewares/LVGL/lvgl/src/lv_init.c ****  **********************/
 118:Middlewares/LVGL/lvgl/src/lv_init.c **** 
 119:Middlewares/LVGL/lvgl/src/lv_init.c **** #ifndef LV_GLOBAL_INIT
 120:Middlewares/LVGL/lvgl/src/lv_init.c ****     #define LV_GLOBAL_INIT(__GLOBAL_PTR)    lv_global_init((lv_global_t *)(__GLOBAL_PTR))
 121:Middlewares/LVGL/lvgl/src/lv_init.c **** #endif
 122:Middlewares/LVGL/lvgl/src/lv_init.c **** 
 123:Middlewares/LVGL/lvgl/src/lv_init.c **** /**********************
 124:Middlewares/LVGL/lvgl/src/lv_init.c ****  *   GLOBAL FUNCTIONS
 125:Middlewares/LVGL/lvgl/src/lv_init.c ****  **********************/
 126:Middlewares/LVGL/lvgl/src/lv_init.c **** static inline void lv_global_init(lv_global_t * global)
 127:Middlewares/LVGL/lvgl/src/lv_init.c **** {
  29              		.loc 1 127 1 view -0
  30              		.cfi_startproc
  31              		@ args = 0, pretend = 0, frame = 0
  32              		@ frame_needed = 0, uses_anonymous_args = 0
 128:Middlewares/LVGL/lvgl/src/lv_init.c ****     LV_ASSERT_NULL(global);
  33              		.loc 1 128 5 view .LVU1
  34              		.loc 1 128 5 view .LVU2
  35 0000 08B3     		cbz	r0, .L3
 127:Middlewares/LVGL/lvgl/src/lv_init.c ****     LV_ASSERT_NULL(global);
  36              		.loc 1 127 1 is_stmt 0 view .LVU3
  37 0002 10B5     		push	{r4, lr}
  38              	.LCFI0:
  39              		.cfi_def_cfa_offset 8
  40              		.cfi_offset 4, -8
  41              		.cfi_offset 14, -4
  42 0004 0446     		mov	r4, r0
  43              		.loc 1 128 5 is_stmt 1 view .LVU4
ARM GAS  C:\Users\w1785\AppData\Local\Temp\ccfOKzjd.s 			page 4


  44              		.loc 1 128 27 view .LVU5
 129:Middlewares/LVGL/lvgl/src/lv_init.c **** 
 130:Middlewares/LVGL/lvgl/src/lv_init.c ****     if(global == NULL) {
  45              		.loc 1 130 5 view .LVU6
 131:Middlewares/LVGL/lvgl/src/lv_init.c ****         LV_LOG_ERROR("lv_global cannot be null");
 132:Middlewares/LVGL/lvgl/src/lv_init.c ****         return;
 133:Middlewares/LVGL/lvgl/src/lv_init.c ****     }
 134:Middlewares/LVGL/lvgl/src/lv_init.c **** 
 135:Middlewares/LVGL/lvgl/src/lv_init.c ****     lv_memzero(global, sizeof(lv_global_t));
  46              		.loc 1 135 5 view .LVU7
  47              	.LVL1:
  48              	.LBB4:
  49              	.LBI4:
  50              		.file 2 "Middlewares/LVGL/lvgl/src/draw/../misc/../stdlib/lv_string.h"
   1:Middlewares/LVGL/lvgl/src/draw/../misc/../stdlib/lv_string.h **** /**
   2:Middlewares/LVGL/lvgl/src/draw/../misc/../stdlib/lv_string.h ****  * @file lv_string.h
   3:Middlewares/LVGL/lvgl/src/draw/../misc/../stdlib/lv_string.h ****  *
   4:Middlewares/LVGL/lvgl/src/draw/../misc/../stdlib/lv_string.h ****  */
   5:Middlewares/LVGL/lvgl/src/draw/../misc/../stdlib/lv_string.h **** 
   6:Middlewares/LVGL/lvgl/src/draw/../misc/../stdlib/lv_string.h **** #ifndef LV_STRING_H
   7:Middlewares/LVGL/lvgl/src/draw/../misc/../stdlib/lv_string.h **** #define LV_STRING_H
   8:Middlewares/LVGL/lvgl/src/draw/../misc/../stdlib/lv_string.h **** 
   9:Middlewares/LVGL/lvgl/src/draw/../misc/../stdlib/lv_string.h **** #ifdef __cplusplus
  10:Middlewares/LVGL/lvgl/src/draw/../misc/../stdlib/lv_string.h **** extern "C" {
  11:Middlewares/LVGL/lvgl/src/draw/../misc/../stdlib/lv_string.h **** #endif
  12:Middlewares/LVGL/lvgl/src/draw/../misc/../stdlib/lv_string.h **** 
  13:Middlewares/LVGL/lvgl/src/draw/../misc/../stdlib/lv_string.h **** /*********************
  14:Middlewares/LVGL/lvgl/src/draw/../misc/../stdlib/lv_string.h ****  *      INCLUDES
  15:Middlewares/LVGL/lvgl/src/draw/../misc/../stdlib/lv_string.h ****  *********************/
  16:Middlewares/LVGL/lvgl/src/draw/../misc/../stdlib/lv_string.h **** #include "../lv_conf_internal.h"
  17:Middlewares/LVGL/lvgl/src/draw/../misc/../stdlib/lv_string.h **** #include "../misc/lv_types.h"
  18:Middlewares/LVGL/lvgl/src/draw/../misc/../stdlib/lv_string.h **** 
  19:Middlewares/LVGL/lvgl/src/draw/../misc/../stdlib/lv_string.h **** /*********************
  20:Middlewares/LVGL/lvgl/src/draw/../misc/../stdlib/lv_string.h ****  *      DEFINES
  21:Middlewares/LVGL/lvgl/src/draw/../misc/../stdlib/lv_string.h ****  *********************/
  22:Middlewares/LVGL/lvgl/src/draw/../misc/../stdlib/lv_string.h **** 
  23:Middlewares/LVGL/lvgl/src/draw/../misc/../stdlib/lv_string.h **** /**********************
  24:Middlewares/LVGL/lvgl/src/draw/../misc/../stdlib/lv_string.h ****  *      TYPEDEFS
  25:Middlewares/LVGL/lvgl/src/draw/../misc/../stdlib/lv_string.h ****  **********************/
  26:Middlewares/LVGL/lvgl/src/draw/../misc/../stdlib/lv_string.h **** 
  27:Middlewares/LVGL/lvgl/src/draw/../misc/../stdlib/lv_string.h **** /**********************
  28:Middlewares/LVGL/lvgl/src/draw/../misc/../stdlib/lv_string.h ****  * GLOBAL PROTOTYPES
  29:Middlewares/LVGL/lvgl/src/draw/../misc/../stdlib/lv_string.h ****  **********************/
  30:Middlewares/LVGL/lvgl/src/draw/../misc/../stdlib/lv_string.h **** 
  31:Middlewares/LVGL/lvgl/src/draw/../misc/../stdlib/lv_string.h **** /**
  32:Middlewares/LVGL/lvgl/src/draw/../misc/../stdlib/lv_string.h ****  * @brief Copies a block of memory from a source address to a destination address.
  33:Middlewares/LVGL/lvgl/src/draw/../misc/../stdlib/lv_string.h ****  * @param dst Pointer to the destination array where the content is to be copied.
  34:Middlewares/LVGL/lvgl/src/draw/../misc/../stdlib/lv_string.h ****  * @param src Pointer to the source of data to be copied.
  35:Middlewares/LVGL/lvgl/src/draw/../misc/../stdlib/lv_string.h ****  * @param len Number of bytes to copy.
  36:Middlewares/LVGL/lvgl/src/draw/../misc/../stdlib/lv_string.h ****  * @return Pointer to the destination array.
  37:Middlewares/LVGL/lvgl/src/draw/../misc/../stdlib/lv_string.h ****  * @note The function does not check for any overlapping of the source and destination memory block
  38:Middlewares/LVGL/lvgl/src/draw/../misc/../stdlib/lv_string.h ****  */
  39:Middlewares/LVGL/lvgl/src/draw/../misc/../stdlib/lv_string.h **** void * lv_memcpy(void * dst, const void * src, size_t len);
  40:Middlewares/LVGL/lvgl/src/draw/../misc/../stdlib/lv_string.h **** 
  41:Middlewares/LVGL/lvgl/src/draw/../misc/../stdlib/lv_string.h **** /**
  42:Middlewares/LVGL/lvgl/src/draw/../misc/../stdlib/lv_string.h ****  * @brief Fills a block of memory with a specified value.
  43:Middlewares/LVGL/lvgl/src/draw/../misc/../stdlib/lv_string.h ****  * @param dst Pointer to the destination array to fill with the specified value.
ARM GAS  C:\Users\w1785\AppData\Local\Temp\ccfOKzjd.s 			page 5


  44:Middlewares/LVGL/lvgl/src/draw/../misc/../stdlib/lv_string.h ****  * @param v Value to be set. The value is passed as an int, but the function fills
  45:Middlewares/LVGL/lvgl/src/draw/../misc/../stdlib/lv_string.h ****  *          the block of memory using the unsigned char conversion of this value.
  46:Middlewares/LVGL/lvgl/src/draw/../misc/../stdlib/lv_string.h ****  * @param len Number of bytes to be set to the value.
  47:Middlewares/LVGL/lvgl/src/draw/../misc/../stdlib/lv_string.h ****  */
  48:Middlewares/LVGL/lvgl/src/draw/../misc/../stdlib/lv_string.h **** void lv_memset(void * dst, uint8_t v, size_t len);
  49:Middlewares/LVGL/lvgl/src/draw/../misc/../stdlib/lv_string.h **** 
  50:Middlewares/LVGL/lvgl/src/draw/../misc/../stdlib/lv_string.h **** /**
  51:Middlewares/LVGL/lvgl/src/draw/../misc/../stdlib/lv_string.h ****  * @brief Move a block of memory from source to destination
  52:Middlewares/LVGL/lvgl/src/draw/../misc/../stdlib/lv_string.h ****  * @param dst Pointer to the destination array where the content is to be copied.
  53:Middlewares/LVGL/lvgl/src/draw/../misc/../stdlib/lv_string.h ****  * @param src Pointer to the source of data to be copied.
  54:Middlewares/LVGL/lvgl/src/draw/../misc/../stdlib/lv_string.h ****  * @param len Number of bytes to copy
  55:Middlewares/LVGL/lvgl/src/draw/../misc/../stdlib/lv_string.h ****  * @return Pointer to the destination array.
  56:Middlewares/LVGL/lvgl/src/draw/../misc/../stdlib/lv_string.h ****  */
  57:Middlewares/LVGL/lvgl/src/draw/../misc/../stdlib/lv_string.h **** void * lv_memmove(void * dst, const void * src, size_t len);
  58:Middlewares/LVGL/lvgl/src/draw/../misc/../stdlib/lv_string.h **** 
  59:Middlewares/LVGL/lvgl/src/draw/../misc/../stdlib/lv_string.h **** /**
  60:Middlewares/LVGL/lvgl/src/draw/../misc/../stdlib/lv_string.h ****  * @brief This function will compare two memory blocks
  61:Middlewares/LVGL/lvgl/src/draw/../misc/../stdlib/lv_string.h ****  * @param p1 Pointer to the first memory block
  62:Middlewares/LVGL/lvgl/src/draw/../misc/../stdlib/lv_string.h ****  * @param p2 Pointer to the second memory block
  63:Middlewares/LVGL/lvgl/src/draw/../misc/../stdlib/lv_string.h ****  * @param len Number of bytes to compare
  64:Middlewares/LVGL/lvgl/src/draw/../misc/../stdlib/lv_string.h ****  * @return The difference between the value of the first unmatching byte.
  65:Middlewares/LVGL/lvgl/src/draw/../misc/../stdlib/lv_string.h ****  */
  66:Middlewares/LVGL/lvgl/src/draw/../misc/../stdlib/lv_string.h **** int lv_memcmp(const void * p1, const void * p2, size_t len);
  67:Middlewares/LVGL/lvgl/src/draw/../misc/../stdlib/lv_string.h **** 
  68:Middlewares/LVGL/lvgl/src/draw/../misc/../stdlib/lv_string.h **** /**
  69:Middlewares/LVGL/lvgl/src/draw/../misc/../stdlib/lv_string.h ****  * Same as `memset(dst, 0x00, len)`.
  70:Middlewares/LVGL/lvgl/src/draw/../misc/../stdlib/lv_string.h ****  * @param dst pointer to the destination buffer
  71:Middlewares/LVGL/lvgl/src/draw/../misc/../stdlib/lv_string.h ****  * @param len number of byte to set
  72:Middlewares/LVGL/lvgl/src/draw/../misc/../stdlib/lv_string.h ****  */
  73:Middlewares/LVGL/lvgl/src/draw/../misc/../stdlib/lv_string.h **** static inline void lv_memzero(void * dst, size_t len)
  51              		.loc 2 73 20 view .LVU8
  52              	.LBB5:
  74:Middlewares/LVGL/lvgl/src/draw/../misc/../stdlib/lv_string.h **** {
  75:Middlewares/LVGL/lvgl/src/draw/../misc/../stdlib/lv_string.h ****     lv_memset(dst, 0x00, len);
  53              		.loc 2 75 5 view .LVU9
  54 0006 4FF40172 		mov	r2, #516
  55 000a 0021     		movs	r1, #0
  56 000c FFF7FEFF 		bl	lv_memset
  57              	.LVL2:
  58              		.loc 2 75 5 is_stmt 0 view .LVU10
  59              	.LBE5:
  60              	.LBE4:
 136:Middlewares/LVGL/lvgl/src/lv_init.c **** 
 137:Middlewares/LVGL/lvgl/src/lv_init.c ****     lv_ll_init(&(global->disp_ll), sizeof(lv_display_t));
  61              		.loc 1 137 5 is_stmt 1 view .LVU11
  62 0010 4FF44971 		mov	r1, #804
  63 0014 04F10800 		add	r0, r4, #8
  64 0018 FFF7FEFF 		bl	lv_ll_init
  65              	.LVL3:
 138:Middlewares/LVGL/lvgl/src/lv_init.c ****     lv_ll_init(&(global->indev_ll), sizeof(lv_indev_t));
  66              		.loc 1 138 5 view .LVU12
  67 001c 4FF4A271 		mov	r1, #324
  68 0020 04F14800 		add	r0, r4, #72
  69 0024 FFF7FEFF 		bl	lv_ll_init
  70              	.LVL4:
 139:Middlewares/LVGL/lvgl/src/lv_init.c **** 
 140:Middlewares/LVGL/lvgl/src/lv_init.c ****     global->memory_zero = ZERO_MEM_SENTINEL;
ARM GAS  C:\Users\w1785\AppData\Local\Temp\ccfOKzjd.s 			page 6


  71              		.loc 1 140 5 view .LVU13
  72              		.loc 1 140 25 is_stmt 0 view .LVU14
  73 0028 074B     		ldr	r3, .L6
  74 002a A366     		str	r3, [r4, #104]
 141:Middlewares/LVGL/lvgl/src/lv_init.c ****     global->style_refresh = true;
  75              		.loc 1 141 5 is_stmt 1 view .LVU15
  76              		.loc 1 141 27 is_stmt 0 view .LVU16
  77 002c 0123     		movs	r3, #1
  78 002e 84F82830 		strb	r3, [r4, #40]
 142:Middlewares/LVGL/lvgl/src/lv_init.c ****     global->layout_count = LV_LAYOUT_LAST;
  79              		.loc 1 142 5 is_stmt 1 view .LVU17
  80              		.loc 1 142 26 is_stmt 0 view .LVU18
  81 0032 0323     		movs	r3, #3
  82 0034 E365     		str	r3, [r4, #92]
 143:Middlewares/LVGL/lvgl/src/lv_init.c ****     global->style_last_custom_prop_id = (uint32_t)LV_STYLE_LAST_BUILT_IN_PROP;
  83              		.loc 1 143 5 is_stmt 1 view .LVU19
  84              		.loc 1 143 39 is_stmt 0 view .LVU20
  85 0036 B023     		movs	r3, #176
  86 0038 2363     		str	r3, [r4, #48]
 144:Middlewares/LVGL/lvgl/src/lv_init.c ****     global->event_last_register_id = LV_EVENT_LAST;
  87              		.loc 1 144 5 is_stmt 1 view .LVU21
  88              		.loc 1 144 36 is_stmt 0 view .LVU22
  89 003a 4523     		movs	r3, #69
  90 003c 6367     		str	r3, [r4, #116]
 145:Middlewares/LVGL/lvgl/src/lv_init.c ****     lv_rand_set_seed(0x1234ABCD);
  91              		.loc 1 145 5 is_stmt 1 view .LVU23
  92 003e 0348     		ldr	r0, .L6+4
  93 0040 FFF7FEFF 		bl	lv_rand_set_seed
  94              	.LVL5:
 146:Middlewares/LVGL/lvgl/src/lv_init.c **** 
 147:Middlewares/LVGL/lvgl/src/lv_init.c **** #ifdef LV_LOG_PRINT_CB
 148:Middlewares/LVGL/lvgl/src/lv_init.c ****     void LV_LOG_PRINT_CB(lv_log_level_t, const char * txt);
 149:Middlewares/LVGL/lvgl/src/lv_init.c ****     global->custom_log_print_cb = LV_LOG_PRINT_CB;
 150:Middlewares/LVGL/lvgl/src/lv_init.c **** #endif
 151:Middlewares/LVGL/lvgl/src/lv_init.c **** 
 152:Middlewares/LVGL/lvgl/src/lv_init.c **** #if defined(LV_DRAW_SW_SHADOW_CACHE_SIZE) && LV_DRAW_SW_SHADOW_CACHE_SIZE > 0
 153:Middlewares/LVGL/lvgl/src/lv_init.c ****     global->sw_shadow_cache.cache_size = -1;
 154:Middlewares/LVGL/lvgl/src/lv_init.c ****     global->sw_shadow_cache.cache_r = -1;
 155:Middlewares/LVGL/lvgl/src/lv_init.c **** #endif
 156:Middlewares/LVGL/lvgl/src/lv_init.c **** }
  95              		.loc 1 156 1 is_stmt 0 view .LVU24
  96 0044 10BD     		pop	{r4, pc}
  97              	.LVL6:
  98              	.L3:
  99              	.LCFI1:
 100              		.cfi_def_cfa_offset 0
 101              		.cfi_restore 4
 102              		.cfi_restore 14
 128:Middlewares/LVGL/lvgl/src/lv_init.c **** 
 103              		.loc 1 128 5 is_stmt 1 view .LVU25
 128:Middlewares/LVGL/lvgl/src/lv_init.c **** 
 104              		.loc 1 128 5 view .LVU26
 128:Middlewares/LVGL/lvgl/src/lv_init.c **** 
 105              		.loc 1 128 5 view .LVU27
 128:Middlewares/LVGL/lvgl/src/lv_init.c **** 
 106              		.loc 1 128 5 view .LVU28
 128:Middlewares/LVGL/lvgl/src/lv_init.c **** 
ARM GAS  C:\Users\w1785\AppData\Local\Temp\ccfOKzjd.s 			page 7


 107              		.loc 1 128 5 view .LVU29
 108 0046 FEE7     		b	.L3
 109              	.L7:
 110              		.align	2
 111              	.L6:
 112 0048 D4C3B2A1 		.word	-1582119980
 113 004c CDAB3412 		.word	305441741
 114              		.cfi_endproc
 115              	.LFE200:
 117              		.section	.text.lv_cleanup_devices,"ax",%progbits
 118              		.align	1
 119              		.syntax unified
 120              		.thumb
 121              		.thumb_func
 123              	lv_cleanup_devices:
 124              	.LVL7:
 125              	.LFB201:
 157:Middlewares/LVGL/lvgl/src/lv_init.c **** 
 158:Middlewares/LVGL/lvgl/src/lv_init.c **** static inline void lv_cleanup_devices(lv_global_t * global)
 159:Middlewares/LVGL/lvgl/src/lv_init.c **** {
 126              		.loc 1 159 1 view -0
 127              		.cfi_startproc
 128              		@ args = 0, pretend = 0, frame = 0
 129              		@ frame_needed = 0, uses_anonymous_args = 0
 160:Middlewares/LVGL/lvgl/src/lv_init.c ****     LV_ASSERT_NULL(global);
 130              		.loc 1 160 5 view .LVU31
 131              		.loc 1 160 5 view .LVU32
 132 0000 58B1     		cbz	r0, .L10
 159:Middlewares/LVGL/lvgl/src/lv_init.c ****     LV_ASSERT_NULL(global);
 133              		.loc 1 159 1 is_stmt 0 view .LVU33
 134 0002 10B5     		push	{r4, lr}
 135              	.LCFI2:
 136              		.cfi_def_cfa_offset 8
 137              		.cfi_offset 4, -8
 138              		.cfi_offset 14, -4
 139 0004 0446     		mov	r4, r0
 140              		.loc 1 160 5 is_stmt 1 view .LVU34
 141              		.loc 1 160 27 view .LVU35
 161:Middlewares/LVGL/lvgl/src/lv_init.c **** 
 162:Middlewares/LVGL/lvgl/src/lv_init.c ****     if(global) {
 142              		.loc 1 162 5 view .LVU36
 163:Middlewares/LVGL/lvgl/src/lv_init.c ****         /* cleanup indev and display */
 164:Middlewares/LVGL/lvgl/src/lv_init.c ****         lv_ll_clear_custom(&(global->indev_ll), (void (*)(void *)) lv_indev_delete);
 143              		.loc 1 164 9 view .LVU37
 144 0006 0549     		ldr	r1, .L13
 145 0008 4830     		adds	r0, r0, #72
 146              	.LVL8:
 147              		.loc 1 164 9 is_stmt 0 view .LVU38
 148 000a FFF7FEFF 		bl	lv_ll_clear_custom
 149              	.LVL9:
 165:Middlewares/LVGL/lvgl/src/lv_init.c ****         lv_ll_clear_custom(&(global->disp_ll), (void (*)(void *)) lv_display_delete);
 150              		.loc 1 165 9 is_stmt 1 view .LVU39
 151 000e 0449     		ldr	r1, .L13+4
 152 0010 04F10800 		add	r0, r4, #8
 153 0014 FFF7FEFF 		bl	lv_ll_clear_custom
 154              	.LVL10:
 166:Middlewares/LVGL/lvgl/src/lv_init.c ****     }
ARM GAS  C:\Users\w1785\AppData\Local\Temp\ccfOKzjd.s 			page 8


 167:Middlewares/LVGL/lvgl/src/lv_init.c **** }
 155              		.loc 1 167 1 is_stmt 0 view .LVU40
 156 0018 10BD     		pop	{r4, pc}
 157              	.LVL11:
 158              	.L10:
 159              	.LCFI3:
 160              		.cfi_def_cfa_offset 0
 161              		.cfi_restore 4
 162              		.cfi_restore 14
 160:Middlewares/LVGL/lvgl/src/lv_init.c **** 
 163              		.loc 1 160 5 is_stmt 1 view .LVU41
 160:Middlewares/LVGL/lvgl/src/lv_init.c **** 
 164              		.loc 1 160 5 view .LVU42
 160:Middlewares/LVGL/lvgl/src/lv_init.c **** 
 165              		.loc 1 160 5 view .LVU43
 160:Middlewares/LVGL/lvgl/src/lv_init.c **** 
 166              		.loc 1 160 5 view .LVU44
 160:Middlewares/LVGL/lvgl/src/lv_init.c **** 
 167              		.loc 1 160 5 view .LVU45
 168 001a FEE7     		b	.L10
 169              	.L14:
 170              		.align	2
 171              	.L13:
 172 001c 00000000 		.word	lv_indev_delete
 173 0020 00000000 		.word	lv_display_delete
 174              		.cfi_endproc
 175              	.LFE201:
 177              		.section	.text.lv_is_initialized,"ax",%progbits
 178              		.align	1
 179              		.global	lv_is_initialized
 180              		.syntax unified
 181              		.thumb
 182              		.thumb_func
 184              	lv_is_initialized:
 185              	.LFB202:
 168:Middlewares/LVGL/lvgl/src/lv_init.c **** 
 169:Middlewares/LVGL/lvgl/src/lv_init.c **** bool lv_is_initialized(void)
 170:Middlewares/LVGL/lvgl/src/lv_init.c **** {
 186              		.loc 1 170 1 view -0
 187              		.cfi_startproc
 188              		@ args = 0, pretend = 0, frame = 0
 189              		@ frame_needed = 0, uses_anonymous_args = 0
 190              		@ link register save eliminated.
 171:Middlewares/LVGL/lvgl/src/lv_init.c **** #if LV_ENABLE_GLOBAL_CUSTOM
 172:Middlewares/LVGL/lvgl/src/lv_init.c ****     if(LV_GLOBAL_DEFAULT()) return lv_initialized;
 173:Middlewares/LVGL/lvgl/src/lv_init.c ****     else return false;
 174:Middlewares/LVGL/lvgl/src/lv_init.c **** #else
 175:Middlewares/LVGL/lvgl/src/lv_init.c ****     return lv_initialized;
 191              		.loc 1 175 5 view .LVU47
 176:Middlewares/LVGL/lvgl/src/lv_init.c **** #endif
 177:Middlewares/LVGL/lvgl/src/lv_init.c **** }
 192              		.loc 1 177 1 is_stmt 0 view .LVU48
 193 0000 014B     		ldr	r3, .L16
 194 0002 1879     		ldrb	r0, [r3, #4]	@ zero_extendqisi2
 195 0004 7047     		bx	lr
 196              	.L17:
 197 0006 00BF     		.align	2
ARM GAS  C:\Users\w1785\AppData\Local\Temp\ccfOKzjd.s 			page 9


 198              	.L16:
 199 0008 00000000 		.word	lv_global
 200              		.cfi_endproc
 201              	.LFE202:
 203              		.section	.text.lv_init,"ax",%progbits
 204              		.align	1
 205              		.global	lv_init
 206              		.syntax unified
 207              		.thumb
 208              		.thumb_func
 210              	lv_init:
 211              	.LFB203:
 178:Middlewares/LVGL/lvgl/src/lv_init.c **** 
 179:Middlewares/LVGL/lvgl/src/lv_init.c **** void lv_init(void)
 180:Middlewares/LVGL/lvgl/src/lv_init.c **** {
 212              		.loc 1 180 1 is_stmt 1 view -0
 213              		.cfi_startproc
 214              		@ args = 0, pretend = 0, frame = 0
 215              		@ frame_needed = 0, uses_anonymous_args = 0
 181:Middlewares/LVGL/lvgl/src/lv_init.c ****     /*First initialize Garbage Collection if needed*/
 182:Middlewares/LVGL/lvgl/src/lv_init.c **** #ifdef LV_GC_INIT
 183:Middlewares/LVGL/lvgl/src/lv_init.c ****     LV_GC_INIT();
 184:Middlewares/LVGL/lvgl/src/lv_init.c **** #endif
 185:Middlewares/LVGL/lvgl/src/lv_init.c **** 
 186:Middlewares/LVGL/lvgl/src/lv_init.c ****     /*Do nothing if already initialized*/
 187:Middlewares/LVGL/lvgl/src/lv_init.c ****     if(lv_initialized) {
 216              		.loc 1 187 5 view .LVU50
 217              		.loc 1 187 8 is_stmt 0 view .LVU51
 218 0000 154B     		ldr	r3, .L25
 219 0002 1B79     		ldrb	r3, [r3, #4]	@ zero_extendqisi2
 220              		.loc 1 187 7 view .LVU52
 221 0004 03B1     		cbz	r3, .L24
 222 0006 7047     		bx	lr
 223              	.L24:
 180:Middlewares/LVGL/lvgl/src/lv_init.c ****     /*First initialize Garbage Collection if needed*/
 224              		.loc 1 180 1 view .LVU53
 225 0008 10B5     		push	{r4, lr}
 226              	.LCFI4:
 227              		.cfi_def_cfa_offset 8
 228              		.cfi_offset 4, -8
 229              		.cfi_offset 14, -4
 188:Middlewares/LVGL/lvgl/src/lv_init.c ****         LV_LOG_WARN("lv_init: already initialized");
 189:Middlewares/LVGL/lvgl/src/lv_init.c ****         return;
 190:Middlewares/LVGL/lvgl/src/lv_init.c ****     }
 191:Middlewares/LVGL/lvgl/src/lv_init.c **** 
 192:Middlewares/LVGL/lvgl/src/lv_init.c ****     LV_LOG_INFO("begin");
 230              		.loc 1 192 5 is_stmt 1 view .LVU54
 231              		.loc 1 192 5 view .LVU55
 232              		.loc 1 192 5 view .LVU56
 193:Middlewares/LVGL/lvgl/src/lv_init.c **** 
 194:Middlewares/LVGL/lvgl/src/lv_init.c ****     /*Initialize members of static variable lv_global */
 195:Middlewares/LVGL/lvgl/src/lv_init.c ****     LV_GLOBAL_INIT(LV_GLOBAL_DEFAULT());
 233              		.loc 1 195 5 view .LVU57
 234 000a 134C     		ldr	r4, .L25
 235 000c 2046     		mov	r0, r4
 236 000e FFF7FEFF 		bl	lv_global_init
 237              	.LVL12:
ARM GAS  C:\Users\w1785\AppData\Local\Temp\ccfOKzjd.s 			page 10


 196:Middlewares/LVGL/lvgl/src/lv_init.c **** 
 197:Middlewares/LVGL/lvgl/src/lv_init.c ****     lv_mem_init();
 238              		.loc 1 197 5 view .LVU58
 239 0012 FFF7FEFF 		bl	lv_mem_init
 240              	.LVL13:
 198:Middlewares/LVGL/lvgl/src/lv_init.c **** 
 199:Middlewares/LVGL/lvgl/src/lv_init.c ****     lv_draw_buf_init_handlers();
 241              		.loc 1 199 5 view .LVU59
 242 0016 FFF7FEFF 		bl	lv_draw_buf_init_handlers
 243              	.LVL14:
 200:Middlewares/LVGL/lvgl/src/lv_init.c **** 
 201:Middlewares/LVGL/lvgl/src/lv_init.c **** #if LV_USE_SPAN != 0
 202:Middlewares/LVGL/lvgl/src/lv_init.c ****     lv_span_stack_init();
 244              		.loc 1 202 5 view .LVU60
 245 001a FFF7FEFF 		bl	lv_span_stack_init
 246              	.LVL15:
 203:Middlewares/LVGL/lvgl/src/lv_init.c **** #endif
 204:Middlewares/LVGL/lvgl/src/lv_init.c **** 
 205:Middlewares/LVGL/lvgl/src/lv_init.c **** #if LV_USE_PROFILER && LV_USE_PROFILER_BUILTIN
 206:Middlewares/LVGL/lvgl/src/lv_init.c **** #if LV_USE_PROFILER_BUILTIN_POSIX
 207:Middlewares/LVGL/lvgl/src/lv_init.c ****     lv_profiler_builtin_posix_init();
 208:Middlewares/LVGL/lvgl/src/lv_init.c **** #else
 209:Middlewares/LVGL/lvgl/src/lv_init.c ****     lv_profiler_builtin_config_t profiler_config;
 210:Middlewares/LVGL/lvgl/src/lv_init.c ****     lv_profiler_builtin_config_init(&profiler_config);
 211:Middlewares/LVGL/lvgl/src/lv_init.c ****     lv_profiler_builtin_init(&profiler_config);
 212:Middlewares/LVGL/lvgl/src/lv_init.c **** #endif
 213:Middlewares/LVGL/lvgl/src/lv_init.c **** #endif
 214:Middlewares/LVGL/lvgl/src/lv_init.c **** 
 215:Middlewares/LVGL/lvgl/src/lv_init.c ****     lv_os_init();
 247              		.loc 1 215 5 view .LVU61
 248 001e FFF7FEFF 		bl	lv_os_init
 249              	.LVL16:
 216:Middlewares/LVGL/lvgl/src/lv_init.c **** 
 217:Middlewares/LVGL/lvgl/src/lv_init.c ****     lv_timer_core_init();
 250              		.loc 1 217 5 view .LVU62
 251 0022 FFF7FEFF 		bl	lv_timer_core_init
 252              	.LVL17:
 218:Middlewares/LVGL/lvgl/src/lv_init.c **** 
 219:Middlewares/LVGL/lvgl/src/lv_init.c ****     lv_fs_init();
 253              		.loc 1 219 5 view .LVU63
 254 0026 FFF7FEFF 		bl	lv_fs_init
 255              	.LVL18:
 220:Middlewares/LVGL/lvgl/src/lv_init.c **** 
 221:Middlewares/LVGL/lvgl/src/lv_init.c ****     lv_layout_init();
 256              		.loc 1 221 5 view .LVU64
 257 002a FFF7FEFF 		bl	lv_layout_init
 258              	.LVL19:
 222:Middlewares/LVGL/lvgl/src/lv_init.c **** 
 223:Middlewares/LVGL/lvgl/src/lv_init.c ****     lv_anim_core_init();
 259              		.loc 1 223 5 view .LVU65
 260 002e FFF7FEFF 		bl	lv_anim_core_init
 261              	.LVL20:
 224:Middlewares/LVGL/lvgl/src/lv_init.c **** 
 225:Middlewares/LVGL/lvgl/src/lv_init.c ****     lv_group_init();
 262              		.loc 1 225 5 view .LVU66
 263 0032 FFF7FEFF 		bl	lv_group_init
 264              	.LVL21:
ARM GAS  C:\Users\w1785\AppData\Local\Temp\ccfOKzjd.s 			page 11


 226:Middlewares/LVGL/lvgl/src/lv_init.c **** 
 227:Middlewares/LVGL/lvgl/src/lv_init.c **** #if LV_USE_FREETYPE
 228:Middlewares/LVGL/lvgl/src/lv_init.c ****     /* Since the drawing unit needs to register the freetype event,
 229:Middlewares/LVGL/lvgl/src/lv_init.c ****      * initialize the freetype module first
 230:Middlewares/LVGL/lvgl/src/lv_init.c ****      */
 231:Middlewares/LVGL/lvgl/src/lv_init.c ****     lv_freetype_init(LV_FREETYPE_CACHE_FT_GLYPH_CNT);
 232:Middlewares/LVGL/lvgl/src/lv_init.c **** #endif
 233:Middlewares/LVGL/lvgl/src/lv_init.c **** 
 234:Middlewares/LVGL/lvgl/src/lv_init.c ****     lv_draw_init();
 265              		.loc 1 234 5 view .LVU67
 266 0036 FFF7FEFF 		bl	lv_draw_init
 267              	.LVL22:
 235:Middlewares/LVGL/lvgl/src/lv_init.c **** 
 236:Middlewares/LVGL/lvgl/src/lv_init.c **** #if LV_USE_DRAW_SW
 237:Middlewares/LVGL/lvgl/src/lv_init.c ****     lv_draw_sw_init();
 268              		.loc 1 237 5 view .LVU68
 269 003a FFF7FEFF 		bl	lv_draw_sw_init
 270              	.LVL23:
 238:Middlewares/LVGL/lvgl/src/lv_init.c **** #endif
 239:Middlewares/LVGL/lvgl/src/lv_init.c **** 
 240:Middlewares/LVGL/lvgl/src/lv_init.c **** #if LV_USE_NEMA_GFX
 241:Middlewares/LVGL/lvgl/src/lv_init.c ****     lv_draw_nema_gfx_init();
 242:Middlewares/LVGL/lvgl/src/lv_init.c **** #endif
 243:Middlewares/LVGL/lvgl/src/lv_init.c **** 
 244:Middlewares/LVGL/lvgl/src/lv_init.c **** #if LV_USE_PXP
 245:Middlewares/LVGL/lvgl/src/lv_init.c **** #if LV_USE_DRAW_PXP || LV_USE_ROTATE_PXP
 246:Middlewares/LVGL/lvgl/src/lv_init.c ****     lv_draw_pxp_init();
 247:Middlewares/LVGL/lvgl/src/lv_init.c **** #endif
 248:Middlewares/LVGL/lvgl/src/lv_init.c **** #endif
 249:Middlewares/LVGL/lvgl/src/lv_init.c **** 
 250:Middlewares/LVGL/lvgl/src/lv_init.c **** #if LV_USE_G2D
 251:Middlewares/LVGL/lvgl/src/lv_init.c **** #if LV_USE_DRAW_G2D || LV_USE_ROTATE_G2D
 252:Middlewares/LVGL/lvgl/src/lv_init.c ****     lv_draw_g2d_init();
 253:Middlewares/LVGL/lvgl/src/lv_init.c **** #endif
 254:Middlewares/LVGL/lvgl/src/lv_init.c **** #endif
 255:Middlewares/LVGL/lvgl/src/lv_init.c **** 
 256:Middlewares/LVGL/lvgl/src/lv_init.c **** #if LV_USE_DRAW_DAVE2D
 257:Middlewares/LVGL/lvgl/src/lv_init.c ****     lv_draw_dave2d_init();
 258:Middlewares/LVGL/lvgl/src/lv_init.c **** #endif
 259:Middlewares/LVGL/lvgl/src/lv_init.c **** 
 260:Middlewares/LVGL/lvgl/src/lv_init.c **** #if LV_USE_DRAW_SDL
 261:Middlewares/LVGL/lvgl/src/lv_init.c ****     lv_draw_sdl_init();
 262:Middlewares/LVGL/lvgl/src/lv_init.c **** #endif
 263:Middlewares/LVGL/lvgl/src/lv_init.c **** 
 264:Middlewares/LVGL/lvgl/src/lv_init.c **** #if LV_USE_DRAW_DMA2D
 265:Middlewares/LVGL/lvgl/src/lv_init.c ****     lv_draw_dma2d_init();
 266:Middlewares/LVGL/lvgl/src/lv_init.c **** #endif
 267:Middlewares/LVGL/lvgl/src/lv_init.c **** 
 268:Middlewares/LVGL/lvgl/src/lv_init.c **** #if LV_USE_DRAW_OPENGLES
 269:Middlewares/LVGL/lvgl/src/lv_init.c ****     lv_draw_opengles_init();
 270:Middlewares/LVGL/lvgl/src/lv_init.c **** #endif
 271:Middlewares/LVGL/lvgl/src/lv_init.c **** 
 272:Middlewares/LVGL/lvgl/src/lv_init.c **** #if LV_USE_PPA
 273:Middlewares/LVGL/lvgl/src/lv_init.c ****     lv_draw_ppa_init();
 274:Middlewares/LVGL/lvgl/src/lv_init.c **** #endif
 275:Middlewares/LVGL/lvgl/src/lv_init.c **** 
 276:Middlewares/LVGL/lvgl/src/lv_init.c **** #if LV_USE_WINDOWS
ARM GAS  C:\Users\w1785\AppData\Local\Temp\ccfOKzjd.s 			page 12


 277:Middlewares/LVGL/lvgl/src/lv_init.c ****     lv_windows_platform_init();
 278:Middlewares/LVGL/lvgl/src/lv_init.c **** #endif
 279:Middlewares/LVGL/lvgl/src/lv_init.c **** 
 280:Middlewares/LVGL/lvgl/src/lv_init.c **** #if LV_USE_UEFI
 281:Middlewares/LVGL/lvgl/src/lv_init.c ****     lv_uefi_platform_init();
 282:Middlewares/LVGL/lvgl/src/lv_init.c **** #endif
 283:Middlewares/LVGL/lvgl/src/lv_init.c **** 
 284:Middlewares/LVGL/lvgl/src/lv_init.c **** #if LV_USE_DRAW_EVE
 285:Middlewares/LVGL/lvgl/src/lv_init.c ****     lv_draw_eve_init();
 286:Middlewares/LVGL/lvgl/src/lv_init.c **** #endif
 287:Middlewares/LVGL/lvgl/src/lv_init.c **** 
 288:Middlewares/LVGL/lvgl/src/lv_init.c ****     lv_obj_style_init();
 271              		.loc 1 288 5 view .LVU69
 272 003e FFF7FEFF 		bl	lv_obj_style_init
 273              	.LVL24:
 289:Middlewares/LVGL/lvgl/src/lv_init.c **** 
 290:Middlewares/LVGL/lvgl/src/lv_init.c ****     /*Initialize the screen refresh system*/
 291:Middlewares/LVGL/lvgl/src/lv_init.c ****     lv_refr_init();
 274              		.loc 1 291 5 view .LVU70
 275 0042 FFF7FEFF 		bl	lv_refr_init
 276              	.LVL25:
 292:Middlewares/LVGL/lvgl/src/lv_init.c **** 
 293:Middlewares/LVGL/lvgl/src/lv_init.c **** #if LV_USE_SYSMON
 294:Middlewares/LVGL/lvgl/src/lv_init.c ****     lv_sysmon_builtin_init();
 295:Middlewares/LVGL/lvgl/src/lv_init.c **** #endif
 296:Middlewares/LVGL/lvgl/src/lv_init.c **** 
 297:Middlewares/LVGL/lvgl/src/lv_init.c ****     lv_image_decoder_init(LV_CACHE_DEF_SIZE, LV_IMAGE_HEADER_CACHE_DEF_CNT);
 277              		.loc 1 297 5 view .LVU71
 278 0046 0021     		movs	r1, #0
 279 0048 0846     		mov	r0, r1
 280 004a FFF7FEFF 		bl	lv_image_decoder_init
 281              	.LVL26:
 298:Middlewares/LVGL/lvgl/src/lv_init.c ****     lv_bin_decoder_init();  /*LVGL built-in binary image decoder*/
 282              		.loc 1 298 5 view .LVU72
 283 004e FFF7FEFF 		bl	lv_bin_decoder_init
 284              	.LVL27:
 299:Middlewares/LVGL/lvgl/src/lv_init.c **** 
 300:Middlewares/LVGL/lvgl/src/lv_init.c **** #if LV_USE_DRAW_VG_LITE
 301:Middlewares/LVGL/lvgl/src/lv_init.c ****     lv_draw_vg_lite_init();
 302:Middlewares/LVGL/lvgl/src/lv_init.c **** #endif
 303:Middlewares/LVGL/lvgl/src/lv_init.c **** 
 304:Middlewares/LVGL/lvgl/src/lv_init.c ****     /*Test if the IDE has UTF-8 encoding*/
 305:Middlewares/LVGL/lvgl/src/lv_init.c ****     const char * txt = "Á";
 285              		.loc 1 305 5 view .LVU73
 306:Middlewares/LVGL/lvgl/src/lv_init.c **** 
 307:Middlewares/LVGL/lvgl/src/lv_init.c ****     uint8_t * txt_u8 = (uint8_t *)txt;
 286              		.loc 1 307 5 view .LVU74
 308:Middlewares/LVGL/lvgl/src/lv_init.c ****     if(txt_u8[0] != 0xc3 || txt_u8[1] != 0x81 || txt_u8[2] != 0x00) {
 287              		.loc 1 308 5 view .LVU75
 309:Middlewares/LVGL/lvgl/src/lv_init.c ****         LV_LOG_WARN("The strings have no UTF-8 encoding. Non-ASCII characters won't be displayed.")
 288              		.loc 1 309 9 view .LVU76
 289              		.loc 1 309 9 view .LVU77
 290              		.loc 1 309 9 view .LVU78
 310:Middlewares/LVGL/lvgl/src/lv_init.c ****     }
 311:Middlewares/LVGL/lvgl/src/lv_init.c **** 
 312:Middlewares/LVGL/lvgl/src/lv_init.c ****     uint32_t endianness_test = 0x11223344;
 291              		.loc 1 312 5 view .LVU79
ARM GAS  C:\Users\w1785\AppData\Local\Temp\ccfOKzjd.s 			page 13


 313:Middlewares/LVGL/lvgl/src/lv_init.c ****     uint8_t * endianness_test_p = (uint8_t *) &endianness_test;
 292              		.loc 1 313 5 view .LVU80
 314:Middlewares/LVGL/lvgl/src/lv_init.c ****     bool big_endian = endianness_test_p[0] == 0x11;
 293              		.loc 1 314 5 view .LVU81
 315:Middlewares/LVGL/lvgl/src/lv_init.c **** 
 316:Middlewares/LVGL/lvgl/src/lv_init.c ****     if(big_endian) {
 294              		.loc 1 316 5 view .LVU82
 317:Middlewares/LVGL/lvgl/src/lv_init.c ****         LV_ASSERT_MSG(LV_BIG_ENDIAN_SYSTEM == 1,
 318:Middlewares/LVGL/lvgl/src/lv_init.c ****                       "It's a big endian system but LV_BIG_ENDIAN_SYSTEM is not enabled in lv_conf.
 319:Middlewares/LVGL/lvgl/src/lv_init.c ****     }
 320:Middlewares/LVGL/lvgl/src/lv_init.c ****     else {
 321:Middlewares/LVGL/lvgl/src/lv_init.c ****         LV_ASSERT_MSG(LV_BIG_ENDIAN_SYSTEM == 0,
 295              		.loc 1 321 9 view .LVU83
 296              		.loc 1 321 9 view .LVU84
 297              		.loc 1 321 9 view .LVU85
 322:Middlewares/LVGL/lvgl/src/lv_init.c ****                       "It's a little endian system but LV_BIG_ENDIAN_SYSTEM is enabled in lv_conf.h
 323:Middlewares/LVGL/lvgl/src/lv_init.c ****     }
 324:Middlewares/LVGL/lvgl/src/lv_init.c **** 
 325:Middlewares/LVGL/lvgl/src/lv_init.c **** #if LV_USE_ASSERT_MEM_INTEGRITY
 326:Middlewares/LVGL/lvgl/src/lv_init.c ****     LV_LOG_WARN("Memory integrity checks are enabled via LV_USE_ASSERT_MEM_INTEGRITY which makes LV
 327:Middlewares/LVGL/lvgl/src/lv_init.c **** #endif
 328:Middlewares/LVGL/lvgl/src/lv_init.c **** 
 329:Middlewares/LVGL/lvgl/src/lv_init.c **** #if LV_USE_ASSERT_OBJ
 330:Middlewares/LVGL/lvgl/src/lv_init.c ****     LV_LOG_WARN("Object sanity checks are enabled via LV_USE_ASSERT_OBJ which makes LVGL much slowe
 331:Middlewares/LVGL/lvgl/src/lv_init.c **** #endif
 332:Middlewares/LVGL/lvgl/src/lv_init.c **** 
 333:Middlewares/LVGL/lvgl/src/lv_init.c **** #if LV_USE_ASSERT_STYLE
 334:Middlewares/LVGL/lvgl/src/lv_init.c ****     LV_LOG_WARN("Style sanity checks are enabled that uses more RAM");
 335:Middlewares/LVGL/lvgl/src/lv_init.c **** #endif
 336:Middlewares/LVGL/lvgl/src/lv_init.c **** 
 337:Middlewares/LVGL/lvgl/src/lv_init.c **** #if LV_LOG_LEVEL == LV_LOG_LEVEL_TRACE
 338:Middlewares/LVGL/lvgl/src/lv_init.c ****     LV_LOG_WARN("Log level is set to 'Trace' which makes LVGL much slower");
 339:Middlewares/LVGL/lvgl/src/lv_init.c **** #endif
 340:Middlewares/LVGL/lvgl/src/lv_init.c **** 
 341:Middlewares/LVGL/lvgl/src/lv_init.c **** #if LV_USE_FS_FATFS != '\0'
 342:Middlewares/LVGL/lvgl/src/lv_init.c ****     lv_fs_fatfs_init();
 343:Middlewares/LVGL/lvgl/src/lv_init.c **** #endif
 344:Middlewares/LVGL/lvgl/src/lv_init.c **** 
 345:Middlewares/LVGL/lvgl/src/lv_init.c **** #if LV_USE_FS_STDIO != '\0'
 346:Middlewares/LVGL/lvgl/src/lv_init.c ****     lv_fs_stdio_init();
 347:Middlewares/LVGL/lvgl/src/lv_init.c **** #endif
 348:Middlewares/LVGL/lvgl/src/lv_init.c **** 
 349:Middlewares/LVGL/lvgl/src/lv_init.c **** #if LV_USE_FS_POSIX != '\0'
 350:Middlewares/LVGL/lvgl/src/lv_init.c ****     lv_fs_posix_init();
 351:Middlewares/LVGL/lvgl/src/lv_init.c **** #endif
 352:Middlewares/LVGL/lvgl/src/lv_init.c **** 
 353:Middlewares/LVGL/lvgl/src/lv_init.c **** #if LV_USE_FS_WIN32 != '\0'
 354:Middlewares/LVGL/lvgl/src/lv_init.c ****     lv_fs_win32_init();
 355:Middlewares/LVGL/lvgl/src/lv_init.c **** #endif
 356:Middlewares/LVGL/lvgl/src/lv_init.c **** 
 357:Middlewares/LVGL/lvgl/src/lv_init.c **** #if LV_USE_FS_MEMFS
 358:Middlewares/LVGL/lvgl/src/lv_init.c ****     lv_fs_memfs_init();
 359:Middlewares/LVGL/lvgl/src/lv_init.c **** #endif
 360:Middlewares/LVGL/lvgl/src/lv_init.c **** 
 361:Middlewares/LVGL/lvgl/src/lv_init.c **** #if LV_USE_FS_LITTLEFS
 362:Middlewares/LVGL/lvgl/src/lv_init.c ****     lv_fs_littlefs_init();
 363:Middlewares/LVGL/lvgl/src/lv_init.c **** #endif
ARM GAS  C:\Users\w1785\AppData\Local\Temp\ccfOKzjd.s 			page 14


 364:Middlewares/LVGL/lvgl/src/lv_init.c **** 
 365:Middlewares/LVGL/lvgl/src/lv_init.c **** #if LV_USE_FS_ARDUINO_ESP_LITTLEFS
 366:Middlewares/LVGL/lvgl/src/lv_init.c ****     lv_fs_arduino_esp_littlefs_init();
 367:Middlewares/LVGL/lvgl/src/lv_init.c **** #endif
 368:Middlewares/LVGL/lvgl/src/lv_init.c **** 
 369:Middlewares/LVGL/lvgl/src/lv_init.c **** #if LV_USE_FS_ARDUINO_SD
 370:Middlewares/LVGL/lvgl/src/lv_init.c ****     lv_fs_arduino_sd_init();
 371:Middlewares/LVGL/lvgl/src/lv_init.c **** #endif
 372:Middlewares/LVGL/lvgl/src/lv_init.c **** 
 373:Middlewares/LVGL/lvgl/src/lv_init.c **** #if LV_USE_FS_UEFI
 374:Middlewares/LVGL/lvgl/src/lv_init.c ****     lv_fs_uefi_init();
 375:Middlewares/LVGL/lvgl/src/lv_init.c **** #endif
 376:Middlewares/LVGL/lvgl/src/lv_init.c **** 
 377:Middlewares/LVGL/lvgl/src/lv_init.c **** #if LV_USE_FS_FROGFS
 378:Middlewares/LVGL/lvgl/src/lv_init.c ****     lv_fs_frogfs_init();
 379:Middlewares/LVGL/lvgl/src/lv_init.c **** #endif
 380:Middlewares/LVGL/lvgl/src/lv_init.c **** 
 381:Middlewares/LVGL/lvgl/src/lv_init.c ****     /*Use the earlier initialized position of FFmpeg decoder as a fallback decoder*/
 382:Middlewares/LVGL/lvgl/src/lv_init.c **** #if LV_USE_FFMPEG
 383:Middlewares/LVGL/lvgl/src/lv_init.c ****     lv_ffmpeg_init();
 384:Middlewares/LVGL/lvgl/src/lv_init.c **** #endif
 385:Middlewares/LVGL/lvgl/src/lv_init.c **** 
 386:Middlewares/LVGL/lvgl/src/lv_init.c **** #if LV_USE_LODEPNG
 387:Middlewares/LVGL/lvgl/src/lv_init.c ****     lv_lodepng_init();
 388:Middlewares/LVGL/lvgl/src/lv_init.c **** #endif
 389:Middlewares/LVGL/lvgl/src/lv_init.c **** 
 390:Middlewares/LVGL/lvgl/src/lv_init.c **** #if LV_USE_LIBPNG
 391:Middlewares/LVGL/lvgl/src/lv_init.c ****     lv_libpng_init();
 392:Middlewares/LVGL/lvgl/src/lv_init.c **** #endif
 393:Middlewares/LVGL/lvgl/src/lv_init.c **** 
 394:Middlewares/LVGL/lvgl/src/lv_init.c **** #if LV_USE_TJPGD
 395:Middlewares/LVGL/lvgl/src/lv_init.c ****     lv_tjpgd_init();
 396:Middlewares/LVGL/lvgl/src/lv_init.c **** #endif
 397:Middlewares/LVGL/lvgl/src/lv_init.c **** 
 398:Middlewares/LVGL/lvgl/src/lv_init.c **** #if LV_USE_LIBJPEG_TURBO
 399:Middlewares/LVGL/lvgl/src/lv_init.c ****     lv_libjpeg_turbo_init();
 400:Middlewares/LVGL/lvgl/src/lv_init.c **** #endif
 401:Middlewares/LVGL/lvgl/src/lv_init.c **** 
 402:Middlewares/LVGL/lvgl/src/lv_init.c **** #if LV_USE_LIBWEBP
 403:Middlewares/LVGL/lvgl/src/lv_init.c ****     lv_libwebp_init();
 404:Middlewares/LVGL/lvgl/src/lv_init.c **** #endif
 405:Middlewares/LVGL/lvgl/src/lv_init.c **** 
 406:Middlewares/LVGL/lvgl/src/lv_init.c **** #if LV_USE_BMP
 407:Middlewares/LVGL/lvgl/src/lv_init.c ****     lv_bmp_init();
 408:Middlewares/LVGL/lvgl/src/lv_init.c **** #endif
 409:Middlewares/LVGL/lvgl/src/lv_init.c **** 
 410:Middlewares/LVGL/lvgl/src/lv_init.c **** #if LV_USE_SVG
 411:Middlewares/LVGL/lvgl/src/lv_init.c ****     lv_svg_decoder_init();
 412:Middlewares/LVGL/lvgl/src/lv_init.c **** #endif
 413:Middlewares/LVGL/lvgl/src/lv_init.c **** 
 414:Middlewares/LVGL/lvgl/src/lv_init.c **** #if LV_USE_TRANSLATION
 415:Middlewares/LVGL/lvgl/src/lv_init.c ****     lv_translation_init();
 416:Middlewares/LVGL/lvgl/src/lv_init.c **** #endif
 417:Middlewares/LVGL/lvgl/src/lv_init.c **** 
 418:Middlewares/LVGL/lvgl/src/lv_init.c ****     lv_initialized = true;
 298              		.loc 1 418 5 view .LVU86
 299              		.loc 1 418 20 is_stmt 0 view .LVU87
ARM GAS  C:\Users\w1785\AppData\Local\Temp\ccfOKzjd.s 			page 15


 300 0052 0123     		movs	r3, #1
 301 0054 2371     		strb	r3, [r4, #4]
 419:Middlewares/LVGL/lvgl/src/lv_init.c **** 
 420:Middlewares/LVGL/lvgl/src/lv_init.c ****     LV_LOG_TRACE("finished");
 302              		.loc 1 420 5 is_stmt 1 view .LVU88
 303              		.loc 1 420 5 view .LVU89
 304              		.loc 1 420 5 view .LVU90
 305              	.LVL28:
 421:Middlewares/LVGL/lvgl/src/lv_init.c **** }
 306              		.loc 1 421 1 is_stmt 0 view .LVU91
 307 0056 10BD     		pop	{r4, pc}
 308              	.L26:
 309              		.align	2
 310              	.L25:
 311 0058 00000000 		.word	lv_global
 312              		.cfi_endproc
 313              	.LFE203:
 315              		.section	.text.lv_deinit,"ax",%progbits
 316              		.align	1
 317              		.global	lv_deinit
 318              		.syntax unified
 319              		.thumb
 320              		.thumb_func
 322              	lv_deinit:
 323              	.LFB204:
 422:Middlewares/LVGL/lvgl/src/lv_init.c **** 
 423:Middlewares/LVGL/lvgl/src/lv_init.c **** void lv_deinit(void)
 424:Middlewares/LVGL/lvgl/src/lv_init.c **** {
 324              		.loc 1 424 1 is_stmt 1 view -0
 325              		.cfi_startproc
 326              		@ args = 0, pretend = 0, frame = 0
 327              		@ frame_needed = 0, uses_anonymous_args = 0
 425:Middlewares/LVGL/lvgl/src/lv_init.c ****     /*Do nothing if already deinit*/
 426:Middlewares/LVGL/lvgl/src/lv_init.c ****     if(!lv_initialized) {
 328              		.loc 1 426 5 view .LVU93
 329              		.loc 1 426 9 is_stmt 0 view .LVU94
 330 0000 184B     		ldr	r3, .L34
 331 0002 1B79     		ldrb	r3, [r3, #4]	@ zero_extendqisi2
 332              		.loc 1 426 7 view .LVU95
 333 0004 13B1     		cbz	r3, .L30
 427:Middlewares/LVGL/lvgl/src/lv_init.c ****         LV_LOG_WARN("lv_deinit: already deinit!");
 428:Middlewares/LVGL/lvgl/src/lv_init.c ****         return;
 429:Middlewares/LVGL/lvgl/src/lv_init.c ****     }
 430:Middlewares/LVGL/lvgl/src/lv_init.c **** 
 431:Middlewares/LVGL/lvgl/src/lv_init.c ****     if(lv_deinit_in_progress) return;
 334              		.loc 1 431 5 is_stmt 1 view .LVU96
 335              		.loc 1 431 8 is_stmt 0 view .LVU97
 336 0006 174B     		ldr	r3, .L34
 337 0008 5B79     		ldrb	r3, [r3, #5]	@ zero_extendqisi2
 338              		.loc 1 431 7 view .LVU98
 339 000a 03B1     		cbz	r3, .L33
 340              	.L30:
 341 000c 7047     		bx	lr
 342              	.L33:
 424:Middlewares/LVGL/lvgl/src/lv_init.c ****     /*Do nothing if already deinit*/
 343              		.loc 1 424 1 view .LVU99
 344 000e 10B5     		push	{r4, lr}
ARM GAS  C:\Users\w1785\AppData\Local\Temp\ccfOKzjd.s 			page 16


 345              	.LCFI5:
 346              		.cfi_def_cfa_offset 8
 347              		.cfi_offset 4, -8
 348              		.cfi_offset 14, -4
 432:Middlewares/LVGL/lvgl/src/lv_init.c **** 
 433:Middlewares/LVGL/lvgl/src/lv_init.c ****     lv_deinit_in_progress = true;
 349              		.loc 1 433 5 is_stmt 1 view .LVU100
 350              		.loc 1 433 27 is_stmt 0 view .LVU101
 351 0010 144C     		ldr	r4, .L34
 352 0012 0123     		movs	r3, #1
 353 0014 6371     		strb	r3, [r4, #5]
 434:Middlewares/LVGL/lvgl/src/lv_init.c **** 
 435:Middlewares/LVGL/lvgl/src/lv_init.c **** #if LV_USE_SYSMON
 436:Middlewares/LVGL/lvgl/src/lv_init.c ****     lv_sysmon_builtin_deinit();
 437:Middlewares/LVGL/lvgl/src/lv_init.c **** #endif
 438:Middlewares/LVGL/lvgl/src/lv_init.c **** 
 439:Middlewares/LVGL/lvgl/src/lv_init.c ****     lv_display_set_default(NULL);
 354              		.loc 1 439 5 is_stmt 1 view .LVU102
 355 0016 0020     		movs	r0, #0
 356 0018 FFF7FEFF 		bl	lv_display_set_default
 357              	.LVL29:
 440:Middlewares/LVGL/lvgl/src/lv_init.c **** 
 441:Middlewares/LVGL/lvgl/src/lv_init.c ****     lv_cleanup_devices(LV_GLOBAL_DEFAULT());
 358              		.loc 1 441 5 view .LVU103
 359 001c 2046     		mov	r0, r4
 360 001e FFF7FEFF 		bl	lv_cleanup_devices
 361              	.LVL30:
 442:Middlewares/LVGL/lvgl/src/lv_init.c **** 
 443:Middlewares/LVGL/lvgl/src/lv_init.c **** #if LV_USE_EVDEV
 444:Middlewares/LVGL/lvgl/src/lv_init.c ****     lv_evdev_deinit();
 445:Middlewares/LVGL/lvgl/src/lv_init.c **** #endif
 446:Middlewares/LVGL/lvgl/src/lv_init.c **** 
 447:Middlewares/LVGL/lvgl/src/lv_init.c **** #if LV_USE_SPAN != 0
 448:Middlewares/LVGL/lvgl/src/lv_init.c ****     lv_span_stack_deinit();
 362              		.loc 1 448 5 view .LVU104
 363 0022 FFF7FEFF 		bl	lv_span_stack_deinit
 364              	.LVL31:
 449:Middlewares/LVGL/lvgl/src/lv_init.c **** #endif
 450:Middlewares/LVGL/lvgl/src/lv_init.c **** 
 451:Middlewares/LVGL/lvgl/src/lv_init.c **** #if LV_USE_FREETYPE
 452:Middlewares/LVGL/lvgl/src/lv_init.c ****     lv_freetype_uninit();
 453:Middlewares/LVGL/lvgl/src/lv_init.c **** #endif
 454:Middlewares/LVGL/lvgl/src/lv_init.c **** 
 455:Middlewares/LVGL/lvgl/src/lv_init.c **** #if LV_USE_THEME_DEFAULT
 456:Middlewares/LVGL/lvgl/src/lv_init.c ****     lv_theme_default_deinit();
 365              		.loc 1 456 5 view .LVU105
 366 0026 FFF7FEFF 		bl	lv_theme_default_deinit
 367              	.LVL32:
 457:Middlewares/LVGL/lvgl/src/lv_init.c **** #endif
 458:Middlewares/LVGL/lvgl/src/lv_init.c **** 
 459:Middlewares/LVGL/lvgl/src/lv_init.c **** #if LV_USE_THEME_SIMPLE
 460:Middlewares/LVGL/lvgl/src/lv_init.c ****     lv_theme_simple_deinit();
 368              		.loc 1 460 5 view .LVU106
 369 002a FFF7FEFF 		bl	lv_theme_simple_deinit
 370              	.LVL33:
 461:Middlewares/LVGL/lvgl/src/lv_init.c **** #endif
 462:Middlewares/LVGL/lvgl/src/lv_init.c **** 
ARM GAS  C:\Users\w1785\AppData\Local\Temp\ccfOKzjd.s 			page 17


 463:Middlewares/LVGL/lvgl/src/lv_init.c **** #if LV_USE_THEME_MONO
 464:Middlewares/LVGL/lvgl/src/lv_init.c ****     lv_theme_mono_deinit();
 371              		.loc 1 464 5 view .LVU107
 372 002e FFF7FEFF 		bl	lv_theme_mono_deinit
 373              	.LVL34:
 465:Middlewares/LVGL/lvgl/src/lv_init.c **** #endif
 466:Middlewares/LVGL/lvgl/src/lv_init.c **** 
 467:Middlewares/LVGL/lvgl/src/lv_init.c ****     lv_image_decoder_deinit();
 374              		.loc 1 467 5 view .LVU108
 375 0032 FFF7FEFF 		bl	lv_image_decoder_deinit
 376              	.LVL35:
 468:Middlewares/LVGL/lvgl/src/lv_init.c **** 
 469:Middlewares/LVGL/lvgl/src/lv_init.c ****     lv_refr_deinit();
 377              		.loc 1 469 5 view .LVU109
 378 0036 FFF7FEFF 		bl	lv_refr_deinit
 379              	.LVL36:
 470:Middlewares/LVGL/lvgl/src/lv_init.c **** 
 471:Middlewares/LVGL/lvgl/src/lv_init.c ****     lv_obj_style_deinit();
 380              		.loc 1 471 5 view .LVU110
 381 003a FFF7FEFF 		bl	lv_obj_style_deinit
 382              	.LVL37:
 472:Middlewares/LVGL/lvgl/src/lv_init.c **** 
 473:Middlewares/LVGL/lvgl/src/lv_init.c **** #if LV_USE_UEFI
 474:Middlewares/LVGL/lvgl/src/lv_init.c ****     lv_uefi_platform_deinit();
 475:Middlewares/LVGL/lvgl/src/lv_init.c **** #endif
 476:Middlewares/LVGL/lvgl/src/lv_init.c **** 
 477:Middlewares/LVGL/lvgl/src/lv_init.c **** #if LV_USE_PXP
 478:Middlewares/LVGL/lvgl/src/lv_init.c **** #if LV_USE_DRAW_PXP || LV_USE_ROTATE_PXP
 479:Middlewares/LVGL/lvgl/src/lv_init.c ****     lv_draw_pxp_deinit();
 480:Middlewares/LVGL/lvgl/src/lv_init.c **** #endif
 481:Middlewares/LVGL/lvgl/src/lv_init.c **** #endif
 482:Middlewares/LVGL/lvgl/src/lv_init.c **** 
 483:Middlewares/LVGL/lvgl/src/lv_init.c **** #if LV_USE_WAYLAND
 484:Middlewares/LVGL/lvgl/src/lv_init.c ****     lv_wayland_deinit();
 485:Middlewares/LVGL/lvgl/src/lv_init.c **** #endif
 486:Middlewares/LVGL/lvgl/src/lv_init.c **** #if LV_USE_G2D
 487:Middlewares/LVGL/lvgl/src/lv_init.c **** #if LV_USE_DRAW_G2D || LV_USE_ROTATE_G2D
 488:Middlewares/LVGL/lvgl/src/lv_init.c ****     lv_draw_g2d_deinit();
 489:Middlewares/LVGL/lvgl/src/lv_init.c **** #endif
 490:Middlewares/LVGL/lvgl/src/lv_init.c **** #endif
 491:Middlewares/LVGL/lvgl/src/lv_init.c **** 
 492:Middlewares/LVGL/lvgl/src/lv_init.c **** #if LV_USE_DRAW_VG_LITE
 493:Middlewares/LVGL/lvgl/src/lv_init.c ****     lv_draw_vg_lite_deinit();
 494:Middlewares/LVGL/lvgl/src/lv_init.c **** #endif
 495:Middlewares/LVGL/lvgl/src/lv_init.c **** 
 496:Middlewares/LVGL/lvgl/src/lv_init.c **** #if LV_USE_DRAW_DMA2D
 497:Middlewares/LVGL/lvgl/src/lv_init.c ****     lv_draw_dma2d_deinit();
 498:Middlewares/LVGL/lvgl/src/lv_init.c **** #endif
 499:Middlewares/LVGL/lvgl/src/lv_init.c **** 
 500:Middlewares/LVGL/lvgl/src/lv_init.c **** #if LV_USE_DRAW_OPENGLES
 501:Middlewares/LVGL/lvgl/src/lv_init.c ****     lv_draw_opengles_deinit();
 502:Middlewares/LVGL/lvgl/src/lv_init.c **** #endif
 503:Middlewares/LVGL/lvgl/src/lv_init.c **** 
 504:Middlewares/LVGL/lvgl/src/lv_init.c **** #if LV_USE_DRAW_SW
 505:Middlewares/LVGL/lvgl/src/lv_init.c ****     lv_draw_sw_deinit();
 383              		.loc 1 505 5 view .LVU111
 384 003e FFF7FEFF 		bl	lv_draw_sw_deinit
ARM GAS  C:\Users\w1785\AppData\Local\Temp\ccfOKzjd.s 			page 18


 385              	.LVL38:
 506:Middlewares/LVGL/lvgl/src/lv_init.c **** #endif
 507:Middlewares/LVGL/lvgl/src/lv_init.c **** 
 508:Middlewares/LVGL/lvgl/src/lv_init.c ****     lv_draw_deinit();
 386              		.loc 1 508 5 view .LVU112
 387 0042 FFF7FEFF 		bl	lv_draw_deinit
 388              	.LVL39:
 509:Middlewares/LVGL/lvgl/src/lv_init.c **** 
 510:Middlewares/LVGL/lvgl/src/lv_init.c ****     lv_group_deinit();
 389              		.loc 1 510 5 view .LVU113
 390 0046 FFF7FEFF 		bl	lv_group_deinit
 391              	.LVL40:
 511:Middlewares/LVGL/lvgl/src/lv_init.c **** 
 512:Middlewares/LVGL/lvgl/src/lv_init.c ****     lv_anim_core_deinit();
 392              		.loc 1 512 5 view .LVU114
 393 004a FFF7FEFF 		bl	lv_anim_core_deinit
 394              	.LVL41:
 513:Middlewares/LVGL/lvgl/src/lv_init.c **** 
 514:Middlewares/LVGL/lvgl/src/lv_init.c ****     lv_layout_deinit();
 395              		.loc 1 514 5 view .LVU115
 396 004e FFF7FEFF 		bl	lv_layout_deinit
 397              	.LVL42:
 515:Middlewares/LVGL/lvgl/src/lv_init.c **** 
 516:Middlewares/LVGL/lvgl/src/lv_init.c ****     lv_timer_core_deinit();
 398              		.loc 1 516 5 view .LVU116
 399 0052 FFF7FEFF 		bl	lv_timer_core_deinit
 400              	.LVL43:
 517:Middlewares/LVGL/lvgl/src/lv_init.c **** 
 518:Middlewares/LVGL/lvgl/src/lv_init.c **** #if LV_USE_PROFILER && LV_USE_PROFILER_BUILTIN
 519:Middlewares/LVGL/lvgl/src/lv_init.c ****     lv_profiler_builtin_uninit();
 520:Middlewares/LVGL/lvgl/src/lv_init.c **** #endif
 521:Middlewares/LVGL/lvgl/src/lv_init.c **** 
 522:Middlewares/LVGL/lvgl/src/lv_init.c **** #if LV_USE_OBJ_ID && LV_USE_OBJ_ID_BUILTIN
 523:Middlewares/LVGL/lvgl/src/lv_init.c ****     lv_objid_builtin_destroy();
 524:Middlewares/LVGL/lvgl/src/lv_init.c **** #endif
 525:Middlewares/LVGL/lvgl/src/lv_init.c **** 
 526:Middlewares/LVGL/lvgl/src/lv_init.c **** #if LV_USE_TRANSLATION
 527:Middlewares/LVGL/lvgl/src/lv_init.c ****     lv_translation_deinit();
 528:Middlewares/LVGL/lvgl/src/lv_init.c **** #endif
 529:Middlewares/LVGL/lvgl/src/lv_init.c **** 
 530:Middlewares/LVGL/lvgl/src/lv_init.c **** #if LV_USE_FS_FROGFS
 531:Middlewares/LVGL/lvgl/src/lv_init.c ****     lv_fs_frogfs_deinit();
 532:Middlewares/LVGL/lvgl/src/lv_init.c **** #endif
 533:Middlewares/LVGL/lvgl/src/lv_init.c **** 
 534:Middlewares/LVGL/lvgl/src/lv_init.c ****     lv_fs_deinit();
 401              		.loc 1 534 5 view .LVU117
 402 0056 FFF7FEFF 		bl	lv_fs_deinit
 403              	.LVL44:
 535:Middlewares/LVGL/lvgl/src/lv_init.c **** 
 536:Middlewares/LVGL/lvgl/src/lv_init.c ****     lv_mem_deinit();
 404              		.loc 1 536 5 view .LVU118
 405 005a FFF7FEFF 		bl	lv_mem_deinit
 406              	.LVL45:
 537:Middlewares/LVGL/lvgl/src/lv_init.c **** 
 538:Middlewares/LVGL/lvgl/src/lv_init.c ****     lv_initialized = false;
 407              		.loc 1 538 5 view .LVU119
 408              		.loc 1 538 20 is_stmt 0 view .LVU120
ARM GAS  C:\Users\w1785\AppData\Local\Temp\ccfOKzjd.s 			page 19


 409 005e 0023     		movs	r3, #0
 410 0060 2371     		strb	r3, [r4, #4]
 539:Middlewares/LVGL/lvgl/src/lv_init.c **** 
 540:Middlewares/LVGL/lvgl/src/lv_init.c ****     LV_LOG_INFO("lv_deinit done");
 411              		.loc 1 540 5 is_stmt 1 view .LVU121
 412              		.loc 1 540 5 view .LVU122
 413              		.loc 1 540 5 view .LVU123
 541:Middlewares/LVGL/lvgl/src/lv_init.c **** 
 542:Middlewares/LVGL/lvgl/src/lv_init.c **** #if LV_USE_LOG
 543:Middlewares/LVGL/lvgl/src/lv_init.c ****     lv_log_register_print_cb(NULL);
 544:Middlewares/LVGL/lvgl/src/lv_init.c **** #endif
 545:Middlewares/LVGL/lvgl/src/lv_init.c **** 
 546:Middlewares/LVGL/lvgl/src/lv_init.c **** #ifdef LV_GC_DEINIT
 547:Middlewares/LVGL/lvgl/src/lv_init.c ****     LV_GC_DEINIT();
 548:Middlewares/LVGL/lvgl/src/lv_init.c **** #endif
 549:Middlewares/LVGL/lvgl/src/lv_init.c **** 
 550:Middlewares/LVGL/lvgl/src/lv_init.c **** }
 414              		.loc 1 550 1 is_stmt 0 view .LVU124
 415 0062 10BD     		pop	{r4, pc}
 416              	.L35:
 417              		.align	2
 418              	.L34:
 419 0064 00000000 		.word	lv_global
 420              		.cfi_endproc
 421              	.LFE204:
 423              		.global	lv_global
 424              		.section	.bss.lv_global,"aw",%nobits
 425              		.align	2
 428              	lv_global:
 429 0000 00000000 		.space	516
 429      00000000 
 429      00000000 
 429      00000000 
 429      00000000 
 430              		.text
 431              	.Letext0:
 432              		.file 3 "D:\\STM32CubeIDE\\STM32CubeIDE_2.1.1\\STM32CubeIDE\\plugins\\com.st.stm32cube.ide.mcu.ext
 433              		.file 4 "D:\\STM32CubeIDE\\STM32CubeIDE_2.1.1\\STM32CubeIDE\\plugins\\com.st.stm32cube.ide.mcu.ext
 434              		.file 5 "D:\\STM32CubeIDE\\STM32CubeIDE_2.1.1\\STM32CubeIDE\\plugins\\com.st.stm32cube.ide.mcu.ext
 435              		.file 6 "Middlewares/LVGL/lvgl/src/misc/../tick/../misc/lv_types.h"
 436              		.file 7 "Middlewares/LVGL/lvgl/src/core/lv_group_private.h"
 437              		.file 8 "Middlewares/LVGL/lvgl/src/display/lv_display_private.h"
 438              		.file 9 "Middlewares/LVGL/lvgl/src/core/../draw/lv_draw.h"
 439              		.file 10 "Middlewares/LVGL/lvgl/src/core/../draw/lv_draw_private.h"
 440              		.file 11 "Middlewares/LVGL/lvgl/src/indev/lv_indev_private.h"
 441              		.file 12 "Middlewares/LVGL/lvgl/src/misc/lv_timer_private.h"
 442              		.file 13 "Middlewares/LVGL/lvgl/src/misc/lv_anim.h"
 443              		.file 14 "Middlewares/LVGL/lvgl/src/draw/../misc/cache/class/../lv_cache_private.h"
 444              		.file 15 "Middlewares/LVGL/lvgl/src/draw/lv_draw_buf_private.h"
 445              		.file 16 "Middlewares/LVGL/lvgl/src/core/../display/../misc/lv_array.h"
 446              		.file 17 "Middlewares/LVGL/lvgl/src/draw/lv_draw_buf.h"
 447              		.file 18 "Middlewares/LVGL/lvgl/src/misc/../tick/lv_tick.h"
 448              		.file 19 "Middlewares/LVGL/lvgl/src/misc/lv_ll.h"
 449              		.file 20 "Middlewares/LVGL/lvgl/src/misc/lv_timer.h"
 450              		.file 21 "Middlewares/LVGL/lvgl/src/misc/lv_anim_private.h"
 451              		.file 22 "Middlewares/LVGL/lvgl/src/draw/../misc/lv_area.h"
 452              		.file 23 "Middlewares/LVGL/lvgl/src/draw/../misc/lv_color.h"
ARM GAS  C:\Users\w1785\AppData\Local\Temp\ccfOKzjd.s 			page 20


 453              		.file 24 "Middlewares/LVGL/lvgl/src/draw/lv_image_dsc.h"
 454              		.file 25 "Middlewares/LVGL/lvgl/src/draw/../misc/cache/class/../../../osal/lv_os_none.h"
 455              		.file 26 "Middlewares/LVGL/lvgl/src/core/../misc/../layouts/lv_layout.h"
 456              		.file 27 "Middlewares/LVGL/lvgl/src/core/../display/../misc/lv_event.h"
 457              		.file 28 "Middlewares/LVGL/lvgl/src/core/../display/lv_display.h"
 458              		.file 29 "Middlewares/LVGL/lvgl/src/core/../indev/../core/lv_group.h"
 459              		.file 30 "Middlewares/LVGL/lvgl/src/core/../indev/lv_indev.h"
 460              		.file 31 "Middlewares/LVGL/lvgl/src/core/../stdlib/builtin/lv_tlsf.h"
 461              		.file 32 "Middlewares/LVGL/lvgl/src/core/../tick/lv_tick_private.h"
 462              		.file 33 "Middlewares/LVGL/lvgl/src/core/../draw/sw/lv_draw_sw_mask_private.h"
 463              		.file 34 "Middlewares/LVGL/lvgl/src/core/../stdlib/builtin/lv_tlsf_private.h"
 464              		.file 35 "Middlewares/LVGL/lvgl/src/core/../layouts/lv_layout_private.h"
 465              		.file 36 "Middlewares/LVGL/lvgl/src/core/lv_global.h"
 466              		.file 37 "Middlewares/LVGL/lvgl/src/draw/../misc/../stdlib/lv_mem.h"
 467              		.file 38 "Middlewares/LVGL/lvgl/src/misc/lv_fs_private.h"
 468              		.file 39 "Middlewares/LVGL/lvgl/src/core/../draw/sw/lv_draw_sw.h"
 469              		.file 40 "Middlewares/LVGL/lvgl/src/core/lv_obj_style_private.h"
 470              		.file 41 "Middlewares/LVGL/lvgl/src/core/lv_refr_private.h"
 471              		.file 42 "Middlewares/LVGL/lvgl/src/draw/lv_image_decoder_private.h"
 472              		.file 43 "Middlewares/LVGL/lvgl/src/themes/simple/../mono/lv_theme_mono.h"
 473              		.file 44 "Middlewares/LVGL/lvgl/src/themes/simple/lv_theme_simple.h"
 474              		.file 45 "Middlewares/LVGL/lvgl/src/themes/simple/../default/lv_theme_default.h"
 475              		.file 46 "Middlewares/LVGL/lvgl/src/widgets/span/lv_span.h"
 476              		.file 47 "Middlewares/LVGL/lvgl/src/misc/lv_math.h"
 477              		.file 48 "Middlewares/LVGL/lvgl/src/libs/bin_decoder/lv_bin_decoder.h"
 478              		.file 49 "Middlewares/LVGL/lvgl/src/draw/../misc/cache/class/../../../osal/lv_os_private.h"
 479              		.file 50 "Middlewares/LVGL/lvgl/src/core/../misc/lv_style.h"
ARM GAS  C:\Users\w1785\AppData\Local\Temp\ccfOKzjd.s 			page 21


DEFINED SYMBOLS
                            *ABS*:00000000 lv_init.c
C:\Users\w1785\AppData\Local\Temp\ccfOKzjd.s:21     .text.lv_global_init:00000000 $t
C:\Users\w1785\AppData\Local\Temp\ccfOKzjd.s:26     .text.lv_global_init:00000000 lv_global_init
C:\Users\w1785\AppData\Local\Temp\ccfOKzjd.s:112    .text.lv_global_init:00000048 $d
C:\Users\w1785\AppData\Local\Temp\ccfOKzjd.s:118    .text.lv_cleanup_devices:00000000 $t
C:\Users\w1785\AppData\Local\Temp\ccfOKzjd.s:123    .text.lv_cleanup_devices:00000000 lv_cleanup_devices
C:\Users\w1785\AppData\Local\Temp\ccfOKzjd.s:172    .text.lv_cleanup_devices:0000001c $d
C:\Users\w1785\AppData\Local\Temp\ccfOKzjd.s:178    .text.lv_is_initialized:00000000 $t
C:\Users\w1785\AppData\Local\Temp\ccfOKzjd.s:184    .text.lv_is_initialized:00000000 lv_is_initialized
C:\Users\w1785\AppData\Local\Temp\ccfOKzjd.s:199    .text.lv_is_initialized:00000008 $d
C:\Users\w1785\AppData\Local\Temp\ccfOKzjd.s:428    .bss.lv_global:00000000 lv_global
C:\Users\w1785\AppData\Local\Temp\ccfOKzjd.s:204    .text.lv_init:00000000 $t
C:\Users\w1785\AppData\Local\Temp\ccfOKzjd.s:210    .text.lv_init:00000000 lv_init
C:\Users\w1785\AppData\Local\Temp\ccfOKzjd.s:311    .text.lv_init:00000058 $d
C:\Users\w1785\AppData\Local\Temp\ccfOKzjd.s:316    .text.lv_deinit:00000000 $t
C:\Users\w1785\AppData\Local\Temp\ccfOKzjd.s:322    .text.lv_deinit:00000000 lv_deinit
C:\Users\w1785\AppData\Local\Temp\ccfOKzjd.s:419    .text.lv_deinit:00000064 $d
C:\Users\w1785\AppData\Local\Temp\ccfOKzjd.s:425    .bss.lv_global:00000000 $d

UNDEFINED SYMBOLS
lv_memset
lv_ll_init
lv_rand_set_seed
lv_ll_clear_custom
lv_indev_delete
lv_display_delete
lv_mem_init
lv_draw_buf_init_handlers
lv_span_stack_init
lv_os_init
lv_timer_core_init
lv_fs_init
lv_layout_init
lv_anim_core_init
lv_group_init
lv_draw_init
lv_draw_sw_init
lv_obj_style_init
lv_refr_init
lv_image_decoder_init
lv_bin_decoder_init
lv_display_set_default
lv_span_stack_deinit
lv_theme_default_deinit
lv_theme_simple_deinit
lv_theme_mono_deinit
lv_image_decoder_deinit
lv_refr_deinit
lv_obj_style_deinit
lv_draw_sw_deinit
lv_draw_deinit
lv_group_deinit
lv_anim_core_deinit
lv_layout_deinit
lv_timer_core_deinit
lv_fs_deinit
ARM GAS  C:\Users\w1785\AppData\Local\Temp\ccfOKzjd.s 			page 22


lv_mem_deinit
