ARM GAS  C:\Users\w1785\AppData\Local\Temp\ccyxhR91.s 			page 1


   1              		.cpu cortex-m4
   2              		.arch armv7e-m
   3              		.fpu fpv4-sp-d16
   4              		.eabi_attribute 27, 1
   5              		.eabi_attribute 28, 1
   6              		.eabi_attribute 20, 1
   7              		.eabi_attribute 21, 1
   8              		.eabi_attribute 23, 3
   9              		.eabi_attribute 24, 1
  10              		.eabi_attribute 25, 1
  11              		.eabi_attribute 26, 1
  12              		.eabi_attribute 30, 1
  13              		.eabi_attribute 34, 1
  14              		.eabi_attribute 18, 4
  15              		.file	"lv_os.c"
  16              		.text
  17              	.Ltext0:
  18              		.cfi_sections	.debug_frame
  19              		.file 1 "Middlewares/LVGL/lvgl/src/osal/lv_os.c"
  20              		.section	.text.lv_os_init,"ax",%progbits
  21              		.align	1
  22              		.global	lv_os_init
  23              		.syntax unified
  24              		.thumb
  25              		.thumb_func
  27              	lv_os_init:
  28              	.LFB200:
   1:Middlewares/LVGL/lvgl/src/osal/lv_os.c **** /**
   2:Middlewares/LVGL/lvgl/src/osal/lv_os.c ****  * @file lv_os.c
   3:Middlewares/LVGL/lvgl/src/osal/lv_os.c ****  *
   4:Middlewares/LVGL/lvgl/src/osal/lv_os.c ****  */
   5:Middlewares/LVGL/lvgl/src/osal/lv_os.c **** 
   6:Middlewares/LVGL/lvgl/src/osal/lv_os.c **** /*********************
   7:Middlewares/LVGL/lvgl/src/osal/lv_os.c ****  *      INCLUDES
   8:Middlewares/LVGL/lvgl/src/osal/lv_os.c ****  *********************/
   9:Middlewares/LVGL/lvgl/src/osal/lv_os.c **** #include "lv_os_private.h"
  10:Middlewares/LVGL/lvgl/src/osal/lv_os.c **** #include "../core/lv_global.h"
  11:Middlewares/LVGL/lvgl/src/osal/lv_os.c **** #include "../tick/lv_tick.h"
  12:Middlewares/LVGL/lvgl/src/osal/lv_os.c **** 
  13:Middlewares/LVGL/lvgl/src/osal/lv_os.c **** /*********************
  14:Middlewares/LVGL/lvgl/src/osal/lv_os.c ****  *      DEFINES
  15:Middlewares/LVGL/lvgl/src/osal/lv_os.c ****  *********************/
  16:Middlewares/LVGL/lvgl/src/osal/lv_os.c **** #define lv_general_mutex LV_GLOBAL_DEFAULT()->lv_general_mutex
  17:Middlewares/LVGL/lvgl/src/osal/lv_os.c **** 
  18:Middlewares/LVGL/lvgl/src/osal/lv_os.c **** /**********************
  19:Middlewares/LVGL/lvgl/src/osal/lv_os.c ****  *      TYPEDEFS
  20:Middlewares/LVGL/lvgl/src/osal/lv_os.c ****  **********************/
  21:Middlewares/LVGL/lvgl/src/osal/lv_os.c **** 
  22:Middlewares/LVGL/lvgl/src/osal/lv_os.c **** /**********************
  23:Middlewares/LVGL/lvgl/src/osal/lv_os.c ****  *  STATIC PROTOTYPES
  24:Middlewares/LVGL/lvgl/src/osal/lv_os.c ****  **********************/
  25:Middlewares/LVGL/lvgl/src/osal/lv_os.c **** 
  26:Middlewares/LVGL/lvgl/src/osal/lv_os.c **** /**********************
  27:Middlewares/LVGL/lvgl/src/osal/lv_os.c ****  *  STATIC VARIABLES
  28:Middlewares/LVGL/lvgl/src/osal/lv_os.c ****  **********************/
  29:Middlewares/LVGL/lvgl/src/osal/lv_os.c **** 
  30:Middlewares/LVGL/lvgl/src/osal/lv_os.c **** /**********************
ARM GAS  C:\Users\w1785\AppData\Local\Temp\ccyxhR91.s 			page 2


  31:Middlewares/LVGL/lvgl/src/osal/lv_os.c ****  *      MACROS
  32:Middlewares/LVGL/lvgl/src/osal/lv_os.c ****  **********************/
  33:Middlewares/LVGL/lvgl/src/osal/lv_os.c **** 
  34:Middlewares/LVGL/lvgl/src/osal/lv_os.c **** /**********************
  35:Middlewares/LVGL/lvgl/src/osal/lv_os.c ****  *   GLOBAL FUNCTIONS
  36:Middlewares/LVGL/lvgl/src/osal/lv_os.c ****  **********************/
  37:Middlewares/LVGL/lvgl/src/osal/lv_os.c **** 
  38:Middlewares/LVGL/lvgl/src/osal/lv_os.c **** void lv_os_init(void)
  39:Middlewares/LVGL/lvgl/src/osal/lv_os.c **** {
  29              		.loc 1 39 1 view -0
  30              		.cfi_startproc
  31              		@ args = 0, pretend = 0, frame = 0
  32              		@ frame_needed = 0, uses_anonymous_args = 0
  33              		@ link register save eliminated.
  40:Middlewares/LVGL/lvgl/src/osal/lv_os.c **** #if LV_USE_OS != LV_OS_NONE
  41:Middlewares/LVGL/lvgl/src/osal/lv_os.c ****     lv_mutex_init(&lv_general_mutex);
  42:Middlewares/LVGL/lvgl/src/osal/lv_os.c **** #endif
  43:Middlewares/LVGL/lvgl/src/osal/lv_os.c **** }
  34              		.loc 1 43 1 view .LVU1
  35 0000 7047     		bx	lr
  36              		.cfi_endproc
  37              	.LFE200:
  39              		.section	.text.lv_lock,"ax",%progbits
  40              		.align	1
  41              		.global	lv_lock
  42              		.syntax unified
  43              		.thumb
  44              		.thumb_func
  46              	lv_lock:
  47              	.LFB201:
  44:Middlewares/LVGL/lvgl/src/osal/lv_os.c **** 
  45:Middlewares/LVGL/lvgl/src/osal/lv_os.c **** 
  46:Middlewares/LVGL/lvgl/src/osal/lv_os.c **** void lv_lock(void)
  47:Middlewares/LVGL/lvgl/src/osal/lv_os.c **** {
  48              		.loc 1 47 1 view -0
  49              		.cfi_startproc
  50              		@ args = 0, pretend = 0, frame = 0
  51              		@ frame_needed = 0, uses_anonymous_args = 0
  52              		@ link register save eliminated.
  48:Middlewares/LVGL/lvgl/src/osal/lv_os.c **** #if LV_USE_OS != LV_OS_NONE
  49:Middlewares/LVGL/lvgl/src/osal/lv_os.c ****     lv_mutex_lock(&lv_general_mutex);
  50:Middlewares/LVGL/lvgl/src/osal/lv_os.c **** #endif
  51:Middlewares/LVGL/lvgl/src/osal/lv_os.c **** }
  53              		.loc 1 51 1 view .LVU3
  54 0000 7047     		bx	lr
  55              		.cfi_endproc
  56              	.LFE201:
  58              		.section	.text.lv_lock_isr,"ax",%progbits
  59              		.align	1
  60              		.global	lv_lock_isr
  61              		.syntax unified
  62              		.thumb
  63              		.thumb_func
  65              	lv_lock_isr:
  66              	.LFB202:
  52:Middlewares/LVGL/lvgl/src/osal/lv_os.c **** 
  53:Middlewares/LVGL/lvgl/src/osal/lv_os.c **** lv_result_t lv_lock_isr(void)
ARM GAS  C:\Users\w1785\AppData\Local\Temp\ccyxhR91.s 			page 3


  54:Middlewares/LVGL/lvgl/src/osal/lv_os.c **** {
  67              		.loc 1 54 1 view -0
  68              		.cfi_startproc
  69              		@ args = 0, pretend = 0, frame = 0
  70              		@ frame_needed = 0, uses_anonymous_args = 0
  71              		@ link register save eliminated.
  55:Middlewares/LVGL/lvgl/src/osal/lv_os.c **** #if LV_USE_OS != LV_OS_NONE
  56:Middlewares/LVGL/lvgl/src/osal/lv_os.c ****     return lv_mutex_lock_isr(&lv_general_mutex);
  57:Middlewares/LVGL/lvgl/src/osal/lv_os.c **** #else
  58:Middlewares/LVGL/lvgl/src/osal/lv_os.c ****     return LV_RESULT_OK;
  72              		.loc 1 58 5 view .LVU5
  59:Middlewares/LVGL/lvgl/src/osal/lv_os.c **** #endif
  60:Middlewares/LVGL/lvgl/src/osal/lv_os.c **** }
  73              		.loc 1 60 1 is_stmt 0 view .LVU6
  74 0000 0120     		movs	r0, #1
  75 0002 7047     		bx	lr
  76              		.cfi_endproc
  77              	.LFE202:
  79              		.section	.text.lv_unlock,"ax",%progbits
  80              		.align	1
  81              		.global	lv_unlock
  82              		.syntax unified
  83              		.thumb
  84              		.thumb_func
  86              	lv_unlock:
  87              	.LFB203:
  61:Middlewares/LVGL/lvgl/src/osal/lv_os.c **** 
  62:Middlewares/LVGL/lvgl/src/osal/lv_os.c **** void lv_unlock(void)
  63:Middlewares/LVGL/lvgl/src/osal/lv_os.c **** {
  88              		.loc 1 63 1 is_stmt 1 view -0
  89              		.cfi_startproc
  90              		@ args = 0, pretend = 0, frame = 0
  91              		@ frame_needed = 0, uses_anonymous_args = 0
  92              		@ link register save eliminated.
  64:Middlewares/LVGL/lvgl/src/osal/lv_os.c **** #if LV_USE_OS != LV_OS_NONE
  65:Middlewares/LVGL/lvgl/src/osal/lv_os.c ****     lv_mutex_unlock(&lv_general_mutex);
  66:Middlewares/LVGL/lvgl/src/osal/lv_os.c **** #endif
  67:Middlewares/LVGL/lvgl/src/osal/lv_os.c **** }
  93              		.loc 1 67 1 view .LVU8
  94 0000 7047     		bx	lr
  95              		.cfi_endproc
  96              	.LFE203:
  98              		.section	.text.lv_sleep_ms,"ax",%progbits
  99              		.align	1
 100              		.global	lv_sleep_ms
 101              		.syntax unified
 102              		.thumb
 103              		.thumb_func
 105              	lv_sleep_ms:
 106              	.LVL0:
 107              	.LFB204:
  68:Middlewares/LVGL/lvgl/src/osal/lv_os.c **** 
  69:Middlewares/LVGL/lvgl/src/osal/lv_os.c **** #if LV_USE_OS == LV_OS_NONE
  70:Middlewares/LVGL/lvgl/src/osal/lv_os.c **** void lv_sleep_ms(uint32_t ms)
  71:Middlewares/LVGL/lvgl/src/osal/lv_os.c **** {
 108              		.loc 1 71 1 view -0
 109              		.cfi_startproc
ARM GAS  C:\Users\w1785\AppData\Local\Temp\ccyxhR91.s 			page 4


 110              		@ args = 0, pretend = 0, frame = 0
 111              		@ frame_needed = 0, uses_anonymous_args = 0
 112              		.loc 1 71 1 is_stmt 0 view .LVU10
 113 0000 08B5     		push	{r3, lr}
 114              	.LCFI0:
 115              		.cfi_def_cfa_offset 8
 116              		.cfi_offset 3, -8
 117              		.cfi_offset 14, -4
  72:Middlewares/LVGL/lvgl/src/osal/lv_os.c ****     lv_delay_ms(ms);
 118              		.loc 1 72 5 is_stmt 1 view .LVU11
 119 0002 FFF7FEFF 		bl	lv_delay_ms
 120              	.LVL1:
  73:Middlewares/LVGL/lvgl/src/osal/lv_os.c **** }
 121              		.loc 1 73 1 is_stmt 0 view .LVU12
 122 0006 08BD     		pop	{r3, pc}
 123              		.cfi_endproc
 124              	.LFE204:
 126              		.text
 127              	.Letext0:
 128              		.file 2 "D:\\STM32CubeIDE\\STM32CubeIDE_2.1.1\\STM32CubeIDE\\plugins\\com.st.stm32cube.ide.mcu.ext
 129              		.file 3 "D:\\STM32CubeIDE\\STM32CubeIDE_2.1.1\\STM32CubeIDE\\plugins\\com.st.stm32cube.ide.mcu.ext
 130              		.file 4 "Middlewares/LVGL/lvgl/src/osal/../misc/lv_types.h"
 131              		.file 5 "Middlewares/LVGL/lvgl/src/osal/../core/../draw/../misc/../tick/lv_tick.h"
ARM GAS  C:\Users\w1785\AppData\Local\Temp\ccyxhR91.s 			page 5


DEFINED SYMBOLS
                            *ABS*:00000000 lv_os.c
C:\Users\w1785\AppData\Local\Temp\ccyxhR91.s:21     .text.lv_os_init:00000000 $t
C:\Users\w1785\AppData\Local\Temp\ccyxhR91.s:27     .text.lv_os_init:00000000 lv_os_init
C:\Users\w1785\AppData\Local\Temp\ccyxhR91.s:40     .text.lv_lock:00000000 $t
C:\Users\w1785\AppData\Local\Temp\ccyxhR91.s:46     .text.lv_lock:00000000 lv_lock
C:\Users\w1785\AppData\Local\Temp\ccyxhR91.s:59     .text.lv_lock_isr:00000000 $t
C:\Users\w1785\AppData\Local\Temp\ccyxhR91.s:65     .text.lv_lock_isr:00000000 lv_lock_isr
C:\Users\w1785\AppData\Local\Temp\ccyxhR91.s:80     .text.lv_unlock:00000000 $t
C:\Users\w1785\AppData\Local\Temp\ccyxhR91.s:86     .text.lv_unlock:00000000 lv_unlock
C:\Users\w1785\AppData\Local\Temp\ccyxhR91.s:99     .text.lv_sleep_ms:00000000 $t
C:\Users\w1785\AppData\Local\Temp\ccyxhR91.s:105    .text.lv_sleep_ms:00000000 lv_sleep_ms

UNDEFINED SYMBOLS
lv_delay_ms
