ARM GAS  C:\Users\w1785\AppData\Local\Temp\cczulsew.s 			page 1


   1              		.cpu cortex-m4
   2              		.arch armv7e-m
   3              		.fpu fpv4-sp-d16
   4              		.eabi_attribute 27, 1
   5              		.eabi_attribute 28, 1
   6              		.eabi_attribute 20, 1
   7              		.eabi_attribute 21, 1
   8              		.eabi_attribute 23, 3
   9              		.eabi_attribute 24, 1
  10              		.eabi_attribute 25, 1
  11              		.eabi_attribute 26, 1
  12              		.eabi_attribute 30, 1
  13              		.eabi_attribute 34, 1
  14              		.eabi_attribute 18, 4
  15              		.file	"lv_os_none.c"
  16              		.text
  17              	.Ltext0:
  18              		.cfi_sections	.debug_frame
  19              		.file 1 "Middlewares/LVGL/lvgl/src/osal/lv_os_none.c"
  20              		.section	.text.lv_os_get_idle_percent,"ax",%progbits
  21              		.align	1
  22              		.global	lv_os_get_idle_percent
  23              		.syntax unified
  24              		.thumb
  25              		.thumb_func
  27              	lv_os_get_idle_percent:
  28              	.LFB12:
   1:Middlewares/LVGL/lvgl/src/osal/lv_os_none.c **** /**
   2:Middlewares/LVGL/lvgl/src/osal/lv_os_none.c ****  * @file lv_os_none.c
   3:Middlewares/LVGL/lvgl/src/osal/lv_os_none.c ****  *
   4:Middlewares/LVGL/lvgl/src/osal/lv_os_none.c ****  */
   5:Middlewares/LVGL/lvgl/src/osal/lv_os_none.c **** 
   6:Middlewares/LVGL/lvgl/src/osal/lv_os_none.c **** /*********************
   7:Middlewares/LVGL/lvgl/src/osal/lv_os_none.c ****  *      INCLUDES
   8:Middlewares/LVGL/lvgl/src/osal/lv_os_none.c ****  *********************/
   9:Middlewares/LVGL/lvgl/src/osal/lv_os_none.c **** 
  10:Middlewares/LVGL/lvgl/src/osal/lv_os_none.c **** #include "../lv_conf_internal.h"
  11:Middlewares/LVGL/lvgl/src/osal/lv_os_none.c **** #if LV_USE_OS == LV_OS_NONE
  12:Middlewares/LVGL/lvgl/src/osal/lv_os_none.c **** 
  13:Middlewares/LVGL/lvgl/src/osal/lv_os_none.c **** #include "lv_os_private.h"
  14:Middlewares/LVGL/lvgl/src/osal/lv_os_none.c **** #include "../misc/lv_timer.h"
  15:Middlewares/LVGL/lvgl/src/osal/lv_os_none.c **** 
  16:Middlewares/LVGL/lvgl/src/osal/lv_os_none.c **** /*********************
  17:Middlewares/LVGL/lvgl/src/osal/lv_os_none.c ****  *      DEFINES
  18:Middlewares/LVGL/lvgl/src/osal/lv_os_none.c ****  *********************/
  19:Middlewares/LVGL/lvgl/src/osal/lv_os_none.c **** 
  20:Middlewares/LVGL/lvgl/src/osal/lv_os_none.c **** /**********************
  21:Middlewares/LVGL/lvgl/src/osal/lv_os_none.c ****  *      TYPEDEFS
  22:Middlewares/LVGL/lvgl/src/osal/lv_os_none.c ****  **********************/
  23:Middlewares/LVGL/lvgl/src/osal/lv_os_none.c **** 
  24:Middlewares/LVGL/lvgl/src/osal/lv_os_none.c **** /**********************
  25:Middlewares/LVGL/lvgl/src/osal/lv_os_none.c ****  *  STATIC PROTOTYPES
  26:Middlewares/LVGL/lvgl/src/osal/lv_os_none.c ****  **********************/
  27:Middlewares/LVGL/lvgl/src/osal/lv_os_none.c **** 
  28:Middlewares/LVGL/lvgl/src/osal/lv_os_none.c **** /**********************
  29:Middlewares/LVGL/lvgl/src/osal/lv_os_none.c ****  *  STATIC VARIABLES
  30:Middlewares/LVGL/lvgl/src/osal/lv_os_none.c ****  **********************/
ARM GAS  C:\Users\w1785\AppData\Local\Temp\cczulsew.s 			page 2


  31:Middlewares/LVGL/lvgl/src/osal/lv_os_none.c **** 
  32:Middlewares/LVGL/lvgl/src/osal/lv_os_none.c **** /**********************
  33:Middlewares/LVGL/lvgl/src/osal/lv_os_none.c ****  *      MACROS
  34:Middlewares/LVGL/lvgl/src/osal/lv_os_none.c ****  **********************/
  35:Middlewares/LVGL/lvgl/src/osal/lv_os_none.c **** 
  36:Middlewares/LVGL/lvgl/src/osal/lv_os_none.c **** /**********************
  37:Middlewares/LVGL/lvgl/src/osal/lv_os_none.c ****  *   GLOBAL FUNCTIONS
  38:Middlewares/LVGL/lvgl/src/osal/lv_os_none.c ****  **********************/
  39:Middlewares/LVGL/lvgl/src/osal/lv_os_none.c **** 
  40:Middlewares/LVGL/lvgl/src/osal/lv_os_none.c **** #ifndef __linux__
  41:Middlewares/LVGL/lvgl/src/osal/lv_os_none.c **** uint32_t lv_os_get_idle_percent(void)
  42:Middlewares/LVGL/lvgl/src/osal/lv_os_none.c **** {
  29              		.loc 1 42 1 view -0
  30              		.cfi_startproc
  31              		@ args = 0, pretend = 0, frame = 0
  32              		@ frame_needed = 0, uses_anonymous_args = 0
  33 0000 08B5     		push	{r3, lr}
  34              	.LCFI0:
  35              		.cfi_def_cfa_offset 8
  36              		.cfi_offset 3, -8
  37              		.cfi_offset 14, -4
  43:Middlewares/LVGL/lvgl/src/osal/lv_os_none.c ****     return lv_timer_get_idle();
  38              		.loc 1 43 5 view .LVU1
  39              		.loc 1 43 12 is_stmt 0 view .LVU2
  40 0002 FFF7FEFF 		bl	lv_timer_get_idle
  41              	.LVL0:
  44:Middlewares/LVGL/lvgl/src/osal/lv_os_none.c **** }
  42              		.loc 1 44 1 view .LVU3
  43 0006 08BD     		pop	{r3, pc}
  44              		.cfi_endproc
  45              	.LFE12:
  47              		.text
  48              	.Letext0:
  49              		.file 2 "D:\\STM32CubeIDE\\STM32CubeIDE_2.1.1\\STM32CubeIDE\\plugins\\com.st.stm32cube.ide.mcu.ext
  50              		.file 3 "D:\\STM32CubeIDE\\STM32CubeIDE_2.1.1\\STM32CubeIDE\\plugins\\com.st.stm32cube.ide.mcu.ext
  51              		.file 4 "Middlewares/LVGL/lvgl/src/osal/../misc/lv_timer.h"
ARM GAS  C:\Users\w1785\AppData\Local\Temp\cczulsew.s 			page 3


DEFINED SYMBOLS
                            *ABS*:00000000 lv_os_none.c
C:\Users\w1785\AppData\Local\Temp\cczulsew.s:21     .text.lv_os_get_idle_percent:00000000 $t
C:\Users\w1785\AppData\Local\Temp\cczulsew.s:27     .text.lv_os_get_idle_percent:00000000 lv_os_get_idle_percent

UNDEFINED SYMBOLS
lv_timer_get_idle
