ARM GAS  C:\Users\w1785\AppData\Local\Temp\cceS3FtH.s 			page 1


   1              		.cpu cortex-m4
   2              		.arch armv7e-m
   3              		.fpu fpv4-sp-d16
   4              		.eabi_attribute 27, 1
   5              		.eabi_attribute 28, 1
   6              		.eabi_attribute 20, 1
   7              		.eabi_attribute 21, 1
   8              		.eabi_attribute 23, 3
   9              		.eabi_attribute 24, 1
  10              		.eabi_attribute 25, 1
  11              		.eabi_attribute 26, 1
  12              		.eabi_attribute 30, 1
  13              		.eabi_attribute 34, 1
  14              		.eabi_attribute 18, 4
  15              		.file	"lv_pending.c"
  16              		.text
  17              	.Ltext0:
  18              		.cfi_sections	.debug_frame
  19              		.file 1 "Middlewares/LVGL/lvgl/src/misc/lv_pending.c"
  20              		.section	.text.lv_pending_array_clear,"ax",%progbits
  21              		.align	1
  22              		.syntax unified
  23              		.thumb
  24              		.thumb_func
  26              	lv_pending_array_clear:
  27              	.LVL0:
  28              	.LFB15:
   1:Middlewares/LVGL/lvgl/src/misc/lv_pending.c **** /**
   2:Middlewares/LVGL/lvgl/src/misc/lv_pending.c ****  * @file lv_pending.c
   3:Middlewares/LVGL/lvgl/src/misc/lv_pending.c ****  *
   4:Middlewares/LVGL/lvgl/src/misc/lv_pending.c ****  */
   5:Middlewares/LVGL/lvgl/src/misc/lv_pending.c **** 
   6:Middlewares/LVGL/lvgl/src/misc/lv_pending.c **** /*********************
   7:Middlewares/LVGL/lvgl/src/misc/lv_pending.c ****  *      INCLUDES
   8:Middlewares/LVGL/lvgl/src/misc/lv_pending.c ****  *********************/
   9:Middlewares/LVGL/lvgl/src/misc/lv_pending.c **** 
  10:Middlewares/LVGL/lvgl/src/misc/lv_pending.c **** #include "lv_pending.h"
  11:Middlewares/LVGL/lvgl/src/misc/lv_pending.c **** #include "lv_array.h"
  12:Middlewares/LVGL/lvgl/src/misc/lv_pending.c **** #include "lv_assert.h"
  13:Middlewares/LVGL/lvgl/src/misc/lv_pending.c **** 
  14:Middlewares/LVGL/lvgl/src/misc/lv_pending.c **** /*********************
  15:Middlewares/LVGL/lvgl/src/misc/lv_pending.c ****  *      DEFINES
  16:Middlewares/LVGL/lvgl/src/misc/lv_pending.c ****  *********************/
  17:Middlewares/LVGL/lvgl/src/misc/lv_pending.c **** 
  18:Middlewares/LVGL/lvgl/src/misc/lv_pending.c **** /**********************
  19:Middlewares/LVGL/lvgl/src/misc/lv_pending.c ****  *      TYPEDEFS
  20:Middlewares/LVGL/lvgl/src/misc/lv_pending.c ****  **********************/
  21:Middlewares/LVGL/lvgl/src/misc/lv_pending.c **** 
  22:Middlewares/LVGL/lvgl/src/misc/lv_pending.c **** struct _lv_pending_t {
  23:Middlewares/LVGL/lvgl/src/misc/lv_pending.c ****     lv_array_t * arr_act;
  24:Middlewares/LVGL/lvgl/src/misc/lv_pending.c ****     lv_array_t arr_1;
  25:Middlewares/LVGL/lvgl/src/misc/lv_pending.c ****     lv_array_t arr_2;
  26:Middlewares/LVGL/lvgl/src/misc/lv_pending.c ****     lv_pending_free_cb_t free_cb;
  27:Middlewares/LVGL/lvgl/src/misc/lv_pending.c ****     void * user_data;
  28:Middlewares/LVGL/lvgl/src/misc/lv_pending.c **** };
  29:Middlewares/LVGL/lvgl/src/misc/lv_pending.c **** 
  30:Middlewares/LVGL/lvgl/src/misc/lv_pending.c **** /**********************
ARM GAS  C:\Users\w1785\AppData\Local\Temp\cceS3FtH.s 			page 2


  31:Middlewares/LVGL/lvgl/src/misc/lv_pending.c ****  *  STATIC PROTOTYPES
  32:Middlewares/LVGL/lvgl/src/misc/lv_pending.c ****  **********************/
  33:Middlewares/LVGL/lvgl/src/misc/lv_pending.c **** 
  34:Middlewares/LVGL/lvgl/src/misc/lv_pending.c **** static inline void lv_pending_array_clear(lv_pending_t * pending, lv_array_t * arr);
  35:Middlewares/LVGL/lvgl/src/misc/lv_pending.c **** 
  36:Middlewares/LVGL/lvgl/src/misc/lv_pending.c **** /**********************
  37:Middlewares/LVGL/lvgl/src/misc/lv_pending.c ****  *  STATIC VARIABLES
  38:Middlewares/LVGL/lvgl/src/misc/lv_pending.c ****  **********************/
  39:Middlewares/LVGL/lvgl/src/misc/lv_pending.c **** 
  40:Middlewares/LVGL/lvgl/src/misc/lv_pending.c **** /**********************
  41:Middlewares/LVGL/lvgl/src/misc/lv_pending.c ****  *      MACROS
  42:Middlewares/LVGL/lvgl/src/misc/lv_pending.c ****  **********************/
  43:Middlewares/LVGL/lvgl/src/misc/lv_pending.c **** 
  44:Middlewares/LVGL/lvgl/src/misc/lv_pending.c **** /**********************
  45:Middlewares/LVGL/lvgl/src/misc/lv_pending.c ****  *   GLOBAL FUNCTIONS
  46:Middlewares/LVGL/lvgl/src/misc/lv_pending.c ****  **********************/
  47:Middlewares/LVGL/lvgl/src/misc/lv_pending.c **** 
  48:Middlewares/LVGL/lvgl/src/misc/lv_pending.c **** lv_pending_t * lv_pending_create(size_t obj_size, uint32_t capacity_default)
  49:Middlewares/LVGL/lvgl/src/misc/lv_pending.c **** {
  50:Middlewares/LVGL/lvgl/src/misc/lv_pending.c ****     lv_pending_t * pending = lv_malloc_zeroed(sizeof(lv_pending_t));
  51:Middlewares/LVGL/lvgl/src/misc/lv_pending.c ****     LV_ASSERT_MALLOC(pending);
  52:Middlewares/LVGL/lvgl/src/misc/lv_pending.c ****     lv_array_init(&pending->arr_1, capacity_default, obj_size);
  53:Middlewares/LVGL/lvgl/src/misc/lv_pending.c ****     lv_array_init(&pending->arr_2, capacity_default, obj_size);
  54:Middlewares/LVGL/lvgl/src/misc/lv_pending.c ****     pending->arr_act = &pending->arr_1;
  55:Middlewares/LVGL/lvgl/src/misc/lv_pending.c ****     return pending;
  56:Middlewares/LVGL/lvgl/src/misc/lv_pending.c **** }
  57:Middlewares/LVGL/lvgl/src/misc/lv_pending.c **** 
  58:Middlewares/LVGL/lvgl/src/misc/lv_pending.c **** void lv_pending_destroy(lv_pending_t * pending)
  59:Middlewares/LVGL/lvgl/src/misc/lv_pending.c **** {
  60:Middlewares/LVGL/lvgl/src/misc/lv_pending.c ****     LV_ASSERT_NULL(pending);
  61:Middlewares/LVGL/lvgl/src/misc/lv_pending.c ****     lv_pending_remove_all(pending);
  62:Middlewares/LVGL/lvgl/src/misc/lv_pending.c ****     lv_array_deinit(&pending->arr_1);
  63:Middlewares/LVGL/lvgl/src/misc/lv_pending.c ****     lv_array_deinit(&pending->arr_2);
  64:Middlewares/LVGL/lvgl/src/misc/lv_pending.c ****     lv_memzero(pending, sizeof(lv_pending_t));
  65:Middlewares/LVGL/lvgl/src/misc/lv_pending.c ****     lv_free(pending);
  66:Middlewares/LVGL/lvgl/src/misc/lv_pending.c **** }
  67:Middlewares/LVGL/lvgl/src/misc/lv_pending.c **** 
  68:Middlewares/LVGL/lvgl/src/misc/lv_pending.c **** void lv_pending_set_free_cb(lv_pending_t * pending, lv_pending_free_cb_t free_cb,
  69:Middlewares/LVGL/lvgl/src/misc/lv_pending.c ****                             void * user_data)
  70:Middlewares/LVGL/lvgl/src/misc/lv_pending.c **** {
  71:Middlewares/LVGL/lvgl/src/misc/lv_pending.c ****     LV_ASSERT_NULL(pending);
  72:Middlewares/LVGL/lvgl/src/misc/lv_pending.c ****     LV_ASSERT_NULL(free_cb);
  73:Middlewares/LVGL/lvgl/src/misc/lv_pending.c ****     pending->free_cb = free_cb;
  74:Middlewares/LVGL/lvgl/src/misc/lv_pending.c ****     pending->user_data = user_data;
  75:Middlewares/LVGL/lvgl/src/misc/lv_pending.c **** }
  76:Middlewares/LVGL/lvgl/src/misc/lv_pending.c **** 
  77:Middlewares/LVGL/lvgl/src/misc/lv_pending.c **** void lv_pending_add(lv_pending_t * pending, void * obj)
  78:Middlewares/LVGL/lvgl/src/misc/lv_pending.c **** {
  79:Middlewares/LVGL/lvgl/src/misc/lv_pending.c ****     LV_ASSERT_NULL(pending);
  80:Middlewares/LVGL/lvgl/src/misc/lv_pending.c ****     LV_ASSERT_NULL(obj);
  81:Middlewares/LVGL/lvgl/src/misc/lv_pending.c ****     lv_array_push_back(pending->arr_act, obj);
  82:Middlewares/LVGL/lvgl/src/misc/lv_pending.c **** }
  83:Middlewares/LVGL/lvgl/src/misc/lv_pending.c **** 
  84:Middlewares/LVGL/lvgl/src/misc/lv_pending.c **** void lv_pending_remove_all(lv_pending_t * pending)
  85:Middlewares/LVGL/lvgl/src/misc/lv_pending.c **** {
  86:Middlewares/LVGL/lvgl/src/misc/lv_pending.c ****     LV_ASSERT_NULL(pending);
  87:Middlewares/LVGL/lvgl/src/misc/lv_pending.c **** 
ARM GAS  C:\Users\w1785\AppData\Local\Temp\cceS3FtH.s 			page 3


  88:Middlewares/LVGL/lvgl/src/misc/lv_pending.c ****     lv_pending_array_clear(pending, &pending->arr_1);
  89:Middlewares/LVGL/lvgl/src/misc/lv_pending.c ****     lv_pending_array_clear(pending, &pending->arr_2);
  90:Middlewares/LVGL/lvgl/src/misc/lv_pending.c **** }
  91:Middlewares/LVGL/lvgl/src/misc/lv_pending.c **** 
  92:Middlewares/LVGL/lvgl/src/misc/lv_pending.c **** void lv_pending_swap(lv_pending_t * pending)
  93:Middlewares/LVGL/lvgl/src/misc/lv_pending.c **** {
  94:Middlewares/LVGL/lvgl/src/misc/lv_pending.c ****     pending->arr_act = (pending->arr_act == &pending->arr_1) ? &pending->arr_2 : &pending->arr_1;
  95:Middlewares/LVGL/lvgl/src/misc/lv_pending.c ****     lv_pending_array_clear(pending, pending->arr_act);
  96:Middlewares/LVGL/lvgl/src/misc/lv_pending.c **** }
  97:Middlewares/LVGL/lvgl/src/misc/lv_pending.c **** 
  98:Middlewares/LVGL/lvgl/src/misc/lv_pending.c **** /**********************
  99:Middlewares/LVGL/lvgl/src/misc/lv_pending.c ****  *   STATIC FUNCTIONS
 100:Middlewares/LVGL/lvgl/src/misc/lv_pending.c ****  **********************/
 101:Middlewares/LVGL/lvgl/src/misc/lv_pending.c **** 
 102:Middlewares/LVGL/lvgl/src/misc/lv_pending.c **** static inline void lv_pending_array_clear(lv_pending_t * pending, lv_array_t * arr)
 103:Middlewares/LVGL/lvgl/src/misc/lv_pending.c **** {
  29              		.loc 1 103 1 view -0
  30              		.cfi_startproc
  31              		@ args = 0, pretend = 0, frame = 0
  32              		@ frame_needed = 0, uses_anonymous_args = 0
 104:Middlewares/LVGL/lvgl/src/misc/lv_pending.c ****     LV_ASSERT_NULL(pending->free_cb);
  33              		.loc 1 104 5 view .LVU1
  34              		.loc 1 104 5 view .LVU2
  35 0000 C36A     		ldr	r3, [r0, #44]
  36 0002 53B1     		cbz	r3, .L3
 103:Middlewares/LVGL/lvgl/src/misc/lv_pending.c ****     LV_ASSERT_NULL(pending->free_cb);
  37              		.loc 1 103 1 is_stmt 0 view .LVU3
  38 0004 2DE9F041 		push	{r4, r5, r6, r7, r8, lr}
  39              	.LCFI0:
  40              		.cfi_def_cfa_offset 24
  41              		.cfi_offset 4, -24
  42              		.cfi_offset 5, -20
  43              		.cfi_offset 6, -16
  44              		.cfi_offset 7, -12
  45              		.cfi_offset 8, -8
  46              		.cfi_offset 14, -4
  47 0008 0546     		mov	r5, r0
  48 000a 0E46     		mov	r6, r1
  49              		.loc 1 104 5 is_stmt 1 view .LVU4
  50              		.loc 1 104 37 view .LVU5
 105:Middlewares/LVGL/lvgl/src/misc/lv_pending.c **** 
 106:Middlewares/LVGL/lvgl/src/misc/lv_pending.c ****     uint32_t size = lv_array_size(arr);
  51              		.loc 1 106 5 view .LVU6
  52              	.LVL1:
  53              	.LBB9:
  54              	.LBI9:
  55              		.file 2 "Middlewares/LVGL/lvgl/src/misc/lv_array.h"
   1:Middlewares/LVGL/lvgl/src/misc/lv_array.h **** /**
   2:Middlewares/LVGL/lvgl/src/misc/lv_array.h ****  * @file lv_array.h
   3:Middlewares/LVGL/lvgl/src/misc/lv_array.h ****  * Array. The elements are dynamically allocated by the 'lv_mem' module.
   4:Middlewares/LVGL/lvgl/src/misc/lv_array.h ****  */
   5:Middlewares/LVGL/lvgl/src/misc/lv_array.h **** 
   6:Middlewares/LVGL/lvgl/src/misc/lv_array.h **** #ifndef LV_ARRAY_H
   7:Middlewares/LVGL/lvgl/src/misc/lv_array.h **** #define LV_ARRAY_H
   8:Middlewares/LVGL/lvgl/src/misc/lv_array.h **** 
   9:Middlewares/LVGL/lvgl/src/misc/lv_array.h **** #ifdef __cplusplus
  10:Middlewares/LVGL/lvgl/src/misc/lv_array.h **** extern "C" {
ARM GAS  C:\Users\w1785\AppData\Local\Temp\cceS3FtH.s 			page 4


  11:Middlewares/LVGL/lvgl/src/misc/lv_array.h **** #endif
  12:Middlewares/LVGL/lvgl/src/misc/lv_array.h **** 
  13:Middlewares/LVGL/lvgl/src/misc/lv_array.h **** /*********************
  14:Middlewares/LVGL/lvgl/src/misc/lv_array.h ****  *      INCLUDES
  15:Middlewares/LVGL/lvgl/src/misc/lv_array.h ****  *********************/
  16:Middlewares/LVGL/lvgl/src/misc/lv_array.h **** #include "lv_types.h"
  17:Middlewares/LVGL/lvgl/src/misc/lv_array.h **** 
  18:Middlewares/LVGL/lvgl/src/misc/lv_array.h **** /*********************
  19:Middlewares/LVGL/lvgl/src/misc/lv_array.h ****  *      DEFINES
  20:Middlewares/LVGL/lvgl/src/misc/lv_array.h ****  *********************/
  21:Middlewares/LVGL/lvgl/src/misc/lv_array.h **** 
  22:Middlewares/LVGL/lvgl/src/misc/lv_array.h **** #ifndef LV_ARRAY_DEFAULT_CAPACITY
  23:Middlewares/LVGL/lvgl/src/misc/lv_array.h **** #define LV_ARRAY_DEFAULT_CAPACITY  4
  24:Middlewares/LVGL/lvgl/src/misc/lv_array.h **** #endif
  25:Middlewares/LVGL/lvgl/src/misc/lv_array.h **** 
  26:Middlewares/LVGL/lvgl/src/misc/lv_array.h **** #ifndef LV_ARRAY_DEFAULT_SHRINK_RATIO
  27:Middlewares/LVGL/lvgl/src/misc/lv_array.h **** #define LV_ARRAY_DEFAULT_SHRINK_RATIO 2
  28:Middlewares/LVGL/lvgl/src/misc/lv_array.h **** #endif
  29:Middlewares/LVGL/lvgl/src/misc/lv_array.h **** 
  30:Middlewares/LVGL/lvgl/src/misc/lv_array.h **** /**********************
  31:Middlewares/LVGL/lvgl/src/misc/lv_array.h ****  *      TYPEDEFS
  32:Middlewares/LVGL/lvgl/src/misc/lv_array.h ****  **********************/
  33:Middlewares/LVGL/lvgl/src/misc/lv_array.h **** 
  34:Middlewares/LVGL/lvgl/src/misc/lv_array.h **** /** Description of a array*/
  35:Middlewares/LVGL/lvgl/src/misc/lv_array.h **** struct _lv_array_t {
  36:Middlewares/LVGL/lvgl/src/misc/lv_array.h ****     uint8_t * data;
  37:Middlewares/LVGL/lvgl/src/misc/lv_array.h ****     uint32_t size;
  38:Middlewares/LVGL/lvgl/src/misc/lv_array.h ****     uint32_t capacity;
  39:Middlewares/LVGL/lvgl/src/misc/lv_array.h ****     uint32_t element_size;
  40:Middlewares/LVGL/lvgl/src/misc/lv_array.h **** 
  41:Middlewares/LVGL/lvgl/src/misc/lv_array.h ****     bool inner_alloc; /* true: data is allocated by the array; false: data is allocated by the user
  42:Middlewares/LVGL/lvgl/src/misc/lv_array.h **** };
  43:Middlewares/LVGL/lvgl/src/misc/lv_array.h **** 
  44:Middlewares/LVGL/lvgl/src/misc/lv_array.h **** /**********************
  45:Middlewares/LVGL/lvgl/src/misc/lv_array.h ****  * GLOBAL PROTOTYPES
  46:Middlewares/LVGL/lvgl/src/misc/lv_array.h ****  **********************/
  47:Middlewares/LVGL/lvgl/src/misc/lv_array.h **** 
  48:Middlewares/LVGL/lvgl/src/misc/lv_array.h **** /**
  49:Middlewares/LVGL/lvgl/src/misc/lv_array.h ****  * Init an array.
  50:Middlewares/LVGL/lvgl/src/misc/lv_array.h ****  * @param array pointer to an `lv_array_t` variable to initialize
  51:Middlewares/LVGL/lvgl/src/misc/lv_array.h ****  * @param capacity the initial capacity of the array
  52:Middlewares/LVGL/lvgl/src/misc/lv_array.h ****  * @param element_size the size of an element in bytes
  53:Middlewares/LVGL/lvgl/src/misc/lv_array.h ****  */
  54:Middlewares/LVGL/lvgl/src/misc/lv_array.h **** void lv_array_init(lv_array_t * array, uint32_t capacity, uint32_t element_size);
  55:Middlewares/LVGL/lvgl/src/misc/lv_array.h **** 
  56:Middlewares/LVGL/lvgl/src/misc/lv_array.h **** /**
  57:Middlewares/LVGL/lvgl/src/misc/lv_array.h ****  * Init an array from a buffer.
  58:Middlewares/LVGL/lvgl/src/misc/lv_array.h ****  * @note The buffer must be large enough to store `capacity` elements. The array will not release t
  59:Middlewares/LVGL/lvgl/src/misc/lv_array.h ****  *       The user must ensure that the buffer is valid during the lifetime of the array. And releas
  60:Middlewares/LVGL/lvgl/src/misc/lv_array.h ****  * @param array pointer to an `lv_array_t` variable to initialize
  61:Middlewares/LVGL/lvgl/src/misc/lv_array.h ****  * @param buf pointer to a buffer to use as the array's data
  62:Middlewares/LVGL/lvgl/src/misc/lv_array.h ****  * @param capacity the initial capacity of the array
  63:Middlewares/LVGL/lvgl/src/misc/lv_array.h ****  * @param element_size the size of an element in bytes
  64:Middlewares/LVGL/lvgl/src/misc/lv_array.h ****  */
  65:Middlewares/LVGL/lvgl/src/misc/lv_array.h **** void lv_array_init_from_buf(lv_array_t * array, void * buf, uint32_t capacity, uint32_t element_siz
  66:Middlewares/LVGL/lvgl/src/misc/lv_array.h **** 
  67:Middlewares/LVGL/lvgl/src/misc/lv_array.h **** /**
ARM GAS  C:\Users\w1785\AppData\Local\Temp\cceS3FtH.s 			page 5


  68:Middlewares/LVGL/lvgl/src/misc/lv_array.h ****  * Resize the array to the given capacity.
  69:Middlewares/LVGL/lvgl/src/misc/lv_array.h ****  * @note if the new capacity is smaller than the current size, the array will be truncated.
  70:Middlewares/LVGL/lvgl/src/misc/lv_array.h ****  * @param array pointer to an `lv_array_t` variable
  71:Middlewares/LVGL/lvgl/src/misc/lv_array.h ****  * @param new_capacity the new capacity of the array
  72:Middlewares/LVGL/lvgl/src/misc/lv_array.h ****  */
  73:Middlewares/LVGL/lvgl/src/misc/lv_array.h **** bool lv_array_resize(lv_array_t * array, uint32_t new_capacity);
  74:Middlewares/LVGL/lvgl/src/misc/lv_array.h **** 
  75:Middlewares/LVGL/lvgl/src/misc/lv_array.h **** /**
  76:Middlewares/LVGL/lvgl/src/misc/lv_array.h ****  * Deinit the array, and free the allocated memory
  77:Middlewares/LVGL/lvgl/src/misc/lv_array.h ****  * @param array pointer to an `lv_array_t` variable to deinitialize
  78:Middlewares/LVGL/lvgl/src/misc/lv_array.h ****  */
  79:Middlewares/LVGL/lvgl/src/misc/lv_array.h **** void lv_array_deinit(lv_array_t * array);
  80:Middlewares/LVGL/lvgl/src/misc/lv_array.h **** 
  81:Middlewares/LVGL/lvgl/src/misc/lv_array.h **** /**
  82:Middlewares/LVGL/lvgl/src/misc/lv_array.h ****  * Return how many elements are stored in the array.
  83:Middlewares/LVGL/lvgl/src/misc/lv_array.h ****  * @param array pointer to an `lv_array_t` variable
  84:Middlewares/LVGL/lvgl/src/misc/lv_array.h ****  * @return the number of elements stored in the array
  85:Middlewares/LVGL/lvgl/src/misc/lv_array.h ****  */
  86:Middlewares/LVGL/lvgl/src/misc/lv_array.h **** static inline uint32_t lv_array_size(const lv_array_t * array)
  56              		.loc 2 86 24 view .LVU7
  57              	.LBB10:
  87:Middlewares/LVGL/lvgl/src/misc/lv_array.h **** {
  88:Middlewares/LVGL/lvgl/src/misc/lv_array.h ****     return array->size;
  58              		.loc 2 88 5 view .LVU8
  59              		.loc 2 88 17 is_stmt 0 view .LVU9
  60 000c D1F80480 		ldr	r8, [r1, #4]
  61              	.LVL2:
  62              		.loc 2 88 17 view .LVU10
  63              	.LBE10:
  64              	.LBE9:
 107:Middlewares/LVGL/lvgl/src/misc/lv_pending.c ****     if(size == 0) {
  65              		.loc 1 107 5 is_stmt 1 view .LVU11
  66              		.loc 1 107 7 is_stmt 0 view .LVU12
  67 0010 B8F1000F 		cmp	r8, #0
  68 0014 0ED0     		beq	.L1
  69              	.LBB11:
 108:Middlewares/LVGL/lvgl/src/misc/lv_pending.c ****         return;
 109:Middlewares/LVGL/lvgl/src/misc/lv_pending.c ****     }
 110:Middlewares/LVGL/lvgl/src/misc/lv_pending.c **** 
 111:Middlewares/LVGL/lvgl/src/misc/lv_pending.c ****     /* remove all the pending objects */
 112:Middlewares/LVGL/lvgl/src/misc/lv_pending.c ****     for(uint32_t i = 0; i < size; i++) {
  70              		.loc 1 112 18 view .LVU13
  71 0016 0024     		movs	r4, #0
  72 0018 08E0     		b	.L5
  73              	.LVL3:
  74              	.L3:
  75              	.LCFI1:
  76              		.cfi_def_cfa_offset 0
  77              		.cfi_restore 4
  78              		.cfi_restore 5
  79              		.cfi_restore 6
  80              		.cfi_restore 7
  81              		.cfi_restore 8
  82              		.cfi_restore 14
  83              		.loc 1 112 18 view .LVU14
  84              	.LBE11:
 104:Middlewares/LVGL/lvgl/src/misc/lv_pending.c **** 
ARM GAS  C:\Users\w1785\AppData\Local\Temp\cceS3FtH.s 			page 6


  85              		.loc 1 104 5 is_stmt 1 view .LVU15
 104:Middlewares/LVGL/lvgl/src/misc/lv_pending.c **** 
  86              		.loc 1 104 5 view .LVU16
 104:Middlewares/LVGL/lvgl/src/misc/lv_pending.c **** 
  87              		.loc 1 104 5 view .LVU17
 104:Middlewares/LVGL/lvgl/src/misc/lv_pending.c **** 
  88              		.loc 1 104 5 view .LVU18
 104:Middlewares/LVGL/lvgl/src/misc/lv_pending.c **** 
  89              		.loc 1 104 5 view .LVU19
  90 001a FEE7     		b	.L3
  91              	.LVL4:
  92              	.L6:
  93              	.LCFI2:
  94              		.cfi_def_cfa_offset 24
  95              		.cfi_offset 4, -24
  96              		.cfi_offset 5, -20
  97              		.cfi_offset 6, -16
  98              		.cfi_offset 7, -12
  99              		.cfi_offset 8, -8
 100              		.cfi_offset 14, -4
 101              	.LBB12:
 113:Middlewares/LVGL/lvgl/src/misc/lv_pending.c ****         pending->free_cb(lv_array_at(arr, i), pending->user_data);
 102              		.loc 1 113 9 view .LVU20
 103              		.loc 1 113 16 is_stmt 0 view .LVU21
 104 001c EF6A     		ldr	r7, [r5, #44]
 105              		.loc 1 113 9 view .LVU22
 106 001e 2146     		mov	r1, r4
 107 0020 3046     		mov	r0, r6
 108 0022 FFF7FEFF 		bl	lv_array_at
 109              	.LVL5:
 110              		.loc 1 113 9 discriminator 1 view .LVU23
 111 0026 296B     		ldr	r1, [r5, #48]
 112 0028 B847     		blx	r7
 113              	.LVL6:
 112:Middlewares/LVGL/lvgl/src/misc/lv_pending.c ****         pending->free_cb(lv_array_at(arr, i), pending->user_data);
 114              		.loc 1 112 36 is_stmt 1 discriminator 3 view .LVU24
 115 002a 0134     		adds	r4, r4, #1
 116              	.LVL7:
 117              	.L5:
 112:Middlewares/LVGL/lvgl/src/misc/lv_pending.c ****         pending->free_cb(lv_array_at(arr, i), pending->user_data);
 118              		.loc 1 112 27 discriminator 1 view .LVU25
 119 002c 4445     		cmp	r4, r8
 120 002e F5D3     		bcc	.L6
 121              	.LBE12:
 114:Middlewares/LVGL/lvgl/src/misc/lv_pending.c ****     }
 115:Middlewares/LVGL/lvgl/src/misc/lv_pending.c **** 
 116:Middlewares/LVGL/lvgl/src/misc/lv_pending.c ****     lv_array_clear(arr);
 122              		.loc 1 116 5 view .LVU26
 123              	.LVL8:
 124              	.LBB13:
 125              	.LBI13:
  89:Middlewares/LVGL/lvgl/src/misc/lv_array.h **** }
  90:Middlewares/LVGL/lvgl/src/misc/lv_array.h **** 
  91:Middlewares/LVGL/lvgl/src/misc/lv_array.h **** /**
  92:Middlewares/LVGL/lvgl/src/misc/lv_array.h ****  * Return the capacity of the array, i.e. how many elements can be stored.
  93:Middlewares/LVGL/lvgl/src/misc/lv_array.h ****  * @param array pointer to an `lv_array_t` variable
  94:Middlewares/LVGL/lvgl/src/misc/lv_array.h ****  * @return the capacity of the array
ARM GAS  C:\Users\w1785\AppData\Local\Temp\cceS3FtH.s 			page 7


  95:Middlewares/LVGL/lvgl/src/misc/lv_array.h ****  */
  96:Middlewares/LVGL/lvgl/src/misc/lv_array.h **** static inline uint32_t lv_array_capacity(const lv_array_t * array)
  97:Middlewares/LVGL/lvgl/src/misc/lv_array.h **** {
  98:Middlewares/LVGL/lvgl/src/misc/lv_array.h ****     return array->capacity;
  99:Middlewares/LVGL/lvgl/src/misc/lv_array.h **** }
 100:Middlewares/LVGL/lvgl/src/misc/lv_array.h **** 
 101:Middlewares/LVGL/lvgl/src/misc/lv_array.h **** /**
 102:Middlewares/LVGL/lvgl/src/misc/lv_array.h ****  * Return if the array is empty
 103:Middlewares/LVGL/lvgl/src/misc/lv_array.h ****  * @param array pointer to an `lv_array_t` variable
 104:Middlewares/LVGL/lvgl/src/misc/lv_array.h ****  * @return true: array is empty; false: array is not empty
 105:Middlewares/LVGL/lvgl/src/misc/lv_array.h ****  */
 106:Middlewares/LVGL/lvgl/src/misc/lv_array.h **** static inline bool lv_array_is_empty(const lv_array_t * array)
 107:Middlewares/LVGL/lvgl/src/misc/lv_array.h **** {
 108:Middlewares/LVGL/lvgl/src/misc/lv_array.h ****     return array->size == 0;
 109:Middlewares/LVGL/lvgl/src/misc/lv_array.h **** }
 110:Middlewares/LVGL/lvgl/src/misc/lv_array.h **** 
 111:Middlewares/LVGL/lvgl/src/misc/lv_array.h **** /**
 112:Middlewares/LVGL/lvgl/src/misc/lv_array.h ****  * Return if the array is full
 113:Middlewares/LVGL/lvgl/src/misc/lv_array.h ****  * @param array pointer to an `lv_array_t` variable
 114:Middlewares/LVGL/lvgl/src/misc/lv_array.h ****  * @return true: array is full; false: array is not full
 115:Middlewares/LVGL/lvgl/src/misc/lv_array.h ****  */
 116:Middlewares/LVGL/lvgl/src/misc/lv_array.h **** static inline bool lv_array_is_full(const lv_array_t * array)
 117:Middlewares/LVGL/lvgl/src/misc/lv_array.h **** {
 118:Middlewares/LVGL/lvgl/src/misc/lv_array.h ****     return array->size == array->capacity;
 119:Middlewares/LVGL/lvgl/src/misc/lv_array.h **** }
 120:Middlewares/LVGL/lvgl/src/misc/lv_array.h **** 
 121:Middlewares/LVGL/lvgl/src/misc/lv_array.h **** /**
 122:Middlewares/LVGL/lvgl/src/misc/lv_array.h ****  * Copy an array to another.
 123:Middlewares/LVGL/lvgl/src/misc/lv_array.h ****  * @note this will create a new array with the same capacity and size as the source array.
 124:Middlewares/LVGL/lvgl/src/misc/lv_array.h ****  * @param target pointer to an `lv_array_t` variable to copy to
 125:Middlewares/LVGL/lvgl/src/misc/lv_array.h ****  * @param source pointer to an `lv_array_t` variable to copy from
 126:Middlewares/LVGL/lvgl/src/misc/lv_array.h ****  */
 127:Middlewares/LVGL/lvgl/src/misc/lv_array.h **** void lv_array_copy(lv_array_t * target, const lv_array_t * source);
 128:Middlewares/LVGL/lvgl/src/misc/lv_array.h **** 
 129:Middlewares/LVGL/lvgl/src/misc/lv_array.h **** /**
 130:Middlewares/LVGL/lvgl/src/misc/lv_array.h ****  * Remove all elements in array.
 131:Middlewares/LVGL/lvgl/src/misc/lv_array.h ****  * @param array pointer to an `lv_array_t` variable
 132:Middlewares/LVGL/lvgl/src/misc/lv_array.h ****  */
 133:Middlewares/LVGL/lvgl/src/misc/lv_array.h **** static inline void lv_array_clear(lv_array_t * array)
 126              		.loc 2 133 20 view .LVU27
 127              	.LBB14:
 134:Middlewares/LVGL/lvgl/src/misc/lv_array.h **** {
 135:Middlewares/LVGL/lvgl/src/misc/lv_array.h ****     array->size = 0;
 128              		.loc 2 135 5 view .LVU28
 129              		.loc 2 135 17 is_stmt 0 view .LVU29
 130 0030 0023     		movs	r3, #0
 131 0032 7360     		str	r3, [r6, #4]
 132              	.LVL9:
 133              	.L1:
 134              		.loc 2 135 17 view .LVU30
 135              	.LBE14:
 136              	.LBE13:
 117:Middlewares/LVGL/lvgl/src/misc/lv_pending.c **** }
 137              		.loc 1 117 1 view .LVU31
 138 0034 BDE8F081 		pop	{r4, r5, r6, r7, r8, pc}
 139              		.loc 1 117 1 view .LVU32
 140              		.cfi_endproc
ARM GAS  C:\Users\w1785\AppData\Local\Temp\cceS3FtH.s 			page 8


 141              	.LFE15:
 143              		.section	.text.lv_pending_create,"ax",%progbits
 144              		.align	1
 145              		.global	lv_pending_create
 146              		.syntax unified
 147              		.thumb
 148              		.thumb_func
 150              	lv_pending_create:
 151              	.LVL10:
 152              	.LFB9:
  49:Middlewares/LVGL/lvgl/src/misc/lv_pending.c ****     lv_pending_t * pending = lv_malloc_zeroed(sizeof(lv_pending_t));
 153              		.loc 1 49 1 is_stmt 1 view -0
 154              		.cfi_startproc
 155              		@ args = 0, pretend = 0, frame = 0
 156              		@ frame_needed = 0, uses_anonymous_args = 0
  49:Middlewares/LVGL/lvgl/src/misc/lv_pending.c ****     lv_pending_t * pending = lv_malloc_zeroed(sizeof(lv_pending_t));
 157              		.loc 1 49 1 is_stmt 0 view .LVU34
 158 0000 F8B5     		push	{r3, r4, r5, r6, r7, lr}
 159              	.LCFI3:
 160              		.cfi_def_cfa_offset 24
 161              		.cfi_offset 3, -24
 162              		.cfi_offset 4, -20
 163              		.cfi_offset 5, -16
 164              		.cfi_offset 6, -12
 165              		.cfi_offset 7, -8
 166              		.cfi_offset 14, -4
 167 0002 0546     		mov	r5, r0
 168 0004 0C46     		mov	r4, r1
  50:Middlewares/LVGL/lvgl/src/misc/lv_pending.c ****     LV_ASSERT_MALLOC(pending);
 169              		.loc 1 50 5 is_stmt 1 view .LVU35
  50:Middlewares/LVGL/lvgl/src/misc/lv_pending.c ****     LV_ASSERT_MALLOC(pending);
 170              		.loc 1 50 30 is_stmt 0 view .LVU36
 171 0006 3420     		movs	r0, #52
 172              	.LVL11:
  50:Middlewares/LVGL/lvgl/src/misc/lv_pending.c ****     LV_ASSERT_MALLOC(pending);
 173              		.loc 1 50 30 view .LVU37
 174 0008 FFF7FEFF 		bl	lv_malloc_zeroed
 175              	.LVL12:
  51:Middlewares/LVGL/lvgl/src/misc/lv_pending.c ****     lv_array_init(&pending->arr_1, capacity_default, obj_size);
 176              		.loc 1 51 5 is_stmt 1 view .LVU38
  51:Middlewares/LVGL/lvgl/src/misc/lv_pending.c ****     lv_array_init(&pending->arr_1, capacity_default, obj_size);
 177              		.loc 1 51 5 view .LVU39
 178 000c 78B1     		cbz	r0, .L11
 179 000e 0646     		mov	r6, r0
  51:Middlewares/LVGL/lvgl/src/misc/lv_pending.c ****     lv_array_init(&pending->arr_1, capacity_default, obj_size);
 180              		.loc 1 51 5 view .LVU40
  51:Middlewares/LVGL/lvgl/src/misc/lv_pending.c ****     lv_array_init(&pending->arr_1, capacity_default, obj_size);
 181              		.loc 1 51 30 view .LVU41
  52:Middlewares/LVGL/lvgl/src/misc/lv_pending.c ****     lv_array_init(&pending->arr_2, capacity_default, obj_size);
 182              		.loc 1 52 5 view .LVU42
 183 0010 071D     		adds	r7, r0, #4
 184 0012 2A46     		mov	r2, r5
 185 0014 2146     		mov	r1, r4
 186 0016 3846     		mov	r0, r7
 187              	.LVL13:
  52:Middlewares/LVGL/lvgl/src/misc/lv_pending.c ****     lv_array_init(&pending->arr_2, capacity_default, obj_size);
 188              		.loc 1 52 5 is_stmt 0 view .LVU43
ARM GAS  C:\Users\w1785\AppData\Local\Temp\cceS3FtH.s 			page 9


 189 0018 FFF7FEFF 		bl	lv_array_init
 190              	.LVL14:
  53:Middlewares/LVGL/lvgl/src/misc/lv_pending.c ****     pending->arr_act = &pending->arr_1;
 191              		.loc 1 53 5 is_stmt 1 view .LVU44
 192 001c 2A46     		mov	r2, r5
 193 001e 2146     		mov	r1, r4
 194 0020 06F11800 		add	r0, r6, #24
 195 0024 FFF7FEFF 		bl	lv_array_init
 196              	.LVL15:
  54:Middlewares/LVGL/lvgl/src/misc/lv_pending.c ****     return pending;
 197              		.loc 1 54 5 view .LVU45
  54:Middlewares/LVGL/lvgl/src/misc/lv_pending.c ****     return pending;
 198              		.loc 1 54 22 is_stmt 0 view .LVU46
 199 0028 3760     		str	r7, [r6]
  55:Middlewares/LVGL/lvgl/src/misc/lv_pending.c **** }
 200              		.loc 1 55 5 is_stmt 1 view .LVU47
  56:Middlewares/LVGL/lvgl/src/misc/lv_pending.c **** 
 201              		.loc 1 56 1 is_stmt 0 view .LVU48
 202 002a 3046     		mov	r0, r6
 203 002c F8BD     		pop	{r3, r4, r5, r6, r7, pc}
 204              	.LVL16:
 205              	.L11:
  51:Middlewares/LVGL/lvgl/src/misc/lv_pending.c ****     lv_array_init(&pending->arr_1, capacity_default, obj_size);
 206              		.loc 1 51 5 is_stmt 1 view .LVU49
  51:Middlewares/LVGL/lvgl/src/misc/lv_pending.c ****     lv_array_init(&pending->arr_1, capacity_default, obj_size);
 207              		.loc 1 51 5 view .LVU50
  51:Middlewares/LVGL/lvgl/src/misc/lv_pending.c ****     lv_array_init(&pending->arr_1, capacity_default, obj_size);
 208              		.loc 1 51 5 view .LVU51
  51:Middlewares/LVGL/lvgl/src/misc/lv_pending.c ****     lv_array_init(&pending->arr_1, capacity_default, obj_size);
 209              		.loc 1 51 5 view .LVU52
  51:Middlewares/LVGL/lvgl/src/misc/lv_pending.c ****     lv_array_init(&pending->arr_1, capacity_default, obj_size);
 210              		.loc 1 51 5 view .LVU53
 211 002e FEE7     		b	.L11
 212              		.cfi_endproc
 213              	.LFE9:
 215              		.section	.text.lv_pending_set_free_cb,"ax",%progbits
 216              		.align	1
 217              		.global	lv_pending_set_free_cb
 218              		.syntax unified
 219              		.thumb
 220              		.thumb_func
 222              	lv_pending_set_free_cb:
 223              	.LVL17:
 224              	.LFB11:
  70:Middlewares/LVGL/lvgl/src/misc/lv_pending.c ****     LV_ASSERT_NULL(pending);
 225              		.loc 1 70 1 view -0
 226              		.cfi_startproc
 227              		@ args = 0, pretend = 0, frame = 0
 228              		@ frame_needed = 0, uses_anonymous_args = 0
 229              		@ link register save eliminated.
  71:Middlewares/LVGL/lvgl/src/misc/lv_pending.c ****     LV_ASSERT_NULL(free_cb);
 230              		.loc 1 71 5 view .LVU55
  71:Middlewares/LVGL/lvgl/src/misc/lv_pending.c ****     LV_ASSERT_NULL(free_cb);
 231              		.loc 1 71 5 view .LVU56
 232 0000 18B1     		cbz	r0, .L15
  71:Middlewares/LVGL/lvgl/src/misc/lv_pending.c ****     LV_ASSERT_NULL(free_cb);
 233              		.loc 1 71 5 view .LVU57
ARM GAS  C:\Users\w1785\AppData\Local\Temp\cceS3FtH.s 			page 10


  71:Middlewares/LVGL/lvgl/src/misc/lv_pending.c ****     LV_ASSERT_NULL(free_cb);
 234              		.loc 1 71 28 view .LVU58
  72:Middlewares/LVGL/lvgl/src/misc/lv_pending.c ****     pending->free_cb = free_cb;
 235              		.loc 1 72 5 view .LVU59
  72:Middlewares/LVGL/lvgl/src/misc/lv_pending.c ****     pending->free_cb = free_cb;
 236              		.loc 1 72 5 view .LVU60
 237 0002 19B1     		cbz	r1, .L17
  72:Middlewares/LVGL/lvgl/src/misc/lv_pending.c ****     pending->free_cb = free_cb;
 238              		.loc 1 72 5 view .LVU61
  72:Middlewares/LVGL/lvgl/src/misc/lv_pending.c ****     pending->free_cb = free_cb;
 239              		.loc 1 72 28 view .LVU62
  73:Middlewares/LVGL/lvgl/src/misc/lv_pending.c ****     pending->user_data = user_data;
 240              		.loc 1 73 5 view .LVU63
  73:Middlewares/LVGL/lvgl/src/misc/lv_pending.c ****     pending->user_data = user_data;
 241              		.loc 1 73 22 is_stmt 0 view .LVU64
 242 0004 C162     		str	r1, [r0, #44]
  74:Middlewares/LVGL/lvgl/src/misc/lv_pending.c **** }
 243              		.loc 1 74 5 is_stmt 1 view .LVU65
  74:Middlewares/LVGL/lvgl/src/misc/lv_pending.c **** }
 244              		.loc 1 74 24 is_stmt 0 view .LVU66
 245 0006 0263     		str	r2, [r0, #48]
  75:Middlewares/LVGL/lvgl/src/misc/lv_pending.c **** 
 246              		.loc 1 75 1 view .LVU67
 247 0008 7047     		bx	lr
 248              	.L15:
  71:Middlewares/LVGL/lvgl/src/misc/lv_pending.c ****     LV_ASSERT_NULL(free_cb);
 249              		.loc 1 71 5 is_stmt 1 view .LVU68
  71:Middlewares/LVGL/lvgl/src/misc/lv_pending.c ****     LV_ASSERT_NULL(free_cb);
 250              		.loc 1 71 5 view .LVU69
  71:Middlewares/LVGL/lvgl/src/misc/lv_pending.c ****     LV_ASSERT_NULL(free_cb);
 251              		.loc 1 71 5 view .LVU70
  71:Middlewares/LVGL/lvgl/src/misc/lv_pending.c ****     LV_ASSERT_NULL(free_cb);
 252              		.loc 1 71 5 view .LVU71
  71:Middlewares/LVGL/lvgl/src/misc/lv_pending.c ****     LV_ASSERT_NULL(free_cb);
 253              		.loc 1 71 5 view .LVU72
 254 000a FEE7     		b	.L15
 255              	.L17:
  72:Middlewares/LVGL/lvgl/src/misc/lv_pending.c ****     pending->free_cb = free_cb;
 256              		.loc 1 72 5 view .LVU73
  72:Middlewares/LVGL/lvgl/src/misc/lv_pending.c ****     pending->free_cb = free_cb;
 257              		.loc 1 72 5 view .LVU74
  72:Middlewares/LVGL/lvgl/src/misc/lv_pending.c ****     pending->free_cb = free_cb;
 258              		.loc 1 72 5 view .LVU75
  72:Middlewares/LVGL/lvgl/src/misc/lv_pending.c ****     pending->free_cb = free_cb;
 259              		.loc 1 72 5 view .LVU76
  72:Middlewares/LVGL/lvgl/src/misc/lv_pending.c ****     pending->free_cb = free_cb;
 260              		.loc 1 72 5 view .LVU77
 261 000c FEE7     		b	.L17
 262              		.cfi_endproc
 263              	.LFE11:
 265              		.section	.text.lv_pending_add,"ax",%progbits
 266              		.align	1
 267              		.global	lv_pending_add
 268              		.syntax unified
 269              		.thumb
 270              		.thumb_func
 272              	lv_pending_add:
ARM GAS  C:\Users\w1785\AppData\Local\Temp\cceS3FtH.s 			page 11


 273              	.LVL18:
 274              	.LFB12:
  78:Middlewares/LVGL/lvgl/src/misc/lv_pending.c ****     LV_ASSERT_NULL(pending);
 275              		.loc 1 78 1 view -0
 276              		.cfi_startproc
 277              		@ args = 0, pretend = 0, frame = 0
 278              		@ frame_needed = 0, uses_anonymous_args = 0
  79:Middlewares/LVGL/lvgl/src/misc/lv_pending.c ****     LV_ASSERT_NULL(obj);
 279              		.loc 1 79 5 view .LVU79
  79:Middlewares/LVGL/lvgl/src/misc/lv_pending.c ****     LV_ASSERT_NULL(obj);
 280              		.loc 1 79 5 view .LVU80
 281 0000 28B1     		cbz	r0, .L20
  78:Middlewares/LVGL/lvgl/src/misc/lv_pending.c ****     LV_ASSERT_NULL(pending);
 282              		.loc 1 78 1 is_stmt 0 view .LVU81
 283 0002 08B5     		push	{r3, lr}
 284              	.LCFI4:
 285              		.cfi_def_cfa_offset 8
 286              		.cfi_offset 3, -8
 287              		.cfi_offset 14, -4
  79:Middlewares/LVGL/lvgl/src/misc/lv_pending.c ****     LV_ASSERT_NULL(obj);
 288              		.loc 1 79 5 is_stmt 1 view .LVU82
  79:Middlewares/LVGL/lvgl/src/misc/lv_pending.c ****     LV_ASSERT_NULL(obj);
 289              		.loc 1 79 28 view .LVU83
  80:Middlewares/LVGL/lvgl/src/misc/lv_pending.c ****     lv_array_push_back(pending->arr_act, obj);
 290              		.loc 1 80 5 view .LVU84
  80:Middlewares/LVGL/lvgl/src/misc/lv_pending.c ****     lv_array_push_back(pending->arr_act, obj);
 291              		.loc 1 80 5 view .LVU85
 292 0004 21B1     		cbz	r1, .L22
  80:Middlewares/LVGL/lvgl/src/misc/lv_pending.c ****     lv_array_push_back(pending->arr_act, obj);
 293              		.loc 1 80 5 view .LVU86
  80:Middlewares/LVGL/lvgl/src/misc/lv_pending.c ****     lv_array_push_back(pending->arr_act, obj);
 294              		.loc 1 80 24 view .LVU87
  81:Middlewares/LVGL/lvgl/src/misc/lv_pending.c **** }
 295              		.loc 1 81 5 view .LVU88
 296 0006 0068     		ldr	r0, [r0]
 297              	.LVL19:
  81:Middlewares/LVGL/lvgl/src/misc/lv_pending.c **** }
 298              		.loc 1 81 5 is_stmt 0 view .LVU89
 299 0008 FFF7FEFF 		bl	lv_array_push_back
 300              	.LVL20:
  82:Middlewares/LVGL/lvgl/src/misc/lv_pending.c **** 
 301              		.loc 1 82 1 view .LVU90
 302 000c 08BD     		pop	{r3, pc}
 303              	.LVL21:
 304              	.L20:
 305              	.LCFI5:
 306              		.cfi_def_cfa_offset 0
 307              		.cfi_restore 3
 308              		.cfi_restore 14
  79:Middlewares/LVGL/lvgl/src/misc/lv_pending.c ****     LV_ASSERT_NULL(obj);
 309              		.loc 1 79 5 is_stmt 1 view .LVU91
  79:Middlewares/LVGL/lvgl/src/misc/lv_pending.c ****     LV_ASSERT_NULL(obj);
 310              		.loc 1 79 5 view .LVU92
  79:Middlewares/LVGL/lvgl/src/misc/lv_pending.c ****     LV_ASSERT_NULL(obj);
 311              		.loc 1 79 5 view .LVU93
  79:Middlewares/LVGL/lvgl/src/misc/lv_pending.c ****     LV_ASSERT_NULL(obj);
 312              		.loc 1 79 5 view .LVU94
ARM GAS  C:\Users\w1785\AppData\Local\Temp\cceS3FtH.s 			page 12


  79:Middlewares/LVGL/lvgl/src/misc/lv_pending.c ****     LV_ASSERT_NULL(obj);
 313              		.loc 1 79 5 view .LVU95
 314 000e FEE7     		b	.L20
 315              	.L22:
 316              	.LCFI6:
 317              		.cfi_def_cfa_offset 8
 318              		.cfi_offset 3, -8
 319              		.cfi_offset 14, -4
  80:Middlewares/LVGL/lvgl/src/misc/lv_pending.c ****     lv_array_push_back(pending->arr_act, obj);
 320              		.loc 1 80 5 view .LVU96
  80:Middlewares/LVGL/lvgl/src/misc/lv_pending.c ****     lv_array_push_back(pending->arr_act, obj);
 321              		.loc 1 80 5 view .LVU97
  80:Middlewares/LVGL/lvgl/src/misc/lv_pending.c ****     lv_array_push_back(pending->arr_act, obj);
 322              		.loc 1 80 5 view .LVU98
  80:Middlewares/LVGL/lvgl/src/misc/lv_pending.c ****     lv_array_push_back(pending->arr_act, obj);
 323              		.loc 1 80 5 view .LVU99
  80:Middlewares/LVGL/lvgl/src/misc/lv_pending.c ****     lv_array_push_back(pending->arr_act, obj);
 324              		.loc 1 80 5 view .LVU100
 325 0010 FEE7     		b	.L22
 326              		.cfi_endproc
 327              	.LFE12:
 329              		.section	.text.lv_pending_remove_all,"ax",%progbits
 330              		.align	1
 331              		.global	lv_pending_remove_all
 332              		.syntax unified
 333              		.thumb
 334              		.thumb_func
 336              	lv_pending_remove_all:
 337              	.LVL22:
 338              	.LFB13:
  85:Middlewares/LVGL/lvgl/src/misc/lv_pending.c ****     LV_ASSERT_NULL(pending);
 339              		.loc 1 85 1 view -0
 340              		.cfi_startproc
 341              		@ args = 0, pretend = 0, frame = 0
 342              		@ frame_needed = 0, uses_anonymous_args = 0
  86:Middlewares/LVGL/lvgl/src/misc/lv_pending.c **** 
 343              		.loc 1 86 5 view .LVU102
  86:Middlewares/LVGL/lvgl/src/misc/lv_pending.c **** 
 344              		.loc 1 86 5 view .LVU103
 345 0000 50B1     		cbz	r0, .L27
  85:Middlewares/LVGL/lvgl/src/misc/lv_pending.c ****     LV_ASSERT_NULL(pending);
 346              		.loc 1 85 1 is_stmt 0 view .LVU104
 347 0002 10B5     		push	{r4, lr}
 348              	.LCFI7:
 349              		.cfi_def_cfa_offset 8
 350              		.cfi_offset 4, -8
 351              		.cfi_offset 14, -4
 352 0004 0446     		mov	r4, r0
  86:Middlewares/LVGL/lvgl/src/misc/lv_pending.c **** 
 353              		.loc 1 86 5 is_stmt 1 view .LVU105
  86:Middlewares/LVGL/lvgl/src/misc/lv_pending.c **** 
 354              		.loc 1 86 28 view .LVU106
  88:Middlewares/LVGL/lvgl/src/misc/lv_pending.c ****     lv_pending_array_clear(pending, &pending->arr_2);
 355              		.loc 1 88 5 view .LVU107
 356 0006 011D     		adds	r1, r0, #4
 357 0008 FFF7FEFF 		bl	lv_pending_array_clear
 358              	.LVL23:
ARM GAS  C:\Users\w1785\AppData\Local\Temp\cceS3FtH.s 			page 13


  89:Middlewares/LVGL/lvgl/src/misc/lv_pending.c **** }
 359              		.loc 1 89 5 view .LVU108
 360 000c 04F11801 		add	r1, r4, #24
 361 0010 2046     		mov	r0, r4
 362 0012 FFF7FEFF 		bl	lv_pending_array_clear
 363              	.LVL24:
  90:Middlewares/LVGL/lvgl/src/misc/lv_pending.c **** 
 364              		.loc 1 90 1 is_stmt 0 view .LVU109
 365 0016 10BD     		pop	{r4, pc}
 366              	.LVL25:
 367              	.L27:
 368              	.LCFI8:
 369              		.cfi_def_cfa_offset 0
 370              		.cfi_restore 4
 371              		.cfi_restore 14
  86:Middlewares/LVGL/lvgl/src/misc/lv_pending.c **** 
 372              		.loc 1 86 5 is_stmt 1 view .LVU110
  86:Middlewares/LVGL/lvgl/src/misc/lv_pending.c **** 
 373              		.loc 1 86 5 view .LVU111
  86:Middlewares/LVGL/lvgl/src/misc/lv_pending.c **** 
 374              		.loc 1 86 5 view .LVU112
  86:Middlewares/LVGL/lvgl/src/misc/lv_pending.c **** 
 375              		.loc 1 86 5 view .LVU113
  86:Middlewares/LVGL/lvgl/src/misc/lv_pending.c **** 
 376              		.loc 1 86 5 view .LVU114
 377 0018 FEE7     		b	.L27
 378              		.cfi_endproc
 379              	.LFE13:
 381              		.section	.text.lv_pending_destroy,"ax",%progbits
 382              		.align	1
 383              		.global	lv_pending_destroy
 384              		.syntax unified
 385              		.thumb
 386              		.thumb_func
 388              	lv_pending_destroy:
 389              	.LVL26:
 390              	.LFB10:
  59:Middlewares/LVGL/lvgl/src/misc/lv_pending.c ****     LV_ASSERT_NULL(pending);
 391              		.loc 1 59 1 view -0
 392              		.cfi_startproc
 393              		@ args = 0, pretend = 0, frame = 0
 394              		@ frame_needed = 0, uses_anonymous_args = 0
  60:Middlewares/LVGL/lvgl/src/misc/lv_pending.c ****     lv_pending_remove_all(pending);
 395              		.loc 1 60 5 view .LVU116
  60:Middlewares/LVGL/lvgl/src/misc/lv_pending.c ****     lv_pending_remove_all(pending);
 396              		.loc 1 60 5 view .LVU117
 397 0000 98B1     		cbz	r0, .L32
  59:Middlewares/LVGL/lvgl/src/misc/lv_pending.c ****     LV_ASSERT_NULL(pending);
 398              		.loc 1 59 1 is_stmt 0 view .LVU118
 399 0002 10B5     		push	{r4, lr}
 400              	.LCFI9:
 401              		.cfi_def_cfa_offset 8
 402              		.cfi_offset 4, -8
 403              		.cfi_offset 14, -4
 404 0004 0446     		mov	r4, r0
  60:Middlewares/LVGL/lvgl/src/misc/lv_pending.c ****     lv_pending_remove_all(pending);
 405              		.loc 1 60 5 is_stmt 1 view .LVU119
ARM GAS  C:\Users\w1785\AppData\Local\Temp\cceS3FtH.s 			page 14


  60:Middlewares/LVGL/lvgl/src/misc/lv_pending.c ****     lv_pending_remove_all(pending);
 406              		.loc 1 60 28 view .LVU120
  61:Middlewares/LVGL/lvgl/src/misc/lv_pending.c ****     lv_array_deinit(&pending->arr_1);
 407              		.loc 1 61 5 view .LVU121
 408 0006 FFF7FEFF 		bl	lv_pending_remove_all
 409              	.LVL27:
  62:Middlewares/LVGL/lvgl/src/misc/lv_pending.c ****     lv_array_deinit(&pending->arr_2);
 410              		.loc 1 62 5 view .LVU122
 411 000a 201D     		adds	r0, r4, #4
 412 000c FFF7FEFF 		bl	lv_array_deinit
 413              	.LVL28:
  63:Middlewares/LVGL/lvgl/src/misc/lv_pending.c ****     lv_memzero(pending, sizeof(lv_pending_t));
 414              		.loc 1 63 5 view .LVU123
 415 0010 04F11800 		add	r0, r4, #24
 416 0014 FFF7FEFF 		bl	lv_array_deinit
 417              	.LVL29:
  64:Middlewares/LVGL/lvgl/src/misc/lv_pending.c ****     lv_free(pending);
 418              		.loc 1 64 5 view .LVU124
 419              	.LBB15:
 420              	.LBI15:
 421              		.file 3 "Middlewares/LVGL/lvgl/src/misc/../stdlib/lv_string.h"
   1:Middlewares/LVGL/lvgl/src/misc/../stdlib/lv_string.h **** /**
   2:Middlewares/LVGL/lvgl/src/misc/../stdlib/lv_string.h ****  * @file lv_string.h
   3:Middlewares/LVGL/lvgl/src/misc/../stdlib/lv_string.h ****  *
   4:Middlewares/LVGL/lvgl/src/misc/../stdlib/lv_string.h ****  */
   5:Middlewares/LVGL/lvgl/src/misc/../stdlib/lv_string.h **** 
   6:Middlewares/LVGL/lvgl/src/misc/../stdlib/lv_string.h **** #ifndef LV_STRING_H
   7:Middlewares/LVGL/lvgl/src/misc/../stdlib/lv_string.h **** #define LV_STRING_H
   8:Middlewares/LVGL/lvgl/src/misc/../stdlib/lv_string.h **** 
   9:Middlewares/LVGL/lvgl/src/misc/../stdlib/lv_string.h **** #ifdef __cplusplus
  10:Middlewares/LVGL/lvgl/src/misc/../stdlib/lv_string.h **** extern "C" {
  11:Middlewares/LVGL/lvgl/src/misc/../stdlib/lv_string.h **** #endif
  12:Middlewares/LVGL/lvgl/src/misc/../stdlib/lv_string.h **** 
  13:Middlewares/LVGL/lvgl/src/misc/../stdlib/lv_string.h **** /*********************
  14:Middlewares/LVGL/lvgl/src/misc/../stdlib/lv_string.h ****  *      INCLUDES
  15:Middlewares/LVGL/lvgl/src/misc/../stdlib/lv_string.h ****  *********************/
  16:Middlewares/LVGL/lvgl/src/misc/../stdlib/lv_string.h **** #include "../lv_conf_internal.h"
  17:Middlewares/LVGL/lvgl/src/misc/../stdlib/lv_string.h **** #include "../misc/lv_types.h"
  18:Middlewares/LVGL/lvgl/src/misc/../stdlib/lv_string.h **** 
  19:Middlewares/LVGL/lvgl/src/misc/../stdlib/lv_string.h **** /*********************
  20:Middlewares/LVGL/lvgl/src/misc/../stdlib/lv_string.h ****  *      DEFINES
  21:Middlewares/LVGL/lvgl/src/misc/../stdlib/lv_string.h ****  *********************/
  22:Middlewares/LVGL/lvgl/src/misc/../stdlib/lv_string.h **** 
  23:Middlewares/LVGL/lvgl/src/misc/../stdlib/lv_string.h **** /**********************
  24:Middlewares/LVGL/lvgl/src/misc/../stdlib/lv_string.h ****  *      TYPEDEFS
  25:Middlewares/LVGL/lvgl/src/misc/../stdlib/lv_string.h ****  **********************/
  26:Middlewares/LVGL/lvgl/src/misc/../stdlib/lv_string.h **** 
  27:Middlewares/LVGL/lvgl/src/misc/../stdlib/lv_string.h **** /**********************
  28:Middlewares/LVGL/lvgl/src/misc/../stdlib/lv_string.h ****  * GLOBAL PROTOTYPES
  29:Middlewares/LVGL/lvgl/src/misc/../stdlib/lv_string.h ****  **********************/
  30:Middlewares/LVGL/lvgl/src/misc/../stdlib/lv_string.h **** 
  31:Middlewares/LVGL/lvgl/src/misc/../stdlib/lv_string.h **** /**
  32:Middlewares/LVGL/lvgl/src/misc/../stdlib/lv_string.h ****  * @brief Copies a block of memory from a source address to a destination address.
  33:Middlewares/LVGL/lvgl/src/misc/../stdlib/lv_string.h ****  * @param dst Pointer to the destination array where the content is to be copied.
  34:Middlewares/LVGL/lvgl/src/misc/../stdlib/lv_string.h ****  * @param src Pointer to the source of data to be copied.
  35:Middlewares/LVGL/lvgl/src/misc/../stdlib/lv_string.h ****  * @param len Number of bytes to copy.
  36:Middlewares/LVGL/lvgl/src/misc/../stdlib/lv_string.h ****  * @return Pointer to the destination array.
ARM GAS  C:\Users\w1785\AppData\Local\Temp\cceS3FtH.s 			page 15


  37:Middlewares/LVGL/lvgl/src/misc/../stdlib/lv_string.h ****  * @note The function does not check for any overlapping of the source and destination memory block
  38:Middlewares/LVGL/lvgl/src/misc/../stdlib/lv_string.h ****  */
  39:Middlewares/LVGL/lvgl/src/misc/../stdlib/lv_string.h **** void * lv_memcpy(void * dst, const void * src, size_t len);
  40:Middlewares/LVGL/lvgl/src/misc/../stdlib/lv_string.h **** 
  41:Middlewares/LVGL/lvgl/src/misc/../stdlib/lv_string.h **** /**
  42:Middlewares/LVGL/lvgl/src/misc/../stdlib/lv_string.h ****  * @brief Fills a block of memory with a specified value.
  43:Middlewares/LVGL/lvgl/src/misc/../stdlib/lv_string.h ****  * @param dst Pointer to the destination array to fill with the specified value.
  44:Middlewares/LVGL/lvgl/src/misc/../stdlib/lv_string.h ****  * @param v Value to be set. The value is passed as an int, but the function fills
  45:Middlewares/LVGL/lvgl/src/misc/../stdlib/lv_string.h ****  *          the block of memory using the unsigned char conversion of this value.
  46:Middlewares/LVGL/lvgl/src/misc/../stdlib/lv_string.h ****  * @param len Number of bytes to be set to the value.
  47:Middlewares/LVGL/lvgl/src/misc/../stdlib/lv_string.h ****  */
  48:Middlewares/LVGL/lvgl/src/misc/../stdlib/lv_string.h **** void lv_memset(void * dst, uint8_t v, size_t len);
  49:Middlewares/LVGL/lvgl/src/misc/../stdlib/lv_string.h **** 
  50:Middlewares/LVGL/lvgl/src/misc/../stdlib/lv_string.h **** /**
  51:Middlewares/LVGL/lvgl/src/misc/../stdlib/lv_string.h ****  * @brief Move a block of memory from source to destination
  52:Middlewares/LVGL/lvgl/src/misc/../stdlib/lv_string.h ****  * @param dst Pointer to the destination array where the content is to be copied.
  53:Middlewares/LVGL/lvgl/src/misc/../stdlib/lv_string.h ****  * @param src Pointer to the source of data to be copied.
  54:Middlewares/LVGL/lvgl/src/misc/../stdlib/lv_string.h ****  * @param len Number of bytes to copy
  55:Middlewares/LVGL/lvgl/src/misc/../stdlib/lv_string.h ****  * @return Pointer to the destination array.
  56:Middlewares/LVGL/lvgl/src/misc/../stdlib/lv_string.h ****  */
  57:Middlewares/LVGL/lvgl/src/misc/../stdlib/lv_string.h **** void * lv_memmove(void * dst, const void * src, size_t len);
  58:Middlewares/LVGL/lvgl/src/misc/../stdlib/lv_string.h **** 
  59:Middlewares/LVGL/lvgl/src/misc/../stdlib/lv_string.h **** /**
  60:Middlewares/LVGL/lvgl/src/misc/../stdlib/lv_string.h ****  * @brief This function will compare two memory blocks
  61:Middlewares/LVGL/lvgl/src/misc/../stdlib/lv_string.h ****  * @param p1 Pointer to the first memory block
  62:Middlewares/LVGL/lvgl/src/misc/../stdlib/lv_string.h ****  * @param p2 Pointer to the second memory block
  63:Middlewares/LVGL/lvgl/src/misc/../stdlib/lv_string.h ****  * @param len Number of bytes to compare
  64:Middlewares/LVGL/lvgl/src/misc/../stdlib/lv_string.h ****  * @return The difference between the value of the first unmatching byte.
  65:Middlewares/LVGL/lvgl/src/misc/../stdlib/lv_string.h ****  */
  66:Middlewares/LVGL/lvgl/src/misc/../stdlib/lv_string.h **** int lv_memcmp(const void * p1, const void * p2, size_t len);
  67:Middlewares/LVGL/lvgl/src/misc/../stdlib/lv_string.h **** 
  68:Middlewares/LVGL/lvgl/src/misc/../stdlib/lv_string.h **** /**
  69:Middlewares/LVGL/lvgl/src/misc/../stdlib/lv_string.h ****  * Same as `memset(dst, 0x00, len)`.
  70:Middlewares/LVGL/lvgl/src/misc/../stdlib/lv_string.h ****  * @param dst pointer to the destination buffer
  71:Middlewares/LVGL/lvgl/src/misc/../stdlib/lv_string.h ****  * @param len number of byte to set
  72:Middlewares/LVGL/lvgl/src/misc/../stdlib/lv_string.h ****  */
  73:Middlewares/LVGL/lvgl/src/misc/../stdlib/lv_string.h **** static inline void lv_memzero(void * dst, size_t len)
 422              		.loc 3 73 20 view .LVU125
 423              	.LBB16:
  74:Middlewares/LVGL/lvgl/src/misc/../stdlib/lv_string.h **** {
  75:Middlewares/LVGL/lvgl/src/misc/../stdlib/lv_string.h ****     lv_memset(dst, 0x00, len);
 424              		.loc 3 75 5 view .LVU126
 425 0018 3422     		movs	r2, #52
 426 001a 0021     		movs	r1, #0
 427 001c 2046     		mov	r0, r4
 428 001e FFF7FEFF 		bl	lv_memset
 429              	.LVL30:
 430              		.loc 3 75 5 is_stmt 0 view .LVU127
 431              	.LBE16:
 432              	.LBE15:
  65:Middlewares/LVGL/lvgl/src/misc/lv_pending.c **** }
 433              		.loc 1 65 5 is_stmt 1 view .LVU128
 434 0022 2046     		mov	r0, r4
 435 0024 FFF7FEFF 		bl	lv_free
 436              	.LVL31:
  66:Middlewares/LVGL/lvgl/src/misc/lv_pending.c **** 
 437              		.loc 1 66 1 is_stmt 0 view .LVU129
ARM GAS  C:\Users\w1785\AppData\Local\Temp\cceS3FtH.s 			page 16


 438 0028 10BD     		pop	{r4, pc}
 439              	.LVL32:
 440              	.L32:
 441              	.LCFI10:
 442              		.cfi_def_cfa_offset 0
 443              		.cfi_restore 4
 444              		.cfi_restore 14
  60:Middlewares/LVGL/lvgl/src/misc/lv_pending.c ****     lv_pending_remove_all(pending);
 445              		.loc 1 60 5 is_stmt 1 view .LVU130
  60:Middlewares/LVGL/lvgl/src/misc/lv_pending.c ****     lv_pending_remove_all(pending);
 446              		.loc 1 60 5 view .LVU131
  60:Middlewares/LVGL/lvgl/src/misc/lv_pending.c ****     lv_pending_remove_all(pending);
 447              		.loc 1 60 5 view .LVU132
  60:Middlewares/LVGL/lvgl/src/misc/lv_pending.c ****     lv_pending_remove_all(pending);
 448              		.loc 1 60 5 view .LVU133
  60:Middlewares/LVGL/lvgl/src/misc/lv_pending.c ****     lv_pending_remove_all(pending);
 449              		.loc 1 60 5 view .LVU134
 450 002a FEE7     		b	.L32
 451              		.cfi_endproc
 452              	.LFE10:
 454              		.section	.text.lv_pending_swap,"ax",%progbits
 455              		.align	1
 456              		.global	lv_pending_swap
 457              		.syntax unified
 458              		.thumb
 459              		.thumb_func
 461              	lv_pending_swap:
 462              	.LVL33:
 463              	.LFB14:
  93:Middlewares/LVGL/lvgl/src/misc/lv_pending.c ****     pending->arr_act = (pending->arr_act == &pending->arr_1) ? &pending->arr_2 : &pending->arr_1;
 464              		.loc 1 93 1 view -0
 465              		.cfi_startproc
 466              		@ args = 0, pretend = 0, frame = 0
 467              		@ frame_needed = 0, uses_anonymous_args = 0
  93:Middlewares/LVGL/lvgl/src/misc/lv_pending.c ****     pending->arr_act = (pending->arr_act == &pending->arr_1) ? &pending->arr_2 : &pending->arr_1;
 468              		.loc 1 93 1 is_stmt 0 view .LVU136
 469 0000 08B5     		push	{r3, lr}
 470              	.LCFI11:
 471              		.cfi_def_cfa_offset 8
 472              		.cfi_offset 3, -8
 473              		.cfi_offset 14, -4
  94:Middlewares/LVGL/lvgl/src/misc/lv_pending.c ****     lv_pending_array_clear(pending, pending->arr_act);
 474              		.loc 1 94 5 is_stmt 1 view .LVU137
  94:Middlewares/LVGL/lvgl/src/misc/lv_pending.c ****     lv_pending_array_clear(pending, pending->arr_act);
 475              		.loc 1 94 32 is_stmt 0 view .LVU138
 476 0002 0146     		mov	r1, r0
 477 0004 51F8043B 		ldr	r3, [r1], #4
  94:Middlewares/LVGL/lvgl/src/misc/lv_pending.c ****     lv_pending_array_clear(pending, pending->arr_act);
 478              		.loc 1 94 80 view .LVU139
 479 0008 8B42     		cmp	r3, r1
 480 000a 03D0     		beq	.L38
 481              	.L36:
  94:Middlewares/LVGL/lvgl/src/misc/lv_pending.c ****     lv_pending_array_clear(pending, pending->arr_act);
 482              		.loc 1 94 22 discriminator 4 view .LVU140
 483 000c 0160     		str	r1, [r0]
  95:Middlewares/LVGL/lvgl/src/misc/lv_pending.c **** }
 484              		.loc 1 95 5 is_stmt 1 view .LVU141
ARM GAS  C:\Users\w1785\AppData\Local\Temp\cceS3FtH.s 			page 17


 485 000e FFF7FEFF 		bl	lv_pending_array_clear
 486              	.LVL34:
  96:Middlewares/LVGL/lvgl/src/misc/lv_pending.c **** 
 487              		.loc 1 96 1 is_stmt 0 view .LVU142
 488 0012 08BD     		pop	{r3, pc}
 489              	.LVL35:
 490              	.L38:
  94:Middlewares/LVGL/lvgl/src/misc/lv_pending.c ****     lv_pending_array_clear(pending, pending->arr_act);
 491              		.loc 1 94 80 discriminator 1 view .LVU143
 492 0014 00F11801 		add	r1, r0, #24
 493 0018 F8E7     		b	.L36
 494              		.cfi_endproc
 495              	.LFE14:
 497              		.text
 498              	.Letext0:
 499              		.file 4 "D:\\STM32CubeIDE\\STM32CubeIDE_2.1.1\\STM32CubeIDE\\plugins\\com.st.stm32cube.ide.mcu.ext
 500              		.file 5 "D:\\STM32CubeIDE\\STM32CubeIDE_2.1.1\\STM32CubeIDE\\plugins\\com.st.stm32cube.ide.mcu.ext
 501              		.file 6 "D:\\STM32CubeIDE\\STM32CubeIDE_2.1.1\\STM32CubeIDE\\plugins\\com.st.stm32cube.ide.mcu.ext
 502              		.file 7 "Middlewares/LVGL/lvgl/src/misc/lv_types.h"
 503              		.file 8 "Middlewares/LVGL/lvgl/src/misc/lv_pending.h"
 504              		.file 9 "Middlewares/LVGL/lvgl/src/misc/../stdlib/lv_mem.h"
ARM GAS  C:\Users\w1785\AppData\Local\Temp\cceS3FtH.s 			page 18


DEFINED SYMBOLS
                            *ABS*:00000000 lv_pending.c
C:\Users\w1785\AppData\Local\Temp\cceS3FtH.s:21     .text.lv_pending_array_clear:00000000 $t
C:\Users\w1785\AppData\Local\Temp\cceS3FtH.s:26     .text.lv_pending_array_clear:00000000 lv_pending_array_clear
C:\Users\w1785\AppData\Local\Temp\cceS3FtH.s:144    .text.lv_pending_create:00000000 $t
C:\Users\w1785\AppData\Local\Temp\cceS3FtH.s:150    .text.lv_pending_create:00000000 lv_pending_create
C:\Users\w1785\AppData\Local\Temp\cceS3FtH.s:216    .text.lv_pending_set_free_cb:00000000 $t
C:\Users\w1785\AppData\Local\Temp\cceS3FtH.s:222    .text.lv_pending_set_free_cb:00000000 lv_pending_set_free_cb
C:\Users\w1785\AppData\Local\Temp\cceS3FtH.s:266    .text.lv_pending_add:00000000 $t
C:\Users\w1785\AppData\Local\Temp\cceS3FtH.s:272    .text.lv_pending_add:00000000 lv_pending_add
C:\Users\w1785\AppData\Local\Temp\cceS3FtH.s:330    .text.lv_pending_remove_all:00000000 $t
C:\Users\w1785\AppData\Local\Temp\cceS3FtH.s:336    .text.lv_pending_remove_all:00000000 lv_pending_remove_all
C:\Users\w1785\AppData\Local\Temp\cceS3FtH.s:382    .text.lv_pending_destroy:00000000 $t
C:\Users\w1785\AppData\Local\Temp\cceS3FtH.s:388    .text.lv_pending_destroy:00000000 lv_pending_destroy
C:\Users\w1785\AppData\Local\Temp\cceS3FtH.s:455    .text.lv_pending_swap:00000000 $t
C:\Users\w1785\AppData\Local\Temp\cceS3FtH.s:461    .text.lv_pending_swap:00000000 lv_pending_swap

UNDEFINED SYMBOLS
lv_array_at
lv_malloc_zeroed
lv_array_init
lv_array_push_back
lv_array_deinit
lv_memset
lv_free
