ARM GAS  C:\Users\w1785\AppData\Local\Temp\cchNfzsf.s 			page 1


   1              		.cpu cortex-m4
   2              		.arch armv7e-m
   3              		.fpu fpv4-sp-d16
   4              		.eabi_attribute 27, 1
   5              		.eabi_attribute 28, 1
   6              		.eabi_attribute 20, 1
   7              		.eabi_attribute 21, 1
   8              		.eabi_attribute 23, 3
   9              		.eabi_attribute 24, 1
  10              		.eabi_attribute 25, 1
  11              		.eabi_attribute 26, 1
  12              		.eabi_attribute 30, 1
  13              		.eabi_attribute 34, 1
  14              		.eabi_attribute 18, 4
  15              		.file	"lv_palette.c"
  16              		.text
  17              	.Ltext0:
  18              		.cfi_sections	.debug_frame
  19              		.file 1 "Middlewares/LVGL/lvgl/src/misc/lv_palette.c"
  20              		.section	.text.lv_palette_main,"ax",%progbits
  21              		.align	1
  22              		.global	lv_palette_main
  23              		.syntax unified
  24              		.thumb
  25              		.thumb_func
  27              	lv_palette_main:
  28              	.LVL0:
  29              	.LFB6:
   1:Middlewares/LVGL/lvgl/src/misc/lv_palette.c **** /**
   2:Middlewares/LVGL/lvgl/src/misc/lv_palette.c ****  * @file lv_palette.c
   3:Middlewares/LVGL/lvgl/src/misc/lv_palette.c ****  *
   4:Middlewares/LVGL/lvgl/src/misc/lv_palette.c ****  */
   5:Middlewares/LVGL/lvgl/src/misc/lv_palette.c **** 
   6:Middlewares/LVGL/lvgl/src/misc/lv_palette.c **** /*********************
   7:Middlewares/LVGL/lvgl/src/misc/lv_palette.c ****  *      INCLUDES
   8:Middlewares/LVGL/lvgl/src/misc/lv_palette.c ****  *********************/
   9:Middlewares/LVGL/lvgl/src/misc/lv_palette.c **** #include "lv_palette.h"
  10:Middlewares/LVGL/lvgl/src/misc/lv_palette.c **** 
  11:Middlewares/LVGL/lvgl/src/misc/lv_palette.c **** /*********************
  12:Middlewares/LVGL/lvgl/src/misc/lv_palette.c ****  *      DEFINES
  13:Middlewares/LVGL/lvgl/src/misc/lv_palette.c ****  *********************/
  14:Middlewares/LVGL/lvgl/src/misc/lv_palette.c **** 
  15:Middlewares/LVGL/lvgl/src/misc/lv_palette.c **** /**********************
  16:Middlewares/LVGL/lvgl/src/misc/lv_palette.c ****  *      TYPEDEFS
  17:Middlewares/LVGL/lvgl/src/misc/lv_palette.c ****  **********************/
  18:Middlewares/LVGL/lvgl/src/misc/lv_palette.c **** 
  19:Middlewares/LVGL/lvgl/src/misc/lv_palette.c **** /**********************
  20:Middlewares/LVGL/lvgl/src/misc/lv_palette.c ****  *  STATIC PROTOTYPES
  21:Middlewares/LVGL/lvgl/src/misc/lv_palette.c ****  **********************/
  22:Middlewares/LVGL/lvgl/src/misc/lv_palette.c **** 
  23:Middlewares/LVGL/lvgl/src/misc/lv_palette.c **** /**********************
  24:Middlewares/LVGL/lvgl/src/misc/lv_palette.c ****  *  STATIC VARIABLES
  25:Middlewares/LVGL/lvgl/src/misc/lv_palette.c ****  **********************/
  26:Middlewares/LVGL/lvgl/src/misc/lv_palette.c **** 
  27:Middlewares/LVGL/lvgl/src/misc/lv_palette.c **** /**********************
  28:Middlewares/LVGL/lvgl/src/misc/lv_palette.c ****  *      MACROS
  29:Middlewares/LVGL/lvgl/src/misc/lv_palette.c ****  **********************/
ARM GAS  C:\Users\w1785\AppData\Local\Temp\cchNfzsf.s 			page 2


  30:Middlewares/LVGL/lvgl/src/misc/lv_palette.c **** 
  31:Middlewares/LVGL/lvgl/src/misc/lv_palette.c **** /**********************
  32:Middlewares/LVGL/lvgl/src/misc/lv_palette.c ****  *   GLOBAL FUNCTIONS
  33:Middlewares/LVGL/lvgl/src/misc/lv_palette.c ****  **********************/
  34:Middlewares/LVGL/lvgl/src/misc/lv_palette.c **** 
  35:Middlewares/LVGL/lvgl/src/misc/lv_palette.c **** lv_color_t lv_palette_main(lv_palette_t p)
  36:Middlewares/LVGL/lvgl/src/misc/lv_palette.c **** {
  30              		.loc 1 36 1 view -0
  31              		.cfi_startproc
  32              		@ args = 0, pretend = 0, frame = 8
  33              		@ frame_needed = 0, uses_anonymous_args = 0
  34              		.loc 1 36 1 is_stmt 0 view .LVU1
  35 0000 00B5     		push	{lr}
  36              	.LCFI0:
  37              		.cfi_def_cfa_offset 4
  38              		.cfi_offset 14, -4
  39 0002 83B0     		sub	sp, sp, #12
  40              	.LCFI1:
  41              		.cfi_def_cfa_offset 16
  37:Middlewares/LVGL/lvgl/src/misc/lv_palette.c ****     static const lv_color_t colors[] = {
  42              		.loc 1 37 5 is_stmt 1 view .LVU2
  38:Middlewares/LVGL/lvgl/src/misc/lv_palette.c ****         LV_COLOR_MAKE(0xF4, 0x43, 0x36), LV_COLOR_MAKE(0xE9, 0x1E, 0x63), LV_COLOR_MAKE(0x9C, 0x27,
  39:Middlewares/LVGL/lvgl/src/misc/lv_palette.c ****         LV_COLOR_MAKE(0x3F, 0x51, 0xB5), LV_COLOR_MAKE(0x21, 0x96, 0xF3), LV_COLOR_MAKE(0x03, 0xA9,
  40:Middlewares/LVGL/lvgl/src/misc/lv_palette.c ****         LV_COLOR_MAKE(0x00, 0x96, 0x88), LV_COLOR_MAKE(0x4C, 0xAF, 0x50), LV_COLOR_MAKE(0x8B, 0xC3,
  41:Middlewares/LVGL/lvgl/src/misc/lv_palette.c ****         LV_COLOR_MAKE(0xFF, 0xEB, 0x3B), LV_COLOR_MAKE(0xFF, 0xC1, 0x07), LV_COLOR_MAKE(0xFF, 0x98,
  42:Middlewares/LVGL/lvgl/src/misc/lv_palette.c ****         LV_COLOR_MAKE(0x79, 0x55, 0x48), LV_COLOR_MAKE(0x60, 0x7D, 0x8B), LV_COLOR_MAKE(0x9E, 0x9E,
  43:Middlewares/LVGL/lvgl/src/misc/lv_palette.c ****     };
  44:Middlewares/LVGL/lvgl/src/misc/lv_palette.c **** 
  45:Middlewares/LVGL/lvgl/src/misc/lv_palette.c ****     if(p >= LV_PALETTE_LAST) {
  43              		.loc 1 45 5 view .LVU3
  44              		.loc 1 45 7 is_stmt 0 view .LVU4
  45 0004 1228     		cmp	r0, #18
  46 0006 18D8     		bhi	.L5
  46:Middlewares/LVGL/lvgl/src/misc/lv_palette.c ****         LV_LOG_WARN("Invalid palette: %d", p);
  47:Middlewares/LVGL/lvgl/src/misc/lv_palette.c ****         return lv_color_black();
  48:Middlewares/LVGL/lvgl/src/misc/lv_palette.c ****     }
  49:Middlewares/LVGL/lvgl/src/misc/lv_palette.c **** 
  50:Middlewares/LVGL/lvgl/src/misc/lv_palette.c ****     return colors[p];
  47              		.loc 1 50 5 is_stmt 1 view .LVU5
  48              		.loc 1 50 18 is_stmt 0 view .LVU6
  49 0008 124B     		ldr	r3, .L6
  50 000a 00EB4000 		add	r0, r0, r0, lsl #1
  51              	.LVL1:
  52              		.loc 1 50 18 view .LVU7
  53 000e 1918     		adds	r1, r3, r0
  54 0010 1A5A     		ldrh	r2, [r3, r0]	@ unaligned
  55 0012 8B78     		ldrb	r3, [r1, #2]	@ zero_extendqisi2
  56 0014 ADF80420 		strh	r2, [sp, #4]	@ unaligned
  57 0018 8DF80630 		strb	r3, [sp, #6]
  58              	.L3:
  51:Middlewares/LVGL/lvgl/src/misc/lv_palette.c **** 
  52:Middlewares/LVGL/lvgl/src/misc/lv_palette.c **** }
  59              		.loc 1 52 1 view .LVU8
  60 001c 0020     		movs	r0, #0
  61 001e 9DF80430 		ldrb	r3, [sp, #4]	@ zero_extendqisi2
  62 0022 63F30700 		bfi	r0, r3, #0, #8
  63 0026 9DF80530 		ldrb	r3, [sp, #5]	@ zero_extendqisi2
ARM GAS  C:\Users\w1785\AppData\Local\Temp\cchNfzsf.s 			page 3


  64 002a 63F30F20 		bfi	r0, r3, #8, #8
  65 002e 9DF80630 		ldrb	r3, [sp, #6]	@ zero_extendqisi2
  66 0032 63F31740 		bfi	r0, r3, #16, #8
  67 0036 03B0     		add	sp, sp, #12
  68              	.LCFI2:
  69              		.cfi_remember_state
  70              		.cfi_def_cfa_offset 4
  71              		@ sp needed
  72 0038 00BD     		pop	{pc}
  73              	.LVL2:
  74              	.L5:
  75              	.LCFI3:
  76              		.cfi_restore_state
  46:Middlewares/LVGL/lvgl/src/misc/lv_palette.c ****         LV_LOG_WARN("Invalid palette: %d", p);
  77              		.loc 1 46 9 is_stmt 1 view .LVU9
  46:Middlewares/LVGL/lvgl/src/misc/lv_palette.c ****         LV_LOG_WARN("Invalid palette: %d", p);
  78              		.loc 1 46 9 view .LVU10
  46:Middlewares/LVGL/lvgl/src/misc/lv_palette.c ****         LV_LOG_WARN("Invalid palette: %d", p);
  79              		.loc 1 46 9 view .LVU11
  47:Middlewares/LVGL/lvgl/src/misc/lv_palette.c ****     }
  80              		.loc 1 47 9 view .LVU12
  47:Middlewares/LVGL/lvgl/src/misc/lv_palette.c ****     }
  81              		.loc 1 47 16 is_stmt 0 view .LVU13
  82 003a FFF7FEFF 		bl	lv_color_black
  83              	.LVL3:
  47:Middlewares/LVGL/lvgl/src/misc/lv_palette.c ****     }
  84              		.loc 1 47 16 view .LVU14
  85 003e 8DF80400 		strb	r0, [sp, #4]
  86 0042 C0F30723 		ubfx	r3, r0, #8, #8
  87 0046 8DF80530 		strb	r3, [sp, #5]
  88 004a C0F30740 		ubfx	r0, r0, #16, #8
  89 004e 8DF80600 		strb	r0, [sp, #6]
  90 0052 E3E7     		b	.L3
  91              	.L7:
  92              		.align	2
  93              	.L6:
  94 0054 00000000 		.word	colors.2
  95              		.cfi_endproc
  96              	.LFE6:
  98              		.section	.text.lv_palette_lighten,"ax",%progbits
  99              		.align	1
 100              		.global	lv_palette_lighten
 101              		.syntax unified
 102              		.thumb
 103              		.thumb_func
 105              	lv_palette_lighten:
 106              	.LVL4:
 107              	.LFB7:
  53:Middlewares/LVGL/lvgl/src/misc/lv_palette.c **** 
  54:Middlewares/LVGL/lvgl/src/misc/lv_palette.c **** lv_color_t lv_palette_lighten(lv_palette_t p, uint8_t lvl)
  55:Middlewares/LVGL/lvgl/src/misc/lv_palette.c **** {
 108              		.loc 1 55 1 is_stmt 1 view -0
 109              		.cfi_startproc
 110              		@ args = 0, pretend = 0, frame = 8
 111              		@ frame_needed = 0, uses_anonymous_args = 0
 112              		.loc 1 55 1 is_stmt 0 view .LVU16
 113 0000 00B5     		push	{lr}
ARM GAS  C:\Users\w1785\AppData\Local\Temp\cchNfzsf.s 			page 4


 114              	.LCFI4:
 115              		.cfi_def_cfa_offset 4
 116              		.cfi_offset 14, -4
 117 0002 83B0     		sub	sp, sp, #12
 118              	.LCFI5:
 119              		.cfi_def_cfa_offset 16
  56:Middlewares/LVGL/lvgl/src/misc/lv_palette.c ****     static const lv_color_t colors[][5] = {
 120              		.loc 1 56 5 is_stmt 1 view .LVU17
  57:Middlewares/LVGL/lvgl/src/misc/lv_palette.c ****         {LV_COLOR_MAKE(0xEF, 0x53, 0x50), LV_COLOR_MAKE(0xE5, 0x73, 0x73), LV_COLOR_MAKE(0xEF, 0x9A
  58:Middlewares/LVGL/lvgl/src/misc/lv_palette.c ****         {LV_COLOR_MAKE(0xEC, 0x40, 0x7A), LV_COLOR_MAKE(0xF0, 0x62, 0x92), LV_COLOR_MAKE(0xF4, 0x8F
  59:Middlewares/LVGL/lvgl/src/misc/lv_palette.c ****         {LV_COLOR_MAKE(0xAB, 0x47, 0xBC), LV_COLOR_MAKE(0xBA, 0x68, 0xC8), LV_COLOR_MAKE(0xCE, 0x93
  60:Middlewares/LVGL/lvgl/src/misc/lv_palette.c ****         {LV_COLOR_MAKE(0x7E, 0x57, 0xC2), LV_COLOR_MAKE(0x95, 0x75, 0xCD), LV_COLOR_MAKE(0xB3, 0x9D
  61:Middlewares/LVGL/lvgl/src/misc/lv_palette.c ****         {LV_COLOR_MAKE(0x5C, 0x6B, 0xC0), LV_COLOR_MAKE(0x79, 0x86, 0xCB), LV_COLOR_MAKE(0x9F, 0xA8
  62:Middlewares/LVGL/lvgl/src/misc/lv_palette.c ****         {LV_COLOR_MAKE(0x42, 0xA5, 0xF5), LV_COLOR_MAKE(0x64, 0xB5, 0xF6), LV_COLOR_MAKE(0x90, 0xCA
  63:Middlewares/LVGL/lvgl/src/misc/lv_palette.c ****         {LV_COLOR_MAKE(0x29, 0xB6, 0xF6), LV_COLOR_MAKE(0x4F, 0xC3, 0xF7), LV_COLOR_MAKE(0x81, 0xD4
  64:Middlewares/LVGL/lvgl/src/misc/lv_palette.c ****         {LV_COLOR_MAKE(0x26, 0xC6, 0xDA), LV_COLOR_MAKE(0x4D, 0xD0, 0xE1), LV_COLOR_MAKE(0x80, 0xDE
  65:Middlewares/LVGL/lvgl/src/misc/lv_palette.c ****         {LV_COLOR_MAKE(0x26, 0xA6, 0x9A), LV_COLOR_MAKE(0x4D, 0xB6, 0xAC), LV_COLOR_MAKE(0x80, 0xCB
  66:Middlewares/LVGL/lvgl/src/misc/lv_palette.c ****         {LV_COLOR_MAKE(0x66, 0xBB, 0x6A), LV_COLOR_MAKE(0x81, 0xC7, 0x84), LV_COLOR_MAKE(0xA5, 0xD6
  67:Middlewares/LVGL/lvgl/src/misc/lv_palette.c ****         {LV_COLOR_MAKE(0x9C, 0xCC, 0x65), LV_COLOR_MAKE(0xAE, 0xD5, 0x81), LV_COLOR_MAKE(0xC5, 0xE1
  68:Middlewares/LVGL/lvgl/src/misc/lv_palette.c ****         {LV_COLOR_MAKE(0xD4, 0xE1, 0x57), LV_COLOR_MAKE(0xDC, 0xE7, 0x75), LV_COLOR_MAKE(0xE6, 0xEE
  69:Middlewares/LVGL/lvgl/src/misc/lv_palette.c ****         {LV_COLOR_MAKE(0xFF, 0xEE, 0x58), LV_COLOR_MAKE(0xFF, 0xF1, 0x76), LV_COLOR_MAKE(0xFF, 0xF5
  70:Middlewares/LVGL/lvgl/src/misc/lv_palette.c ****         {LV_COLOR_MAKE(0xFF, 0xCA, 0x28), LV_COLOR_MAKE(0xFF, 0xD5, 0x4F), LV_COLOR_MAKE(0xFF, 0xE0
  71:Middlewares/LVGL/lvgl/src/misc/lv_palette.c ****         {LV_COLOR_MAKE(0xFF, 0xA7, 0x26), LV_COLOR_MAKE(0xFF, 0xB7, 0x4D), LV_COLOR_MAKE(0xFF, 0xCC
  72:Middlewares/LVGL/lvgl/src/misc/lv_palette.c ****         {LV_COLOR_MAKE(0xFF, 0x70, 0x43), LV_COLOR_MAKE(0xFF, 0x8A, 0x65), LV_COLOR_MAKE(0xFF, 0xAB
  73:Middlewares/LVGL/lvgl/src/misc/lv_palette.c ****         {LV_COLOR_MAKE(0x8D, 0x6E, 0x63), LV_COLOR_MAKE(0xA1, 0x88, 0x7F), LV_COLOR_MAKE(0xBC, 0xAA
  74:Middlewares/LVGL/lvgl/src/misc/lv_palette.c ****         {LV_COLOR_MAKE(0x78, 0x90, 0x9C), LV_COLOR_MAKE(0x90, 0xA4, 0xAE), LV_COLOR_MAKE(0xB0, 0xBE
  75:Middlewares/LVGL/lvgl/src/misc/lv_palette.c ****         {LV_COLOR_MAKE(0xBD, 0xBD, 0xBD), LV_COLOR_MAKE(0xE0, 0xE0, 0xE0), LV_COLOR_MAKE(0xEE, 0xEE
  76:Middlewares/LVGL/lvgl/src/misc/lv_palette.c ****     };
  77:Middlewares/LVGL/lvgl/src/misc/lv_palette.c **** 
  78:Middlewares/LVGL/lvgl/src/misc/lv_palette.c ****     if(p >= LV_PALETTE_LAST) {
 121              		.loc 1 78 5 view .LVU18
 122              		.loc 1 78 7 is_stmt 0 view .LVU19
 123 0004 1228     		cmp	r0, #18
 124 0006 1FD8     		bhi	.L13
  79:Middlewares/LVGL/lvgl/src/misc/lv_palette.c ****         LV_LOG_WARN("Invalid palette: %d", p);
  80:Middlewares/LVGL/lvgl/src/misc/lv_palette.c ****         return lv_color_black();
  81:Middlewares/LVGL/lvgl/src/misc/lv_palette.c ****     }
  82:Middlewares/LVGL/lvgl/src/misc/lv_palette.c **** 
  83:Middlewares/LVGL/lvgl/src/misc/lv_palette.c ****     if(lvl == 0 || lvl > 5) {
 125              		.loc 1 83 5 is_stmt 1 view .LVU20
 126              		.loc 1 83 17 is_stmt 0 view .LVU21
 127 0008 0139     		subs	r1, r1, #1
 128              	.LVL5:
 129              		.loc 1 83 17 view .LVU22
 130 000a C9B2     		uxtb	r1, r1
 131              	.LVL6:
 132              		.loc 1 83 7 view .LVU23
 133 000c 0429     		cmp	r1, #4
 134 000e 28D8     		bhi	.L14
  84:Middlewares/LVGL/lvgl/src/misc/lv_palette.c ****         LV_LOG_WARN("Invalid level: %d. Must be 1..5", lvl);
  85:Middlewares/LVGL/lvgl/src/misc/lv_palette.c ****         return lv_color_black();
  86:Middlewares/LVGL/lvgl/src/misc/lv_palette.c ****     }
  87:Middlewares/LVGL/lvgl/src/misc/lv_palette.c **** 
  88:Middlewares/LVGL/lvgl/src/misc/lv_palette.c ****     lvl--;
 135              		.loc 1 88 5 is_stmt 1 view .LVU24
 136              	.LVL7:
  89:Middlewares/LVGL/lvgl/src/misc/lv_palette.c **** 
ARM GAS  C:\Users\w1785\AppData\Local\Temp\cchNfzsf.s 			page 5


  90:Middlewares/LVGL/lvgl/src/misc/lv_palette.c ****     return colors[p][lvl];
 137              		.loc 1 90 5 view .LVU25
 138              		.loc 1 90 21 is_stmt 0 view .LVU26
 139 0010 1A4B     		ldr	r3, .L15
 140 0012 01EB4101 		add	r1, r1, r1, lsl #1
 141              	.LVL8:
 142              		.loc 1 90 21 view .LVU27
 143 0016 C0EB0010 		rsb	r0, r0, r0, lsl #4
 144              	.LVL9:
 145              		.loc 1 90 21 view .LVU28
 146 001a 0144     		add	r1, r1, r0
 147 001c 5818     		adds	r0, r3, r1
 148 001e 5A5A     		ldrh	r2, [r3, r1]	@ unaligned
 149 0020 8378     		ldrb	r3, [r0, #2]	@ zero_extendqisi2
 150 0022 ADF80420 		strh	r2, [sp, #4]	@ unaligned
 151 0026 8DF80630 		strb	r3, [sp, #6]
 152              	.LVL10:
 153              	.L10:
  91:Middlewares/LVGL/lvgl/src/misc/lv_palette.c **** }
 154              		.loc 1 91 1 view .LVU29
 155 002a 0020     		movs	r0, #0
 156 002c 9DF80430 		ldrb	r3, [sp, #4]	@ zero_extendqisi2
 157 0030 63F30700 		bfi	r0, r3, #0, #8
 158 0034 9DF80530 		ldrb	r3, [sp, #5]	@ zero_extendqisi2
 159 0038 63F30F20 		bfi	r0, r3, #8, #8
 160 003c 9DF80630 		ldrb	r3, [sp, #6]	@ zero_extendqisi2
 161 0040 63F31740 		bfi	r0, r3, #16, #8
 162 0044 03B0     		add	sp, sp, #12
 163              	.LCFI6:
 164              		.cfi_remember_state
 165              		.cfi_def_cfa_offset 4
 166              		@ sp needed
 167 0046 00BD     		pop	{pc}
 168              	.LVL11:
 169              	.L13:
 170              	.LCFI7:
 171              		.cfi_restore_state
  79:Middlewares/LVGL/lvgl/src/misc/lv_palette.c ****         return lv_color_black();
 172              		.loc 1 79 9 is_stmt 1 view .LVU30
  79:Middlewares/LVGL/lvgl/src/misc/lv_palette.c ****         return lv_color_black();
 173              		.loc 1 79 9 view .LVU31
  79:Middlewares/LVGL/lvgl/src/misc/lv_palette.c ****         return lv_color_black();
 174              		.loc 1 79 9 view .LVU32
  80:Middlewares/LVGL/lvgl/src/misc/lv_palette.c ****     }
 175              		.loc 1 80 9 view .LVU33
  80:Middlewares/LVGL/lvgl/src/misc/lv_palette.c ****     }
 176              		.loc 1 80 16 is_stmt 0 view .LVU34
 177 0048 FFF7FEFF 		bl	lv_color_black
 178              	.LVL12:
  80:Middlewares/LVGL/lvgl/src/misc/lv_palette.c ****     }
 179              		.loc 1 80 16 view .LVU35
 180 004c 8DF80400 		strb	r0, [sp, #4]
 181 0050 C0F30723 		ubfx	r3, r0, #8, #8
 182 0054 8DF80530 		strb	r3, [sp, #5]
 183 0058 C0F30740 		ubfx	r0, r0, #16, #8
 184 005c 8DF80600 		strb	r0, [sp, #6]
 185 0060 E3E7     		b	.L10
ARM GAS  C:\Users\w1785\AppData\Local\Temp\cchNfzsf.s 			page 6


 186              	.LVL13:
 187              	.L14:
  84:Middlewares/LVGL/lvgl/src/misc/lv_palette.c ****         return lv_color_black();
 188              		.loc 1 84 9 is_stmt 1 view .LVU36
  84:Middlewares/LVGL/lvgl/src/misc/lv_palette.c ****         return lv_color_black();
 189              		.loc 1 84 9 view .LVU37
  84:Middlewares/LVGL/lvgl/src/misc/lv_palette.c ****         return lv_color_black();
 190              		.loc 1 84 9 view .LVU38
  85:Middlewares/LVGL/lvgl/src/misc/lv_palette.c ****     }
 191              		.loc 1 85 9 view .LVU39
  85:Middlewares/LVGL/lvgl/src/misc/lv_palette.c ****     }
 192              		.loc 1 85 16 is_stmt 0 view .LVU40
 193 0062 FFF7FEFF 		bl	lv_color_black
 194              	.LVL14:
  85:Middlewares/LVGL/lvgl/src/misc/lv_palette.c ****     }
 195              		.loc 1 85 16 view .LVU41
 196 0066 8DF80400 		strb	r0, [sp, #4]
 197 006a C0F30723 		ubfx	r3, r0, #8, #8
 198 006e 8DF80530 		strb	r3, [sp, #5]
 199 0072 C0F30740 		ubfx	r0, r0, #16, #8
 200 0076 8DF80600 		strb	r0, [sp, #6]
 201 007a D6E7     		b	.L10
 202              	.L16:
 203              		.align	2
 204              	.L15:
 205 007c 00000000 		.word	colors.1
 206              		.cfi_endproc
 207              	.LFE7:
 209              		.section	.text.lv_palette_darken,"ax",%progbits
 210              		.align	1
 211              		.global	lv_palette_darken
 212              		.syntax unified
 213              		.thumb
 214              		.thumb_func
 216              	lv_palette_darken:
 217              	.LVL15:
 218              	.LFB8:
  92:Middlewares/LVGL/lvgl/src/misc/lv_palette.c **** 
  93:Middlewares/LVGL/lvgl/src/misc/lv_palette.c **** lv_color_t lv_palette_darken(lv_palette_t p, uint8_t lvl)
  94:Middlewares/LVGL/lvgl/src/misc/lv_palette.c **** {
 219              		.loc 1 94 1 is_stmt 1 view -0
 220              		.cfi_startproc
 221              		@ args = 0, pretend = 0, frame = 8
 222              		@ frame_needed = 0, uses_anonymous_args = 0
 223              		.loc 1 94 1 is_stmt 0 view .LVU43
 224 0000 00B5     		push	{lr}
 225              	.LCFI8:
 226              		.cfi_def_cfa_offset 4
 227              		.cfi_offset 14, -4
 228 0002 83B0     		sub	sp, sp, #12
 229              	.LCFI9:
 230              		.cfi_def_cfa_offset 16
  95:Middlewares/LVGL/lvgl/src/misc/lv_palette.c ****     static const lv_color_t colors[][4] = {
 231              		.loc 1 95 5 is_stmt 1 view .LVU44
  96:Middlewares/LVGL/lvgl/src/misc/lv_palette.c ****         {LV_COLOR_MAKE(0xE5, 0x39, 0x35), LV_COLOR_MAKE(0xD3, 0x2F, 0x2F), LV_COLOR_MAKE(0xC6, 0x28
  97:Middlewares/LVGL/lvgl/src/misc/lv_palette.c ****         {LV_COLOR_MAKE(0xD8, 0x1B, 0x60), LV_COLOR_MAKE(0xC2, 0x18, 0x5B), LV_COLOR_MAKE(0xAD, 0x14
  98:Middlewares/LVGL/lvgl/src/misc/lv_palette.c ****         {LV_COLOR_MAKE(0x8E, 0x24, 0xAA), LV_COLOR_MAKE(0x7B, 0x1F, 0xA2), LV_COLOR_MAKE(0x6A, 0x1B
ARM GAS  C:\Users\w1785\AppData\Local\Temp\cchNfzsf.s 			page 7


  99:Middlewares/LVGL/lvgl/src/misc/lv_palette.c ****         {LV_COLOR_MAKE(0x5E, 0x35, 0xB1), LV_COLOR_MAKE(0x51, 0x2D, 0xA8), LV_COLOR_MAKE(0x45, 0x27
 100:Middlewares/LVGL/lvgl/src/misc/lv_palette.c ****         {LV_COLOR_MAKE(0x39, 0x49, 0xAB), LV_COLOR_MAKE(0x30, 0x3F, 0x9F), LV_COLOR_MAKE(0x28, 0x35
 101:Middlewares/LVGL/lvgl/src/misc/lv_palette.c ****         {LV_COLOR_MAKE(0x1E, 0x88, 0xE5), LV_COLOR_MAKE(0x19, 0x76, 0xD2), LV_COLOR_MAKE(0x15, 0x65
 102:Middlewares/LVGL/lvgl/src/misc/lv_palette.c ****         {LV_COLOR_MAKE(0x03, 0x9B, 0xE5), LV_COLOR_MAKE(0x02, 0x88, 0xD1), LV_COLOR_MAKE(0x02, 0x77
 103:Middlewares/LVGL/lvgl/src/misc/lv_palette.c ****         {LV_COLOR_MAKE(0x00, 0xAC, 0xC1), LV_COLOR_MAKE(0x00, 0x97, 0xA7), LV_COLOR_MAKE(0x00, 0x83
 104:Middlewares/LVGL/lvgl/src/misc/lv_palette.c ****         {LV_COLOR_MAKE(0x00, 0x89, 0x7B), LV_COLOR_MAKE(0x00, 0x79, 0x6B), LV_COLOR_MAKE(0x00, 0x69
 105:Middlewares/LVGL/lvgl/src/misc/lv_palette.c ****         {LV_COLOR_MAKE(0x43, 0xA0, 0x47), LV_COLOR_MAKE(0x38, 0x8E, 0x3C), LV_COLOR_MAKE(0x2E, 0x7D
 106:Middlewares/LVGL/lvgl/src/misc/lv_palette.c ****         {LV_COLOR_MAKE(0x7C, 0xB3, 0x42), LV_COLOR_MAKE(0x68, 0x9F, 0x38), LV_COLOR_MAKE(0x55, 0x8B
 107:Middlewares/LVGL/lvgl/src/misc/lv_palette.c ****         {LV_COLOR_MAKE(0xC0, 0xCA, 0x33), LV_COLOR_MAKE(0xAF, 0xB4, 0x2B), LV_COLOR_MAKE(0x9E, 0x9D
 108:Middlewares/LVGL/lvgl/src/misc/lv_palette.c ****         {LV_COLOR_MAKE(0xFD, 0xD8, 0x35), LV_COLOR_MAKE(0xFB, 0xC0, 0x2D), LV_COLOR_MAKE(0xF9, 0xA8
 109:Middlewares/LVGL/lvgl/src/misc/lv_palette.c ****         {LV_COLOR_MAKE(0xFF, 0xB3, 0x00), LV_COLOR_MAKE(0xFF, 0xA0, 0x00), LV_COLOR_MAKE(0xFF, 0x8F
 110:Middlewares/LVGL/lvgl/src/misc/lv_palette.c ****         {LV_COLOR_MAKE(0xFB, 0x8C, 0x00), LV_COLOR_MAKE(0xF5, 0x7C, 0x00), LV_COLOR_MAKE(0xEF, 0x6C
 111:Middlewares/LVGL/lvgl/src/misc/lv_palette.c ****         {LV_COLOR_MAKE(0xF4, 0x51, 0x1E), LV_COLOR_MAKE(0xE6, 0x4A, 0x19), LV_COLOR_MAKE(0xD8, 0x43
 112:Middlewares/LVGL/lvgl/src/misc/lv_palette.c ****         {LV_COLOR_MAKE(0x6D, 0x4C, 0x41), LV_COLOR_MAKE(0x5D, 0x40, 0x37), LV_COLOR_MAKE(0x4E, 0x34
 113:Middlewares/LVGL/lvgl/src/misc/lv_palette.c ****         {LV_COLOR_MAKE(0x54, 0x6E, 0x7A), LV_COLOR_MAKE(0x45, 0x5A, 0x64), LV_COLOR_MAKE(0x37, 0x47
 114:Middlewares/LVGL/lvgl/src/misc/lv_palette.c ****         {LV_COLOR_MAKE(0x75, 0x75, 0x75), LV_COLOR_MAKE(0x61, 0x61, 0x61), LV_COLOR_MAKE(0x42, 0x42
 115:Middlewares/LVGL/lvgl/src/misc/lv_palette.c ****     };
 116:Middlewares/LVGL/lvgl/src/misc/lv_palette.c **** 
 117:Middlewares/LVGL/lvgl/src/misc/lv_palette.c ****     if(p >= LV_PALETTE_LAST) {
 232              		.loc 1 117 5 view .LVU45
 233              		.loc 1 117 7 is_stmt 0 view .LVU46
 234 0004 1228     		cmp	r0, #18
 235 0006 20D8     		bhi	.L22
 118:Middlewares/LVGL/lvgl/src/misc/lv_palette.c ****         LV_LOG_WARN("Invalid palette: %d", p);
 119:Middlewares/LVGL/lvgl/src/misc/lv_palette.c ****         return lv_color_black();
 120:Middlewares/LVGL/lvgl/src/misc/lv_palette.c ****     }
 121:Middlewares/LVGL/lvgl/src/misc/lv_palette.c **** 
 122:Middlewares/LVGL/lvgl/src/misc/lv_palette.c ****     if(lvl == 0 || lvl > 4) {
 236              		.loc 1 122 5 is_stmt 1 view .LVU47
 237              		.loc 1 122 17 is_stmt 0 view .LVU48
 238 0008 0139     		subs	r1, r1, #1
 239              	.LVL16:
 240              		.loc 1 122 17 view .LVU49
 241 000a C9B2     		uxtb	r1, r1
 242              	.LVL17:
 243              		.loc 1 122 7 view .LVU50
 244 000c 0329     		cmp	r1, #3
 245 000e 29D8     		bhi	.L23
 123:Middlewares/LVGL/lvgl/src/misc/lv_palette.c ****         LV_LOG_WARN("Invalid level: %d. Must be 1..4", lvl);
 124:Middlewares/LVGL/lvgl/src/misc/lv_palette.c ****         return lv_color_black();
 125:Middlewares/LVGL/lvgl/src/misc/lv_palette.c ****     }
 126:Middlewares/LVGL/lvgl/src/misc/lv_palette.c **** 
 127:Middlewares/LVGL/lvgl/src/misc/lv_palette.c ****     lvl--;
 246              		.loc 1 127 5 is_stmt 1 view .LVU51
 247              	.LVL18:
 128:Middlewares/LVGL/lvgl/src/misc/lv_palette.c **** 
 129:Middlewares/LVGL/lvgl/src/misc/lv_palette.c ****     return colors[p][lvl];
 248              		.loc 1 129 5 view .LVU52
 249              		.loc 1 129 21 is_stmt 0 view .LVU53
 250 0010 1B4B     		ldr	r3, .L24
 251 0012 01EB4101 		add	r1, r1, r1, lsl #1
 252              	.LVL19:
 253              		.loc 1 129 21 view .LVU54
 254 0016 00EB4000 		add	r0, r0, r0, lsl #1
 255              	.LVL20:
 256              		.loc 1 129 21 view .LVU55
 257 001a 01EB8001 		add	r1, r1, r0, lsl #2
ARM GAS  C:\Users\w1785\AppData\Local\Temp\cchNfzsf.s 			page 8


 258 001e 5818     		adds	r0, r3, r1
 259 0020 5A5A     		ldrh	r2, [r3, r1]	@ unaligned
 260 0022 8378     		ldrb	r3, [r0, #2]	@ zero_extendqisi2
 261 0024 ADF80420 		strh	r2, [sp, #4]	@ unaligned
 262 0028 8DF80630 		strb	r3, [sp, #6]
 263              	.LVL21:
 264              	.L19:
 130:Middlewares/LVGL/lvgl/src/misc/lv_palette.c **** }
 265              		.loc 1 130 1 view .LVU56
 266 002c 0020     		movs	r0, #0
 267 002e 9DF80430 		ldrb	r3, [sp, #4]	@ zero_extendqisi2
 268 0032 63F30700 		bfi	r0, r3, #0, #8
 269 0036 9DF80530 		ldrb	r3, [sp, #5]	@ zero_extendqisi2
 270 003a 63F30F20 		bfi	r0, r3, #8, #8
 271 003e 9DF80630 		ldrb	r3, [sp, #6]	@ zero_extendqisi2
 272 0042 63F31740 		bfi	r0, r3, #16, #8
 273 0046 03B0     		add	sp, sp, #12
 274              	.LCFI10:
 275              		.cfi_remember_state
 276              		.cfi_def_cfa_offset 4
 277              		@ sp needed
 278 0048 00BD     		pop	{pc}
 279              	.LVL22:
 280              	.L22:
 281              	.LCFI11:
 282              		.cfi_restore_state
 118:Middlewares/LVGL/lvgl/src/misc/lv_palette.c ****         return lv_color_black();
 283              		.loc 1 118 9 is_stmt 1 view .LVU57
 118:Middlewares/LVGL/lvgl/src/misc/lv_palette.c ****         return lv_color_black();
 284              		.loc 1 118 9 view .LVU58
 118:Middlewares/LVGL/lvgl/src/misc/lv_palette.c ****         return lv_color_black();
 285              		.loc 1 118 9 view .LVU59
 119:Middlewares/LVGL/lvgl/src/misc/lv_palette.c ****     }
 286              		.loc 1 119 9 view .LVU60
 119:Middlewares/LVGL/lvgl/src/misc/lv_palette.c ****     }
 287              		.loc 1 119 16 is_stmt 0 view .LVU61
 288 004a FFF7FEFF 		bl	lv_color_black
 289              	.LVL23:
 119:Middlewares/LVGL/lvgl/src/misc/lv_palette.c ****     }
 290              		.loc 1 119 16 view .LVU62
 291 004e 8DF80400 		strb	r0, [sp, #4]
 292 0052 C0F30723 		ubfx	r3, r0, #8, #8
 293 0056 8DF80530 		strb	r3, [sp, #5]
 294 005a C0F30740 		ubfx	r0, r0, #16, #8
 295 005e 8DF80600 		strb	r0, [sp, #6]
 296 0062 E3E7     		b	.L19
 297              	.LVL24:
 298              	.L23:
 123:Middlewares/LVGL/lvgl/src/misc/lv_palette.c ****         return lv_color_black();
 299              		.loc 1 123 9 is_stmt 1 view .LVU63
 123:Middlewares/LVGL/lvgl/src/misc/lv_palette.c ****         return lv_color_black();
 300              		.loc 1 123 9 view .LVU64
 123:Middlewares/LVGL/lvgl/src/misc/lv_palette.c ****         return lv_color_black();
 301              		.loc 1 123 9 view .LVU65
 124:Middlewares/LVGL/lvgl/src/misc/lv_palette.c ****     }
 302              		.loc 1 124 9 view .LVU66
 124:Middlewares/LVGL/lvgl/src/misc/lv_palette.c ****     }
ARM GAS  C:\Users\w1785\AppData\Local\Temp\cchNfzsf.s 			page 9


 303              		.loc 1 124 16 is_stmt 0 view .LVU67
 304 0064 FFF7FEFF 		bl	lv_color_black
 305              	.LVL25:
 124:Middlewares/LVGL/lvgl/src/misc/lv_palette.c ****     }
 306              		.loc 1 124 16 view .LVU68
 307 0068 8DF80400 		strb	r0, [sp, #4]
 308 006c C0F30723 		ubfx	r3, r0, #8, #8
 309 0070 8DF80530 		strb	r3, [sp, #5]
 310 0074 C0F30740 		ubfx	r0, r0, #16, #8
 311 0078 8DF80600 		strb	r0, [sp, #6]
 312 007c D6E7     		b	.L19
 313              	.L25:
 314 007e 00BF     		.align	2
 315              	.L24:
 316 0080 00000000 		.word	colors.0
 317              		.cfi_endproc
 318              	.LFE8:
 320              		.section	.rodata.colors.0,"a"
 321              		.align	2
 324              	colors.0:
 325 0000 35       		.byte	53
 326 0001 39       		.byte	57
 327 0002 E5       		.byte	-27
 328 0003 2F       		.byte	47
 329 0004 2F       		.byte	47
 330 0005 D3       		.byte	-45
 331 0006 28       		.byte	40
 332 0007 28       		.byte	40
 333 0008 C6       		.byte	-58
 334 0009 1C       		.byte	28
 335 000a 1C       		.byte	28
 336 000b B7       		.byte	-73
 337 000c 60       		.byte	96
 338 000d 1B       		.byte	27
 339 000e D8       		.byte	-40
 340 000f 5B       		.byte	91
 341 0010 18       		.byte	24
 342 0011 C2       		.byte	-62
 343 0012 57       		.byte	87
 344 0013 14       		.byte	20
 345 0014 AD       		.byte	-83
 346 0015 4F       		.byte	79
 347 0016 0E       		.byte	14
 348 0017 88       		.byte	-120
 349 0018 AA       		.byte	-86
 350 0019 24       		.byte	36
 351 001a 8E       		.byte	-114
 352 001b A2       		.byte	-94
 353 001c 1F       		.byte	31
 354 001d 7B       		.byte	123
 355 001e 9A       		.byte	-102
 356 001f 1B       		.byte	27
 357 0020 6A       		.byte	106
 358 0021 8C       		.byte	-116
 359 0022 14       		.byte	20
 360 0023 4A       		.byte	74
 361 0024 B1       		.byte	-79
ARM GAS  C:\Users\w1785\AppData\Local\Temp\cchNfzsf.s 			page 10


 362 0025 35       		.byte	53
 363 0026 5E       		.byte	94
 364 0027 A8       		.byte	-88
 365 0028 2D       		.byte	45
 366 0029 51       		.byte	81
 367 002a A0       		.byte	-96
 368 002b 27       		.byte	39
 369 002c 45       		.byte	69
 370 002d 92       		.byte	-110
 371 002e 1B       		.byte	27
 372 002f 31       		.byte	49
 373 0030 AB       		.byte	-85
 374 0031 49       		.byte	73
 375 0032 39       		.byte	57
 376 0033 9F       		.byte	-97
 377 0034 3F       		.byte	63
 378 0035 30       		.byte	48
 379 0036 93       		.byte	-109
 380 0037 35       		.byte	53
 381 0038 28       		.byte	40
 382 0039 7E       		.byte	126
 383 003a 23       		.byte	35
 384 003b 1A       		.byte	26
 385 003c E5       		.byte	-27
 386 003d 88       		.byte	-120
 387 003e 1E       		.byte	30
 388 003f D2       		.byte	-46
 389 0040 76       		.byte	118
 390 0041 19       		.byte	25
 391 0042 C0       		.byte	-64
 392 0043 65       		.byte	101
 393 0044 15       		.byte	21
 394 0045 A1       		.byte	-95
 395 0046 47       		.byte	71
 396 0047 0D       		.byte	13
 397 0048 E5       		.byte	-27
 398 0049 9B       		.byte	-101
 399 004a 03       		.byte	3
 400 004b D1       		.byte	-47
 401 004c 88       		.byte	-120
 402 004d 02       		.byte	2
 403 004e BD       		.byte	-67
 404 004f 77       		.byte	119
 405 0050 02       		.byte	2
 406 0051 9B       		.byte	-101
 407 0052 57       		.byte	87
 408 0053 01       		.byte	1
 409 0054 C1       		.byte	-63
 410 0055 AC       		.byte	-84
 411 0056 00       		.byte	0
 412 0057 A7       		.byte	-89
 413 0058 97       		.byte	-105
 414 0059 00       		.byte	0
 415 005a 8F       		.byte	-113
 416 005b 83       		.byte	-125
 417 005c 00       		.byte	0
 418 005d 64       		.byte	100
ARM GAS  C:\Users\w1785\AppData\Local\Temp\cchNfzsf.s 			page 11


 419 005e 60       		.byte	96
 420 005f 00       		.byte	0
 421 0060 7B       		.byte	123
 422 0061 89       		.byte	-119
 423 0062 00       		.byte	0
 424 0063 6B       		.byte	107
 425 0064 79       		.byte	121
 426 0065 00       		.byte	0
 427 0066 5C       		.byte	92
 428 0067 69       		.byte	105
 429 0068 00       		.byte	0
 430 0069 40       		.byte	64
 431 006a 4D       		.byte	77
 432 006b 00       		.byte	0
 433 006c 47       		.byte	71
 434 006d A0       		.byte	-96
 435 006e 43       		.byte	67
 436 006f 3C       		.byte	60
 437 0070 8E       		.byte	-114
 438 0071 38       		.byte	56
 439 0072 32       		.byte	50
 440 0073 7D       		.byte	125
 441 0074 2E       		.byte	46
 442 0075 20       		.byte	32
 443 0076 5E       		.byte	94
 444 0077 1B       		.byte	27
 445 0078 42       		.byte	66
 446 0079 B3       		.byte	-77
 447 007a 7C       		.byte	124
 448 007b 38       		.byte	56
 449 007c 9F       		.byte	-97
 450 007d 68       		.byte	104
 451 007e 2F       		.byte	47
 452 007f 8B       		.byte	-117
 453 0080 55       		.byte	85
 454 0081 1E       		.byte	30
 455 0082 69       		.byte	105
 456 0083 33       		.byte	51
 457 0084 33       		.byte	51
 458 0085 CA       		.byte	-54
 459 0086 C0       		.byte	-64
 460 0087 2B       		.byte	43
 461 0088 B4       		.byte	-76
 462 0089 AF       		.byte	-81
 463 008a 24       		.byte	36
 464 008b 9D       		.byte	-99
 465 008c 9E       		.byte	-98
 466 008d 17       		.byte	23
 467 008e 77       		.byte	119
 468 008f 82       		.byte	-126
 469 0090 35       		.byte	53
 470 0091 D8       		.byte	-40
 471 0092 FD       		.byte	-3
 472 0093 2D       		.byte	45
 473 0094 C0       		.byte	-64
 474 0095 FB       		.byte	-5
 475 0096 25       		.byte	37
ARM GAS  C:\Users\w1785\AppData\Local\Temp\cchNfzsf.s 			page 12


 476 0097 A8       		.byte	-88
 477 0098 F9       		.byte	-7
 478 0099 17       		.byte	23
 479 009a 7F       		.byte	127
 480 009b F5       		.byte	-11
 481 009c 00       		.byte	0
 482 009d B3       		.byte	-77
 483 009e FF       		.byte	-1
 484 009f 00       		.byte	0
 485 00a0 A0       		.byte	-96
 486 00a1 FF       		.byte	-1
 487 00a2 00       		.byte	0
 488 00a3 8F       		.byte	-113
 489 00a4 FF       		.byte	-1
 490 00a5 00       		.byte	0
 491 00a6 6F       		.byte	111
 492 00a7 FF       		.byte	-1
 493 00a8 00       		.byte	0
 494 00a9 8C       		.byte	-116
 495 00aa FB       		.byte	-5
 496 00ab 00       		.byte	0
 497 00ac 7C       		.byte	124
 498 00ad F5       		.byte	-11
 499 00ae 00       		.byte	0
 500 00af 6C       		.byte	108
 501 00b0 EF       		.byte	-17
 502 00b1 00       		.byte	0
 503 00b2 51       		.byte	81
 504 00b3 E6       		.byte	-26
 505 00b4 1E       		.byte	30
 506 00b5 51       		.byte	81
 507 00b6 F4       		.byte	-12
 508 00b7 19       		.byte	25
 509 00b8 4A       		.byte	74
 510 00b9 E6       		.byte	-26
 511 00ba 15       		.byte	21
 512 00bb 43       		.byte	67
 513 00bc D8       		.byte	-40
 514 00bd 0C       		.byte	12
 515 00be 36       		.byte	54
 516 00bf BF       		.byte	-65
 517 00c0 41       		.byte	65
 518 00c1 4C       		.byte	76
 519 00c2 6D       		.byte	109
 520 00c3 37       		.byte	55
 521 00c4 40       		.byte	64
 522 00c5 5D       		.byte	93
 523 00c6 2E       		.byte	46
 524 00c7 34       		.byte	52
 525 00c8 4E       		.byte	78
 526 00c9 23       		.byte	35
 527 00ca 27       		.byte	39
 528 00cb 3E       		.byte	62
 529 00cc 7A       		.byte	122
 530 00cd 6E       		.byte	110
 531 00ce 54       		.byte	84
 532 00cf 64       		.byte	100
ARM GAS  C:\Users\w1785\AppData\Local\Temp\cchNfzsf.s 			page 13


 533 00d0 5A       		.byte	90
 534 00d1 45       		.byte	69
 535 00d2 4F       		.byte	79
 536 00d3 47       		.byte	71
 537 00d4 37       		.byte	55
 538 00d5 38       		.byte	56
 539 00d6 32       		.byte	50
 540 00d7 26       		.byte	38
 541 00d8 75       		.byte	117
 542 00d9 75       		.byte	117
 543 00da 75       		.byte	117
 544 00db 61       		.byte	97
 545 00dc 61       		.byte	97
 546 00dd 61       		.byte	97
 547 00de 42       		.byte	66
 548 00df 42       		.byte	66
 549 00e0 42       		.byte	66
 550 00e1 21       		.byte	33
 551 00e2 21       		.byte	33
 552 00e3 21       		.byte	33
 553              		.section	.rodata.colors.1,"a"
 554              		.align	2
 557              	colors.1:
 558 0000 50       		.byte	80
 559 0001 53       		.byte	83
 560 0002 EF       		.byte	-17
 561 0003 73       		.byte	115
 562 0004 73       		.byte	115
 563 0005 E5       		.byte	-27
 564 0006 9A       		.byte	-102
 565 0007 9A       		.byte	-102
 566 0008 EF       		.byte	-17
 567 0009 D2       		.byte	-46
 568 000a CD       		.byte	-51
 569 000b FF       		.byte	-1
 570 000c EE       		.byte	-18
 571 000d EB       		.byte	-21
 572 000e FF       		.byte	-1
 573 000f 7A       		.byte	122
 574 0010 40       		.byte	64
 575 0011 EC       		.byte	-20
 576 0012 92       		.byte	-110
 577 0013 62       		.byte	98
 578 0014 F0       		.byte	-16
 579 0015 B1       		.byte	-79
 580 0016 8F       		.byte	-113
 581 0017 F4       		.byte	-12
 582 0018 D0       		.byte	-48
 583 0019 BB       		.byte	-69
 584 001a F8       		.byte	-8
 585 001b EC       		.byte	-20
 586 001c E4       		.byte	-28
 587 001d FC       		.byte	-4
 588 001e BC       		.byte	-68
 589 001f 47       		.byte	71
 590 0020 AB       		.byte	-85
 591 0021 C8       		.byte	-56
ARM GAS  C:\Users\w1785\AppData\Local\Temp\cchNfzsf.s 			page 14


 592 0022 68       		.byte	104
 593 0023 BA       		.byte	-70
 594 0024 D8       		.byte	-40
 595 0025 93       		.byte	-109
 596 0026 CE       		.byte	-50
 597 0027 E7       		.byte	-25
 598 0028 BE       		.byte	-66
 599 0029 E1       		.byte	-31
 600 002a F5       		.byte	-11
 601 002b E5       		.byte	-27
 602 002c F3       		.byte	-13
 603 002d C2       		.byte	-62
 604 002e 57       		.byte	87
 605 002f 7E       		.byte	126
 606 0030 CD       		.byte	-51
 607 0031 75       		.byte	117
 608 0032 95       		.byte	-107
 609 0033 DB       		.byte	-37
 610 0034 9D       		.byte	-99
 611 0035 B3       		.byte	-77
 612 0036 E9       		.byte	-23
 613 0037 C4       		.byte	-60
 614 0038 D1       		.byte	-47
 615 0039 F6       		.byte	-10
 616 003a E7       		.byte	-25
 617 003b ED       		.byte	-19
 618 003c C0       		.byte	-64
 619 003d 6B       		.byte	107
 620 003e 5C       		.byte	92
 621 003f CB       		.byte	-53
 622 0040 86       		.byte	-122
 623 0041 79       		.byte	121
 624 0042 DA       		.byte	-38
 625 0043 A8       		.byte	-88
 626 0044 9F       		.byte	-97
 627 0045 E9       		.byte	-23
 628 0046 CA       		.byte	-54
 629 0047 C5       		.byte	-59
 630 0048 F6       		.byte	-10
 631 0049 EA       		.byte	-22
 632 004a E8       		.byte	-24
 633 004b F5       		.byte	-11
 634 004c A5       		.byte	-91
 635 004d 42       		.byte	66
 636 004e F6       		.byte	-10
 637 004f B5       		.byte	-75
 638 0050 64       		.byte	100
 639 0051 F9       		.byte	-7
 640 0052 CA       		.byte	-54
 641 0053 90       		.byte	-112
 642 0054 FB       		.byte	-5
 643 0055 DE       		.byte	-34
 644 0056 BB       		.byte	-69
 645 0057 FD       		.byte	-3
 646 0058 F2       		.byte	-14
 647 0059 E3       		.byte	-29
 648 005a F6       		.byte	-10
ARM GAS  C:\Users\w1785\AppData\Local\Temp\cchNfzsf.s 			page 15


 649 005b B6       		.byte	-74
 650 005c 29       		.byte	41
 651 005d F7       		.byte	-9
 652 005e C3       		.byte	-61
 653 005f 4F       		.byte	79
 654 0060 FA       		.byte	-6
 655 0061 D4       		.byte	-44
 656 0062 81       		.byte	-127
 657 0063 FC       		.byte	-4
 658 0064 E5       		.byte	-27
 659 0065 B3       		.byte	-77
 660 0066 FE       		.byte	-2
 661 0067 F5       		.byte	-11
 662 0068 E1       		.byte	-31
 663 0069 DA       		.byte	-38
 664 006a C6       		.byte	-58
 665 006b 26       		.byte	38
 666 006c E1       		.byte	-31
 667 006d D0       		.byte	-48
 668 006e 4D       		.byte	77
 669 006f EA       		.byte	-22
 670 0070 DE       		.byte	-34
 671 0071 80       		.byte	-128
 672 0072 F2       		.byte	-14
 673 0073 EB       		.byte	-21
 674 0074 B2       		.byte	-78
 675 0075 FA       		.byte	-6
 676 0076 F7       		.byte	-9
 677 0077 E0       		.byte	-32
 678 0078 9A       		.byte	-102
 679 0079 A6       		.byte	-90
 680 007a 26       		.byte	38
 681 007b AC       		.byte	-84
 682 007c B6       		.byte	-74
 683 007d 4D       		.byte	77
 684 007e C4       		.byte	-60
 685 007f CB       		.byte	-53
 686 0080 80       		.byte	-128
 687 0081 DB       		.byte	-37
 688 0082 DF       		.byte	-33
 689 0083 B2       		.byte	-78
 690 0084 F1       		.byte	-15
 691 0085 F2       		.byte	-14
 692 0086 E0       		.byte	-32
 693 0087 6A       		.byte	106
 694 0088 BB       		.byte	-69
 695 0089 66       		.byte	102
 696 008a 84       		.byte	-124
 697 008b C7       		.byte	-57
 698 008c 81       		.byte	-127
 699 008d A7       		.byte	-89
 700 008e D6       		.byte	-42
 701 008f A5       		.byte	-91
 702 0090 C9       		.byte	-55
 703 0091 E6       		.byte	-26
 704 0092 C8       		.byte	-56
 705 0093 E9       		.byte	-23
ARM GAS  C:\Users\w1785\AppData\Local\Temp\cchNfzsf.s 			page 16


 706 0094 F5       		.byte	-11
 707 0095 E8       		.byte	-24
 708 0096 65       		.byte	101
 709 0097 CC       		.byte	-52
 710 0098 9C       		.byte	-100
 711 0099 81       		.byte	-127
 712 009a D5       		.byte	-43
 713 009b AE       		.byte	-82
 714 009c A5       		.byte	-91
 715 009d E1       		.byte	-31
 716 009e C5       		.byte	-59
 717 009f C8       		.byte	-56
 718 00a0 ED       		.byte	-19
 719 00a1 DC       		.byte	-36
 720 00a2 E9       		.byte	-23
 721 00a3 F8       		.byte	-8
 722 00a4 F1       		.byte	-15
 723 00a5 57       		.byte	87
 724 00a6 E1       		.byte	-31
 725 00a7 D4       		.byte	-44
 726 00a8 75       		.byte	117
 727 00a9 E7       		.byte	-25
 728 00aa DC       		.byte	-36
 729 00ab 9C       		.byte	-100
 730 00ac EE       		.byte	-18
 731 00ad E6       		.byte	-26
 732 00ae C3       		.byte	-61
 733 00af F4       		.byte	-12
 734 00b0 F0       		.byte	-16
 735 00b1 E7       		.byte	-25
 736 00b2 FB       		.byte	-5
 737 00b3 F9       		.byte	-7
 738 00b4 58       		.byte	88
 739 00b5 EE       		.byte	-18
 740 00b6 FF       		.byte	-1
 741 00b7 76       		.byte	118
 742 00b8 F1       		.byte	-15
 743 00b9 FF       		.byte	-1
 744 00ba 9D       		.byte	-99
 745 00bb F5       		.byte	-11
 746 00bc FF       		.byte	-1
 747 00bd C4       		.byte	-60
 748 00be F9       		.byte	-7
 749 00bf FF       		.byte	-1
 750 00c0 E7       		.byte	-25
 751 00c1 FD       		.byte	-3
 752 00c2 FF       		.byte	-1
 753 00c3 28       		.byte	40
 754 00c4 CA       		.byte	-54
 755 00c5 FF       		.byte	-1
 756 00c6 4F       		.byte	79
 757 00c7 D5       		.byte	-43
 758 00c8 FF       		.byte	-1
 759 00c9 82       		.byte	-126
 760 00ca E0       		.byte	-32
 761 00cb FF       		.byte	-1
 762 00cc B3       		.byte	-77
ARM GAS  C:\Users\w1785\AppData\Local\Temp\cchNfzsf.s 			page 17


 763 00cd EC       		.byte	-20
 764 00ce FF       		.byte	-1
 765 00cf E1       		.byte	-31
 766 00d0 F8       		.byte	-8
 767 00d1 FF       		.byte	-1
 768 00d2 26       		.byte	38
 769 00d3 A7       		.byte	-89
 770 00d4 FF       		.byte	-1
 771 00d5 4D       		.byte	77
 772 00d6 B7       		.byte	-73
 773 00d7 FF       		.byte	-1
 774 00d8 80       		.byte	-128
 775 00d9 CC       		.byte	-52
 776 00da FF       		.byte	-1
 777 00db B2       		.byte	-78
 778 00dc E0       		.byte	-32
 779 00dd FF       		.byte	-1
 780 00de E0       		.byte	-32
 781 00df F3       		.byte	-13
 782 00e0 FF       		.byte	-1
 783 00e1 43       		.byte	67
 784 00e2 70       		.byte	112
 785 00e3 FF       		.byte	-1
 786 00e4 65       		.byte	101
 787 00e5 8A       		.byte	-118
 788 00e6 FF       		.byte	-1
 789 00e7 91       		.byte	-111
 790 00e8 AB       		.byte	-85
 791 00e9 FF       		.byte	-1
 792 00ea BC       		.byte	-68
 793 00eb CC       		.byte	-52
 794 00ec FF       		.byte	-1
 795 00ed E7       		.byte	-25
 796 00ee E9       		.byte	-23
 797 00ef FB       		.byte	-5
 798 00f0 63       		.byte	99
 799 00f1 6E       		.byte	110
 800 00f2 8D       		.byte	-115
 801 00f3 7F       		.byte	127
 802 00f4 88       		.byte	-120
 803 00f5 A1       		.byte	-95
 804 00f6 A4       		.byte	-92
 805 00f7 AA       		.byte	-86
 806 00f8 BC       		.byte	-68
 807 00f9 C8       		.byte	-56
 808 00fa CC       		.byte	-52
 809 00fb D7       		.byte	-41
 810 00fc E9       		.byte	-23
 811 00fd EB       		.byte	-21
 812 00fe EF       		.byte	-17
 813 00ff 9C       		.byte	-100
 814 0100 90       		.byte	-112
 815 0101 78       		.byte	120
 816 0102 AE       		.byte	-82
 817 0103 A4       		.byte	-92
 818 0104 90       		.byte	-112
 819 0105 C5       		.byte	-59
ARM GAS  C:\Users\w1785\AppData\Local\Temp\cchNfzsf.s 			page 18


 820 0106 BE       		.byte	-66
 821 0107 B0       		.byte	-80
 822 0108 DC       		.byte	-36
 823 0109 D8       		.byte	-40
 824 010a CF       		.byte	-49
 825 010b F1       		.byte	-15
 826 010c EF       		.byte	-17
 827 010d EC       		.byte	-20
 828 010e BD       		.byte	-67
 829 010f BD       		.byte	-67
 830 0110 BD       		.byte	-67
 831 0111 E0       		.byte	-32
 832 0112 E0       		.byte	-32
 833 0113 E0       		.byte	-32
 834 0114 EE       		.byte	-18
 835 0115 EE       		.byte	-18
 836 0116 EE       		.byte	-18
 837 0117 F5       		.byte	-11
 838 0118 F5       		.byte	-11
 839 0119 F5       		.byte	-11
 840 011a FA       		.byte	-6
 841 011b FA       		.byte	-6
 842 011c FA       		.byte	-6
 843              		.section	.rodata.colors.2,"a"
 844              		.align	2
 847              	colors.2:
 848 0000 36       		.byte	54
 849 0001 43       		.byte	67
 850 0002 F4       		.byte	-12
 851 0003 63       		.byte	99
 852 0004 1E       		.byte	30
 853 0005 E9       		.byte	-23
 854 0006 B0       		.byte	-80
 855 0007 27       		.byte	39
 856 0008 9C       		.byte	-100
 857 0009 B7       		.byte	-73
 858 000a 3A       		.byte	58
 859 000b 67       		.byte	103
 860 000c B5       		.byte	-75
 861 000d 51       		.byte	81
 862 000e 3F       		.byte	63
 863 000f F3       		.byte	-13
 864 0010 96       		.byte	-106
 865 0011 21       		.byte	33
 866 0012 F4       		.byte	-12
 867 0013 A9       		.byte	-87
 868 0014 03       		.byte	3
 869 0015 D4       		.byte	-44
 870 0016 BC       		.byte	-68
 871 0017 00       		.byte	0
 872 0018 88       		.byte	-120
 873 0019 96       		.byte	-106
 874 001a 00       		.byte	0
 875 001b 50       		.byte	80
 876 001c AF       		.byte	-81
 877 001d 4C       		.byte	76
 878 001e 4A       		.byte	74
ARM GAS  C:\Users\w1785\AppData\Local\Temp\cchNfzsf.s 			page 19


 879 001f C3       		.byte	-61
 880 0020 8B       		.byte	-117
 881 0021 39       		.byte	57
 882 0022 DC       		.byte	-36
 883 0023 CD       		.byte	-51
 884 0024 3B       		.byte	59
 885 0025 EB       		.byte	-21
 886 0026 FF       		.byte	-1
 887 0027 07       		.byte	7
 888 0028 C1       		.byte	-63
 889 0029 FF       		.byte	-1
 890 002a 00       		.byte	0
 891 002b 98       		.byte	-104
 892 002c FF       		.byte	-1
 893 002d 22       		.byte	34
 894 002e 57       		.byte	87
 895 002f FF       		.byte	-1
 896 0030 48       		.byte	72
 897 0031 55       		.byte	85
 898 0032 79       		.byte	121
 899 0033 8B       		.byte	-117
 900 0034 7D       		.byte	125
 901 0035 60       		.byte	96
 902 0036 9E       		.byte	-98
 903 0037 9E       		.byte	-98
 904 0038 9E       		.byte	-98
 905              		.text
 906              	.Letext0:
 907              		.file 2 "D:\\STM32CubeIDE\\STM32CubeIDE_2.1.1\\STM32CubeIDE\\plugins\\com.st.stm32cube.ide.mcu.ext
 908              		.file 3 "D:\\STM32CubeIDE\\STM32CubeIDE_2.1.1\\STM32CubeIDE\\plugins\\com.st.stm32cube.ide.mcu.ext
 909              		.file 4 "Middlewares/LVGL/lvgl/src/misc/lv_color.h"
 910              		.file 5 "Middlewares/LVGL/lvgl/src/misc/lv_palette.h"
ARM GAS  C:\Users\w1785\AppData\Local\Temp\cchNfzsf.s 			page 20


DEFINED SYMBOLS
                            *ABS*:00000000 lv_palette.c
C:\Users\w1785\AppData\Local\Temp\cchNfzsf.s:21     .text.lv_palette_main:00000000 $t
C:\Users\w1785\AppData\Local\Temp\cchNfzsf.s:27     .text.lv_palette_main:00000000 lv_palette_main
C:\Users\w1785\AppData\Local\Temp\cchNfzsf.s:94     .text.lv_palette_main:00000054 $d
C:\Users\w1785\AppData\Local\Temp\cchNfzsf.s:847    .rodata.colors.2:00000000 colors.2
C:\Users\w1785\AppData\Local\Temp\cchNfzsf.s:99     .text.lv_palette_lighten:00000000 $t
C:\Users\w1785\AppData\Local\Temp\cchNfzsf.s:105    .text.lv_palette_lighten:00000000 lv_palette_lighten
C:\Users\w1785\AppData\Local\Temp\cchNfzsf.s:205    .text.lv_palette_lighten:0000007c $d
C:\Users\w1785\AppData\Local\Temp\cchNfzsf.s:557    .rodata.colors.1:00000000 colors.1
C:\Users\w1785\AppData\Local\Temp\cchNfzsf.s:210    .text.lv_palette_darken:00000000 $t
C:\Users\w1785\AppData\Local\Temp\cchNfzsf.s:216    .text.lv_palette_darken:00000000 lv_palette_darken
C:\Users\w1785\AppData\Local\Temp\cchNfzsf.s:316    .text.lv_palette_darken:00000080 $d
C:\Users\w1785\AppData\Local\Temp\cchNfzsf.s:324    .rodata.colors.0:00000000 colors.0
C:\Users\w1785\AppData\Local\Temp\cchNfzsf.s:321    .rodata.colors.0:00000000 $d
C:\Users\w1785\AppData\Local\Temp\cchNfzsf.s:554    .rodata.colors.1:00000000 $d
C:\Users\w1785\AppData\Local\Temp\cchNfzsf.s:844    .rodata.colors.2:00000000 $d

UNDEFINED SYMBOLS
lv_color_black
