ARM GAS  C:\Users\w1785\AppData\Local\Temp\ccwkGgFO.s 			page 1


   1              		.cpu cortex-m4
   2              		.arch armv7e-m
   3              		.fpu fpv4-sp-d16
   4              		.eabi_attribute 27, 1
   5              		.eabi_attribute 28, 1
   6              		.eabi_attribute 20, 1
   7              		.eabi_attribute 21, 1
   8              		.eabi_attribute 23, 3
   9              		.eabi_attribute 24, 1
  10              		.eabi_attribute 25, 1
  11              		.eabi_attribute 26, 1
  12              		.eabi_attribute 30, 1
  13              		.eabi_attribute 34, 1
  14              		.eabi_attribute 18, 4
  15              		.file	"lv_tileview.c"
  16              		.text
  17              	.Ltext0:
  18              		.cfi_sections	.debug_frame
  19              		.file 1 "Middlewares/LVGL/lvgl/src/widgets/tileview/lv_tileview.c"
  20              		.section	.text.lv_tileview_constructor,"ax",%progbits
  21              		.align	1
  22              		.syntax unified
  23              		.thumb
  24              		.thumb_func
  26              	lv_tileview_constructor:
  27              	.LVL0:
  28              	.LFB193:
   1:Middlewares/LVGL/lvgl/src/widgets/tileview/lv_tileview.c **** /**
   2:Middlewares/LVGL/lvgl/src/widgets/tileview/lv_tileview.c ****  * @file lv_tileview.c
   3:Middlewares/LVGL/lvgl/src/widgets/tileview/lv_tileview.c ****  *
   4:Middlewares/LVGL/lvgl/src/widgets/tileview/lv_tileview.c ****  */
   5:Middlewares/LVGL/lvgl/src/widgets/tileview/lv_tileview.c **** 
   6:Middlewares/LVGL/lvgl/src/widgets/tileview/lv_tileview.c **** /*********************
   7:Middlewares/LVGL/lvgl/src/widgets/tileview/lv_tileview.c ****  *      INCLUDES
   8:Middlewares/LVGL/lvgl/src/widgets/tileview/lv_tileview.c ****  *********************/
   9:Middlewares/LVGL/lvgl/src/widgets/tileview/lv_tileview.c **** #include "lv_tileview_private.h"
  10:Middlewares/LVGL/lvgl/src/widgets/tileview/lv_tileview.c **** #include "../../core/lv_obj_class_private.h"
  11:Middlewares/LVGL/lvgl/src/widgets/tileview/lv_tileview.c **** #include "../../indev/lv_indev.h"
  12:Middlewares/LVGL/lvgl/src/widgets/tileview/lv_tileview.c **** #include "../../indev/lv_indev_private.h"
  13:Middlewares/LVGL/lvgl/src/widgets/tileview/lv_tileview.c **** #if LV_USE_TILEVIEW
  14:Middlewares/LVGL/lvgl/src/widgets/tileview/lv_tileview.c **** 
  15:Middlewares/LVGL/lvgl/src/widgets/tileview/lv_tileview.c **** /*********************
  16:Middlewares/LVGL/lvgl/src/widgets/tileview/lv_tileview.c ****  *      DEFINES
  17:Middlewares/LVGL/lvgl/src/widgets/tileview/lv_tileview.c ****  *********************/
  18:Middlewares/LVGL/lvgl/src/widgets/tileview/lv_tileview.c **** 
  19:Middlewares/LVGL/lvgl/src/widgets/tileview/lv_tileview.c **** /**********************
  20:Middlewares/LVGL/lvgl/src/widgets/tileview/lv_tileview.c ****  *      TYPEDEFS
  21:Middlewares/LVGL/lvgl/src/widgets/tileview/lv_tileview.c ****  **********************/
  22:Middlewares/LVGL/lvgl/src/widgets/tileview/lv_tileview.c **** 
  23:Middlewares/LVGL/lvgl/src/widgets/tileview/lv_tileview.c **** /**********************
  24:Middlewares/LVGL/lvgl/src/widgets/tileview/lv_tileview.c ****  *  STATIC PROTOTYPES
  25:Middlewares/LVGL/lvgl/src/widgets/tileview/lv_tileview.c ****  **********************/
  26:Middlewares/LVGL/lvgl/src/widgets/tileview/lv_tileview.c **** static void lv_tileview_constructor(const lv_obj_class_t * class_p, lv_obj_t * obj);
  27:Middlewares/LVGL/lvgl/src/widgets/tileview/lv_tileview.c **** static void lv_tileview_tile_constructor(const lv_obj_class_t * class_p, lv_obj_t * obj);
  28:Middlewares/LVGL/lvgl/src/widgets/tileview/lv_tileview.c **** static void tileview_event_cb(lv_event_t * e);
  29:Middlewares/LVGL/lvgl/src/widgets/tileview/lv_tileview.c **** 
  30:Middlewares/LVGL/lvgl/src/widgets/tileview/lv_tileview.c **** /**********************
ARM GAS  C:\Users\w1785\AppData\Local\Temp\ccwkGgFO.s 			page 2


  31:Middlewares/LVGL/lvgl/src/widgets/tileview/lv_tileview.c ****  *  STATIC VARIABLES
  32:Middlewares/LVGL/lvgl/src/widgets/tileview/lv_tileview.c ****  **********************/
  33:Middlewares/LVGL/lvgl/src/widgets/tileview/lv_tileview.c **** 
  34:Middlewares/LVGL/lvgl/src/widgets/tileview/lv_tileview.c **** const lv_obj_class_t lv_tileview_class = {
  35:Middlewares/LVGL/lvgl/src/widgets/tileview/lv_tileview.c ****     .constructor_cb = lv_tileview_constructor,
  36:Middlewares/LVGL/lvgl/src/widgets/tileview/lv_tileview.c ****     .base_class = &lv_obj_class,
  37:Middlewares/LVGL/lvgl/src/widgets/tileview/lv_tileview.c ****     .instance_size = sizeof(lv_tileview_t),
  38:Middlewares/LVGL/lvgl/src/widgets/tileview/lv_tileview.c ****     .name = "lv_tileview",
  39:Middlewares/LVGL/lvgl/src/widgets/tileview/lv_tileview.c **** };
  40:Middlewares/LVGL/lvgl/src/widgets/tileview/lv_tileview.c **** 
  41:Middlewares/LVGL/lvgl/src/widgets/tileview/lv_tileview.c **** const lv_obj_class_t lv_tileview_tile_class = {
  42:Middlewares/LVGL/lvgl/src/widgets/tileview/lv_tileview.c ****     .constructor_cb = lv_tileview_tile_constructor,
  43:Middlewares/LVGL/lvgl/src/widgets/tileview/lv_tileview.c ****     .base_class = &lv_obj_class,
  44:Middlewares/LVGL/lvgl/src/widgets/tileview/lv_tileview.c ****     .instance_size = sizeof(lv_tileview_tile_t),
  45:Middlewares/LVGL/lvgl/src/widgets/tileview/lv_tileview.c ****     .name = "lv_tile",
  46:Middlewares/LVGL/lvgl/src/widgets/tileview/lv_tileview.c **** };
  47:Middlewares/LVGL/lvgl/src/widgets/tileview/lv_tileview.c **** 
  48:Middlewares/LVGL/lvgl/src/widgets/tileview/lv_tileview.c **** /**********************
  49:Middlewares/LVGL/lvgl/src/widgets/tileview/lv_tileview.c ****  *      MACROS
  50:Middlewares/LVGL/lvgl/src/widgets/tileview/lv_tileview.c ****  **********************/
  51:Middlewares/LVGL/lvgl/src/widgets/tileview/lv_tileview.c **** 
  52:Middlewares/LVGL/lvgl/src/widgets/tileview/lv_tileview.c **** /**********************
  53:Middlewares/LVGL/lvgl/src/widgets/tileview/lv_tileview.c ****  *   GLOBAL FUNCTIONS
  54:Middlewares/LVGL/lvgl/src/widgets/tileview/lv_tileview.c ****  **********************/
  55:Middlewares/LVGL/lvgl/src/widgets/tileview/lv_tileview.c **** 
  56:Middlewares/LVGL/lvgl/src/widgets/tileview/lv_tileview.c **** lv_obj_t * lv_tileview_create(lv_obj_t * parent)
  57:Middlewares/LVGL/lvgl/src/widgets/tileview/lv_tileview.c **** {
  58:Middlewares/LVGL/lvgl/src/widgets/tileview/lv_tileview.c ****     LV_LOG_INFO("begin");
  59:Middlewares/LVGL/lvgl/src/widgets/tileview/lv_tileview.c ****     lv_obj_t * obj = lv_obj_class_create_obj(&lv_tileview_class, parent);
  60:Middlewares/LVGL/lvgl/src/widgets/tileview/lv_tileview.c ****     lv_obj_class_init_obj(obj);
  61:Middlewares/LVGL/lvgl/src/widgets/tileview/lv_tileview.c ****     return obj;
  62:Middlewares/LVGL/lvgl/src/widgets/tileview/lv_tileview.c **** }
  63:Middlewares/LVGL/lvgl/src/widgets/tileview/lv_tileview.c **** 
  64:Middlewares/LVGL/lvgl/src/widgets/tileview/lv_tileview.c **** /*======================
  65:Middlewares/LVGL/lvgl/src/widgets/tileview/lv_tileview.c ****  * Add/remove functions
  66:Middlewares/LVGL/lvgl/src/widgets/tileview/lv_tileview.c ****  *=====================*/
  67:Middlewares/LVGL/lvgl/src/widgets/tileview/lv_tileview.c **** 
  68:Middlewares/LVGL/lvgl/src/widgets/tileview/lv_tileview.c **** lv_obj_t * lv_tileview_add_tile(lv_obj_t * tv, uint8_t col_id, uint8_t row_id, lv_dir_t dir)
  69:Middlewares/LVGL/lvgl/src/widgets/tileview/lv_tileview.c **** {
  70:Middlewares/LVGL/lvgl/src/widgets/tileview/lv_tileview.c ****     LV_LOG_INFO("begin");
  71:Middlewares/LVGL/lvgl/src/widgets/tileview/lv_tileview.c **** 
  72:Middlewares/LVGL/lvgl/src/widgets/tileview/lv_tileview.c ****     lv_obj_t * obj = lv_obj_class_create_obj(&lv_tileview_tile_class, tv);
  73:Middlewares/LVGL/lvgl/src/widgets/tileview/lv_tileview.c ****     lv_obj_class_init_obj(obj);
  74:Middlewares/LVGL/lvgl/src/widgets/tileview/lv_tileview.c ****     lv_obj_set_pos(obj, lv_pct(col_id * 100), lv_pct(row_id * 100));
  75:Middlewares/LVGL/lvgl/src/widgets/tileview/lv_tileview.c **** 
  76:Middlewares/LVGL/lvgl/src/widgets/tileview/lv_tileview.c ****     lv_tileview_tile_t * tile = (lv_tileview_tile_t *)obj;
  77:Middlewares/LVGL/lvgl/src/widgets/tileview/lv_tileview.c ****     tile->dir = dir;
  78:Middlewares/LVGL/lvgl/src/widgets/tileview/lv_tileview.c **** 
  79:Middlewares/LVGL/lvgl/src/widgets/tileview/lv_tileview.c ****     if(col_id == 0 && row_id == 0) {
  80:Middlewares/LVGL/lvgl/src/widgets/tileview/lv_tileview.c ****         lv_obj_set_scroll_dir(tv, dir);
  81:Middlewares/LVGL/lvgl/src/widgets/tileview/lv_tileview.c ****     }
  82:Middlewares/LVGL/lvgl/src/widgets/tileview/lv_tileview.c ****     return obj;
  83:Middlewares/LVGL/lvgl/src/widgets/tileview/lv_tileview.c **** }
  84:Middlewares/LVGL/lvgl/src/widgets/tileview/lv_tileview.c **** 
  85:Middlewares/LVGL/lvgl/src/widgets/tileview/lv_tileview.c **** void lv_tileview_set_tile(lv_obj_t * obj, lv_obj_t * tile_obj, lv_anim_enable_t anim_en)
  86:Middlewares/LVGL/lvgl/src/widgets/tileview/lv_tileview.c **** {
  87:Middlewares/LVGL/lvgl/src/widgets/tileview/lv_tileview.c ****     int32_t tx = lv_obj_get_x(tile_obj);
ARM GAS  C:\Users\w1785\AppData\Local\Temp\ccwkGgFO.s 			page 3


  88:Middlewares/LVGL/lvgl/src/widgets/tileview/lv_tileview.c ****     int32_t ty = lv_obj_get_y(tile_obj);
  89:Middlewares/LVGL/lvgl/src/widgets/tileview/lv_tileview.c **** 
  90:Middlewares/LVGL/lvgl/src/widgets/tileview/lv_tileview.c ****     lv_tileview_tile_t * tile = (lv_tileview_tile_t *)tile_obj;
  91:Middlewares/LVGL/lvgl/src/widgets/tileview/lv_tileview.c ****     lv_tileview_t * tv = (lv_tileview_t *) obj;
  92:Middlewares/LVGL/lvgl/src/widgets/tileview/lv_tileview.c ****     tv->tile_act = (lv_obj_t *)tile;
  93:Middlewares/LVGL/lvgl/src/widgets/tileview/lv_tileview.c **** 
  94:Middlewares/LVGL/lvgl/src/widgets/tileview/lv_tileview.c ****     lv_obj_set_scroll_dir(obj, tile->dir);
  95:Middlewares/LVGL/lvgl/src/widgets/tileview/lv_tileview.c ****     lv_obj_scroll_to(obj, tx, ty, anim_en);
  96:Middlewares/LVGL/lvgl/src/widgets/tileview/lv_tileview.c **** }
  97:Middlewares/LVGL/lvgl/src/widgets/tileview/lv_tileview.c **** 
  98:Middlewares/LVGL/lvgl/src/widgets/tileview/lv_tileview.c **** void lv_tileview_set_tile_by_index(lv_obj_t * tv, uint32_t col_id, uint32_t row_id, lv_anim_enable_
  99:Middlewares/LVGL/lvgl/src/widgets/tileview/lv_tileview.c **** {
 100:Middlewares/LVGL/lvgl/src/widgets/tileview/lv_tileview.c ****     lv_obj_update_layout(tv);
 101:Middlewares/LVGL/lvgl/src/widgets/tileview/lv_tileview.c **** 
 102:Middlewares/LVGL/lvgl/src/widgets/tileview/lv_tileview.c ****     int32_t w = lv_obj_get_content_width(tv);
 103:Middlewares/LVGL/lvgl/src/widgets/tileview/lv_tileview.c ****     int32_t h = lv_obj_get_content_height(tv);
 104:Middlewares/LVGL/lvgl/src/widgets/tileview/lv_tileview.c **** 
 105:Middlewares/LVGL/lvgl/src/widgets/tileview/lv_tileview.c ****     int32_t tx = col_id * w;
 106:Middlewares/LVGL/lvgl/src/widgets/tileview/lv_tileview.c ****     int32_t ty = row_id * h;
 107:Middlewares/LVGL/lvgl/src/widgets/tileview/lv_tileview.c **** 
 108:Middlewares/LVGL/lvgl/src/widgets/tileview/lv_tileview.c ****     uint32_t i;
 109:Middlewares/LVGL/lvgl/src/widgets/tileview/lv_tileview.c ****     for(i = 0; i < lv_obj_get_child_count(tv); i++) {
 110:Middlewares/LVGL/lvgl/src/widgets/tileview/lv_tileview.c ****         lv_obj_t * tile_obj = lv_obj_get_child(tv, i);
 111:Middlewares/LVGL/lvgl/src/widgets/tileview/lv_tileview.c ****         int32_t x = lv_obj_get_x(tile_obj);
 112:Middlewares/LVGL/lvgl/src/widgets/tileview/lv_tileview.c ****         int32_t y = lv_obj_get_y(tile_obj);
 113:Middlewares/LVGL/lvgl/src/widgets/tileview/lv_tileview.c ****         if(x == tx && y == ty) {
 114:Middlewares/LVGL/lvgl/src/widgets/tileview/lv_tileview.c ****             lv_tileview_set_tile(tv, tile_obj, anim_en);
 115:Middlewares/LVGL/lvgl/src/widgets/tileview/lv_tileview.c ****             return;
 116:Middlewares/LVGL/lvgl/src/widgets/tileview/lv_tileview.c ****         }
 117:Middlewares/LVGL/lvgl/src/widgets/tileview/lv_tileview.c ****     }
 118:Middlewares/LVGL/lvgl/src/widgets/tileview/lv_tileview.c **** 
 119:Middlewares/LVGL/lvgl/src/widgets/tileview/lv_tileview.c ****     LV_LOG_WARN("No tile found with at (%d,%d) index", (int)col_id, (int)row_id);
 120:Middlewares/LVGL/lvgl/src/widgets/tileview/lv_tileview.c **** }
 121:Middlewares/LVGL/lvgl/src/widgets/tileview/lv_tileview.c **** 
 122:Middlewares/LVGL/lvgl/src/widgets/tileview/lv_tileview.c **** lv_obj_t * lv_tileview_get_tile_active(lv_obj_t * obj)
 123:Middlewares/LVGL/lvgl/src/widgets/tileview/lv_tileview.c **** {
 124:Middlewares/LVGL/lvgl/src/widgets/tileview/lv_tileview.c ****     lv_tileview_t * tv = (lv_tileview_t *) obj;
 125:Middlewares/LVGL/lvgl/src/widgets/tileview/lv_tileview.c ****     return tv->tile_act;
 126:Middlewares/LVGL/lvgl/src/widgets/tileview/lv_tileview.c **** }
 127:Middlewares/LVGL/lvgl/src/widgets/tileview/lv_tileview.c **** 
 128:Middlewares/LVGL/lvgl/src/widgets/tileview/lv_tileview.c **** /**********************
 129:Middlewares/LVGL/lvgl/src/widgets/tileview/lv_tileview.c ****  *   STATIC FUNCTIONS
 130:Middlewares/LVGL/lvgl/src/widgets/tileview/lv_tileview.c ****  **********************/
 131:Middlewares/LVGL/lvgl/src/widgets/tileview/lv_tileview.c **** 
 132:Middlewares/LVGL/lvgl/src/widgets/tileview/lv_tileview.c **** static void lv_tileview_constructor(const lv_obj_class_t * class_p, lv_obj_t * obj)
 133:Middlewares/LVGL/lvgl/src/widgets/tileview/lv_tileview.c **** {
  29              		.loc 1 133 1 view -0
  30              		.cfi_startproc
  31              		@ args = 0, pretend = 0, frame = 0
  32              		@ frame_needed = 0, uses_anonymous_args = 0
  33              		.loc 1 133 1 is_stmt 0 view .LVU1
  34 0000 10B5     		push	{r4, lr}
  35              	.LCFI0:
  36              		.cfi_def_cfa_offset 8
  37              		.cfi_offset 4, -8
  38              		.cfi_offset 14, -4
  39 0002 0C46     		mov	r4, r1
ARM GAS  C:\Users\w1785\AppData\Local\Temp\ccwkGgFO.s 			page 4


 134:Middlewares/LVGL/lvgl/src/widgets/tileview/lv_tileview.c ****     LV_UNUSED(class_p);
  40              		.loc 1 134 5 is_stmt 1 view .LVU2
 135:Middlewares/LVGL/lvgl/src/widgets/tileview/lv_tileview.c ****     lv_obj_set_size(obj, LV_PCT(100), LV_PCT(100));
  41              		.loc 1 135 5 view .LVU3
  42 0004 0B49     		ldr	r1, .L3
  43              	.LVL1:
  44              		.loc 1 135 5 is_stmt 0 view .LVU4
  45 0006 0A46     		mov	r2, r1
  46 0008 2046     		mov	r0, r4
  47              	.LVL2:
  48              		.loc 1 135 5 view .LVU5
  49 000a FFF7FEFF 		bl	lv_obj_set_size
  50              	.LVL3:
 136:Middlewares/LVGL/lvgl/src/widgets/tileview/lv_tileview.c ****     lv_obj_add_event_cb(obj, tileview_event_cb, LV_EVENT_SCROLL_END, NULL);
  51              		.loc 1 136 5 is_stmt 1 view .LVU6
  52 000e 0023     		movs	r3, #0
  53 0010 0E22     		movs	r2, #14
  54 0012 0949     		ldr	r1, .L3+4
  55 0014 2046     		mov	r0, r4
  56 0016 FFF7FEFF 		bl	lv_obj_add_event_cb
  57              	.LVL4:
 137:Middlewares/LVGL/lvgl/src/widgets/tileview/lv_tileview.c ****     lv_obj_add_flag(obj, LV_OBJ_FLAG_SCROLL_ONE);
  58              		.loc 1 137 5 view .LVU7
  59 001a 8021     		movs	r1, #128
  60 001c 2046     		mov	r0, r4
  61 001e FFF7FEFF 		bl	lv_obj_add_flag
  62              	.LVL5:
 138:Middlewares/LVGL/lvgl/src/widgets/tileview/lv_tileview.c ****     lv_obj_set_scroll_snap_x(obj, LV_SCROLL_SNAP_CENTER);
  63              		.loc 1 138 5 view .LVU8
  64 0022 0321     		movs	r1, #3
  65 0024 2046     		mov	r0, r4
  66 0026 FFF7FEFF 		bl	lv_obj_set_scroll_snap_x
  67              	.LVL6:
 139:Middlewares/LVGL/lvgl/src/widgets/tileview/lv_tileview.c ****     lv_obj_set_scroll_snap_y(obj, LV_SCROLL_SNAP_CENTER);
  68              		.loc 1 139 5 view .LVU9
  69 002a 0321     		movs	r1, #3
  70 002c 2046     		mov	r0, r4
  71 002e FFF7FEFF 		bl	lv_obj_set_scroll_snap_y
  72              	.LVL7:
 140:Middlewares/LVGL/lvgl/src/widgets/tileview/lv_tileview.c **** }
  73              		.loc 1 140 1 is_stmt 0 view .LVU10
  74 0032 10BD     		pop	{r4, pc}
  75              	.LVL8:
  76              	.L4:
  77              		.loc 1 140 1 view .LVU11
  78              		.align	2
  79              	.L3:
  80 0034 64000020 		.word	536871012
  81 0038 00000000 		.word	tileview_event_cb
  82              		.cfi_endproc
  83              	.LFE193:
  85              		.section	.text.tileview_event_cb,"ax",%progbits
  86              		.align	1
  87              		.syntax unified
  88              		.thumb
  89              		.thumb_func
  91              	tileview_event_cb:
ARM GAS  C:\Users\w1785\AppData\Local\Temp\ccwkGgFO.s 			page 5


  92              	.LVL9:
  93              	.LFB195:
 141:Middlewares/LVGL/lvgl/src/widgets/tileview/lv_tileview.c **** 
 142:Middlewares/LVGL/lvgl/src/widgets/tileview/lv_tileview.c **** static void lv_tileview_tile_constructor(const lv_obj_class_t * class_p, lv_obj_t * obj)
 143:Middlewares/LVGL/lvgl/src/widgets/tileview/lv_tileview.c **** {
 144:Middlewares/LVGL/lvgl/src/widgets/tileview/lv_tileview.c **** 
 145:Middlewares/LVGL/lvgl/src/widgets/tileview/lv_tileview.c ****     LV_UNUSED(class_p);
 146:Middlewares/LVGL/lvgl/src/widgets/tileview/lv_tileview.c ****     lv_obj_set_size(obj, LV_PCT(100), LV_PCT(100));
 147:Middlewares/LVGL/lvgl/src/widgets/tileview/lv_tileview.c ****     lv_obj_update_layout(obj);  /*Be sure the size is correct*/
 148:Middlewares/LVGL/lvgl/src/widgets/tileview/lv_tileview.c **** }
 149:Middlewares/LVGL/lvgl/src/widgets/tileview/lv_tileview.c **** 
 150:Middlewares/LVGL/lvgl/src/widgets/tileview/lv_tileview.c **** static void tileview_event_cb(lv_event_t * e)
 151:Middlewares/LVGL/lvgl/src/widgets/tileview/lv_tileview.c **** {
  94              		.loc 1 151 1 is_stmt 1 view -0
  95              		.cfi_startproc
  96              		@ args = 0, pretend = 0, frame = 8
  97              		@ frame_needed = 0, uses_anonymous_args = 0
  98              		.loc 1 151 1 is_stmt 0 view .LVU13
  99 0000 2DE9F043 		push	{r4, r5, r6, r7, r8, r9, lr}
 100              	.LCFI1:
 101              		.cfi_def_cfa_offset 28
 102              		.cfi_offset 4, -28
 103              		.cfi_offset 5, -24
 104              		.cfi_offset 6, -20
 105              		.cfi_offset 7, -16
 106              		.cfi_offset 8, -12
 107              		.cfi_offset 9, -8
 108              		.cfi_offset 14, -4
 109 0004 83B0     		sub	sp, sp, #12
 110              	.LCFI2:
 111              		.cfi_def_cfa_offset 40
 112 0006 0546     		mov	r5, r0
 152:Middlewares/LVGL/lvgl/src/widgets/tileview/lv_tileview.c ****     lv_event_code_t code = lv_event_get_code(e);
 113              		.loc 1 152 5 is_stmt 1 view .LVU14
 114              		.loc 1 152 28 is_stmt 0 view .LVU15
 115 0008 FFF7FEFF 		bl	lv_event_get_code
 116              	.LVL10:
 117              		.loc 1 152 28 view .LVU16
 118 000c 0446     		mov	r4, r0
 119              	.LVL11:
 153:Middlewares/LVGL/lvgl/src/widgets/tileview/lv_tileview.c ****     lv_obj_t * obj = lv_event_get_current_target(e);
 120              		.loc 1 153 5 is_stmt 1 view .LVU17
 121              		.loc 1 153 22 is_stmt 0 view .LVU18
 122 000e 2846     		mov	r0, r5
 123              	.LVL12:
 124              		.loc 1 153 22 view .LVU19
 125 0010 FFF7FEFF 		bl	lv_event_get_current_target
 126              	.LVL13:
 154:Middlewares/LVGL/lvgl/src/widgets/tileview/lv_tileview.c ****     lv_tileview_t * tv = (lv_tileview_t *) obj;
 127              		.loc 1 154 5 is_stmt 1 view .LVU20
 155:Middlewares/LVGL/lvgl/src/widgets/tileview/lv_tileview.c **** 
 156:Middlewares/LVGL/lvgl/src/widgets/tileview/lv_tileview.c ****     if(code == LV_EVENT_SCROLL_END) {
 128              		.loc 1 156 5 view .LVU21
 129              		.loc 1 156 7 is_stmt 0 view .LVU22
 130 0014 0E2C     		cmp	r4, #14
 131 0016 02D0     		beq	.L13
 132              	.LVL14:
ARM GAS  C:\Users\w1785\AppData\Local\Temp\ccwkGgFO.s 			page 6


 133              	.L5:
 157:Middlewares/LVGL/lvgl/src/widgets/tileview/lv_tileview.c ****         lv_indev_t * indev = lv_indev_active();
 158:Middlewares/LVGL/lvgl/src/widgets/tileview/lv_tileview.c ****         if(indev && indev->state == LV_INDEV_STATE_PRESSED) {
 159:Middlewares/LVGL/lvgl/src/widgets/tileview/lv_tileview.c ****             return;
 160:Middlewares/LVGL/lvgl/src/widgets/tileview/lv_tileview.c ****         }
 161:Middlewares/LVGL/lvgl/src/widgets/tileview/lv_tileview.c **** 
 162:Middlewares/LVGL/lvgl/src/widgets/tileview/lv_tileview.c ****         int32_t w = lv_obj_get_content_width(obj);
 163:Middlewares/LVGL/lvgl/src/widgets/tileview/lv_tileview.c ****         int32_t h = lv_obj_get_content_height(obj);
 164:Middlewares/LVGL/lvgl/src/widgets/tileview/lv_tileview.c **** 
 165:Middlewares/LVGL/lvgl/src/widgets/tileview/lv_tileview.c ****         lv_point_t scroll_end;
 166:Middlewares/LVGL/lvgl/src/widgets/tileview/lv_tileview.c ****         lv_obj_get_scroll_end(obj, &scroll_end);
 167:Middlewares/LVGL/lvgl/src/widgets/tileview/lv_tileview.c ****         int32_t left = scroll_end.x;
 168:Middlewares/LVGL/lvgl/src/widgets/tileview/lv_tileview.c ****         int32_t top = scroll_end.y;
 169:Middlewares/LVGL/lvgl/src/widgets/tileview/lv_tileview.c **** 
 170:Middlewares/LVGL/lvgl/src/widgets/tileview/lv_tileview.c ****         int32_t tx = ((left + (w / 2)) / w) * w;
 171:Middlewares/LVGL/lvgl/src/widgets/tileview/lv_tileview.c ****         int32_t ty = ((top + (h / 2)) / h) * h;
 172:Middlewares/LVGL/lvgl/src/widgets/tileview/lv_tileview.c **** 
 173:Middlewares/LVGL/lvgl/src/widgets/tileview/lv_tileview.c ****         lv_dir_t dir = LV_DIR_ALL;
 174:Middlewares/LVGL/lvgl/src/widgets/tileview/lv_tileview.c ****         uint32_t i;
 175:Middlewares/LVGL/lvgl/src/widgets/tileview/lv_tileview.c ****         for(i = 0; i < lv_obj_get_child_count(obj); i++) {
 176:Middlewares/LVGL/lvgl/src/widgets/tileview/lv_tileview.c ****             lv_obj_t * tile_obj = lv_obj_get_child(obj, i);
 177:Middlewares/LVGL/lvgl/src/widgets/tileview/lv_tileview.c ****             int32_t x = lv_obj_get_x(tile_obj);
 178:Middlewares/LVGL/lvgl/src/widgets/tileview/lv_tileview.c ****             int32_t y = lv_obj_get_y(tile_obj);
 179:Middlewares/LVGL/lvgl/src/widgets/tileview/lv_tileview.c ****             if(x == tx && y == ty) {
 180:Middlewares/LVGL/lvgl/src/widgets/tileview/lv_tileview.c ****                 lv_tileview_tile_t * tile = (lv_tileview_tile_t *)tile_obj;
 181:Middlewares/LVGL/lvgl/src/widgets/tileview/lv_tileview.c ****                 tv->tile_act = (lv_obj_t *)tile;
 182:Middlewares/LVGL/lvgl/src/widgets/tileview/lv_tileview.c ****                 dir = tile->dir;
 183:Middlewares/LVGL/lvgl/src/widgets/tileview/lv_tileview.c ****                 lv_obj_send_event(obj, LV_EVENT_VALUE_CHANGED, NULL);
 184:Middlewares/LVGL/lvgl/src/widgets/tileview/lv_tileview.c ****                 break;
 185:Middlewares/LVGL/lvgl/src/widgets/tileview/lv_tileview.c ****             }
 186:Middlewares/LVGL/lvgl/src/widgets/tileview/lv_tileview.c ****         }
 187:Middlewares/LVGL/lvgl/src/widgets/tileview/lv_tileview.c ****         lv_obj_set_scroll_dir(obj, dir);
 188:Middlewares/LVGL/lvgl/src/widgets/tileview/lv_tileview.c ****     }
 189:Middlewares/LVGL/lvgl/src/widgets/tileview/lv_tileview.c **** }
 134              		.loc 1 189 1 view .LVU23
 135 0018 03B0     		add	sp, sp, #12
 136              	.LCFI3:
 137              		.cfi_remember_state
 138              		.cfi_def_cfa_offset 28
 139              		@ sp needed
 140 001a BDE8F083 		pop	{r4, r5, r6, r7, r8, r9, pc}
 141              	.LVL15:
 142              	.L13:
 143              	.LCFI4:
 144              		.cfi_restore_state
 145              		.loc 1 189 1 view .LVU24
 146 001e 0746     		mov	r7, r0
 147              	.LBB2:
 157:Middlewares/LVGL/lvgl/src/widgets/tileview/lv_tileview.c ****         lv_indev_t * indev = lv_indev_active();
 148              		.loc 1 157 9 is_stmt 1 view .LVU25
 157:Middlewares/LVGL/lvgl/src/widgets/tileview/lv_tileview.c ****         lv_indev_t * indev = lv_indev_active();
 149              		.loc 1 157 30 is_stmt 0 view .LVU26
 150 0020 FFF7FEFF 		bl	lv_indev_active
 151              	.LVL16:
 158:Middlewares/LVGL/lvgl/src/widgets/tileview/lv_tileview.c ****             return;
 152              		.loc 1 158 9 is_stmt 1 view .LVU27
 158:Middlewares/LVGL/lvgl/src/widgets/tileview/lv_tileview.c ****             return;
ARM GAS  C:\Users\w1785\AppData\Local\Temp\ccwkGgFO.s 			page 7


 153              		.loc 1 158 11 is_stmt 0 view .LVU28
 154 0024 10B1     		cbz	r0, .L7
 158:Middlewares/LVGL/lvgl/src/widgets/tileview/lv_tileview.c ****             return;
 155              		.loc 1 158 26 discriminator 1 view .LVU29
 156 0026 037A     		ldrb	r3, [r0, #8]	@ zero_extendqisi2
 158:Middlewares/LVGL/lvgl/src/widgets/tileview/lv_tileview.c ****             return;
 157              		.loc 1 158 18 discriminator 1 view .LVU30
 158 0028 012B     		cmp	r3, #1
 159 002a F5D0     		beq	.L5
 160              	.L7:
 162:Middlewares/LVGL/lvgl/src/widgets/tileview/lv_tileview.c ****         int32_t h = lv_obj_get_content_height(obj);
 161              		.loc 1 162 9 is_stmt 1 view .LVU31
 162:Middlewares/LVGL/lvgl/src/widgets/tileview/lv_tileview.c ****         int32_t h = lv_obj_get_content_height(obj);
 162              		.loc 1 162 21 is_stmt 0 view .LVU32
 163 002c 3846     		mov	r0, r7
 164              	.LVL17:
 162:Middlewares/LVGL/lvgl/src/widgets/tileview/lv_tileview.c ****         int32_t h = lv_obj_get_content_height(obj);
 165              		.loc 1 162 21 view .LVU33
 166 002e FFF7FEFF 		bl	lv_obj_get_content_width
 167              	.LVL18:
 168 0032 0546     		mov	r5, r0
 169              	.LVL19:
 163:Middlewares/LVGL/lvgl/src/widgets/tileview/lv_tileview.c **** 
 170              		.loc 1 163 9 is_stmt 1 view .LVU34
 163:Middlewares/LVGL/lvgl/src/widgets/tileview/lv_tileview.c **** 
 171              		.loc 1 163 21 is_stmt 0 view .LVU35
 172 0034 3846     		mov	r0, r7
 173              	.LVL20:
 163:Middlewares/LVGL/lvgl/src/widgets/tileview/lv_tileview.c **** 
 174              		.loc 1 163 21 view .LVU36
 175 0036 FFF7FEFF 		bl	lv_obj_get_content_height
 176              	.LVL21:
 177 003a 0446     		mov	r4, r0
 178              	.LVL22:
 165:Middlewares/LVGL/lvgl/src/widgets/tileview/lv_tileview.c ****         lv_obj_get_scroll_end(obj, &scroll_end);
 179              		.loc 1 165 9 is_stmt 1 view .LVU37
 166:Middlewares/LVGL/lvgl/src/widgets/tileview/lv_tileview.c ****         int32_t left = scroll_end.x;
 180              		.loc 1 166 9 view .LVU38
 181 003c 6946     		mov	r1, sp
 182 003e 3846     		mov	r0, r7
 183              	.LVL23:
 166:Middlewares/LVGL/lvgl/src/widgets/tileview/lv_tileview.c ****         int32_t left = scroll_end.x;
 184              		.loc 1 166 9 is_stmt 0 view .LVU39
 185 0040 FFF7FEFF 		bl	lv_obj_get_scroll_end
 186              	.LVL24:
 167:Middlewares/LVGL/lvgl/src/widgets/tileview/lv_tileview.c ****         int32_t top = scroll_end.y;
 187              		.loc 1 167 9 is_stmt 1 view .LVU40
 168:Middlewares/LVGL/lvgl/src/widgets/tileview/lv_tileview.c **** 
 188              		.loc 1 168 9 view .LVU41
 170:Middlewares/LVGL/lvgl/src/widgets/tileview/lv_tileview.c ****         int32_t ty = ((top + (h / 2)) / h) * h;
 189              		.loc 1 170 9 view .LVU42
 170:Middlewares/LVGL/lvgl/src/widgets/tileview/lv_tileview.c ****         int32_t ty = ((top + (h / 2)) / h) * h;
 190              		.loc 1 170 34 is_stmt 0 view .LVU43
 191 0044 05EBD572 		add	r2, r5, r5, lsr #31
 170:Middlewares/LVGL/lvgl/src/widgets/tileview/lv_tileview.c ****         int32_t ty = ((top + (h / 2)) / h) * h;
 192              		.loc 1 170 29 view .LVU44
 193 0048 009B     		ldr	r3, [sp]
ARM GAS  C:\Users\w1785\AppData\Local\Temp\ccwkGgFO.s 			page 8


 194 004a 03EB6208 		add	r8, r3, r2, asr #1
 170:Middlewares/LVGL/lvgl/src/widgets/tileview/lv_tileview.c ****         int32_t ty = ((top + (h / 2)) / h) * h;
 195              		.loc 1 170 40 view .LVU45
 196 004e 98FBF5F8 		sdiv	r8, r8, r5
 170:Middlewares/LVGL/lvgl/src/widgets/tileview/lv_tileview.c ****         int32_t ty = ((top + (h / 2)) / h) * h;
 197              		.loc 1 170 17 view .LVU46
 198 0052 05FB08F8 		mul	r8, r5, r8
 199              	.LVL25:
 171:Middlewares/LVGL/lvgl/src/widgets/tileview/lv_tileview.c **** 
 200              		.loc 1 171 9 is_stmt 1 view .LVU47
 171:Middlewares/LVGL/lvgl/src/widgets/tileview/lv_tileview.c **** 
 201              		.loc 1 171 33 is_stmt 0 view .LVU48
 202 0056 04EBD472 		add	r2, r4, r4, lsr #31
 171:Middlewares/LVGL/lvgl/src/widgets/tileview/lv_tileview.c **** 
 203              		.loc 1 171 28 view .LVU49
 204 005a 019B     		ldr	r3, [sp, #4]
 205 005c 03EB6209 		add	r9, r3, r2, asr #1
 171:Middlewares/LVGL/lvgl/src/widgets/tileview/lv_tileview.c **** 
 206              		.loc 1 171 39 view .LVU50
 207 0060 99FBF4F9 		sdiv	r9, r9, r4
 171:Middlewares/LVGL/lvgl/src/widgets/tileview/lv_tileview.c **** 
 208              		.loc 1 171 17 view .LVU51
 209 0064 04FB09F9 		mul	r9, r4, r9
 210              	.LVL26:
 173:Middlewares/LVGL/lvgl/src/widgets/tileview/lv_tileview.c ****         uint32_t i;
 211              		.loc 1 173 9 is_stmt 1 view .LVU52
 174:Middlewares/LVGL/lvgl/src/widgets/tileview/lv_tileview.c ****         for(i = 0; i < lv_obj_get_child_count(obj); i++) {
 212              		.loc 1 174 9 view .LVU53
 175:Middlewares/LVGL/lvgl/src/widgets/tileview/lv_tileview.c ****             lv_obj_t * tile_obj = lv_obj_get_child(obj, i);
 213              		.loc 1 175 9 view .LVU54
 175:Middlewares/LVGL/lvgl/src/widgets/tileview/lv_tileview.c ****             lv_obj_t * tile_obj = lv_obj_get_child(obj, i);
 214              		.loc 1 175 15 is_stmt 0 view .LVU55
 215 0068 0024     		movs	r4, #0
 216              	.LVL27:
 175:Middlewares/LVGL/lvgl/src/widgets/tileview/lv_tileview.c ****             lv_obj_t * tile_obj = lv_obj_get_child(obj, i);
 217              		.loc 1 175 9 view .LVU56
 218 006a 00E0     		b	.L8
 219              	.LVL28:
 220              	.L9:
 175:Middlewares/LVGL/lvgl/src/widgets/tileview/lv_tileview.c ****             lv_obj_t * tile_obj = lv_obj_get_child(obj, i);
 221              		.loc 1 175 54 is_stmt 1 discriminator 2 view .LVU57
 222 006c 0134     		adds	r4, r4, #1
 223              	.LVL29:
 224              	.L8:
 175:Middlewares/LVGL/lvgl/src/widgets/tileview/lv_tileview.c ****             lv_obj_t * tile_obj = lv_obj_get_child(obj, i);
 225              		.loc 1 175 22 discriminator 1 view .LVU58
 175:Middlewares/LVGL/lvgl/src/widgets/tileview/lv_tileview.c ****             lv_obj_t * tile_obj = lv_obj_get_child(obj, i);
 226              		.loc 1 175 24 is_stmt 0 discriminator 1 view .LVU59
 227 006e 3846     		mov	r0, r7
 228 0070 FFF7FEFF 		bl	lv_obj_get_child_count
 229              	.LVL30:
 175:Middlewares/LVGL/lvgl/src/widgets/tileview/lv_tileview.c ****             lv_obj_t * tile_obj = lv_obj_get_child(obj, i);
 230              		.loc 1 175 22 discriminator 1 view .LVU60
 231 0074 A042     		cmp	r0, r4
 232 0076 17D9     		bls	.L14
 233              	.LBB3:
 176:Middlewares/LVGL/lvgl/src/widgets/tileview/lv_tileview.c ****             int32_t x = lv_obj_get_x(tile_obj);
ARM GAS  C:\Users\w1785\AppData\Local\Temp\ccwkGgFO.s 			page 9


 234              		.loc 1 176 13 is_stmt 1 view .LVU61
 176:Middlewares/LVGL/lvgl/src/widgets/tileview/lv_tileview.c ****             int32_t x = lv_obj_get_x(tile_obj);
 235              		.loc 1 176 35 is_stmt 0 view .LVU62
 236 0078 2146     		mov	r1, r4
 237 007a 3846     		mov	r0, r7
 238 007c FFF7FEFF 		bl	lv_obj_get_child
 239              	.LVL31:
 240 0080 0546     		mov	r5, r0
 241              	.LVL32:
 177:Middlewares/LVGL/lvgl/src/widgets/tileview/lv_tileview.c ****             int32_t y = lv_obj_get_y(tile_obj);
 242              		.loc 1 177 13 is_stmt 1 view .LVU63
 177:Middlewares/LVGL/lvgl/src/widgets/tileview/lv_tileview.c ****             int32_t y = lv_obj_get_y(tile_obj);
 243              		.loc 1 177 25 is_stmt 0 view .LVU64
 244 0082 FFF7FEFF 		bl	lv_obj_get_x
 245              	.LVL33:
 177:Middlewares/LVGL/lvgl/src/widgets/tileview/lv_tileview.c ****             int32_t y = lv_obj_get_y(tile_obj);
 246              		.loc 1 177 25 view .LVU65
 247 0086 0646     		mov	r6, r0
 248              	.LVL34:
 178:Middlewares/LVGL/lvgl/src/widgets/tileview/lv_tileview.c ****             if(x == tx && y == ty) {
 249              		.loc 1 178 13 is_stmt 1 view .LVU66
 178:Middlewares/LVGL/lvgl/src/widgets/tileview/lv_tileview.c ****             if(x == tx && y == ty) {
 250              		.loc 1 178 25 is_stmt 0 view .LVU67
 251 0088 2846     		mov	r0, r5
 252              	.LVL35:
 178:Middlewares/LVGL/lvgl/src/widgets/tileview/lv_tileview.c ****             if(x == tx && y == ty) {
 253              		.loc 1 178 25 view .LVU68
 254 008a FFF7FEFF 		bl	lv_obj_get_y
 255              	.LVL36:
 179:Middlewares/LVGL/lvgl/src/widgets/tileview/lv_tileview.c ****                 lv_tileview_tile_t * tile = (lv_tileview_tile_t *)tile_obj;
 256              		.loc 1 179 13 is_stmt 1 view .LVU69
 179:Middlewares/LVGL/lvgl/src/widgets/tileview/lv_tileview.c ****                 lv_tileview_tile_t * tile = (lv_tileview_tile_t *)tile_obj;
 257              		.loc 1 179 15 is_stmt 0 view .LVU70
 258 008e B045     		cmp	r8, r6
 259 0090 ECD1     		bne	.L9
 179:Middlewares/LVGL/lvgl/src/widgets/tileview/lv_tileview.c ****                 lv_tileview_tile_t * tile = (lv_tileview_tile_t *)tile_obj;
 260              		.loc 1 179 24 discriminator 1 view .LVU71
 261 0092 8145     		cmp	r9, r0
 262 0094 EAD1     		bne	.L9
 263              	.LBB4:
 180:Middlewares/LVGL/lvgl/src/widgets/tileview/lv_tileview.c ****                 tv->tile_act = (lv_obj_t *)tile;
 264              		.loc 1 180 17 is_stmt 1 view .LVU72
 265              	.LVL37:
 181:Middlewares/LVGL/lvgl/src/widgets/tileview/lv_tileview.c ****                 dir = tile->dir;
 266              		.loc 1 181 17 view .LVU73
 181:Middlewares/LVGL/lvgl/src/widgets/tileview/lv_tileview.c ****                 dir = tile->dir;
 267              		.loc 1 181 30 is_stmt 0 view .LVU74
 268 0096 3D63     		str	r5, [r7, #48]
 182:Middlewares/LVGL/lvgl/src/widgets/tileview/lv_tileview.c ****                 lv_obj_send_event(obj, LV_EVENT_VALUE_CHANGED, NULL);
 269              		.loc 1 182 17 is_stmt 1 view .LVU75
 182:Middlewares/LVGL/lvgl/src/widgets/tileview/lv_tileview.c ****                 lv_obj_send_event(obj, LV_EVENT_VALUE_CHANGED, NULL);
 270              		.loc 1 182 21 is_stmt 0 view .LVU76
 271 0098 95F83040 		ldrb	r4, [r5, #48]	@ zero_extendqisi2
 272              	.LVL38:
 183:Middlewares/LVGL/lvgl/src/widgets/tileview/lv_tileview.c ****                 break;
 273              		.loc 1 183 17 is_stmt 1 view .LVU77
 274 009c 0022     		movs	r2, #0
ARM GAS  C:\Users\w1785\AppData\Local\Temp\ccwkGgFO.s 			page 10


 275 009e 2321     		movs	r1, #35
 276 00a0 3846     		mov	r0, r7
 277              	.LVL39:
 183:Middlewares/LVGL/lvgl/src/widgets/tileview/lv_tileview.c ****                 break;
 278              		.loc 1 183 17 is_stmt 0 view .LVU78
 279 00a2 FFF7FEFF 		bl	lv_obj_send_event
 280              	.LVL40:
 184:Middlewares/LVGL/lvgl/src/widgets/tileview/lv_tileview.c ****             }
 281              		.loc 1 184 17 is_stmt 1 view .LVU79
 282 00a6 00E0     		b	.L10
 283              	.LVL41:
 284              	.L14:
 184:Middlewares/LVGL/lvgl/src/widgets/tileview/lv_tileview.c ****             }
 285              		.loc 1 184 17 is_stmt 0 view .LVU80
 286              	.LBE4:
 287              	.LBE3:
 173:Middlewares/LVGL/lvgl/src/widgets/tileview/lv_tileview.c ****         uint32_t i;
 288              		.loc 1 173 18 view .LVU81
 289 00a8 0F24     		movs	r4, #15
 290              	.LVL42:
 291              	.L10:
 187:Middlewares/LVGL/lvgl/src/widgets/tileview/lv_tileview.c ****     }
 292              		.loc 1 187 9 is_stmt 1 view .LVU82
 293 00aa 2146     		mov	r1, r4
 294 00ac 3846     		mov	r0, r7
 295 00ae FFF7FEFF 		bl	lv_obj_set_scroll_dir
 296              	.LVL43:
 297 00b2 B1E7     		b	.L5
 298              	.LBE2:
 299              		.cfi_endproc
 300              	.LFE195:
 302              		.section	.text.lv_tileview_tile_constructor,"ax",%progbits
 303              		.align	1
 304              		.syntax unified
 305              		.thumb
 306              		.thumb_func
 308              	lv_tileview_tile_constructor:
 309              	.LVL44:
 310              	.LFB194:
 143:Middlewares/LVGL/lvgl/src/widgets/tileview/lv_tileview.c **** 
 311              		.loc 1 143 1 view -0
 312              		.cfi_startproc
 313              		@ args = 0, pretend = 0, frame = 0
 314              		@ frame_needed = 0, uses_anonymous_args = 0
 143:Middlewares/LVGL/lvgl/src/widgets/tileview/lv_tileview.c **** 
 315              		.loc 1 143 1 is_stmt 0 view .LVU84
 316 0000 10B5     		push	{r4, lr}
 317              	.LCFI5:
 318              		.cfi_def_cfa_offset 8
 319              		.cfi_offset 4, -8
 320              		.cfi_offset 14, -4
 321 0002 0C46     		mov	r4, r1
 145:Middlewares/LVGL/lvgl/src/widgets/tileview/lv_tileview.c ****     lv_obj_set_size(obj, LV_PCT(100), LV_PCT(100));
 322              		.loc 1 145 5 is_stmt 1 view .LVU85
 146:Middlewares/LVGL/lvgl/src/widgets/tileview/lv_tileview.c ****     lv_obj_update_layout(obj);  /*Be sure the size is correct*/
 323              		.loc 1 146 5 view .LVU86
 324 0004 0449     		ldr	r1, .L17
ARM GAS  C:\Users\w1785\AppData\Local\Temp\ccwkGgFO.s 			page 11


 325              	.LVL45:
 146:Middlewares/LVGL/lvgl/src/widgets/tileview/lv_tileview.c ****     lv_obj_update_layout(obj);  /*Be sure the size is correct*/
 326              		.loc 1 146 5 is_stmt 0 view .LVU87
 327 0006 0A46     		mov	r2, r1
 328 0008 2046     		mov	r0, r4
 329              	.LVL46:
 146:Middlewares/LVGL/lvgl/src/widgets/tileview/lv_tileview.c ****     lv_obj_update_layout(obj);  /*Be sure the size is correct*/
 330              		.loc 1 146 5 view .LVU88
 331 000a FFF7FEFF 		bl	lv_obj_set_size
 332              	.LVL47:
 147:Middlewares/LVGL/lvgl/src/widgets/tileview/lv_tileview.c **** }
 333              		.loc 1 147 5 is_stmt 1 view .LVU89
 334 000e 2046     		mov	r0, r4
 335 0010 FFF7FEFF 		bl	lv_obj_update_layout
 336              	.LVL48:
 148:Middlewares/LVGL/lvgl/src/widgets/tileview/lv_tileview.c **** 
 337              		.loc 1 148 1 is_stmt 0 view .LVU90
 338 0014 10BD     		pop	{r4, pc}
 339              	.LVL49:
 340              	.L18:
 148:Middlewares/LVGL/lvgl/src/widgets/tileview/lv_tileview.c **** 
 341              		.loc 1 148 1 view .LVU91
 342 0016 00BF     		.align	2
 343              	.L17:
 344 0018 64000020 		.word	536871012
 345              		.cfi_endproc
 346              	.LFE194:
 348              		.section	.text.lv_tileview_create,"ax",%progbits
 349              		.align	1
 350              		.global	lv_tileview_create
 351              		.syntax unified
 352              		.thumb
 353              		.thumb_func
 355              	lv_tileview_create:
 356              	.LVL50:
 357              	.LFB188:
  57:Middlewares/LVGL/lvgl/src/widgets/tileview/lv_tileview.c ****     LV_LOG_INFO("begin");
 358              		.loc 1 57 1 is_stmt 1 view -0
 359              		.cfi_startproc
 360              		@ args = 0, pretend = 0, frame = 0
 361              		@ frame_needed = 0, uses_anonymous_args = 0
  57:Middlewares/LVGL/lvgl/src/widgets/tileview/lv_tileview.c ****     LV_LOG_INFO("begin");
 362              		.loc 1 57 1 is_stmt 0 view .LVU93
 363 0000 10B5     		push	{r4, lr}
 364              	.LCFI6:
 365              		.cfi_def_cfa_offset 8
 366              		.cfi_offset 4, -8
 367              		.cfi_offset 14, -4
 368 0002 0146     		mov	r1, r0
  58:Middlewares/LVGL/lvgl/src/widgets/tileview/lv_tileview.c ****     lv_obj_t * obj = lv_obj_class_create_obj(&lv_tileview_class, parent);
 369              		.loc 1 58 5 is_stmt 1 view .LVU94
  58:Middlewares/LVGL/lvgl/src/widgets/tileview/lv_tileview.c ****     lv_obj_t * obj = lv_obj_class_create_obj(&lv_tileview_class, parent);
 370              		.loc 1 58 5 view .LVU95
  58:Middlewares/LVGL/lvgl/src/widgets/tileview/lv_tileview.c ****     lv_obj_t * obj = lv_obj_class_create_obj(&lv_tileview_class, parent);
 371              		.loc 1 58 5 view .LVU96
  59:Middlewares/LVGL/lvgl/src/widgets/tileview/lv_tileview.c ****     lv_obj_class_init_obj(obj);
 372              		.loc 1 59 5 view .LVU97
ARM GAS  C:\Users\w1785\AppData\Local\Temp\ccwkGgFO.s 			page 12


  59:Middlewares/LVGL/lvgl/src/widgets/tileview/lv_tileview.c ****     lv_obj_class_init_obj(obj);
 373              		.loc 1 59 22 is_stmt 0 view .LVU98
 374 0004 0348     		ldr	r0, .L21
 375              	.LVL51:
  59:Middlewares/LVGL/lvgl/src/widgets/tileview/lv_tileview.c ****     lv_obj_class_init_obj(obj);
 376              		.loc 1 59 22 view .LVU99
 377 0006 FFF7FEFF 		bl	lv_obj_class_create_obj
 378              	.LVL52:
  59:Middlewares/LVGL/lvgl/src/widgets/tileview/lv_tileview.c ****     lv_obj_class_init_obj(obj);
 379              		.loc 1 59 22 view .LVU100
 380 000a 0446     		mov	r4, r0
 381              	.LVL53:
  60:Middlewares/LVGL/lvgl/src/widgets/tileview/lv_tileview.c ****     return obj;
 382              		.loc 1 60 5 is_stmt 1 view .LVU101
 383 000c FFF7FEFF 		bl	lv_obj_class_init_obj
 384              	.LVL54:
  61:Middlewares/LVGL/lvgl/src/widgets/tileview/lv_tileview.c **** }
 385              		.loc 1 61 5 view .LVU102
  62:Middlewares/LVGL/lvgl/src/widgets/tileview/lv_tileview.c **** 
 386              		.loc 1 62 1 is_stmt 0 view .LVU103
 387 0010 2046     		mov	r0, r4
 388 0012 10BD     		pop	{r4, pc}
 389              	.LVL55:
 390              	.L22:
  62:Middlewares/LVGL/lvgl/src/widgets/tileview/lv_tileview.c **** 
 391              		.loc 1 62 1 view .LVU104
 392              		.align	2
 393              	.L21:
 394 0014 00000000 		.word	lv_tileview_class
 395              		.cfi_endproc
 396              	.LFE188:
 398              		.section	.text.lv_tileview_add_tile,"ax",%progbits
 399              		.align	1
 400              		.global	lv_tileview_add_tile
 401              		.syntax unified
 402              		.thumb
 403              		.thumb_func
 405              	lv_tileview_add_tile:
 406              	.LVL56:
 407              	.LFB189:
  69:Middlewares/LVGL/lvgl/src/widgets/tileview/lv_tileview.c ****     LV_LOG_INFO("begin");
 408              		.loc 1 69 1 is_stmt 1 view -0
 409              		.cfi_startproc
 410              		@ args = 0, pretend = 0, frame = 0
 411              		@ frame_needed = 0, uses_anonymous_args = 0
  69:Middlewares/LVGL/lvgl/src/widgets/tileview/lv_tileview.c ****     LV_LOG_INFO("begin");
 412              		.loc 1 69 1 is_stmt 0 view .LVU106
 413 0000 2DE9F047 		push	{r4, r5, r6, r7, r8, r9, r10, lr}
 414              	.LCFI7:
 415              		.cfi_def_cfa_offset 32
 416              		.cfi_offset 4, -32
 417              		.cfi_offset 5, -28
 418              		.cfi_offset 6, -24
 419              		.cfi_offset 7, -20
 420              		.cfi_offset 8, -16
 421              		.cfi_offset 9, -12
 422              		.cfi_offset 10, -8
ARM GAS  C:\Users\w1785\AppData\Local\Temp\ccwkGgFO.s 			page 13


 423              		.cfi_offset 14, -4
 424 0004 0746     		mov	r7, r0
 425 0006 0D46     		mov	r5, r1
 426 0008 1646     		mov	r6, r2
 427 000a 9846     		mov	r8, r3
  70:Middlewares/LVGL/lvgl/src/widgets/tileview/lv_tileview.c **** 
 428              		.loc 1 70 5 is_stmt 1 view .LVU107
  70:Middlewares/LVGL/lvgl/src/widgets/tileview/lv_tileview.c **** 
 429              		.loc 1 70 5 view .LVU108
  70:Middlewares/LVGL/lvgl/src/widgets/tileview/lv_tileview.c **** 
 430              		.loc 1 70 5 view .LVU109
  72:Middlewares/LVGL/lvgl/src/widgets/tileview/lv_tileview.c ****     lv_obj_class_init_obj(obj);
 431              		.loc 1 72 5 view .LVU110
  72:Middlewares/LVGL/lvgl/src/widgets/tileview/lv_tileview.c ****     lv_obj_class_init_obj(obj);
 432              		.loc 1 72 22 is_stmt 0 view .LVU111
 433 000c 0146     		mov	r1, r0
 434              	.LVL57:
  72:Middlewares/LVGL/lvgl/src/widgets/tileview/lv_tileview.c ****     lv_obj_class_init_obj(obj);
 435              		.loc 1 72 22 view .LVU112
 436 000e 1148     		ldr	r0, .L27
 437              	.LVL58:
  72:Middlewares/LVGL/lvgl/src/widgets/tileview/lv_tileview.c ****     lv_obj_class_init_obj(obj);
 438              		.loc 1 72 22 view .LVU113
 439 0010 FFF7FEFF 		bl	lv_obj_class_create_obj
 440              	.LVL59:
  72:Middlewares/LVGL/lvgl/src/widgets/tileview/lv_tileview.c ****     lv_obj_class_init_obj(obj);
 441              		.loc 1 72 22 view .LVU114
 442 0014 0446     		mov	r4, r0
 443              	.LVL60:
  73:Middlewares/LVGL/lvgl/src/widgets/tileview/lv_tileview.c ****     lv_obj_set_pos(obj, lv_pct(col_id * 100), lv_pct(row_id * 100));
 444              		.loc 1 73 5 is_stmt 1 view .LVU115
 445 0016 FFF7FEFF 		bl	lv_obj_class_init_obj
 446              	.LVL61:
  74:Middlewares/LVGL/lvgl/src/widgets/tileview/lv_tileview.c **** 
 447              		.loc 1 74 5 view .LVU116
  74:Middlewares/LVGL/lvgl/src/widgets/tileview/lv_tileview.c **** 
 448              		.loc 1 74 39 is_stmt 0 view .LVU117
 449 001a 4FF0640A 		mov	r10, #100
  74:Middlewares/LVGL/lvgl/src/widgets/tileview/lv_tileview.c **** 
 450              		.loc 1 74 5 view .LVU118
 451 001e 0AFB05F0 		mul	r0, r10, r5
 452 0022 FFF7FEFF 		bl	lv_pct
 453              	.LVL62:
 454 0026 8146     		mov	r9, r0
  74:Middlewares/LVGL/lvgl/src/widgets/tileview/lv_tileview.c **** 
 455              		.loc 1 74 5 discriminator 1 view .LVU119
 456 0028 0AFB06F0 		mul	r0, r10, r6
 457 002c FFF7FEFF 		bl	lv_pct
 458              	.LVL63:
 459 0030 0246     		mov	r2, r0
  74:Middlewares/LVGL/lvgl/src/widgets/tileview/lv_tileview.c **** 
 460              		.loc 1 74 5 discriminator 2 view .LVU120
 461 0032 4946     		mov	r1, r9
 462 0034 2046     		mov	r0, r4
 463 0036 FFF7FEFF 		bl	lv_obj_set_pos
 464              	.LVL64:
  76:Middlewares/LVGL/lvgl/src/widgets/tileview/lv_tileview.c ****     tile->dir = dir;
ARM GAS  C:\Users\w1785\AppData\Local\Temp\ccwkGgFO.s 			page 14


 465              		.loc 1 76 5 is_stmt 1 view .LVU121
  77:Middlewares/LVGL/lvgl/src/widgets/tileview/lv_tileview.c **** 
 466              		.loc 1 77 5 view .LVU122
  77:Middlewares/LVGL/lvgl/src/widgets/tileview/lv_tileview.c **** 
 467              		.loc 1 77 15 is_stmt 0 view .LVU123
 468 003a 84F83080 		strb	r8, [r4, #48]
  79:Middlewares/LVGL/lvgl/src/widgets/tileview/lv_tileview.c ****         lv_obj_set_scroll_dir(tv, dir);
 469              		.loc 1 79 5 is_stmt 1 view .LVU124
  79:Middlewares/LVGL/lvgl/src/widgets/tileview/lv_tileview.c ****         lv_obj_set_scroll_dir(tv, dir);
 470              		.loc 1 79 7 is_stmt 0 view .LVU125
 471 003e 05B9     		cbnz	r5, .L23
  79:Middlewares/LVGL/lvgl/src/widgets/tileview/lv_tileview.c ****         lv_obj_set_scroll_dir(tv, dir);
 472              		.loc 1 79 20 discriminator 1 view .LVU126
 473 0040 16B1     		cbz	r6, .L26
 474              	.L23:
  83:Middlewares/LVGL/lvgl/src/widgets/tileview/lv_tileview.c **** 
 475              		.loc 1 83 1 view .LVU127
 476 0042 2046     		mov	r0, r4
 477 0044 BDE8F087 		pop	{r4, r5, r6, r7, r8, r9, r10, pc}
 478              	.LVL65:
 479              	.L26:
  80:Middlewares/LVGL/lvgl/src/widgets/tileview/lv_tileview.c ****     }
 480              		.loc 1 80 9 is_stmt 1 view .LVU128
 481 0048 4146     		mov	r1, r8
 482 004a 3846     		mov	r0, r7
 483 004c FFF7FEFF 		bl	lv_obj_set_scroll_dir
 484              	.LVL66:
  82:Middlewares/LVGL/lvgl/src/widgets/tileview/lv_tileview.c **** }
 485              		.loc 1 82 5 view .LVU129
  82:Middlewares/LVGL/lvgl/src/widgets/tileview/lv_tileview.c **** }
 486              		.loc 1 82 12 is_stmt 0 view .LVU130
 487 0050 F7E7     		b	.L23
 488              	.L28:
 489 0052 00BF     		.align	2
 490              	.L27:
 491 0054 00000000 		.word	lv_tileview_tile_class
 492              		.cfi_endproc
 493              	.LFE189:
 495              		.section	.text.lv_tileview_set_tile,"ax",%progbits
 496              		.align	1
 497              		.global	lv_tileview_set_tile
 498              		.syntax unified
 499              		.thumb
 500              		.thumb_func
 502              	lv_tileview_set_tile:
 503              	.LVL67:
 504              	.LFB190:
  86:Middlewares/LVGL/lvgl/src/widgets/tileview/lv_tileview.c ****     int32_t tx = lv_obj_get_x(tile_obj);
 505              		.loc 1 86 1 is_stmt 1 view -0
 506              		.cfi_startproc
 507              		@ args = 0, pretend = 0, frame = 0
 508              		@ frame_needed = 0, uses_anonymous_args = 0
  86:Middlewares/LVGL/lvgl/src/widgets/tileview/lv_tileview.c ****     int32_t tx = lv_obj_get_x(tile_obj);
 509              		.loc 1 86 1 is_stmt 0 view .LVU132
 510 0000 2DE9F041 		push	{r4, r5, r6, r7, r8, lr}
 511              	.LCFI8:
 512              		.cfi_def_cfa_offset 24
ARM GAS  C:\Users\w1785\AppData\Local\Temp\ccwkGgFO.s 			page 15


 513              		.cfi_offset 4, -24
 514              		.cfi_offset 5, -20
 515              		.cfi_offset 6, -16
 516              		.cfi_offset 7, -12
 517              		.cfi_offset 8, -8
 518              		.cfi_offset 14, -4
 519 0004 0546     		mov	r5, r0
 520 0006 0C46     		mov	r4, r1
 521 0008 9046     		mov	r8, r2
  87:Middlewares/LVGL/lvgl/src/widgets/tileview/lv_tileview.c ****     int32_t ty = lv_obj_get_y(tile_obj);
 522              		.loc 1 87 5 is_stmt 1 view .LVU133
  87:Middlewares/LVGL/lvgl/src/widgets/tileview/lv_tileview.c ****     int32_t ty = lv_obj_get_y(tile_obj);
 523              		.loc 1 87 18 is_stmt 0 view .LVU134
 524 000a 0846     		mov	r0, r1
 525              	.LVL68:
  87:Middlewares/LVGL/lvgl/src/widgets/tileview/lv_tileview.c ****     int32_t ty = lv_obj_get_y(tile_obj);
 526              		.loc 1 87 18 view .LVU135
 527 000c FFF7FEFF 		bl	lv_obj_get_x
 528              	.LVL69:
  87:Middlewares/LVGL/lvgl/src/widgets/tileview/lv_tileview.c ****     int32_t ty = lv_obj_get_y(tile_obj);
 529              		.loc 1 87 18 view .LVU136
 530 0010 0646     		mov	r6, r0
 531              	.LVL70:
  88:Middlewares/LVGL/lvgl/src/widgets/tileview/lv_tileview.c **** 
 532              		.loc 1 88 5 is_stmt 1 view .LVU137
  88:Middlewares/LVGL/lvgl/src/widgets/tileview/lv_tileview.c **** 
 533              		.loc 1 88 18 is_stmt 0 view .LVU138
 534 0012 2046     		mov	r0, r4
 535              	.LVL71:
  88:Middlewares/LVGL/lvgl/src/widgets/tileview/lv_tileview.c **** 
 536              		.loc 1 88 18 view .LVU139
 537 0014 FFF7FEFF 		bl	lv_obj_get_y
 538              	.LVL72:
 539 0018 0746     		mov	r7, r0
 540              	.LVL73:
  90:Middlewares/LVGL/lvgl/src/widgets/tileview/lv_tileview.c ****     lv_tileview_t * tv = (lv_tileview_t *) obj;
 541              		.loc 1 90 5 is_stmt 1 view .LVU140
  91:Middlewares/LVGL/lvgl/src/widgets/tileview/lv_tileview.c ****     tv->tile_act = (lv_obj_t *)tile;
 542              		.loc 1 91 5 view .LVU141
  92:Middlewares/LVGL/lvgl/src/widgets/tileview/lv_tileview.c **** 
 543              		.loc 1 92 5 view .LVU142
  92:Middlewares/LVGL/lvgl/src/widgets/tileview/lv_tileview.c **** 
 544              		.loc 1 92 18 is_stmt 0 view .LVU143
 545 001a 2C63     		str	r4, [r5, #48]
  94:Middlewares/LVGL/lvgl/src/widgets/tileview/lv_tileview.c ****     lv_obj_scroll_to(obj, tx, ty, anim_en);
 546              		.loc 1 94 5 is_stmt 1 view .LVU144
 547 001c 94F83010 		ldrb	r1, [r4, #48]	@ zero_extendqisi2
 548 0020 2846     		mov	r0, r5
 549              	.LVL74:
  94:Middlewares/LVGL/lvgl/src/widgets/tileview/lv_tileview.c ****     lv_obj_scroll_to(obj, tx, ty, anim_en);
 550              		.loc 1 94 5 is_stmt 0 view .LVU145
 551 0022 FFF7FEFF 		bl	lv_obj_set_scroll_dir
 552              	.LVL75:
  95:Middlewares/LVGL/lvgl/src/widgets/tileview/lv_tileview.c **** }
 553              		.loc 1 95 5 is_stmt 1 view .LVU146
 554 0026 4346     		mov	r3, r8
 555 0028 3A46     		mov	r2, r7
ARM GAS  C:\Users\w1785\AppData\Local\Temp\ccwkGgFO.s 			page 16


 556 002a 3146     		mov	r1, r6
 557 002c 2846     		mov	r0, r5
 558 002e FFF7FEFF 		bl	lv_obj_scroll_to
 559              	.LVL76:
  96:Middlewares/LVGL/lvgl/src/widgets/tileview/lv_tileview.c **** 
 560              		.loc 1 96 1 is_stmt 0 view .LVU147
 561 0032 BDE8F081 		pop	{r4, r5, r6, r7, r8, pc}
  96:Middlewares/LVGL/lvgl/src/widgets/tileview/lv_tileview.c **** 
 562              		.loc 1 96 1 view .LVU148
 563              		.cfi_endproc
 564              	.LFE190:
 566              		.section	.text.lv_tileview_set_tile_by_index,"ax",%progbits
 567              		.align	1
 568              		.global	lv_tileview_set_tile_by_index
 569              		.syntax unified
 570              		.thumb
 571              		.thumb_func
 573              	lv_tileview_set_tile_by_index:
 574              	.LVL77:
 575              	.LFB191:
  99:Middlewares/LVGL/lvgl/src/widgets/tileview/lv_tileview.c ****     lv_obj_update_layout(tv);
 576              		.loc 1 99 1 is_stmt 1 view -0
 577              		.cfi_startproc
 578              		@ args = 0, pretend = 0, frame = 0
 579              		@ frame_needed = 0, uses_anonymous_args = 0
  99:Middlewares/LVGL/lvgl/src/widgets/tileview/lv_tileview.c ****     lv_obj_update_layout(tv);
 580              		.loc 1 99 1 is_stmt 0 view .LVU150
 581 0000 2DE9F047 		push	{r4, r5, r6, r7, r8, r9, r10, lr}
 582              	.LCFI9:
 583              		.cfi_def_cfa_offset 32
 584              		.cfi_offset 4, -32
 585              		.cfi_offset 5, -28
 586              		.cfi_offset 6, -24
 587              		.cfi_offset 7, -20
 588              		.cfi_offset 8, -16
 589              		.cfi_offset 9, -12
 590              		.cfi_offset 10, -8
 591              		.cfi_offset 14, -4
 592 0004 0746     		mov	r7, r0
 593 0006 0D46     		mov	r5, r1
 594 0008 9146     		mov	r9, r2
 595 000a 9A46     		mov	r10, r3
 100:Middlewares/LVGL/lvgl/src/widgets/tileview/lv_tileview.c **** 
 596              		.loc 1 100 5 is_stmt 1 view .LVU151
 597 000c FFF7FEFF 		bl	lv_obj_update_layout
 598              	.LVL78:
 102:Middlewares/LVGL/lvgl/src/widgets/tileview/lv_tileview.c ****     int32_t h = lv_obj_get_content_height(tv);
 599              		.loc 1 102 5 view .LVU152
 102:Middlewares/LVGL/lvgl/src/widgets/tileview/lv_tileview.c ****     int32_t h = lv_obj_get_content_height(tv);
 600              		.loc 1 102 17 is_stmt 0 view .LVU153
 601 0010 3846     		mov	r0, r7
 602 0012 FFF7FEFF 		bl	lv_obj_get_content_width
 603              	.LVL79:
 604 0016 8046     		mov	r8, r0
 605              	.LVL80:
 103:Middlewares/LVGL/lvgl/src/widgets/tileview/lv_tileview.c **** 
 606              		.loc 1 103 5 is_stmt 1 view .LVU154
ARM GAS  C:\Users\w1785\AppData\Local\Temp\ccwkGgFO.s 			page 17


 103:Middlewares/LVGL/lvgl/src/widgets/tileview/lv_tileview.c **** 
 607              		.loc 1 103 17 is_stmt 0 view .LVU155
 608 0018 3846     		mov	r0, r7
 609              	.LVL81:
 103:Middlewares/LVGL/lvgl/src/widgets/tileview/lv_tileview.c **** 
 610              		.loc 1 103 17 view .LVU156
 611 001a FFF7FEFF 		bl	lv_obj_get_content_height
 612              	.LVL82:
 105:Middlewares/LVGL/lvgl/src/widgets/tileview/lv_tileview.c ****     int32_t ty = row_id * h;
 613              		.loc 1 105 5 is_stmt 1 view .LVU157
 105:Middlewares/LVGL/lvgl/src/widgets/tileview/lv_tileview.c ****     int32_t ty = row_id * h;
 614              		.loc 1 105 25 is_stmt 0 view .LVU158
 615 001e 05FB08F8 		mul	r8, r5, r8
 616              	.LVL83:
 106:Middlewares/LVGL/lvgl/src/widgets/tileview/lv_tileview.c **** 
 617              		.loc 1 106 5 is_stmt 1 view .LVU159
 106:Middlewares/LVGL/lvgl/src/widgets/tileview/lv_tileview.c **** 
 618              		.loc 1 106 25 is_stmt 0 view .LVU160
 619 0022 09FB00F9 		mul	r9, r9, r0
 620              	.LVL84:
 108:Middlewares/LVGL/lvgl/src/widgets/tileview/lv_tileview.c ****     for(i = 0; i < lv_obj_get_child_count(tv); i++) {
 621              		.loc 1 108 5 is_stmt 1 view .LVU161
 109:Middlewares/LVGL/lvgl/src/widgets/tileview/lv_tileview.c ****         lv_obj_t * tile_obj = lv_obj_get_child(tv, i);
 622              		.loc 1 109 5 view .LVU162
 109:Middlewares/LVGL/lvgl/src/widgets/tileview/lv_tileview.c ****         lv_obj_t * tile_obj = lv_obj_get_child(tv, i);
 623              		.loc 1 109 11 is_stmt 0 view .LVU163
 624 0026 0024     		movs	r4, #0
 109:Middlewares/LVGL/lvgl/src/widgets/tileview/lv_tileview.c ****         lv_obj_t * tile_obj = lv_obj_get_child(tv, i);
 625              		.loc 1 109 5 view .LVU164
 626 0028 00E0     		b	.L32
 627              	.LVL85:
 628              	.L33:
 109:Middlewares/LVGL/lvgl/src/widgets/tileview/lv_tileview.c ****         lv_obj_t * tile_obj = lv_obj_get_child(tv, i);
 629              		.loc 1 109 49 is_stmt 1 discriminator 2 view .LVU165
 630 002a 0134     		adds	r4, r4, #1
 631              	.LVL86:
 632              	.L32:
 109:Middlewares/LVGL/lvgl/src/widgets/tileview/lv_tileview.c ****         lv_obj_t * tile_obj = lv_obj_get_child(tv, i);
 633              		.loc 1 109 18 discriminator 1 view .LVU166
 109:Middlewares/LVGL/lvgl/src/widgets/tileview/lv_tileview.c ****         lv_obj_t * tile_obj = lv_obj_get_child(tv, i);
 634              		.loc 1 109 20 is_stmt 0 discriminator 1 view .LVU167
 635 002c 3846     		mov	r0, r7
 636 002e FFF7FEFF 		bl	lv_obj_get_child_count
 637              	.LVL87:
 109:Middlewares/LVGL/lvgl/src/widgets/tileview/lv_tileview.c ****         lv_obj_t * tile_obj = lv_obj_get_child(tv, i);
 638              		.loc 1 109 18 discriminator 1 view .LVU168
 639 0032 A042     		cmp	r0, r4
 640 0034 13D9     		bls	.L31
 641              	.LBB5:
 110:Middlewares/LVGL/lvgl/src/widgets/tileview/lv_tileview.c ****         int32_t x = lv_obj_get_x(tile_obj);
 642              		.loc 1 110 9 is_stmt 1 view .LVU169
 110:Middlewares/LVGL/lvgl/src/widgets/tileview/lv_tileview.c ****         int32_t x = lv_obj_get_x(tile_obj);
 643              		.loc 1 110 31 is_stmt 0 view .LVU170
 644 0036 2146     		mov	r1, r4
 645 0038 3846     		mov	r0, r7
 646 003a FFF7FEFF 		bl	lv_obj_get_child
 647              	.LVL88:
ARM GAS  C:\Users\w1785\AppData\Local\Temp\ccwkGgFO.s 			page 18


 648 003e 0546     		mov	r5, r0
 649              	.LVL89:
 111:Middlewares/LVGL/lvgl/src/widgets/tileview/lv_tileview.c ****         int32_t y = lv_obj_get_y(tile_obj);
 650              		.loc 1 111 9 is_stmt 1 view .LVU171
 111:Middlewares/LVGL/lvgl/src/widgets/tileview/lv_tileview.c ****         int32_t y = lv_obj_get_y(tile_obj);
 651              		.loc 1 111 21 is_stmt 0 view .LVU172
 652 0040 FFF7FEFF 		bl	lv_obj_get_x
 653              	.LVL90:
 111:Middlewares/LVGL/lvgl/src/widgets/tileview/lv_tileview.c ****         int32_t y = lv_obj_get_y(tile_obj);
 654              		.loc 1 111 21 view .LVU173
 655 0044 0646     		mov	r6, r0
 656              	.LVL91:
 112:Middlewares/LVGL/lvgl/src/widgets/tileview/lv_tileview.c ****         if(x == tx && y == ty) {
 657              		.loc 1 112 9 is_stmt 1 view .LVU174
 112:Middlewares/LVGL/lvgl/src/widgets/tileview/lv_tileview.c ****         if(x == tx && y == ty) {
 658              		.loc 1 112 21 is_stmt 0 view .LVU175
 659 0046 2846     		mov	r0, r5
 660              	.LVL92:
 112:Middlewares/LVGL/lvgl/src/widgets/tileview/lv_tileview.c ****         if(x == tx && y == ty) {
 661              		.loc 1 112 21 view .LVU176
 662 0048 FFF7FEFF 		bl	lv_obj_get_y
 663              	.LVL93:
 113:Middlewares/LVGL/lvgl/src/widgets/tileview/lv_tileview.c ****             lv_tileview_set_tile(tv, tile_obj, anim_en);
 664              		.loc 1 113 9 is_stmt 1 view .LVU177
 113:Middlewares/LVGL/lvgl/src/widgets/tileview/lv_tileview.c ****             lv_tileview_set_tile(tv, tile_obj, anim_en);
 665              		.loc 1 113 11 is_stmt 0 view .LVU178
 666 004c B045     		cmp	r8, r6
 667 004e ECD1     		bne	.L33
 113:Middlewares/LVGL/lvgl/src/widgets/tileview/lv_tileview.c ****             lv_tileview_set_tile(tv, tile_obj, anim_en);
 668              		.loc 1 113 20 discriminator 1 view .LVU179
 669 0050 8145     		cmp	r9, r0
 670 0052 EAD1     		bne	.L33
 114:Middlewares/LVGL/lvgl/src/widgets/tileview/lv_tileview.c ****             return;
 671              		.loc 1 114 13 is_stmt 1 view .LVU180
 672 0054 5246     		mov	r2, r10
 673 0056 2946     		mov	r1, r5
 674 0058 3846     		mov	r0, r7
 675              	.LVL94:
 114:Middlewares/LVGL/lvgl/src/widgets/tileview/lv_tileview.c ****             return;
 676              		.loc 1 114 13 is_stmt 0 view .LVU181
 677 005a FFF7FEFF 		bl	lv_tileview_set_tile
 678              	.LVL95:
 115:Middlewares/LVGL/lvgl/src/widgets/tileview/lv_tileview.c ****         }
 679              		.loc 1 115 13 is_stmt 1 view .LVU182
 680              	.L31:
 115:Middlewares/LVGL/lvgl/src/widgets/tileview/lv_tileview.c ****         }
 681              		.loc 1 115 13 is_stmt 0 view .LVU183
 682              	.LBE5:
 120:Middlewares/LVGL/lvgl/src/widgets/tileview/lv_tileview.c **** 
 683              		.loc 1 120 1 view .LVU184
 684 005e BDE8F087 		pop	{r4, r5, r6, r7, r8, r9, r10, pc}
 120:Middlewares/LVGL/lvgl/src/widgets/tileview/lv_tileview.c **** 
 685              		.loc 1 120 1 view .LVU185
 686              		.cfi_endproc
 687              	.LFE191:
 689              		.section	.text.lv_tileview_get_tile_active,"ax",%progbits
 690              		.align	1
ARM GAS  C:\Users\w1785\AppData\Local\Temp\ccwkGgFO.s 			page 19


 691              		.global	lv_tileview_get_tile_active
 692              		.syntax unified
 693              		.thumb
 694              		.thumb_func
 696              	lv_tileview_get_tile_active:
 697              	.LVL96:
 698              	.LFB192:
 123:Middlewares/LVGL/lvgl/src/widgets/tileview/lv_tileview.c ****     lv_tileview_t * tv = (lv_tileview_t *) obj;
 699              		.loc 1 123 1 is_stmt 1 view -0
 700              		.cfi_startproc
 701              		@ args = 0, pretend = 0, frame = 0
 702              		@ frame_needed = 0, uses_anonymous_args = 0
 703              		@ link register save eliminated.
 124:Middlewares/LVGL/lvgl/src/widgets/tileview/lv_tileview.c ****     return tv->tile_act;
 704              		.loc 1 124 5 view .LVU187
 125:Middlewares/LVGL/lvgl/src/widgets/tileview/lv_tileview.c **** }
 705              		.loc 1 125 5 view .LVU188
 126:Middlewares/LVGL/lvgl/src/widgets/tileview/lv_tileview.c **** 
 706              		.loc 1 126 1 is_stmt 0 view .LVU189
 707 0000 006B     		ldr	r0, [r0, #48]
 708              	.LVL97:
 126:Middlewares/LVGL/lvgl/src/widgets/tileview/lv_tileview.c **** 
 709              		.loc 1 126 1 view .LVU190
 710 0002 7047     		bx	lr
 711              		.cfi_endproc
 712              	.LFE192:
 714              		.global	lv_tileview_tile_class
 715              		.section	.rodata.str1.4,"aMS",%progbits,1
 716              		.align	2
 717              	.LC0:
 718 0000 6C765F74 		.ascii	"lv_tile\000"
 718      696C6500 
 719              		.section	.rodata.lv_tileview_tile_class,"a"
 720              		.align	2
 723              	lv_tileview_tile_class:
 724 0000 00000000 		.word	lv_obj_class
 725 0004 00000000 		.word	lv_tileview_tile_constructor
 726 0008 00000000 		.space	12
 726      00000000 
 726      00000000 
 727 0014 00000000 		.word	.LC0
 728 0018 00000000 		.space	8
 728      00000000 
 729 0020 40       		.byte	64
 730 0021 03       		.byte	3
 731 0022 00       		.byte	0
 732 0023 00       		.space	1
 733              		.global	lv_tileview_class
 734              		.section	.rodata.str1.4
 735              		.align	2
 736              	.LC1:
 737 0008 6C765F74 		.ascii	"lv_tileview\000"
 737      696C6576 
 737      69657700 
 738              		.section	.rodata.lv_tileview_class,"a"
 739              		.align	2
 742              	lv_tileview_class:
ARM GAS  C:\Users\w1785\AppData\Local\Temp\ccwkGgFO.s 			page 20


 743 0000 00000000 		.word	lv_obj_class
 744 0004 00000000 		.word	lv_tileview_constructor
 745 0008 00000000 		.space	12
 745      00000000 
 745      00000000 
 746 0014 08000000 		.word	.LC1
 747 0018 00000000 		.space	8
 747      00000000 
 748 0020 40       		.byte	64
 749 0021 03       		.byte	3
 750 0022 00       		.byte	0
 751 0023 00       		.space	1
 752              		.text
 753              	.Letext0:
 754              		.file 2 "D:\\STM32CubeIDE\\STM32CubeIDE_2.1.1\\STM32CubeIDE\\plugins\\com.st.stm32cube.ide.mcu.ext
 755              		.file 3 "D:\\STM32CubeIDE\\STM32CubeIDE_2.1.1\\STM32CubeIDE\\plugins\\com.st.stm32cube.ide.mcu.ext
 756              		.file 4 "Middlewares/LVGL/lvgl/src/widgets/tileview/../../core/../misc/lv_types.h"
 757              		.file 5 "Middlewares/LVGL/lvgl/src/widgets/tileview/../../core/lv_obj_private.h"
 758              		.file 6 "Middlewares/LVGL/lvgl/src/widgets/tileview/../../core/lv_obj_class_private.h"
 759              		.file 7 "Middlewares/LVGL/lvgl/src/widgets/tileview/../../indev/lv_indev_private.h"
 760              		.file 8 "Middlewares/LVGL/lvgl/src/widgets/tileview/../../core/../misc/lv_anim.h"
 761              		.file 9 "Middlewares/LVGL/lvgl/src/widgets/tileview/lv_tileview_private.h"
 762              		.file 10 "Middlewares/LVGL/lvgl/src/widgets/tileview/../../core/../display/../misc/lv_array.h"
 763              		.file 11 "Middlewares/LVGL/lvgl/src/widgets/tileview/../../core/../misc/../font/../draw/../misc/lv
 764              		.file 12 "Middlewares/LVGL/lvgl/src/widgets/tileview/../../core/../display/../misc/lv_event.h"
 765              		.file 13 "Middlewares/LVGL/lvgl/src/widgets/tileview/../../core/lv_obj_scroll.h"
 766              		.file 14 "Middlewares/LVGL/lvgl/src/widgets/tileview/../../core/../indev/../core/lv_group.h"
 767              		.file 15 "Middlewares/LVGL/lvgl/src/widgets/tileview/../../core/../indev/lv_indev.h"
 768              		.file 16 "Middlewares/LVGL/lvgl/src/widgets/tileview/../../core/lv_obj.h"
 769              		.file 17 "Middlewares/LVGL/lvgl/src/widgets/tileview/lv_tileview.h"
 770              		.file 18 "Middlewares/LVGL/lvgl/src/widgets/tileview/../../core/lv_obj_pos.h"
 771              		.file 19 "Middlewares/LVGL/lvgl/src/widgets/tileview/../../core/lv_obj_class.h"
 772              		.file 20 "Middlewares/LVGL/lvgl/src/widgets/tileview/../../core/lv_obj_tree.h"
 773              		.file 21 "Middlewares/LVGL/lvgl/src/widgets/tileview/../../core/lv_obj_event.h"
ARM GAS  C:\Users\w1785\AppData\Local\Temp\ccwkGgFO.s 			page 21


DEFINED SYMBOLS
                            *ABS*:00000000 lv_tileview.c
C:\Users\w1785\AppData\Local\Temp\ccwkGgFO.s:21     .text.lv_tileview_constructor:00000000 $t
C:\Users\w1785\AppData\Local\Temp\ccwkGgFO.s:26     .text.lv_tileview_constructor:00000000 lv_tileview_constructor
C:\Users\w1785\AppData\Local\Temp\ccwkGgFO.s:80     .text.lv_tileview_constructor:00000034 $d
C:\Users\w1785\AppData\Local\Temp\ccwkGgFO.s:91     .text.tileview_event_cb:00000000 tileview_event_cb
C:\Users\w1785\AppData\Local\Temp\ccwkGgFO.s:86     .text.tileview_event_cb:00000000 $t
C:\Users\w1785\AppData\Local\Temp\ccwkGgFO.s:303    .text.lv_tileview_tile_constructor:00000000 $t
C:\Users\w1785\AppData\Local\Temp\ccwkGgFO.s:308    .text.lv_tileview_tile_constructor:00000000 lv_tileview_tile_constructor
C:\Users\w1785\AppData\Local\Temp\ccwkGgFO.s:344    .text.lv_tileview_tile_constructor:00000018 $d
C:\Users\w1785\AppData\Local\Temp\ccwkGgFO.s:349    .text.lv_tileview_create:00000000 $t
C:\Users\w1785\AppData\Local\Temp\ccwkGgFO.s:355    .text.lv_tileview_create:00000000 lv_tileview_create
C:\Users\w1785\AppData\Local\Temp\ccwkGgFO.s:394    .text.lv_tileview_create:00000014 $d
C:\Users\w1785\AppData\Local\Temp\ccwkGgFO.s:742    .rodata.lv_tileview_class:00000000 lv_tileview_class
C:\Users\w1785\AppData\Local\Temp\ccwkGgFO.s:399    .text.lv_tileview_add_tile:00000000 $t
C:\Users\w1785\AppData\Local\Temp\ccwkGgFO.s:405    .text.lv_tileview_add_tile:00000000 lv_tileview_add_tile
C:\Users\w1785\AppData\Local\Temp\ccwkGgFO.s:491    .text.lv_tileview_add_tile:00000054 $d
C:\Users\w1785\AppData\Local\Temp\ccwkGgFO.s:723    .rodata.lv_tileview_tile_class:00000000 lv_tileview_tile_class
C:\Users\w1785\AppData\Local\Temp\ccwkGgFO.s:496    .text.lv_tileview_set_tile:00000000 $t
C:\Users\w1785\AppData\Local\Temp\ccwkGgFO.s:502    .text.lv_tileview_set_tile:00000000 lv_tileview_set_tile
C:\Users\w1785\AppData\Local\Temp\ccwkGgFO.s:567    .text.lv_tileview_set_tile_by_index:00000000 $t
C:\Users\w1785\AppData\Local\Temp\ccwkGgFO.s:573    .text.lv_tileview_set_tile_by_index:00000000 lv_tileview_set_tile_by_index
C:\Users\w1785\AppData\Local\Temp\ccwkGgFO.s:690    .text.lv_tileview_get_tile_active:00000000 $t
C:\Users\w1785\AppData\Local\Temp\ccwkGgFO.s:696    .text.lv_tileview_get_tile_active:00000000 lv_tileview_get_tile_active
C:\Users\w1785\AppData\Local\Temp\ccwkGgFO.s:716    .rodata.str1.4:00000000 $d
C:\Users\w1785\AppData\Local\Temp\ccwkGgFO.s:720    .rodata.lv_tileview_tile_class:00000000 $d
C:\Users\w1785\AppData\Local\Temp\ccwkGgFO.s:739    .rodata.lv_tileview_class:00000000 $d

UNDEFINED SYMBOLS
lv_obj_set_size
lv_obj_add_event_cb
lv_obj_add_flag
lv_obj_set_scroll_snap_x
lv_obj_set_scroll_snap_y
lv_event_get_code
lv_event_get_current_target
lv_indev_active
lv_obj_get_content_width
lv_obj_get_content_height
lv_obj_get_scroll_end
lv_obj_get_child_count
lv_obj_get_child
lv_obj_get_x
lv_obj_get_y
lv_obj_send_event
lv_obj_set_scroll_dir
lv_obj_update_layout
lv_obj_class_create_obj
lv_obj_class_init_obj
lv_pct
lv_obj_set_pos
lv_obj_scroll_to
lv_obj_class
