ARM GAS  C:\Users\w1785\AppData\Local\Temp\ccDTG2Uh.s 			page 1


   1              		.cpu cortex-m4
   2              		.arch armv7e-m
   3              		.fpu fpv4-sp-d16
   4              		.eabi_attribute 27, 1
   5              		.eabi_attribute 28, 1
   6              		.eabi_attribute 20, 1
   7              		.eabi_attribute 21, 1
   8              		.eabi_attribute 23, 3
   9              		.eabi_attribute 24, 1
  10              		.eabi_attribute 25, 1
  11              		.eabi_attribute 26, 1
  12              		.eabi_attribute 30, 1
  13              		.eabi_attribute 34, 1
  14              		.eabi_attribute 18, 4
  15              		.file	"lv_tree.c"
  16              		.text
  17              	.Ltext0:
  18              		.cfi_sections	.debug_frame
  19              		.file 1 "Middlewares/LVGL/lvgl/src/misc/lv_tree.c"
  20              		.section	.text._lv_tree_node_construct,"ax",%progbits
  21              		.align	1
  22              		.syntax unified
  23              		.thumb
  24              		.thumb_func
  26              	_lv_tree_node_construct:
  27              	.LVL0:
  28              	.LFB2:
   1:Middlewares/LVGL/lvgl/src/misc/lv_tree.c **** /**
   2:Middlewares/LVGL/lvgl/src/misc/lv_tree.c ****  * @file lv_tree.c
   3:Middlewares/LVGL/lvgl/src/misc/lv_tree.c ****  * Tree.
   4:Middlewares/LVGL/lvgl/src/misc/lv_tree.c ****  * The nodes are dynamically allocated by the 'lv_mem' module,
   5:Middlewares/LVGL/lvgl/src/misc/lv_tree.c ****  */
   6:Middlewares/LVGL/lvgl/src/misc/lv_tree.c **** 
   7:Middlewares/LVGL/lvgl/src/misc/lv_tree.c **** /*********************
   8:Middlewares/LVGL/lvgl/src/misc/lv_tree.c ****  *      INCLUDES
   9:Middlewares/LVGL/lvgl/src/misc/lv_tree.c ****  *********************/
  10:Middlewares/LVGL/lvgl/src/misc/lv_tree.c **** #include "lv_tree.h"
  11:Middlewares/LVGL/lvgl/src/misc/lv_tree.c **** #include "../stdlib/lv_mem.h"
  12:Middlewares/LVGL/lvgl/src/misc/lv_tree.c **** #include "../stdlib/lv_string.h"
  13:Middlewares/LVGL/lvgl/src/misc/lv_tree.c **** 
  14:Middlewares/LVGL/lvgl/src/misc/lv_tree.c **** #include "lv_assert.h"
  15:Middlewares/LVGL/lvgl/src/misc/lv_tree.c **** 
  16:Middlewares/LVGL/lvgl/src/misc/lv_tree.c **** /*********************
  17:Middlewares/LVGL/lvgl/src/misc/lv_tree.c ****  *      DEFINES
  18:Middlewares/LVGL/lvgl/src/misc/lv_tree.c ****  *********************/
  19:Middlewares/LVGL/lvgl/src/misc/lv_tree.c **** #define INIT_CHILDREN_CAP 4
  20:Middlewares/LVGL/lvgl/src/misc/lv_tree.c **** 
  21:Middlewares/LVGL/lvgl/src/misc/lv_tree.c **** /**********************
  22:Middlewares/LVGL/lvgl/src/misc/lv_tree.c ****  *      TYPEDEFS
  23:Middlewares/LVGL/lvgl/src/misc/lv_tree.c ****  **********************/
  24:Middlewares/LVGL/lvgl/src/misc/lv_tree.c **** 
  25:Middlewares/LVGL/lvgl/src/misc/lv_tree.c **** /**********************
  26:Middlewares/LVGL/lvgl/src/misc/lv_tree.c ****  *  STATIC PROTOTYPES
  27:Middlewares/LVGL/lvgl/src/misc/lv_tree.c ****  **********************/
  28:Middlewares/LVGL/lvgl/src/misc/lv_tree.c **** 
  29:Middlewares/LVGL/lvgl/src/misc/lv_tree.c **** /**********************
  30:Middlewares/LVGL/lvgl/src/misc/lv_tree.c ****  *  STATIC VARIABLES
ARM GAS  C:\Users\w1785\AppData\Local\Temp\ccDTG2Uh.s 			page 2


  31:Middlewares/LVGL/lvgl/src/misc/lv_tree.c ****  **********************/
  32:Middlewares/LVGL/lvgl/src/misc/lv_tree.c **** 
  33:Middlewares/LVGL/lvgl/src/misc/lv_tree.c **** const lv_tree_class_t lv_tree_node_class = {
  34:Middlewares/LVGL/lvgl/src/misc/lv_tree.c ****     .base_class = NULL,
  35:Middlewares/LVGL/lvgl/src/misc/lv_tree.c ****     .instance_size = sizeof(lv_tree_node_t),
  36:Middlewares/LVGL/lvgl/src/misc/lv_tree.c ****     .constructor_cb = NULL,
  37:Middlewares/LVGL/lvgl/src/misc/lv_tree.c ****     .destructor_cb = NULL,
  38:Middlewares/LVGL/lvgl/src/misc/lv_tree.c **** };
  39:Middlewares/LVGL/lvgl/src/misc/lv_tree.c **** 
  40:Middlewares/LVGL/lvgl/src/misc/lv_tree.c **** /**********************
  41:Middlewares/LVGL/lvgl/src/misc/lv_tree.c ****  *      MACROS
  42:Middlewares/LVGL/lvgl/src/misc/lv_tree.c ****  **********************/
  43:Middlewares/LVGL/lvgl/src/misc/lv_tree.c **** 
  44:Middlewares/LVGL/lvgl/src/misc/lv_tree.c **** /**********************
  45:Middlewares/LVGL/lvgl/src/misc/lv_tree.c ****  *   GLOBAL FUNCTIONS
  46:Middlewares/LVGL/lvgl/src/misc/lv_tree.c ****  **********************/
  47:Middlewares/LVGL/lvgl/src/misc/lv_tree.c **** 
  48:Middlewares/LVGL/lvgl/src/misc/lv_tree.c **** static void _lv_tree_node_construct(const lv_tree_class_t * class_p, lv_tree_node_t * node)
  49:Middlewares/LVGL/lvgl/src/misc/lv_tree.c **** {
  29              		.loc 1 49 1 view -0
  30              		.cfi_startproc
  31              		@ args = 0, pretend = 0, frame = 0
  32              		@ frame_needed = 0, uses_anonymous_args = 0
  33              		.loc 1 49 1 is_stmt 0 view .LVU1
  34 0000 70B5     		push	{r4, r5, r6, lr}
  35              	.LCFI0:
  36              		.cfi_def_cfa_offset 16
  37              		.cfi_offset 4, -16
  38              		.cfi_offset 5, -12
  39              		.cfi_offset 6, -8
  40              		.cfi_offset 14, -4
  41 0002 0546     		mov	r5, r0
  42 0004 0C46     		mov	r4, r1
  50:Middlewares/LVGL/lvgl/src/misc/lv_tree.c ****     if(node->class_p->base_class) {
  43              		.loc 1 50 5 is_stmt 1 view .LVU2
  44              		.loc 1 50 12 is_stmt 0 view .LVU3
  45 0006 0E69     		ldr	r6, [r1, #16]
  46              		.loc 1 50 21 view .LVU4
  47 0008 3368     		ldr	r3, [r6]
  48              		.loc 1 50 7 view .LVU5
  49 000a 1BB1     		cbz	r3, .L2
  50              	.LBB4:
  51:Middlewares/LVGL/lvgl/src/misc/lv_tree.c ****         const lv_tree_class_t * original_class_p = node->class_p;
  51              		.loc 1 51 9 is_stmt 1 view .LVU6
  52              	.LVL1:
  52:Middlewares/LVGL/lvgl/src/misc/lv_tree.c **** 
  53:Middlewares/LVGL/lvgl/src/misc/lv_tree.c ****         node->class_p = node->class_p->base_class;
  53              		.loc 1 53 9 view .LVU7
  54              		.loc 1 53 23 is_stmt 0 view .LVU8
  55 000c 0B61     		str	r3, [r1, #16]
  54:Middlewares/LVGL/lvgl/src/misc/lv_tree.c **** 
  55:Middlewares/LVGL/lvgl/src/misc/lv_tree.c ****         _lv_tree_node_construct(class_p, node);
  56              		.loc 1 55 9 is_stmt 1 view .LVU9
  57 000e FFF7F7FF 		bl	_lv_tree_node_construct
  58              	.LVL2:
  56:Middlewares/LVGL/lvgl/src/misc/lv_tree.c **** 
  57:Middlewares/LVGL/lvgl/src/misc/lv_tree.c ****         node->class_p = original_class_p;
ARM GAS  C:\Users\w1785\AppData\Local\Temp\ccDTG2Uh.s 			page 3


  59              		.loc 1 57 9 view .LVU10
  60              		.loc 1 57 23 is_stmt 0 view .LVU11
  61 0012 2661     		str	r6, [r4, #16]
  62              	.LVL3:
  63              	.L2:
  64              		.loc 1 57 23 view .LVU12
  65              	.LBE4:
  58:Middlewares/LVGL/lvgl/src/misc/lv_tree.c ****     }
  59:Middlewares/LVGL/lvgl/src/misc/lv_tree.c **** 
  60:Middlewares/LVGL/lvgl/src/misc/lv_tree.c ****     if(node->class_p->constructor_cb) node->class_p->constructor_cb(class_p, node);
  66              		.loc 1 60 5 is_stmt 1 view .LVU13
  67              		.loc 1 60 12 is_stmt 0 view .LVU14
  68 0014 2369     		ldr	r3, [r4, #16]
  69              		.loc 1 60 21 view .LVU15
  70 0016 9B68     		ldr	r3, [r3, #8]
  71              		.loc 1 60 7 view .LVU16
  72 0018 13B1     		cbz	r3, .L1
  73              		.loc 1 60 39 is_stmt 1 discriminator 1 view .LVU17
  74 001a 2146     		mov	r1, r4
  75 001c 2846     		mov	r0, r5
  76 001e 9847     		blx	r3
  77              	.LVL4:
  78              	.L1:
  61:Middlewares/LVGL/lvgl/src/misc/lv_tree.c **** }
  79              		.loc 1 61 1 is_stmt 0 view .LVU18
  80 0020 70BD     		pop	{r4, r5, r6, pc}
  81              		.loc 1 61 1 view .LVU19
  82              		.cfi_endproc
  83              	.LFE2:
  85              		.section	.text._lv_tree_node_destruct,"ax",%progbits
  86              		.align	1
  87              		.syntax unified
  88              		.thumb
  89              		.thumb_func
  91              	_lv_tree_node_destruct:
  92              	.LVL5:
  93              	.LFB3:
  62:Middlewares/LVGL/lvgl/src/misc/lv_tree.c **** 
  63:Middlewares/LVGL/lvgl/src/misc/lv_tree.c **** static void _lv_tree_node_destruct(lv_tree_node_t * node)
  64:Middlewares/LVGL/lvgl/src/misc/lv_tree.c **** {
  94              		.loc 1 64 1 is_stmt 1 view -0
  95              		.cfi_startproc
  96              		@ args = 0, pretend = 0, frame = 0
  97              		@ frame_needed = 0, uses_anonymous_args = 0
  98              		.loc 1 64 1 is_stmt 0 view .LVU21
  99 0000 10B5     		push	{r4, lr}
 100              	.LCFI1:
 101              		.cfi_def_cfa_offset 8
 102              		.cfi_offset 4, -8
 103              		.cfi_offset 14, -4
 104 0002 0446     		mov	r4, r0
  65:Middlewares/LVGL/lvgl/src/misc/lv_tree.c ****     if(node->class_p->destructor_cb) node->class_p->destructor_cb(node->class_p, node);
 105              		.loc 1 65 5 is_stmt 1 view .LVU22
 106              		.loc 1 65 12 is_stmt 0 view .LVU23
 107 0004 0069     		ldr	r0, [r0, #16]
 108              	.LVL6:
 109              		.loc 1 65 21 view .LVU24
ARM GAS  C:\Users\w1785\AppData\Local\Temp\ccDTG2Uh.s 			page 4


 110 0006 C368     		ldr	r3, [r0, #12]
 111              		.loc 1 65 7 view .LVU25
 112 0008 0BB1     		cbz	r3, .L6
 113              		.loc 1 65 38 is_stmt 1 discriminator 1 view .LVU26
 114 000a 2146     		mov	r1, r4
 115 000c 9847     		blx	r3
 116              	.LVL7:
 117              	.L6:
  66:Middlewares/LVGL/lvgl/src/misc/lv_tree.c **** 
  67:Middlewares/LVGL/lvgl/src/misc/lv_tree.c ****     if(node->class_p->base_class) {
 118              		.loc 1 67 5 view .LVU27
 119              		.loc 1 67 12 is_stmt 0 view .LVU28
 120 000e 2369     		ldr	r3, [r4, #16]
 121              		.loc 1 67 21 view .LVU29
 122 0010 1B68     		ldr	r3, [r3]
 123              		.loc 1 67 7 view .LVU30
 124 0012 1BB1     		cbz	r3, .L5
  68:Middlewares/LVGL/lvgl/src/misc/lv_tree.c ****         node->class_p = node->class_p->base_class;
 125              		.loc 1 68 9 is_stmt 1 view .LVU31
 126              		.loc 1 68 23 is_stmt 0 view .LVU32
 127 0014 2361     		str	r3, [r4, #16]
  69:Middlewares/LVGL/lvgl/src/misc/lv_tree.c **** 
  70:Middlewares/LVGL/lvgl/src/misc/lv_tree.c ****         _lv_tree_node_destruct(node);
 128              		.loc 1 70 9 is_stmt 1 view .LVU33
 129 0016 2046     		mov	r0, r4
 130 0018 FFF7F2FF 		bl	_lv_tree_node_destruct
 131              	.LVL8:
 132              	.L5:
  71:Middlewares/LVGL/lvgl/src/misc/lv_tree.c ****     }
  72:Middlewares/LVGL/lvgl/src/misc/lv_tree.c **** }
 133              		.loc 1 72 1 is_stmt 0 view .LVU34
 134 001c 10BD     		pop	{r4, pc}
 135              		.loc 1 72 1 view .LVU35
 136              		.cfi_endproc
 137              	.LFE3:
 139              		.section	.text.get_instance_size,"ax",%progbits
 140              		.align	1
 141              		.syntax unified
 142              		.thumb
 143              		.thumb_func
 145              	get_instance_size:
 146              	.LVL9:
 147              	.LFB4:
  73:Middlewares/LVGL/lvgl/src/misc/lv_tree.c **** 
  74:Middlewares/LVGL/lvgl/src/misc/lv_tree.c **** static uint32_t get_instance_size(const lv_tree_class_t * class_p)
  75:Middlewares/LVGL/lvgl/src/misc/lv_tree.c **** {
 148              		.loc 1 75 1 is_stmt 1 view -0
 149              		.cfi_startproc
 150              		@ args = 0, pretend = 0, frame = 0
 151              		@ frame_needed = 0, uses_anonymous_args = 0
 152              		@ link register save eliminated.
  76:Middlewares/LVGL/lvgl/src/misc/lv_tree.c ****     const lv_tree_class_t * base = class_p;
 153              		.loc 1 76 5 view .LVU37
  77:Middlewares/LVGL/lvgl/src/misc/lv_tree.c ****     while(base && base->instance_size == 0)
 154              		.loc 1 77 5 view .LVU38
 155              		.loc 1 77 10 is_stmt 0 view .LVU39
 156 0000 00E0     		b	.L10
ARM GAS  C:\Users\w1785\AppData\Local\Temp\ccDTG2Uh.s 			page 5


 157              	.LVL10:
 158              	.L12:
  78:Middlewares/LVGL/lvgl/src/misc/lv_tree.c ****         base = base->base_class;
 159              		.loc 1 78 9 is_stmt 1 view .LVU40
 160              		.loc 1 78 14 is_stmt 0 view .LVU41
 161 0002 0068     		ldr	r0, [r0]
 162              	.LVL11:
 163              	.L10:
  77:Middlewares/LVGL/lvgl/src/misc/lv_tree.c ****     while(base && base->instance_size == 0)
 164              		.loc 1 77 16 is_stmt 1 view .LVU42
 165 0004 10B1     		cbz	r0, .L11
  77:Middlewares/LVGL/lvgl/src/misc/lv_tree.c ****     while(base && base->instance_size == 0)
 166              		.loc 1 77 23 is_stmt 0 discriminator 1 view .LVU43
 167 0006 4368     		ldr	r3, [r0, #4]
  77:Middlewares/LVGL/lvgl/src/misc/lv_tree.c ****     while(base && base->instance_size == 0)
 168              		.loc 1 77 16 discriminator 1 view .LVU44
 169 0008 002B     		cmp	r3, #0
 170 000a FAD0     		beq	.L12
 171              	.L11:
  79:Middlewares/LVGL/lvgl/src/misc/lv_tree.c **** 
  80:Middlewares/LVGL/lvgl/src/misc/lv_tree.c ****     LV_ASSERT_NULL(base);
 172              		.loc 1 80 5 is_stmt 1 view .LVU45
 173              		.loc 1 80 5 view .LVU46
 174 000c 08B1     		cbz	r0, .L14
 175              		.loc 1 80 5 view .LVU47
 176              		.loc 1 80 25 view .LVU48
  81:Middlewares/LVGL/lvgl/src/misc/lv_tree.c **** 
  82:Middlewares/LVGL/lvgl/src/misc/lv_tree.c ****     return base->instance_size;
 177              		.loc 1 82 5 view .LVU49
  83:Middlewares/LVGL/lvgl/src/misc/lv_tree.c **** }
 178              		.loc 1 83 1 is_stmt 0 view .LVU50
 179 000e 4068     		ldr	r0, [r0, #4]
 180              	.LVL12:
 181              		.loc 1 83 1 view .LVU51
 182 0010 7047     		bx	lr
 183              	.LVL13:
 184              	.L14:
  80:Middlewares/LVGL/lvgl/src/misc/lv_tree.c **** 
 185              		.loc 1 80 5 is_stmt 1 view .LVU52
  80:Middlewares/LVGL/lvgl/src/misc/lv_tree.c **** 
 186              		.loc 1 80 5 view .LVU53
  80:Middlewares/LVGL/lvgl/src/misc/lv_tree.c **** 
 187              		.loc 1 80 5 view .LVU54
  80:Middlewares/LVGL/lvgl/src/misc/lv_tree.c **** 
 188              		.loc 1 80 5 view .LVU55
  80:Middlewares/LVGL/lvgl/src/misc/lv_tree.c **** 
 189              		.loc 1 80 5 view .LVU56
 190 0012 FEE7     		b	.L14
 191              		.cfi_endproc
 192              	.LFE4:
 194              		.section	.text._lv_tree_class_create_node,"ax",%progbits
 195              		.align	1
 196              		.syntax unified
 197              		.thumb
 198              		.thumb_func
 200              	_lv_tree_class_create_node:
 201              	.LVL14:
ARM GAS  C:\Users\w1785\AppData\Local\Temp\ccDTG2Uh.s 			page 6


 202              	.LFB5:
  84:Middlewares/LVGL/lvgl/src/misc/lv_tree.c **** 
  85:Middlewares/LVGL/lvgl/src/misc/lv_tree.c **** static lv_tree_node_t * _lv_tree_class_create_node(const lv_tree_class_t * class_p, lv_tree_node_t 
  86:Middlewares/LVGL/lvgl/src/misc/lv_tree.c **** {
 203              		.loc 1 86 1 view -0
 204              		.cfi_startproc
 205              		@ args = 0, pretend = 0, frame = 0
 206              		@ frame_needed = 0, uses_anonymous_args = 0
 207              		.loc 1 86 1 is_stmt 0 view .LVU58
 208 0000 F8B5     		push	{r3, r4, r5, r6, r7, lr}
 209              	.LCFI2:
 210              		.cfi_def_cfa_offset 24
 211              		.cfi_offset 3, -24
 212              		.cfi_offset 4, -20
 213              		.cfi_offset 5, -16
 214              		.cfi_offset 6, -12
 215              		.cfi_offset 7, -8
 216              		.cfi_offset 14, -4
 217 0002 0646     		mov	r6, r0
 218 0004 0C46     		mov	r4, r1
  87:Middlewares/LVGL/lvgl/src/misc/lv_tree.c ****     uint32_t s = get_instance_size(class_p);
 219              		.loc 1 87 5 is_stmt 1 view .LVU59
 220              		.loc 1 87 18 is_stmt 0 view .LVU60
 221 0006 FFF7FEFF 		bl	get_instance_size
 222              	.LVL15:
 223              		.loc 1 87 18 view .LVU61
 224 000a 0746     		mov	r7, r0
 225              	.LVL16:
  88:Middlewares/LVGL/lvgl/src/misc/lv_tree.c ****     lv_tree_node_t * node = lv_malloc(s);
 226              		.loc 1 88 5 is_stmt 1 view .LVU62
 227              		.loc 1 88 29 is_stmt 0 view .LVU63
 228 000c FFF7FEFF 		bl	lv_malloc
 229              	.LVL17:
  89:Middlewares/LVGL/lvgl/src/misc/lv_tree.c ****     if(node == NULL) return NULL;
 230              		.loc 1 89 5 is_stmt 1 view .LVU64
 231              		.loc 1 89 7 is_stmt 0 view .LVU65
 232 0010 0546     		mov	r5, r0
 233 0012 C8B1     		cbz	r0, .L15
  90:Middlewares/LVGL/lvgl/src/misc/lv_tree.c ****     lv_memzero(node, s);
 234              		.loc 1 90 5 is_stmt 1 view .LVU66
 235              	.LVL18:
 236              	.LBB5:
 237              	.LBI5:
 238              		.file 2 "Middlewares/LVGL/lvgl/src/misc/../stdlib/lv_string.h"
   1:Middlewares/LVGL/lvgl/src/misc/../stdlib/lv_string.h **** /**
   2:Middlewares/LVGL/lvgl/src/misc/../stdlib/lv_string.h ****  * @file lv_string.h
   3:Middlewares/LVGL/lvgl/src/misc/../stdlib/lv_string.h ****  *
   4:Middlewares/LVGL/lvgl/src/misc/../stdlib/lv_string.h ****  */
   5:Middlewares/LVGL/lvgl/src/misc/../stdlib/lv_string.h **** 
   6:Middlewares/LVGL/lvgl/src/misc/../stdlib/lv_string.h **** #ifndef LV_STRING_H
   7:Middlewares/LVGL/lvgl/src/misc/../stdlib/lv_string.h **** #define LV_STRING_H
   8:Middlewares/LVGL/lvgl/src/misc/../stdlib/lv_string.h **** 
   9:Middlewares/LVGL/lvgl/src/misc/../stdlib/lv_string.h **** #ifdef __cplusplus
  10:Middlewares/LVGL/lvgl/src/misc/../stdlib/lv_string.h **** extern "C" {
  11:Middlewares/LVGL/lvgl/src/misc/../stdlib/lv_string.h **** #endif
  12:Middlewares/LVGL/lvgl/src/misc/../stdlib/lv_string.h **** 
  13:Middlewares/LVGL/lvgl/src/misc/../stdlib/lv_string.h **** /*********************
ARM GAS  C:\Users\w1785\AppData\Local\Temp\ccDTG2Uh.s 			page 7


  14:Middlewares/LVGL/lvgl/src/misc/../stdlib/lv_string.h ****  *      INCLUDES
  15:Middlewares/LVGL/lvgl/src/misc/../stdlib/lv_string.h ****  *********************/
  16:Middlewares/LVGL/lvgl/src/misc/../stdlib/lv_string.h **** #include "../lv_conf_internal.h"
  17:Middlewares/LVGL/lvgl/src/misc/../stdlib/lv_string.h **** #include "../misc/lv_types.h"
  18:Middlewares/LVGL/lvgl/src/misc/../stdlib/lv_string.h **** 
  19:Middlewares/LVGL/lvgl/src/misc/../stdlib/lv_string.h **** /*********************
  20:Middlewares/LVGL/lvgl/src/misc/../stdlib/lv_string.h ****  *      DEFINES
  21:Middlewares/LVGL/lvgl/src/misc/../stdlib/lv_string.h ****  *********************/
  22:Middlewares/LVGL/lvgl/src/misc/../stdlib/lv_string.h **** 
  23:Middlewares/LVGL/lvgl/src/misc/../stdlib/lv_string.h **** /**********************
  24:Middlewares/LVGL/lvgl/src/misc/../stdlib/lv_string.h ****  *      TYPEDEFS
  25:Middlewares/LVGL/lvgl/src/misc/../stdlib/lv_string.h ****  **********************/
  26:Middlewares/LVGL/lvgl/src/misc/../stdlib/lv_string.h **** 
  27:Middlewares/LVGL/lvgl/src/misc/../stdlib/lv_string.h **** /**********************
  28:Middlewares/LVGL/lvgl/src/misc/../stdlib/lv_string.h ****  * GLOBAL PROTOTYPES
  29:Middlewares/LVGL/lvgl/src/misc/../stdlib/lv_string.h ****  **********************/
  30:Middlewares/LVGL/lvgl/src/misc/../stdlib/lv_string.h **** 
  31:Middlewares/LVGL/lvgl/src/misc/../stdlib/lv_string.h **** /**
  32:Middlewares/LVGL/lvgl/src/misc/../stdlib/lv_string.h ****  * @brief Copies a block of memory from a source address to a destination address.
  33:Middlewares/LVGL/lvgl/src/misc/../stdlib/lv_string.h ****  * @param dst Pointer to the destination array where the content is to be copied.
  34:Middlewares/LVGL/lvgl/src/misc/../stdlib/lv_string.h ****  * @param src Pointer to the source of data to be copied.
  35:Middlewares/LVGL/lvgl/src/misc/../stdlib/lv_string.h ****  * @param len Number of bytes to copy.
  36:Middlewares/LVGL/lvgl/src/misc/../stdlib/lv_string.h ****  * @return Pointer to the destination array.
  37:Middlewares/LVGL/lvgl/src/misc/../stdlib/lv_string.h ****  * @note The function does not check for any overlapping of the source and destination memory block
  38:Middlewares/LVGL/lvgl/src/misc/../stdlib/lv_string.h ****  */
  39:Middlewares/LVGL/lvgl/src/misc/../stdlib/lv_string.h **** void * lv_memcpy(void * dst, const void * src, size_t len);
  40:Middlewares/LVGL/lvgl/src/misc/../stdlib/lv_string.h **** 
  41:Middlewares/LVGL/lvgl/src/misc/../stdlib/lv_string.h **** /**
  42:Middlewares/LVGL/lvgl/src/misc/../stdlib/lv_string.h ****  * @brief Fills a block of memory with a specified value.
  43:Middlewares/LVGL/lvgl/src/misc/../stdlib/lv_string.h ****  * @param dst Pointer to the destination array to fill with the specified value.
  44:Middlewares/LVGL/lvgl/src/misc/../stdlib/lv_string.h ****  * @param v Value to be set. The value is passed as an int, but the function fills
  45:Middlewares/LVGL/lvgl/src/misc/../stdlib/lv_string.h ****  *          the block of memory using the unsigned char conversion of this value.
  46:Middlewares/LVGL/lvgl/src/misc/../stdlib/lv_string.h ****  * @param len Number of bytes to be set to the value.
  47:Middlewares/LVGL/lvgl/src/misc/../stdlib/lv_string.h ****  */
  48:Middlewares/LVGL/lvgl/src/misc/../stdlib/lv_string.h **** void lv_memset(void * dst, uint8_t v, size_t len);
  49:Middlewares/LVGL/lvgl/src/misc/../stdlib/lv_string.h **** 
  50:Middlewares/LVGL/lvgl/src/misc/../stdlib/lv_string.h **** /**
  51:Middlewares/LVGL/lvgl/src/misc/../stdlib/lv_string.h ****  * @brief Move a block of memory from source to destination
  52:Middlewares/LVGL/lvgl/src/misc/../stdlib/lv_string.h ****  * @param dst Pointer to the destination array where the content is to be copied.
  53:Middlewares/LVGL/lvgl/src/misc/../stdlib/lv_string.h ****  * @param src Pointer to the source of data to be copied.
  54:Middlewares/LVGL/lvgl/src/misc/../stdlib/lv_string.h ****  * @param len Number of bytes to copy
  55:Middlewares/LVGL/lvgl/src/misc/../stdlib/lv_string.h ****  * @return Pointer to the destination array.
  56:Middlewares/LVGL/lvgl/src/misc/../stdlib/lv_string.h ****  */
  57:Middlewares/LVGL/lvgl/src/misc/../stdlib/lv_string.h **** void * lv_memmove(void * dst, const void * src, size_t len);
  58:Middlewares/LVGL/lvgl/src/misc/../stdlib/lv_string.h **** 
  59:Middlewares/LVGL/lvgl/src/misc/../stdlib/lv_string.h **** /**
  60:Middlewares/LVGL/lvgl/src/misc/../stdlib/lv_string.h ****  * @brief This function will compare two memory blocks
  61:Middlewares/LVGL/lvgl/src/misc/../stdlib/lv_string.h ****  * @param p1 Pointer to the first memory block
  62:Middlewares/LVGL/lvgl/src/misc/../stdlib/lv_string.h ****  * @param p2 Pointer to the second memory block
  63:Middlewares/LVGL/lvgl/src/misc/../stdlib/lv_string.h ****  * @param len Number of bytes to compare
  64:Middlewares/LVGL/lvgl/src/misc/../stdlib/lv_string.h ****  * @return The difference between the value of the first unmatching byte.
  65:Middlewares/LVGL/lvgl/src/misc/../stdlib/lv_string.h ****  */
  66:Middlewares/LVGL/lvgl/src/misc/../stdlib/lv_string.h **** int lv_memcmp(const void * p1, const void * p2, size_t len);
  67:Middlewares/LVGL/lvgl/src/misc/../stdlib/lv_string.h **** 
  68:Middlewares/LVGL/lvgl/src/misc/../stdlib/lv_string.h **** /**
  69:Middlewares/LVGL/lvgl/src/misc/../stdlib/lv_string.h ****  * Same as `memset(dst, 0x00, len)`.
  70:Middlewares/LVGL/lvgl/src/misc/../stdlib/lv_string.h ****  * @param dst pointer to the destination buffer
ARM GAS  C:\Users\w1785\AppData\Local\Temp\ccDTG2Uh.s 			page 8


  71:Middlewares/LVGL/lvgl/src/misc/../stdlib/lv_string.h ****  * @param len number of byte to set
  72:Middlewares/LVGL/lvgl/src/misc/../stdlib/lv_string.h ****  */
  73:Middlewares/LVGL/lvgl/src/misc/../stdlib/lv_string.h **** static inline void lv_memzero(void * dst, size_t len)
 239              		.loc 2 73 20 view .LVU67
 240              	.LBB6:
  74:Middlewares/LVGL/lvgl/src/misc/../stdlib/lv_string.h **** {
  75:Middlewares/LVGL/lvgl/src/misc/../stdlib/lv_string.h ****     lv_memset(dst, 0x00, len);
 241              		.loc 2 75 5 view .LVU68
 242 0014 3A46     		mov	r2, r7
 243 0016 0021     		movs	r1, #0
 244 0018 FFF7FEFF 		bl	lv_memset
 245              	.LVL19:
 246              		.loc 2 75 5 is_stmt 0 view .LVU69
 247              	.LBE6:
 248              	.LBE5:
  91:Middlewares/LVGL/lvgl/src/misc/lv_tree.c ****     node->class_p = class_p;
 249              		.loc 1 91 5 is_stmt 1 view .LVU70
 250              		.loc 1 91 19 is_stmt 0 view .LVU71
 251 001c 2E61     		str	r6, [r5, #16]
  92:Middlewares/LVGL/lvgl/src/misc/lv_tree.c ****     node->parent = parent;
 252              		.loc 1 92 5 is_stmt 1 view .LVU72
 253              		.loc 1 92 18 is_stmt 0 view .LVU73
 254 001e 2C60     		str	r4, [r5]
  93:Middlewares/LVGL/lvgl/src/misc/lv_tree.c ****     node->child_cap = INIT_CHILDREN_CAP;
 255              		.loc 1 93 5 is_stmt 1 view .LVU74
 256              		.loc 1 93 21 is_stmt 0 view .LVU75
 257 0020 0423     		movs	r3, #4
 258 0022 EB60     		str	r3, [r5, #12]
  94:Middlewares/LVGL/lvgl/src/misc/lv_tree.c ****     node->children = lv_malloc(sizeof(lv_tree_node_t *) * node->child_cap);
 259              		.loc 1 94 5 is_stmt 1 view .LVU76
 260              		.loc 1 94 22 is_stmt 0 view .LVU77
 261 0024 1020     		movs	r0, #16
 262 0026 FFF7FEFF 		bl	lv_malloc
 263              	.LVL20:
 264              		.loc 1 94 20 discriminator 1 view .LVU78
 265 002a 6860     		str	r0, [r5, #4]
  95:Middlewares/LVGL/lvgl/src/misc/lv_tree.c ****     if(parent != NULL) {
 266              		.loc 1 95 5 is_stmt 1 view .LVU79
 267              		.loc 1 95 7 is_stmt 0 view .LVU80
 268 002c 64B1     		cbz	r4, .L15
  96:Middlewares/LVGL/lvgl/src/misc/lv_tree.c ****         parent->child_cnt++;
 269              		.loc 1 96 9 is_stmt 1 view .LVU81
 270              		.loc 1 96 15 is_stmt 0 view .LVU82
 271 002e A368     		ldr	r3, [r4, #8]
 272              		.loc 1 96 26 view .LVU83
 273 0030 0133     		adds	r3, r3, #1
 274 0032 A360     		str	r3, [r4, #8]
  97:Middlewares/LVGL/lvgl/src/misc/lv_tree.c ****         if(parent->child_cnt == parent->child_cap) {
 275              		.loc 1 97 9 is_stmt 1 view .LVU84
 276              		.loc 1 97 39 is_stmt 0 view .LVU85
 277 0034 E168     		ldr	r1, [r4, #12]
 278              		.loc 1 97 11 view .LVU86
 279 0036 8B42     		cmp	r3, r1
 280 0038 08D0     		beq	.L19
 281              	.L17:
  98:Middlewares/LVGL/lvgl/src/misc/lv_tree.c ****             parent->child_cap <<= 1;
  99:Middlewares/LVGL/lvgl/src/misc/lv_tree.c ****             parent->children = lv_realloc(parent->children, sizeof(lv_tree_node_t *) * parent->chil
ARM GAS  C:\Users\w1785\AppData\Local\Temp\ccDTG2Uh.s 			page 9


 100:Middlewares/LVGL/lvgl/src/misc/lv_tree.c ****         }
 101:Middlewares/LVGL/lvgl/src/misc/lv_tree.c ****         parent->children[parent->child_cnt - 1] = node;
 282              		.loc 1 101 9 is_stmt 1 view .LVU87
 283              		.loc 1 101 15 is_stmt 0 view .LVU88
 284 003a 6268     		ldr	r2, [r4, #4]
 285              		.loc 1 101 32 view .LVU89
 286 003c A368     		ldr	r3, [r4, #8]
 287              		.loc 1 101 25 view .LVU90
 288 003e 03F18043 		add	r3, r3, #1073741824
 289 0042 013B     		subs	r3, r3, #1
 290              		.loc 1 101 49 view .LVU91
 291 0044 42F82350 		str	r5, [r2, r3, lsl #2]
 292              	.L15:
 102:Middlewares/LVGL/lvgl/src/misc/lv_tree.c ****     }
 103:Middlewares/LVGL/lvgl/src/misc/lv_tree.c ****     return node;
 104:Middlewares/LVGL/lvgl/src/misc/lv_tree.c **** }
 293              		.loc 1 104 1 view .LVU92
 294 0048 2846     		mov	r0, r5
 295 004a F8BD     		pop	{r3, r4, r5, r6, r7, pc}
 296              	.LVL21:
 297              	.L19:
  98:Middlewares/LVGL/lvgl/src/misc/lv_tree.c ****             parent->child_cap <<= 1;
 298              		.loc 1 98 13 is_stmt 1 view .LVU93
  98:Middlewares/LVGL/lvgl/src/misc/lv_tree.c ****             parent->child_cap <<= 1;
 299              		.loc 1 98 31 is_stmt 0 view .LVU94
 300 004c 4B00     		lsls	r3, r1, #1
 301 004e E360     		str	r3, [r4, #12]
  99:Middlewares/LVGL/lvgl/src/misc/lv_tree.c ****         }
 302              		.loc 1 99 13 is_stmt 1 view .LVU95
  99:Middlewares/LVGL/lvgl/src/misc/lv_tree.c ****         }
 303              		.loc 1 99 32 is_stmt 0 view .LVU96
 304 0050 C900     		lsls	r1, r1, #3
 305 0052 6068     		ldr	r0, [r4, #4]
 306 0054 FFF7FEFF 		bl	lv_realloc
 307              	.LVL22:
  99:Middlewares/LVGL/lvgl/src/misc/lv_tree.c ****         }
 308              		.loc 1 99 30 discriminator 1 view .LVU97
 309 0058 6060     		str	r0, [r4, #4]
 310 005a EEE7     		b	.L17
 311              		.cfi_endproc
 312              	.LFE5:
 314              		.section	.text._lv_tree_node_destructor_cb,"ax",%progbits
 315              		.align	1
 316              		.syntax unified
 317              		.thumb
 318              		.thumb_func
 320              	_lv_tree_node_destructor_cb:
 321              	.LVL23:
 322              	.LFB7:
 105:Middlewares/LVGL/lvgl/src/misc/lv_tree.c **** 
 106:Middlewares/LVGL/lvgl/src/misc/lv_tree.c **** lv_tree_node_t * lv_tree_node_create(const lv_tree_class_t * class_p, lv_tree_node_t * parent)
 107:Middlewares/LVGL/lvgl/src/misc/lv_tree.c **** {
 108:Middlewares/LVGL/lvgl/src/misc/lv_tree.c ****     LV_ASSERT_NULL(class_p);
 109:Middlewares/LVGL/lvgl/src/misc/lv_tree.c ****     lv_tree_node_t * node = _lv_tree_class_create_node(class_p, parent);
 110:Middlewares/LVGL/lvgl/src/misc/lv_tree.c ****     LV_ASSERT_NULL(node);
 111:Middlewares/LVGL/lvgl/src/misc/lv_tree.c ****     _lv_tree_node_construct(node->class_p, node);
 112:Middlewares/LVGL/lvgl/src/misc/lv_tree.c ****     return node;
ARM GAS  C:\Users\w1785\AppData\Local\Temp\ccDTG2Uh.s 			page 10


 113:Middlewares/LVGL/lvgl/src/misc/lv_tree.c **** }
 114:Middlewares/LVGL/lvgl/src/misc/lv_tree.c **** 
 115:Middlewares/LVGL/lvgl/src/misc/lv_tree.c **** static bool _lv_tree_node_destructor_cb(const lv_tree_node_t * n, void * user_data)
 116:Middlewares/LVGL/lvgl/src/misc/lv_tree.c **** {
 323              		.loc 1 116 1 is_stmt 1 view -0
 324              		.cfi_startproc
 325              		@ args = 0, pretend = 0, frame = 0
 326              		@ frame_needed = 0, uses_anonymous_args = 0
 117:Middlewares/LVGL/lvgl/src/misc/lv_tree.c ****     LV_UNUSED(user_data);
 327              		.loc 1 117 5 view .LVU99
 118:Middlewares/LVGL/lvgl/src/misc/lv_tree.c ****     if(n) {
 328              		.loc 1 118 5 view .LVU100
 329              		.loc 1 118 7 is_stmt 0 view .LVU101
 330 0000 58B1     		cbz	r0, .L23
 116:Middlewares/LVGL/lvgl/src/misc/lv_tree.c ****     LV_UNUSED(user_data);
 331              		.loc 1 116 1 view .LVU102
 332 0002 10B5     		push	{r4, lr}
 333              	.LCFI3:
 334              		.cfi_def_cfa_offset 8
 335              		.cfi_offset 4, -8
 336              		.cfi_offset 14, -4
 337 0004 0446     		mov	r4, r0
 338              	.LBB7:
 119:Middlewares/LVGL/lvgl/src/misc/lv_tree.c ****         lv_tree_node_t * node = (lv_tree_node_t *)n;
 339              		.loc 1 119 9 is_stmt 1 view .LVU103
 340              	.LVL24:
 120:Middlewares/LVGL/lvgl/src/misc/lv_tree.c ****         _lv_tree_node_destruct(node);
 341              		.loc 1 120 9 view .LVU104
 342 0006 FFF7FEFF 		bl	_lv_tree_node_destruct
 343              	.LVL25:
 121:Middlewares/LVGL/lvgl/src/misc/lv_tree.c ****         lv_free(node->children);
 344              		.loc 1 121 9 view .LVU105
 345 000a 6068     		ldr	r0, [r4, #4]
 346 000c FFF7FEFF 		bl	lv_free
 347              	.LVL26:
 122:Middlewares/LVGL/lvgl/src/misc/lv_tree.c ****         lv_free(node);
 348              		.loc 1 122 9 view .LVU106
 349 0010 2046     		mov	r0, r4
 350 0012 FFF7FEFF 		bl	lv_free
 351              	.LVL27:
 352              	.LBE7:
 123:Middlewares/LVGL/lvgl/src/misc/lv_tree.c ****     }
 124:Middlewares/LVGL/lvgl/src/misc/lv_tree.c ****     return true;
 353              		.loc 1 124 5 view .LVU107
 125:Middlewares/LVGL/lvgl/src/misc/lv_tree.c **** }
 354              		.loc 1 125 1 is_stmt 0 view .LVU108
 355 0016 0120     		movs	r0, #1
 356 0018 10BD     		pop	{r4, pc}
 357              	.LVL28:
 358              	.L23:
 359              	.LCFI4:
 360              		.cfi_def_cfa_offset 0
 361              		.cfi_restore 4
 362              		.cfi_restore 14
 124:Middlewares/LVGL/lvgl/src/misc/lv_tree.c **** }
 363              		.loc 1 124 5 is_stmt 1 view .LVU109
 364              		.loc 1 125 1 is_stmt 0 view .LVU110
ARM GAS  C:\Users\w1785\AppData\Local\Temp\ccDTG2Uh.s 			page 11


 365 001a 0120     		movs	r0, #1
 366              	.LVL29:
 367              		.loc 1 125 1 view .LVU111
 368 001c 7047     		bx	lr
 369              		.cfi_endproc
 370              	.LFE7:
 372              		.section	.text.lv_tree_node_create,"ax",%progbits
 373              		.align	1
 374              		.global	lv_tree_node_create
 375              		.syntax unified
 376              		.thumb
 377              		.thumb_func
 379              	lv_tree_node_create:
 380              	.LVL30:
 381              	.LFB6:
 107:Middlewares/LVGL/lvgl/src/misc/lv_tree.c ****     LV_ASSERT_NULL(class_p);
 382              		.loc 1 107 1 is_stmt 1 view -0
 383              		.cfi_startproc
 384              		@ args = 0, pretend = 0, frame = 0
 385              		@ frame_needed = 0, uses_anonymous_args = 0
 108:Middlewares/LVGL/lvgl/src/misc/lv_tree.c ****     lv_tree_node_t * node = _lv_tree_class_create_node(class_p, parent);
 386              		.loc 1 108 5 view .LVU113
 108:Middlewares/LVGL/lvgl/src/misc/lv_tree.c ****     lv_tree_node_t * node = _lv_tree_class_create_node(class_p, parent);
 387              		.loc 1 108 5 view .LVU114
 388 0000 50B1     		cbz	r0, .L28
 107:Middlewares/LVGL/lvgl/src/misc/lv_tree.c ****     LV_ASSERT_NULL(class_p);
 389              		.loc 1 107 1 is_stmt 0 view .LVU115
 390 0002 10B5     		push	{r4, lr}
 391              	.LCFI5:
 392              		.cfi_def_cfa_offset 8
 393              		.cfi_offset 4, -8
 394              		.cfi_offset 14, -4
 108:Middlewares/LVGL/lvgl/src/misc/lv_tree.c ****     lv_tree_node_t * node = _lv_tree_class_create_node(class_p, parent);
 395              		.loc 1 108 5 is_stmt 1 view .LVU116
 108:Middlewares/LVGL/lvgl/src/misc/lv_tree.c ****     lv_tree_node_t * node = _lv_tree_class_create_node(class_p, parent);
 396              		.loc 1 108 28 view .LVU117
 109:Middlewares/LVGL/lvgl/src/misc/lv_tree.c ****     LV_ASSERT_NULL(node);
 397              		.loc 1 109 5 view .LVU118
 109:Middlewares/LVGL/lvgl/src/misc/lv_tree.c ****     LV_ASSERT_NULL(node);
 398              		.loc 1 109 29 is_stmt 0 view .LVU119
 399 0004 FFF7FEFF 		bl	_lv_tree_class_create_node
 400              	.LVL31:
 110:Middlewares/LVGL/lvgl/src/misc/lv_tree.c ****     _lv_tree_node_construct(node->class_p, node);
 401              		.loc 1 110 5 is_stmt 1 view .LVU120
 110:Middlewares/LVGL/lvgl/src/misc/lv_tree.c ****     _lv_tree_node_construct(node->class_p, node);
 402              		.loc 1 110 5 view .LVU121
 403 0008 0446     		mov	r4, r0
 404 000a 30B1     		cbz	r0, .L30
 110:Middlewares/LVGL/lvgl/src/misc/lv_tree.c ****     _lv_tree_node_construct(node->class_p, node);
 405              		.loc 1 110 5 view .LVU122
 110:Middlewares/LVGL/lvgl/src/misc/lv_tree.c ****     _lv_tree_node_construct(node->class_p, node);
 406              		.loc 1 110 25 view .LVU123
 111:Middlewares/LVGL/lvgl/src/misc/lv_tree.c ****     return node;
 407              		.loc 1 111 5 view .LVU124
 408 000c 0146     		mov	r1, r0
 409 000e 0069     		ldr	r0, [r0, #16]
 410              	.LVL32:
ARM GAS  C:\Users\w1785\AppData\Local\Temp\ccDTG2Uh.s 			page 12


 111:Middlewares/LVGL/lvgl/src/misc/lv_tree.c ****     return node;
 411              		.loc 1 111 5 is_stmt 0 view .LVU125
 412 0010 FFF7FEFF 		bl	_lv_tree_node_construct
 413              	.LVL33:
 112:Middlewares/LVGL/lvgl/src/misc/lv_tree.c **** }
 414              		.loc 1 112 5 is_stmt 1 view .LVU126
 113:Middlewares/LVGL/lvgl/src/misc/lv_tree.c **** 
 415              		.loc 1 113 1 is_stmt 0 view .LVU127
 416 0014 2046     		mov	r0, r4
 417 0016 10BD     		pop	{r4, pc}
 418              	.LVL34:
 419              	.L28:
 420              	.LCFI6:
 421              		.cfi_def_cfa_offset 0
 422              		.cfi_restore 4
 423              		.cfi_restore 14
 108:Middlewares/LVGL/lvgl/src/misc/lv_tree.c ****     lv_tree_node_t * node = _lv_tree_class_create_node(class_p, parent);
 424              		.loc 1 108 5 is_stmt 1 view .LVU128
 108:Middlewares/LVGL/lvgl/src/misc/lv_tree.c ****     lv_tree_node_t * node = _lv_tree_class_create_node(class_p, parent);
 425              		.loc 1 108 5 view .LVU129
 108:Middlewares/LVGL/lvgl/src/misc/lv_tree.c ****     lv_tree_node_t * node = _lv_tree_class_create_node(class_p, parent);
 426              		.loc 1 108 5 view .LVU130
 108:Middlewares/LVGL/lvgl/src/misc/lv_tree.c ****     lv_tree_node_t * node = _lv_tree_class_create_node(class_p, parent);
 427              		.loc 1 108 5 view .LVU131
 108:Middlewares/LVGL/lvgl/src/misc/lv_tree.c ****     lv_tree_node_t * node = _lv_tree_class_create_node(class_p, parent);
 428              		.loc 1 108 5 view .LVU132
 429 0018 FEE7     		b	.L28
 430              	.LVL35:
 431              	.L30:
 432              	.LCFI7:
 433              		.cfi_def_cfa_offset 8
 434              		.cfi_offset 4, -8
 435              		.cfi_offset 14, -4
 110:Middlewares/LVGL/lvgl/src/misc/lv_tree.c ****     _lv_tree_node_construct(node->class_p, node);
 436              		.loc 1 110 5 view .LVU133
 110:Middlewares/LVGL/lvgl/src/misc/lv_tree.c ****     _lv_tree_node_construct(node->class_p, node);
 437              		.loc 1 110 5 view .LVU134
 110:Middlewares/LVGL/lvgl/src/misc/lv_tree.c ****     _lv_tree_node_construct(node->class_p, node);
 438              		.loc 1 110 5 view .LVU135
 110:Middlewares/LVGL/lvgl/src/misc/lv_tree.c ****     _lv_tree_node_construct(node->class_p, node);
 439              		.loc 1 110 5 view .LVU136
 110:Middlewares/LVGL/lvgl/src/misc/lv_tree.c ****     _lv_tree_node_construct(node->class_p, node);
 440              		.loc 1 110 5 view .LVU137
 441 001a FEE7     		b	.L30
 442              		.cfi_endproc
 443              	.LFE6:
 445              		.section	.text.lv_tree_walk,"ax",%progbits
 446              		.align	1
 447              		.global	lv_tree_walk
 448              		.syntax unified
 449              		.thumb
 450              		.thumb_func
 452              	lv_tree_walk:
 453              	.LVL36:
 454              	.LFB9:
 126:Middlewares/LVGL/lvgl/src/misc/lv_tree.c **** 
 127:Middlewares/LVGL/lvgl/src/misc/lv_tree.c **** void lv_tree_node_delete(lv_tree_node_t * node)
ARM GAS  C:\Users\w1785\AppData\Local\Temp\ccDTG2Uh.s 			page 13


 128:Middlewares/LVGL/lvgl/src/misc/lv_tree.c **** {
 129:Middlewares/LVGL/lvgl/src/misc/lv_tree.c ****     if(node) {
 130:Middlewares/LVGL/lvgl/src/misc/lv_tree.c ****         if(node->parent) {
 131:Middlewares/LVGL/lvgl/src/misc/lv_tree.c ****             /* Remove from parent */
 132:Middlewares/LVGL/lvgl/src/misc/lv_tree.c ****             lv_tree_node_t * parent = node->parent;
 133:Middlewares/LVGL/lvgl/src/misc/lv_tree.c ****             for(uint32_t i = 0; i < parent->child_cnt; i++) {
 134:Middlewares/LVGL/lvgl/src/misc/lv_tree.c ****                 if(parent->children[i] == node) {
 135:Middlewares/LVGL/lvgl/src/misc/lv_tree.c ****                     parent->children[i] = NULL;
 136:Middlewares/LVGL/lvgl/src/misc/lv_tree.c ****                 }
 137:Middlewares/LVGL/lvgl/src/misc/lv_tree.c ****             }
 138:Middlewares/LVGL/lvgl/src/misc/lv_tree.c ****         }
 139:Middlewares/LVGL/lvgl/src/misc/lv_tree.c ****         lv_tree_walk(node, LV_TREE_WALK_POST_ORDER, _lv_tree_node_destructor_cb, NULL, NULL, NULL);
 140:Middlewares/LVGL/lvgl/src/misc/lv_tree.c ****     }
 141:Middlewares/LVGL/lvgl/src/misc/lv_tree.c **** }
 142:Middlewares/LVGL/lvgl/src/misc/lv_tree.c **** 
 143:Middlewares/LVGL/lvgl/src/misc/lv_tree.c **** bool lv_tree_walk(const lv_tree_node_t * node,
 144:Middlewares/LVGL/lvgl/src/misc/lv_tree.c ****                   lv_tree_walk_mode_t mode,
 145:Middlewares/LVGL/lvgl/src/misc/lv_tree.c ****                   lv_tree_traverse_cb_t cb,
 146:Middlewares/LVGL/lvgl/src/misc/lv_tree.c ****                   lv_tree_before_cb_t bcb,
 147:Middlewares/LVGL/lvgl/src/misc/lv_tree.c ****                   lv_tree_after_cb_t acb,
 148:Middlewares/LVGL/lvgl/src/misc/lv_tree.c ****                   void * user_data)
 149:Middlewares/LVGL/lvgl/src/misc/lv_tree.c **** {
 455              		.loc 1 149 1 view -0
 456              		.cfi_startproc
 457              		@ args = 8, pretend = 0, frame = 0
 458              		@ frame_needed = 0, uses_anonymous_args = 0
 459              		.loc 1 149 1 is_stmt 0 view .LVU139
 460 0000 2DE9F04B 		push	{r4, r5, r6, r7, r8, r9, fp, lr}
 461              	.LCFI8:
 462              		.cfi_def_cfa_offset 32
 463              		.cfi_offset 4, -32
 464              		.cfi_offset 5, -28
 465              		.cfi_offset 6, -24
 466              		.cfi_offset 7, -20
 467              		.cfi_offset 8, -16
 468              		.cfi_offset 9, -12
 469              		.cfi_offset 11, -8
 470              		.cfi_offset 14, -4
 471 0004 82B0     		sub	sp, sp, #8
 472              	.LCFI9:
 473              		.cfi_def_cfa_offset 40
 474 0006 0B9F     		ldr	r7, [sp, #44]
 150:Middlewares/LVGL/lvgl/src/misc/lv_tree.c ****     if(node && cb) {
 475              		.loc 1 150 5 is_stmt 1 view .LVU140
 476              		.loc 1 150 7 is_stmt 0 view .LVU141
 477 0008 0028     		cmp	r0, #0
 478 000a 41D0     		beq	.L42
 479 000c 0E46     		mov	r6, r1
 480 000e 9046     		mov	r8, r2
 481 0010 9946     		mov	r9, r3
 482 0012 0546     		mov	r5, r0
 483              		.loc 1 150 13 discriminator 1 view .LVU142
 484 0014 002A     		cmp	r2, #0
 485 0016 41D0     		beq	.L43
 151:Middlewares/LVGL/lvgl/src/misc/lv_tree.c ****         if(mode == LV_TREE_WALK_PRE_ORDER) {
 486              		.loc 1 151 9 is_stmt 1 view .LVU143
 487              		.loc 1 151 11 is_stmt 0 view .LVU144
ARM GAS  C:\Users\w1785\AppData\Local\Temp\ccDTG2Uh.s 			page 14


 488 0018 51B9     		cbnz	r1, .L35
 152:Middlewares/LVGL/lvgl/src/misc/lv_tree.c ****             if(bcb && !bcb(node, user_data)) {
 489              		.loc 1 152 13 is_stmt 1 view .LVU145
 490              		.loc 1 152 15 is_stmt 0 view .LVU146
 491 001a 23B1     		cbz	r3, .L36
 492              		.loc 1 152 24 discriminator 1 view .LVU147
 493 001c 3946     		mov	r1, r7
 494              	.LVL37:
 495              		.loc 1 152 24 discriminator 1 view .LVU148
 496 001e 9847     		blx	r3
 497              	.LVL38:
 498              		.loc 1 152 20 discriminator 1 view .LVU149
 499 0020 8346     		mov	fp, r0
 500 0022 0028     		cmp	r0, #0
 501 0024 36D0     		beq	.L34
 502              	.L36:
 153:Middlewares/LVGL/lvgl/src/misc/lv_tree.c ****                 return false;
 154:Middlewares/LVGL/lvgl/src/misc/lv_tree.c ****             }
 155:Middlewares/LVGL/lvgl/src/misc/lv_tree.c ****             if(!cb(node, user_data)) {
 503              		.loc 1 155 13 is_stmt 1 view .LVU150
 504              		.loc 1 155 17 is_stmt 0 view .LVU151
 505 0026 3946     		mov	r1, r7
 506 0028 2846     		mov	r0, r5
 507 002a C047     		blx	r8
 508              	.LVL39:
 509              		.loc 1 155 15 discriminator 1 view .LVU152
 510 002c 8346     		mov	fp, r0
 511 002e 88B3     		cbz	r0, .L34
 512              	.L35:
 149:Middlewares/LVGL/lvgl/src/misc/lv_tree.c ****     if(node && cb) {
 513              		.loc 1 149 1 view .LVU153
 514 0030 0024     		movs	r4, #0
 515 0032 00E0     		b	.L37
 516              	.LVL40:
 517              	.L47:
 518              	.LBB8:
 156:Middlewares/LVGL/lvgl/src/misc/lv_tree.c ****                 return false;
 157:Middlewares/LVGL/lvgl/src/misc/lv_tree.c ****             }
 158:Middlewares/LVGL/lvgl/src/misc/lv_tree.c ****         }
 159:Middlewares/LVGL/lvgl/src/misc/lv_tree.c ****         for(uint32_t i = 0; i < node->child_cnt; i++) {
 519              		.loc 1 159 51 is_stmt 1 discriminator 2 view .LVU154
 520 0034 0134     		adds	r4, r4, #1
 521              	.LVL41:
 522              	.L37:
 523              		.loc 1 159 31 discriminator 1 view .LVU155
 524              		.loc 1 159 37 is_stmt 0 discriminator 1 view .LVU156
 525 0036 AA68     		ldr	r2, [r5, #8]
 526              		.loc 1 159 31 discriminator 1 view .LVU157
 527 0038 A242     		cmp	r2, r4
 528 003a 0ED9     		bls	.L46
 160:Middlewares/LVGL/lvgl/src/misc/lv_tree.c ****             if(!lv_tree_walk(node->children[i], mode, cb, bcb, acb, user_data)) {
 529              		.loc 1 160 13 is_stmt 1 view .LVU158
 530              		.loc 1 160 34 is_stmt 0 view .LVU159
 531 003c 6B68     		ldr	r3, [r5, #4]
 532              		.loc 1 160 17 view .LVU160
 533 003e 53F82400 		ldr	r0, [r3, r4, lsl #2]
 534 0042 0197     		str	r7, [sp, #4]
ARM GAS  C:\Users\w1785\AppData\Local\Temp\ccDTG2Uh.s 			page 15


 535 0044 0A9B     		ldr	r3, [sp, #40]
 536 0046 0093     		str	r3, [sp]
 537 0048 4B46     		mov	r3, r9
 538 004a 4246     		mov	r2, r8
 539 004c 3146     		mov	r1, r6
 540 004e FFF7FEFF 		bl	lv_tree_walk
 541              	.LVL42:
 542              		.loc 1 160 15 discriminator 1 view .LVU161
 543 0052 8346     		mov	fp, r0
 544 0054 0028     		cmp	r0, #0
 545 0056 EDD1     		bne	.L47
 546 0058 1CE0     		b	.L34
 547              	.L46:
 548              		.loc 1 160 15 discriminator 1 view .LVU162
 549              	.LBE8:
 161:Middlewares/LVGL/lvgl/src/misc/lv_tree.c ****                 return false;
 162:Middlewares/LVGL/lvgl/src/misc/lv_tree.c ****             }
 163:Middlewares/LVGL/lvgl/src/misc/lv_tree.c ****         }
 164:Middlewares/LVGL/lvgl/src/misc/lv_tree.c ****         if(mode == LV_TREE_WALK_PRE_ORDER) {
 550              		.loc 1 164 9 is_stmt 1 view .LVU163
 551              		.loc 1 164 11 is_stmt 0 view .LVU164
 552 005a 26B9     		cbnz	r6, .L39
 165:Middlewares/LVGL/lvgl/src/misc/lv_tree.c ****             if(acb) {
 553              		.loc 1 165 13 is_stmt 1 view .LVU165
 554              		.loc 1 165 15 is_stmt 0 view .LVU166
 555 005c 0A9B     		ldr	r3, [sp, #40]
 556 005e 13B1     		cbz	r3, .L39
 166:Middlewares/LVGL/lvgl/src/misc/lv_tree.c ****                 acb(node, user_data);
 557              		.loc 1 166 17 is_stmt 1 view .LVU167
 558 0060 3946     		mov	r1, r7
 559 0062 2846     		mov	r0, r5
 560 0064 9847     		blx	r3
 561              	.LVL43:
 562              	.L39:
 167:Middlewares/LVGL/lvgl/src/misc/lv_tree.c ****             }
 168:Middlewares/LVGL/lvgl/src/misc/lv_tree.c ****         }
 169:Middlewares/LVGL/lvgl/src/misc/lv_tree.c **** 
 170:Middlewares/LVGL/lvgl/src/misc/lv_tree.c ****         if(mode == LV_TREE_WALK_POST_ORDER) {
 563              		.loc 1 170 9 view .LVU168
 564              		.loc 1 170 11 is_stmt 0 view .LVU169
 565 0066 012E     		cmp	r6, #1
 566 0068 1BD1     		bne	.L44
 171:Middlewares/LVGL/lvgl/src/misc/lv_tree.c ****             if(bcb && !bcb(node, user_data)) {
 567              		.loc 1 171 13 is_stmt 1 view .LVU170
 568              		.loc 1 171 15 is_stmt 0 view .LVU171
 569 006a B9F1000F 		cmp	r9, #0
 570 006e 04D0     		beq	.L40
 571              		.loc 1 171 24 discriminator 1 view .LVU172
 572 0070 3946     		mov	r1, r7
 573 0072 2846     		mov	r0, r5
 574 0074 C847     		blx	r9
 575              	.LVL44:
 576              		.loc 1 171 20 discriminator 1 view .LVU173
 577 0076 8346     		mov	fp, r0
 578 0078 60B1     		cbz	r0, .L34
 579              	.L40:
 172:Middlewares/LVGL/lvgl/src/misc/lv_tree.c ****                 return false;
ARM GAS  C:\Users\w1785\AppData\Local\Temp\ccDTG2Uh.s 			page 16


 173:Middlewares/LVGL/lvgl/src/misc/lv_tree.c ****             }
 174:Middlewares/LVGL/lvgl/src/misc/lv_tree.c ****             if(!cb(node, user_data)) {
 580              		.loc 1 174 13 is_stmt 1 view .LVU174
 581              		.loc 1 174 17 is_stmt 0 view .LVU175
 582 007a 3946     		mov	r1, r7
 583 007c 2846     		mov	r0, r5
 584 007e C047     		blx	r8
 585              	.LVL45:
 586              		.loc 1 174 15 discriminator 1 view .LVU176
 587 0080 8346     		mov	fp, r0
 588 0082 38B1     		cbz	r0, .L34
 175:Middlewares/LVGL/lvgl/src/misc/lv_tree.c ****                 return false;
 176:Middlewares/LVGL/lvgl/src/misc/lv_tree.c ****             }
 177:Middlewares/LVGL/lvgl/src/misc/lv_tree.c ****             if(acb) {
 589              		.loc 1 177 13 is_stmt 1 view .LVU177
 590              		.loc 1 177 15 is_stmt 0 view .LVU178
 591 0084 0A9B     		ldr	r3, [sp, #40]
 592 0086 2BB1     		cbz	r3, .L34
 178:Middlewares/LVGL/lvgl/src/misc/lv_tree.c ****                 acb(node, user_data);
 593              		.loc 1 178 17 is_stmt 1 view .LVU179
 594 0088 3946     		mov	r1, r7
 595 008a 2846     		mov	r0, r5
 596 008c 9847     		blx	r3
 597              	.LVL46:
 179:Middlewares/LVGL/lvgl/src/misc/lv_tree.c ****             }
 180:Middlewares/LVGL/lvgl/src/misc/lv_tree.c ****             return true;
 598              		.loc 1 180 13 view .LVU180
 599              		.loc 1 180 20 is_stmt 0 view .LVU181
 600 008e 01E0     		b	.L34
 601              	.LVL47:
 602              	.L42:
 181:Middlewares/LVGL/lvgl/src/misc/lv_tree.c ****         }
 182:Middlewares/LVGL/lvgl/src/misc/lv_tree.c ****         else {
 183:Middlewares/LVGL/lvgl/src/misc/lv_tree.c ****             return true;
 184:Middlewares/LVGL/lvgl/src/misc/lv_tree.c ****         }
 185:Middlewares/LVGL/lvgl/src/misc/lv_tree.c ****     }
 186:Middlewares/LVGL/lvgl/src/misc/lv_tree.c ****     else {
 187:Middlewares/LVGL/lvgl/src/misc/lv_tree.c ****         return true;
 603              		.loc 1 187 16 view .LVU182
 604 0090 4FF0010B 		mov	fp, #1
 605              	.LVL48:
 606              	.L34:
 188:Middlewares/LVGL/lvgl/src/misc/lv_tree.c ****     }
 189:Middlewares/LVGL/lvgl/src/misc/lv_tree.c **** }
 607              		.loc 1 189 1 view .LVU183
 608 0094 5846     		mov	r0, fp
 609 0096 02B0     		add	sp, sp, #8
 610              	.LCFI10:
 611              		.cfi_remember_state
 612              		.cfi_def_cfa_offset 32
 613              		@ sp needed
 614 0098 BDE8F08B 		pop	{r4, r5, r6, r7, r8, r9, fp, pc}
 615              	.LVL49:
 616              	.L43:
 617              	.LCFI11:
 618              		.cfi_restore_state
 187:Middlewares/LVGL/lvgl/src/misc/lv_tree.c ****     }
ARM GAS  C:\Users\w1785\AppData\Local\Temp\ccDTG2Uh.s 			page 17


 619              		.loc 1 187 16 view .LVU184
 620 009c 4FF0010B 		mov	fp, #1
 621 00a0 F8E7     		b	.L34
 622              	.LVL50:
 623              	.L44:
 183:Middlewares/LVGL/lvgl/src/misc/lv_tree.c ****         }
 624              		.loc 1 183 20 view .LVU185
 625 00a2 4FF0010B 		mov	fp, #1
 626 00a6 F5E7     		b	.L34
 627              		.cfi_endproc
 628              	.LFE9:
 630              		.section	.text.lv_tree_node_delete,"ax",%progbits
 631              		.align	1
 632              		.global	lv_tree_node_delete
 633              		.syntax unified
 634              		.thumb
 635              		.thumb_func
 637              	lv_tree_node_delete:
 638              	.LVL51:
 639              	.LFB8:
 128:Middlewares/LVGL/lvgl/src/misc/lv_tree.c ****     if(node) {
 640              		.loc 1 128 1 is_stmt 1 view -0
 641              		.cfi_startproc
 642              		@ args = 0, pretend = 0, frame = 0
 643              		@ frame_needed = 0, uses_anonymous_args = 0
 129:Middlewares/LVGL/lvgl/src/misc/lv_tree.c ****         if(node->parent) {
 644              		.loc 1 129 5 view .LVU187
 129:Middlewares/LVGL/lvgl/src/misc/lv_tree.c ****         if(node->parent) {
 645              		.loc 1 129 7 is_stmt 0 view .LVU188
 646 0000 E8B1     		cbz	r0, .L56
 128:Middlewares/LVGL/lvgl/src/misc/lv_tree.c ****     if(node) {
 647              		.loc 1 128 1 view .LVU189
 648 0002 00B5     		push	{lr}
 649              	.LCFI12:
 650              		.cfi_def_cfa_offset 4
 651              		.cfi_offset 14, -4
 652 0004 83B0     		sub	sp, sp, #12
 653              	.LCFI13:
 654              		.cfi_def_cfa_offset 16
 655 0006 8446     		mov	ip, r0
 130:Middlewares/LVGL/lvgl/src/misc/lv_tree.c ****             /* Remove from parent */
 656              		.loc 1 130 9 is_stmt 1 view .LVU190
 130:Middlewares/LVGL/lvgl/src/misc/lv_tree.c ****             /* Remove from parent */
 657              		.loc 1 130 16 is_stmt 0 view .LVU191
 658 0008 0268     		ldr	r2, [r0]
 130:Middlewares/LVGL/lvgl/src/misc/lv_tree.c ****             /* Remove from parent */
 659              		.loc 1 130 11 view .LVU192
 660 000a 72B1     		cbz	r2, .L51
 661              	.LBB9:
 662              	.LBB10:
 133:Middlewares/LVGL/lvgl/src/misc/lv_tree.c ****                 if(parent->children[i] == node) {
 663              		.loc 1 133 26 view .LVU193
 664 000c 0023     		movs	r3, #0
 665 000e 00E0     		b	.L50
 666              	.LVL52:
 667              	.L52:
 133:Middlewares/LVGL/lvgl/src/misc/lv_tree.c ****                 if(parent->children[i] == node) {
ARM GAS  C:\Users\w1785\AppData\Local\Temp\ccDTG2Uh.s 			page 18


 668              		.loc 1 133 57 is_stmt 1 discriminator 2 view .LVU194
 669 0010 0133     		adds	r3, r3, #1
 670              	.LVL53:
 671              	.L50:
 133:Middlewares/LVGL/lvgl/src/misc/lv_tree.c ****                 if(parent->children[i] == node) {
 672              		.loc 1 133 35 discriminator 1 view .LVU195
 133:Middlewares/LVGL/lvgl/src/misc/lv_tree.c ****                 if(parent->children[i] == node) {
 673              		.loc 1 133 43 is_stmt 0 discriminator 1 view .LVU196
 674 0012 9168     		ldr	r1, [r2, #8]
 133:Middlewares/LVGL/lvgl/src/misc/lv_tree.c ****                 if(parent->children[i] == node) {
 675              		.loc 1 133 35 discriminator 1 view .LVU197
 676 0014 9942     		cmp	r1, r3
 677 0016 08D9     		bls	.L51
 134:Middlewares/LVGL/lvgl/src/misc/lv_tree.c ****                     parent->children[i] = NULL;
 678              		.loc 1 134 17 is_stmt 1 view .LVU198
 134:Middlewares/LVGL/lvgl/src/misc/lv_tree.c ****                     parent->children[i] = NULL;
 679              		.loc 1 134 26 is_stmt 0 view .LVU199
 680 0018 5168     		ldr	r1, [r2, #4]
 134:Middlewares/LVGL/lvgl/src/misc/lv_tree.c ****                     parent->children[i] = NULL;
 681              		.loc 1 134 19 view .LVU200
 682 001a 51F82300 		ldr	r0, [r1, r3, lsl #2]
 683 001e 6045     		cmp	r0, ip
 684 0020 F6D1     		bne	.L52
 135:Middlewares/LVGL/lvgl/src/misc/lv_tree.c ****                 }
 685              		.loc 1 135 21 is_stmt 1 view .LVU201
 135:Middlewares/LVGL/lvgl/src/misc/lv_tree.c ****                 }
 686              		.loc 1 135 41 is_stmt 0 view .LVU202
 687 0022 0020     		movs	r0, #0
 688 0024 41F82300 		str	r0, [r1, r3, lsl #2]
 689 0028 F2E7     		b	.L52
 690              	.LVL54:
 691              	.L51:
 135:Middlewares/LVGL/lvgl/src/misc/lv_tree.c ****                 }
 692              		.loc 1 135 41 view .LVU203
 693              	.LBE10:
 694              	.LBE9:
 139:Middlewares/LVGL/lvgl/src/misc/lv_tree.c ****     }
 695              		.loc 1 139 9 is_stmt 1 view .LVU204
 696 002a 0023     		movs	r3, #0
 697 002c 0193     		str	r3, [sp, #4]
 698 002e 0093     		str	r3, [sp]
 699 0030 034A     		ldr	r2, .L59
 700 0032 0121     		movs	r1, #1
 701 0034 6046     		mov	r0, ip
 702 0036 FFF7FEFF 		bl	lv_tree_walk
 703              	.LVL55:
 141:Middlewares/LVGL/lvgl/src/misc/lv_tree.c **** 
 704              		.loc 1 141 1 is_stmt 0 view .LVU205
 705 003a 03B0     		add	sp, sp, #12
 706              	.LCFI14:
 707              		.cfi_def_cfa_offset 4
 708              		@ sp needed
 709 003c 00BD     		pop	{pc}
 710              	.LVL56:
 711              	.L56:
 712              	.LCFI15:
 713              		.cfi_def_cfa_offset 0
ARM GAS  C:\Users\w1785\AppData\Local\Temp\ccDTG2Uh.s 			page 19


 714              		.cfi_restore 14
 141:Middlewares/LVGL/lvgl/src/misc/lv_tree.c **** 
 715              		.loc 1 141 1 view .LVU206
 716 003e 7047     		bx	lr
 717              	.L60:
 718              		.align	2
 719              	.L59:
 720 0040 00000000 		.word	_lv_tree_node_destructor_cb
 721              		.cfi_endproc
 722              	.LFE8:
 724              		.global	lv_tree_node_class
 725              		.section	.rodata.lv_tree_node_class,"a"
 726              		.align	2
 729              	lv_tree_node_class:
 730 0000 00000000 		.word	0
 731 0004 14000000 		.word	20
 732 0008 00000000 		.word	0
 733 000c 00000000 		.word	0
 734              		.text
 735              	.Letext0:
 736              		.file 3 "D:\\STM32CubeIDE\\STM32CubeIDE_2.1.1\\STM32CubeIDE\\plugins\\com.st.stm32cube.ide.mcu.ext
 737              		.file 4 "D:\\STM32CubeIDE\\STM32CubeIDE_2.1.1\\STM32CubeIDE\\plugins\\com.st.stm32cube.ide.mcu.ext
 738              		.file 5 "D:\\STM32CubeIDE\\STM32CubeIDE_2.1.1\\STM32CubeIDE\\plugins\\com.st.stm32cube.ide.mcu.ext
 739              		.file 6 "Middlewares/LVGL/lvgl/src/misc/lv_tree.h"
 740              		.file 7 "Middlewares/LVGL/lvgl/src/misc/../stdlib/lv_mem.h"
ARM GAS  C:\Users\w1785\AppData\Local\Temp\ccDTG2Uh.s 			page 20


DEFINED SYMBOLS
                            *ABS*:00000000 lv_tree.c
C:\Users\w1785\AppData\Local\Temp\ccDTG2Uh.s:21     .text._lv_tree_node_construct:00000000 $t
C:\Users\w1785\AppData\Local\Temp\ccDTG2Uh.s:26     .text._lv_tree_node_construct:00000000 _lv_tree_node_construct
C:\Users\w1785\AppData\Local\Temp\ccDTG2Uh.s:86     .text._lv_tree_node_destruct:00000000 $t
C:\Users\w1785\AppData\Local\Temp\ccDTG2Uh.s:91     .text._lv_tree_node_destruct:00000000 _lv_tree_node_destruct
C:\Users\w1785\AppData\Local\Temp\ccDTG2Uh.s:140    .text.get_instance_size:00000000 $t
C:\Users\w1785\AppData\Local\Temp\ccDTG2Uh.s:145    .text.get_instance_size:00000000 get_instance_size
C:\Users\w1785\AppData\Local\Temp\ccDTG2Uh.s:195    .text._lv_tree_class_create_node:00000000 $t
C:\Users\w1785\AppData\Local\Temp\ccDTG2Uh.s:200    .text._lv_tree_class_create_node:00000000 _lv_tree_class_create_node
C:\Users\w1785\AppData\Local\Temp\ccDTG2Uh.s:315    .text._lv_tree_node_destructor_cb:00000000 $t
C:\Users\w1785\AppData\Local\Temp\ccDTG2Uh.s:320    .text._lv_tree_node_destructor_cb:00000000 _lv_tree_node_destructor_cb
C:\Users\w1785\AppData\Local\Temp\ccDTG2Uh.s:373    .text.lv_tree_node_create:00000000 $t
C:\Users\w1785\AppData\Local\Temp\ccDTG2Uh.s:379    .text.lv_tree_node_create:00000000 lv_tree_node_create
C:\Users\w1785\AppData\Local\Temp\ccDTG2Uh.s:446    .text.lv_tree_walk:00000000 $t
C:\Users\w1785\AppData\Local\Temp\ccDTG2Uh.s:452    .text.lv_tree_walk:00000000 lv_tree_walk
C:\Users\w1785\AppData\Local\Temp\ccDTG2Uh.s:631    .text.lv_tree_node_delete:00000000 $t
C:\Users\w1785\AppData\Local\Temp\ccDTG2Uh.s:637    .text.lv_tree_node_delete:00000000 lv_tree_node_delete
C:\Users\w1785\AppData\Local\Temp\ccDTG2Uh.s:720    .text.lv_tree_node_delete:00000040 $d
C:\Users\w1785\AppData\Local\Temp\ccDTG2Uh.s:729    .rodata.lv_tree_node_class:00000000 lv_tree_node_class
C:\Users\w1785\AppData\Local\Temp\ccDTG2Uh.s:726    .rodata.lv_tree_node_class:00000000 $d

UNDEFINED SYMBOLS
lv_malloc
lv_memset
lv_realloc
lv_free
