ARM GAS  C:\Users\w1785\AppData\Local\Temp\ccL54Ydu.s 			page 1


   1              		.cpu cortex-m4
   2              		.arch armv7e-m
   3              		.fpu fpv4-sp-d16
   4              		.eabi_attribute 27, 1
   5              		.eabi_attribute 28, 1
   6              		.eabi_attribute 20, 1
   7              		.eabi_attribute 21, 1
   8              		.eabi_attribute 23, 3
   9              		.eabi_attribute 24, 1
  10              		.eabi_attribute 25, 1
  11              		.eabi_attribute 26, 1
  12              		.eabi_attribute 30, 1
  13              		.eabi_attribute 34, 1
  14              		.eabi_attribute 18, 4
  15              		.file	"usart.c"
  16              		.text
  17              	.Ltext0:
  18              		.cfi_sections	.debug_frame
  19              		.file 1 "Core/Src/usart.c"
  20              		.section	.text.MX_USART1_UART_Init,"ax",%progbits
  21              		.align	1
  22              		.global	MX_USART1_UART_Init
  23              		.syntax unified
  24              		.thumb
  25              		.thumb_func
  27              	MX_USART1_UART_Init:
  28              	.LFB132:
   1:Core/Src/usart.c **** /* USER CODE BEGIN Header */
   2:Core/Src/usart.c **** /**
   3:Core/Src/usart.c ****   ******************************************************************************
   4:Core/Src/usart.c ****   * @file    usart.c
   5:Core/Src/usart.c ****   * @brief   This file provides code for the configuration
   6:Core/Src/usart.c ****   *          of the USART instances.
   7:Core/Src/usart.c ****   ******************************************************************************
   8:Core/Src/usart.c ****   * @attention
   9:Core/Src/usart.c ****   *
  10:Core/Src/usart.c ****   * Copyright (c) 2026 STMicroelectronics.
  11:Core/Src/usart.c ****   * All rights reserved.
  12:Core/Src/usart.c ****   *
  13:Core/Src/usart.c ****   * This software is licensed under terms that can be found in the LICENSE file
  14:Core/Src/usart.c ****   * in the root directory of this software component.
  15:Core/Src/usart.c ****   * If no LICENSE file comes with this software, it is provided AS-IS.
  16:Core/Src/usart.c ****   *
  17:Core/Src/usart.c ****   ******************************************************************************
  18:Core/Src/usart.c ****   */
  19:Core/Src/usart.c **** /* USER CODE END Header */
  20:Core/Src/usart.c **** 
  21:Core/Src/usart.c **** /* Includes ------------------------------------------------------------------*/
  22:Core/Src/usart.c **** #include "usart.h"
  23:Core/Src/usart.c **** 
  24:Core/Src/usart.c **** UART_HandleTypeDef huart1;
  25:Core/Src/usart.c **** 
  26:Core/Src/usart.c **** void MX_USART1_UART_Init(void)
  27:Core/Src/usart.c **** {
  29              		.loc 1 27 1 view -0
  30              		.cfi_startproc
  31              		@ args = 0, pretend = 0, frame = 0
ARM GAS  C:\Users\w1785\AppData\Local\Temp\ccL54Ydu.s 			page 2


  32              		@ frame_needed = 0, uses_anonymous_args = 0
  33 0000 08B5     		push	{r3, lr}
  34              	.LCFI0:
  35              		.cfi_def_cfa_offset 8
  36              		.cfi_offset 3, -8
  37              		.cfi_offset 14, -4
  28:Core/Src/usart.c ****   huart1.Instance = USART1;
  38              		.loc 1 28 3 view .LVU1
  39              		.loc 1 28 19 is_stmt 0 view .LVU2
  40 0002 0C48     		ldr	r0, .L5
  41 0004 0C4B     		ldr	r3, .L5+4
  42 0006 0360     		str	r3, [r0]
  29:Core/Src/usart.c ****   huart1.Init.BaudRate = 115200;
  43              		.loc 1 29 3 is_stmt 1 view .LVU3
  44              		.loc 1 29 24 is_stmt 0 view .LVU4
  45 0008 4FF4E133 		mov	r3, #115200
  46 000c 4360     		str	r3, [r0, #4]
  30:Core/Src/usart.c ****   huart1.Init.WordLength = UART_WORDLENGTH_8B;
  47              		.loc 1 30 3 is_stmt 1 view .LVU5
  48              		.loc 1 30 26 is_stmt 0 view .LVU6
  49 000e 0023     		movs	r3, #0
  50 0010 8360     		str	r3, [r0, #8]
  31:Core/Src/usart.c ****   huart1.Init.StopBits = UART_STOPBITS_1;
  51              		.loc 1 31 3 is_stmt 1 view .LVU7
  52              		.loc 1 31 24 is_stmt 0 view .LVU8
  53 0012 C360     		str	r3, [r0, #12]
  32:Core/Src/usart.c ****   huart1.Init.Parity = UART_PARITY_NONE;
  54              		.loc 1 32 3 is_stmt 1 view .LVU9
  55              		.loc 1 32 22 is_stmt 0 view .LVU10
  56 0014 0361     		str	r3, [r0, #16]
  33:Core/Src/usart.c ****   huart1.Init.Mode = UART_MODE_TX_RX;
  57              		.loc 1 33 3 is_stmt 1 view .LVU11
  58              		.loc 1 33 20 is_stmt 0 view .LVU12
  59 0016 0C22     		movs	r2, #12
  60 0018 4261     		str	r2, [r0, #20]
  34:Core/Src/usart.c ****   huart1.Init.HwFlowCtl = UART_HWCONTROL_NONE;
  61              		.loc 1 34 3 is_stmt 1 view .LVU13
  62              		.loc 1 34 25 is_stmt 0 view .LVU14
  63 001a 8361     		str	r3, [r0, #24]
  35:Core/Src/usart.c ****   huart1.Init.OverSampling = UART_OVERSAMPLING_16;
  64              		.loc 1 35 3 is_stmt 1 view .LVU15
  65              		.loc 1 35 28 is_stmt 0 view .LVU16
  66 001c C361     		str	r3, [r0, #28]
  36:Core/Src/usart.c ****   huart1.Init.OneBitSampling = UART_ONE_BIT_SAMPLE_DISABLE;
  67              		.loc 1 36 3 is_stmt 1 view .LVU17
  68              		.loc 1 36 30 is_stmt 0 view .LVU18
  69 001e 0362     		str	r3, [r0, #32]
  37:Core/Src/usart.c ****   huart1.Init.ClockPrescaler = UART_PRESCALER_DIV1;
  70              		.loc 1 37 3 is_stmt 1 view .LVU19
  71              		.loc 1 37 30 is_stmt 0 view .LVU20
  72 0020 4362     		str	r3, [r0, #36]
  38:Core/Src/usart.c ****   huart1.AdvancedInit.AdvFeatureInit = UART_ADVFEATURE_NO_INIT;
  73              		.loc 1 38 3 is_stmt 1 view .LVU21
  74              		.loc 1 38 38 is_stmt 0 view .LVU22
  75 0022 8362     		str	r3, [r0, #40]
  39:Core/Src/usart.c **** 
  40:Core/Src/usart.c ****   if (HAL_UART_Init(&huart1) != HAL_OK)
ARM GAS  C:\Users\w1785\AppData\Local\Temp\ccL54Ydu.s 			page 3


  76              		.loc 1 40 3 is_stmt 1 view .LVU23
  77              		.loc 1 40 7 is_stmt 0 view .LVU24
  78 0024 FFF7FEFF 		bl	HAL_UART_Init
  79              	.LVL0:
  80              		.loc 1 40 6 discriminator 1 view .LVU25
  81 0028 00B9     		cbnz	r0, .L4
  82              	.L1:
  41:Core/Src/usart.c ****   {
  42:Core/Src/usart.c ****     Error_Handler();
  43:Core/Src/usart.c ****   }
  44:Core/Src/usart.c **** }
  83              		.loc 1 44 1 view .LVU26
  84 002a 08BD     		pop	{r3, pc}
  85              	.L4:
  42:Core/Src/usart.c ****   }
  86              		.loc 1 42 5 is_stmt 1 view .LVU27
  87 002c FFF7FEFF 		bl	Error_Handler
  88              	.LVL1:
  89              		.loc 1 44 1 is_stmt 0 view .LVU28
  90 0030 FBE7     		b	.L1
  91              	.L6:
  92 0032 00BF     		.align	2
  93              	.L5:
  94 0034 00000000 		.word	huart1
  95 0038 00380140 		.word	1073821696
  96              		.cfi_endproc
  97              	.LFE132:
  99              		.section	.text.HAL_UART_MspInit,"ax",%progbits
 100              		.align	1
 101              		.global	HAL_UART_MspInit
 102              		.syntax unified
 103              		.thumb
 104              		.thumb_func
 106              	HAL_UART_MspInit:
 107              	.LVL2:
 108              	.LFB133:
  45:Core/Src/usart.c **** 
  46:Core/Src/usart.c **** void HAL_UART_MspInit(UART_HandleTypeDef *uartHandle)
  47:Core/Src/usart.c **** {
 109              		.loc 1 47 1 is_stmt 1 view -0
 110              		.cfi_startproc
 111              		@ args = 0, pretend = 0, frame = 112
 112              		@ frame_needed = 0, uses_anonymous_args = 0
 113              		.loc 1 47 1 is_stmt 0 view .LVU30
 114 0000 10B5     		push	{r4, lr}
 115              	.LCFI1:
 116              		.cfi_def_cfa_offset 8
 117              		.cfi_offset 4, -8
 118              		.cfi_offset 14, -4
 119 0002 9CB0     		sub	sp, sp, #112
 120              	.LCFI2:
 121              		.cfi_def_cfa_offset 120
 122 0004 0446     		mov	r4, r0
  48:Core/Src/usart.c ****   GPIO_InitTypeDef GPIO_InitStruct = {0};
 123              		.loc 1 48 3 is_stmt 1 view .LVU31
 124              		.loc 1 48 20 is_stmt 0 view .LVU32
 125 0006 0021     		movs	r1, #0
ARM GAS  C:\Users\w1785\AppData\Local\Temp\ccL54Ydu.s 			page 4


 126 0008 1791     		str	r1, [sp, #92]
 127 000a 1891     		str	r1, [sp, #96]
 128 000c 1991     		str	r1, [sp, #100]
 129 000e 1A91     		str	r1, [sp, #104]
 130 0010 1B91     		str	r1, [sp, #108]
  49:Core/Src/usart.c ****   RCC_PeriphCLKInitTypeDef PeriphClkInit = {0};
 131              		.loc 1 49 3 is_stmt 1 view .LVU33
 132              		.loc 1 49 28 is_stmt 0 view .LVU34
 133 0012 5422     		movs	r2, #84
 134 0014 02A8     		add	r0, sp, #8
 135              	.LVL3:
 136              		.loc 1 49 28 view .LVU35
 137 0016 FFF7FEFF 		bl	memset
 138              	.LVL4:
  50:Core/Src/usart.c **** 
  51:Core/Src/usart.c ****   if (uartHandle->Instance == USART1)
 139              		.loc 1 51 3 is_stmt 1 view .LVU36
 140              		.loc 1 51 17 is_stmt 0 view .LVU37
 141 001a 2268     		ldr	r2, [r4]
 142              		.loc 1 51 6 view .LVU38
 143 001c 184B     		ldr	r3, .L13
 144 001e 9A42     		cmp	r2, r3
 145 0020 01D0     		beq	.L11
 146              	.L7:
  52:Core/Src/usart.c ****   {
  53:Core/Src/usart.c ****     /* USART1 使用 PCLK2，当前工程 PCLK2 为 16 MHz。 */
  54:Core/Src/usart.c ****     PeriphClkInit.PeriphClockSelection = RCC_PERIPHCLK_USART1;
  55:Core/Src/usart.c ****     PeriphClkInit.Usart1ClockSelection = RCC_USART1CLKSOURCE_PCLK2;
  56:Core/Src/usart.c ****     if (HAL_RCCEx_PeriphCLKConfig(&PeriphClkInit) != HAL_OK)
  57:Core/Src/usart.c ****     {
  58:Core/Src/usart.c ****       Error_Handler();
  59:Core/Src/usart.c ****     }
  60:Core/Src/usart.c **** 
  61:Core/Src/usart.c ****     __HAL_RCC_USART1_CLK_ENABLE();
  62:Core/Src/usart.c ****     __HAL_RCC_GPIOA_CLK_ENABLE();
  63:Core/Src/usart.c **** 
  64:Core/Src/usart.c ****     /*
  65:Core/Src/usart.c ****      * PA9  -> USART1_TX
  66:Core/Src/usart.c ****      * PA10 -> USART1_RX
  67:Core/Src/usart.c ****      * RX 第一版使用上拉，便于空闲状态稳定。
  68:Core/Src/usart.c ****      */
  69:Core/Src/usart.c ****     GPIO_InitStruct.Pin = GPIO_PIN_9 | GPIO_PIN_10;
  70:Core/Src/usart.c ****     GPIO_InitStruct.Mode = GPIO_MODE_AF_PP;
  71:Core/Src/usart.c ****     GPIO_InitStruct.Pull = GPIO_PULLUP;
  72:Core/Src/usart.c ****     GPIO_InitStruct.Speed = GPIO_SPEED_FREQ_HIGH;
  73:Core/Src/usart.c ****     GPIO_InitStruct.Alternate = GPIO_AF7_USART1;
  74:Core/Src/usart.c ****     HAL_GPIO_Init(GPIOA, &GPIO_InitStruct);
  75:Core/Src/usart.c ****   }
  76:Core/Src/usart.c **** }
 147              		.loc 1 76 1 view .LVU39
 148 0022 1CB0     		add	sp, sp, #112
 149              	.LCFI3:
 150              		.cfi_remember_state
 151              		.cfi_def_cfa_offset 8
 152              		@ sp needed
 153 0024 10BD     		pop	{r4, pc}
 154              	.LVL5:
ARM GAS  C:\Users\w1785\AppData\Local\Temp\ccL54Ydu.s 			page 5


 155              	.L11:
 156              	.LCFI4:
 157              		.cfi_restore_state
  54:Core/Src/usart.c ****     PeriphClkInit.Usart1ClockSelection = RCC_USART1CLKSOURCE_PCLK2;
 158              		.loc 1 54 5 is_stmt 1 view .LVU40
  54:Core/Src/usart.c ****     PeriphClkInit.Usart1ClockSelection = RCC_USART1CLKSOURCE_PCLK2;
 159              		.loc 1 54 40 is_stmt 0 view .LVU41
 160 0026 0123     		movs	r3, #1
 161 0028 0293     		str	r3, [sp, #8]
  55:Core/Src/usart.c ****     if (HAL_RCCEx_PeriphCLKConfig(&PeriphClkInit) != HAL_OK)
 162              		.loc 1 55 5 is_stmt 1 view .LVU42
  56:Core/Src/usart.c ****     {
 163              		.loc 1 56 5 view .LVU43
  56:Core/Src/usart.c ****     {
 164              		.loc 1 56 9 is_stmt 0 view .LVU44
 165 002a 02A8     		add	r0, sp, #8
 166 002c FFF7FEFF 		bl	HAL_RCCEx_PeriphCLKConfig
 167              	.LVL6:
  56:Core/Src/usart.c ****     {
 168              		.loc 1 56 8 discriminator 1 view .LVU45
 169 0030 10BB     		cbnz	r0, .L12
 170              	.L9:
  61:Core/Src/usart.c ****     __HAL_RCC_GPIOA_CLK_ENABLE();
 171              		.loc 1 61 5 is_stmt 1 view .LVU46
 172              	.LBB2:
  61:Core/Src/usart.c ****     __HAL_RCC_GPIOA_CLK_ENABLE();
 173              		.loc 1 61 5 view .LVU47
  61:Core/Src/usart.c ****     __HAL_RCC_GPIOA_CLK_ENABLE();
 174              		.loc 1 61 5 view .LVU48
 175 0032 144B     		ldr	r3, .L13+4
 176 0034 1A6E     		ldr	r2, [r3, #96]
 177 0036 42F48042 		orr	r2, r2, #16384
 178 003a 1A66     		str	r2, [r3, #96]
  61:Core/Src/usart.c ****     __HAL_RCC_GPIOA_CLK_ENABLE();
 179              		.loc 1 61 5 view .LVU49
 180 003c 1A6E     		ldr	r2, [r3, #96]
 181 003e 02F48042 		and	r2, r2, #16384
 182 0042 0092     		str	r2, [sp]
  61:Core/Src/usart.c ****     __HAL_RCC_GPIOA_CLK_ENABLE();
 183              		.loc 1 61 5 view .LVU50
 184 0044 009A     		ldr	r2, [sp]
 185              	.LBE2:
  61:Core/Src/usart.c ****     __HAL_RCC_GPIOA_CLK_ENABLE();
 186              		.loc 1 61 5 view .LVU51
  62:Core/Src/usart.c **** 
 187              		.loc 1 62 5 view .LVU52
 188              	.LBB3:
  62:Core/Src/usart.c **** 
 189              		.loc 1 62 5 view .LVU53
  62:Core/Src/usart.c **** 
 190              		.loc 1 62 5 view .LVU54
 191 0046 DA6C     		ldr	r2, [r3, #76]
 192 0048 42F00102 		orr	r2, r2, #1
 193 004c DA64     		str	r2, [r3, #76]
  62:Core/Src/usart.c **** 
 194              		.loc 1 62 5 view .LVU55
 195 004e DB6C     		ldr	r3, [r3, #76]
ARM GAS  C:\Users\w1785\AppData\Local\Temp\ccL54Ydu.s 			page 6


 196 0050 03F00103 		and	r3, r3, #1
 197 0054 0193     		str	r3, [sp, #4]
  62:Core/Src/usart.c **** 
 198              		.loc 1 62 5 view .LVU56
 199 0056 019B     		ldr	r3, [sp, #4]
 200              	.LBE3:
  62:Core/Src/usart.c **** 
 201              		.loc 1 62 5 view .LVU57
  69:Core/Src/usart.c ****     GPIO_InitStruct.Mode = GPIO_MODE_AF_PP;
 202              		.loc 1 69 5 view .LVU58
  69:Core/Src/usart.c ****     GPIO_InitStruct.Mode = GPIO_MODE_AF_PP;
 203              		.loc 1 69 25 is_stmt 0 view .LVU59
 204 0058 4FF4C063 		mov	r3, #1536
 205 005c 1793     		str	r3, [sp, #92]
  70:Core/Src/usart.c ****     GPIO_InitStruct.Pull = GPIO_PULLUP;
 206              		.loc 1 70 5 is_stmt 1 view .LVU60
  70:Core/Src/usart.c ****     GPIO_InitStruct.Pull = GPIO_PULLUP;
 207              		.loc 1 70 26 is_stmt 0 view .LVU61
 208 005e 0223     		movs	r3, #2
 209 0060 1893     		str	r3, [sp, #96]
  71:Core/Src/usart.c ****     GPIO_InitStruct.Speed = GPIO_SPEED_FREQ_HIGH;
 210              		.loc 1 71 5 is_stmt 1 view .LVU62
  71:Core/Src/usart.c ****     GPIO_InitStruct.Speed = GPIO_SPEED_FREQ_HIGH;
 211              		.loc 1 71 26 is_stmt 0 view .LVU63
 212 0062 0122     		movs	r2, #1
 213 0064 1992     		str	r2, [sp, #100]
  72:Core/Src/usart.c ****     GPIO_InitStruct.Alternate = GPIO_AF7_USART1;
 214              		.loc 1 72 5 is_stmt 1 view .LVU64
  72:Core/Src/usart.c ****     GPIO_InitStruct.Alternate = GPIO_AF7_USART1;
 215              		.loc 1 72 27 is_stmt 0 view .LVU65
 216 0066 1A93     		str	r3, [sp, #104]
  73:Core/Src/usart.c ****     HAL_GPIO_Init(GPIOA, &GPIO_InitStruct);
 217              		.loc 1 73 5 is_stmt 1 view .LVU66
  73:Core/Src/usart.c ****     HAL_GPIO_Init(GPIOA, &GPIO_InitStruct);
 218              		.loc 1 73 31 is_stmt 0 view .LVU67
 219 0068 0723     		movs	r3, #7
 220 006a 1B93     		str	r3, [sp, #108]
  74:Core/Src/usart.c ****   }
 221              		.loc 1 74 5 is_stmt 1 view .LVU68
 222 006c 17A9     		add	r1, sp, #92
 223 006e 4FF09040 		mov	r0, #1207959552
 224 0072 FFF7FEFF 		bl	HAL_GPIO_Init
 225              	.LVL7:
 226              		.loc 1 76 1 is_stmt 0 view .LVU69
 227 0076 D4E7     		b	.L7
 228              	.L12:
  58:Core/Src/usart.c ****     }
 229              		.loc 1 58 7 is_stmt 1 view .LVU70
 230 0078 FFF7FEFF 		bl	Error_Handler
 231              	.LVL8:
 232 007c D9E7     		b	.L9
 233              	.L14:
 234 007e 00BF     		.align	2
 235              	.L13:
 236 0080 00380140 		.word	1073821696
 237 0084 00100240 		.word	1073876992
 238              		.cfi_endproc
ARM GAS  C:\Users\w1785\AppData\Local\Temp\ccL54Ydu.s 			page 7


 239              	.LFE133:
 241              		.section	.text.HAL_UART_MspDeInit,"ax",%progbits
 242              		.align	1
 243              		.global	HAL_UART_MspDeInit
 244              		.syntax unified
 245              		.thumb
 246              		.thumb_func
 248              	HAL_UART_MspDeInit:
 249              	.LVL9:
 250              	.LFB134:
  77:Core/Src/usart.c **** 
  78:Core/Src/usart.c **** void HAL_UART_MspDeInit(UART_HandleTypeDef *uartHandle)
  79:Core/Src/usart.c **** {
 251              		.loc 1 79 1 view -0
 252              		.cfi_startproc
 253              		@ args = 0, pretend = 0, frame = 0
 254              		@ frame_needed = 0, uses_anonymous_args = 0
 255              		.loc 1 79 1 is_stmt 0 view .LVU72
 256 0000 08B5     		push	{r3, lr}
 257              	.LCFI5:
 258              		.cfi_def_cfa_offset 8
 259              		.cfi_offset 3, -8
 260              		.cfi_offset 14, -4
  80:Core/Src/usart.c ****   if (uartHandle->Instance == USART1)
 261              		.loc 1 80 3 is_stmt 1 view .LVU73
 262              		.loc 1 80 17 is_stmt 0 view .LVU74
 263 0002 0268     		ldr	r2, [r0]
 264              		.loc 1 80 6 view .LVU75
 265 0004 074B     		ldr	r3, .L19
 266 0006 9A42     		cmp	r2, r3
 267 0008 00D0     		beq	.L18
 268              	.LVL10:
 269              	.L15:
  81:Core/Src/usart.c ****   {
  82:Core/Src/usart.c ****     __HAL_RCC_USART1_CLK_DISABLE();
  83:Core/Src/usart.c ****     HAL_GPIO_DeInit(GPIOA, GPIO_PIN_9 | GPIO_PIN_10);
  84:Core/Src/usart.c ****   }
  85:Core/Src/usart.c **** }
 270              		.loc 1 85 1 view .LVU76
 271 000a 08BD     		pop	{r3, pc}
 272              	.LVL11:
 273              	.L18:
  82:Core/Src/usart.c ****     HAL_GPIO_DeInit(GPIOA, GPIO_PIN_9 | GPIO_PIN_10);
 274              		.loc 1 82 5 is_stmt 1 view .LVU77
 275 000c 064A     		ldr	r2, .L19+4
 276 000e 136E     		ldr	r3, [r2, #96]
 277 0010 23F48043 		bic	r3, r3, #16384
 278 0014 1366     		str	r3, [r2, #96]
  83:Core/Src/usart.c ****   }
 279              		.loc 1 83 5 view .LVU78
 280 0016 4FF4C061 		mov	r1, #1536
 281 001a 4FF09040 		mov	r0, #1207959552
 282              	.LVL12:
  83:Core/Src/usart.c ****   }
 283              		.loc 1 83 5 is_stmt 0 view .LVU79
 284 001e FFF7FEFF 		bl	HAL_GPIO_DeInit
 285              	.LVL13:
ARM GAS  C:\Users\w1785\AppData\Local\Temp\ccL54Ydu.s 			page 8


 286              		.loc 1 85 1 view .LVU80
 287 0022 F2E7     		b	.L15
 288              	.L20:
 289              		.align	2
 290              	.L19:
 291 0024 00380140 		.word	1073821696
 292 0028 00100240 		.word	1073876992
 293              		.cfi_endproc
 294              	.LFE134:
 296              		.global	huart1
 297              		.section	.bss.huart1,"aw",%nobits
 298              		.align	2
 301              	huart1:
 302 0000 00000000 		.space	144
 302      00000000 
 302      00000000 
 302      00000000 
 302      00000000 
 303              		.text
 304              	.Letext0:
 305              		.file 2 "D:\\STM32CubeIDE\\STM32CubeIDE_2.1.1\\STM32CubeIDE\\plugins\\com.st.stm32cube.ide.mcu.ext
 306              		.file 3 "D:\\STM32CubeIDE\\STM32CubeIDE_2.1.1\\STM32CubeIDE\\plugins\\com.st.stm32cube.ide.mcu.ext
 307              		.file 4 "Drivers/CMSIS/Device/ST/STM32G4xx/Include/stm32g474xx.h"
 308              		.file 5 "Drivers/STM32G4xx_HAL_Driver/Inc/stm32g4xx_hal_def.h"
 309              		.file 6 "Drivers/STM32G4xx_HAL_Driver/Inc/stm32g4xx_hal_rcc_ex.h"
 310              		.file 7 "Drivers/STM32G4xx_HAL_Driver/Inc/stm32g4xx_hal_gpio.h"
 311              		.file 8 "Drivers/STM32G4xx_HAL_Driver/Inc/stm32g4xx_hal_dma.h"
 312              		.file 9 "Drivers/STM32G4xx_HAL_Driver/Inc/stm32g4xx_hal_uart.h"
 313              		.file 10 "Core/Inc/usart.h"
 314              		.file 11 "Core/Inc/main.h"
 315              		.file 12 "<built-in>"
ARM GAS  C:\Users\w1785\AppData\Local\Temp\ccL54Ydu.s 			page 9


DEFINED SYMBOLS
                            *ABS*:00000000 usart.c
C:\Users\w1785\AppData\Local\Temp\ccL54Ydu.s:21     .text.MX_USART1_UART_Init:00000000 $t
C:\Users\w1785\AppData\Local\Temp\ccL54Ydu.s:27     .text.MX_USART1_UART_Init:00000000 MX_USART1_UART_Init
C:\Users\w1785\AppData\Local\Temp\ccL54Ydu.s:94     .text.MX_USART1_UART_Init:00000034 $d
C:\Users\w1785\AppData\Local\Temp\ccL54Ydu.s:301    .bss.huart1:00000000 huart1
C:\Users\w1785\AppData\Local\Temp\ccL54Ydu.s:100    .text.HAL_UART_MspInit:00000000 $t
C:\Users\w1785\AppData\Local\Temp\ccL54Ydu.s:106    .text.HAL_UART_MspInit:00000000 HAL_UART_MspInit
C:\Users\w1785\AppData\Local\Temp\ccL54Ydu.s:236    .text.HAL_UART_MspInit:00000080 $d
C:\Users\w1785\AppData\Local\Temp\ccL54Ydu.s:242    .text.HAL_UART_MspDeInit:00000000 $t
C:\Users\w1785\AppData\Local\Temp\ccL54Ydu.s:248    .text.HAL_UART_MspDeInit:00000000 HAL_UART_MspDeInit
C:\Users\w1785\AppData\Local\Temp\ccL54Ydu.s:291    .text.HAL_UART_MspDeInit:00000024 $d
C:\Users\w1785\AppData\Local\Temp\ccL54Ydu.s:298    .bss.huart1:00000000 $d

UNDEFINED SYMBOLS
HAL_UART_Init
Error_Handler
memset
HAL_RCCEx_PeriphCLKConfig
HAL_GPIO_Init
HAL_GPIO_DeInit
